[2019-12-16T00:00:57,553][WARN ][o.e.m.j.JvmGcMonitorService] [Aw68EwP] [gc][young][3457776][331631] duration [6.2s], collections [1]/[6.6s], total [6.2s]/[2.2h], memory [1.3gb]->[1.2gb]/[1.9gb], all_pools {[young] [133.1mb]->[10.7kb]/[133.1mb]}{[survivor] [2.3mb]->[2.5mb]/[16.6mb]}{[old] [1.2gb]->[1.2gb]/[1.8gb]}
[2019-12-16T00:01:23,047][WARN ][o.e.m.j.JvmGcMonitorService] [Aw68EwP] [gc][3457776] overhead, spent [6.2s] collecting in the last [6.6s]
[2019-12-16T00:03:43,983][WARN ][o.e.m.j.JvmGcMonitorService] [Aw68EwP] [gc][young][3457898][331634] duration [13.3s], collections [1]/[15.4s], total [13.3s]/[2.2h], memory [1.3gb]->[1.2gb]/[1.9gb], all_pools {[young] [107.8mb]->[1mb]/[133.1mb]}{[survivor] [9.8mb]->[2.7mb]/[16.6mb]}{[old] [1.2gb]->[1.2gb]/[1.8gb]}
[2019-12-16T00:03:45,331][WARN ][o.e.m.j.JvmGcMonitorService] [Aw68EwP] [gc][3457898] overhead, spent [13.3s] collecting in the last [15.4s]
[2019-12-16T00:06:48,576][WARN ][o.e.m.j.JvmGcMonitorService] [Aw68EwP] [gc][young][3458072][331639] duration [6.4s], collections [1]/[7.1s], total [6.4s]/[2.2h], memory [1.3gb]->[1.2gb]/[1.9gb], all_pools {[young] [131.6mb]->[7.9kb]/[133.1mb]}{[survivor] [2.5mb]->[1.5mb]/[16.6mb]}{[old] [1.2gb]->[1.2gb]/[1.8gb]}
[2019-12-16T00:06:49,388][WARN ][o.e.m.j.JvmGcMonitorService] [Aw68EwP] [gc][3458072] overhead, spent [6.4s] collecting in the last [7.1s]
[2019-12-16T00:10:35,571][WARN ][o.e.m.j.JvmGcMonitorService] [Aw68EwP] [gc][young][3458287][331642] duration [7.9s], collections [1]/[9.2s], total [7.9s]/[2.2h], memory [1.3gb]->[1.2gb]/[1.9gb], all_pools {[young] [126.7mb]->[1mb]/[133.1mb]}{[survivor] [2.4mb]->[10.1mb]/[16.6mb]}{[old] [1.2gb]->[1.2gb]/[1.8gb]}
[2019-12-16T00:10:36,473][WARN ][o.e.m.j.JvmGcMonitorService] [Aw68EwP] [gc][3458287] overhead, spent [7.9s] collecting in the last [9.2s]
[2019-12-16T00:11:48,613][WARN ][o.e.m.j.JvmGcMonitorService] [Aw68EwP] [gc][young][3458355][331654] duration [1.1s], collections [1]/[2s], total [1.1s]/[2.2h], memory [1.3gb]->[1.2gb]/[1.9gb], all_pools {[young] [78.2mb]->[280.9kb]/[133.1mb]}{[survivor] [6.1mb]->[6.3mb]/[16.6mb]}{[old] [1.2gb]->[1.2gb]/[1.8gb]}
[2019-12-16T00:11:49,162][WARN ][o.e.m.j.JvmGcMonitorService] [Aw68EwP] [gc][3458355] overhead, spent [1.1s] collecting in the last [2s]
[2019-12-16T00:12:14,567][WARN ][o.e.m.j.JvmGcMonitorService] [Aw68EwP] [gc][young][3458378][331657] duration [1.1s], collections [1]/[1.6s], total [1.1s]/[2.2h], memory [1.3gb]->[1.2gb]/[1.9gb], all_pools {[young] [110.9mb]->[1.2mb]/[133.1mb]}{[survivor] [6.3mb]->[8.5mb]/[16.6mb]}{[old] [1.2gb]->[1.2gb]/[1.8gb]}
[2019-12-16T00:12:14,572][WARN ][o.e.m.j.JvmGcMonitorService] [Aw68EwP] [gc][3458378] overhead, spent [1.1s] collecting in the last [1.6s]
[2019-12-16T00:16:06,907][WARN ][o.e.m.j.JvmGcMonitorService] [Aw68EwP] [gc][young][3458604][331681] duration [4.4s], collections [1]/[5.1s], total [4.4s]/[2.2h], memory [1.4gb]->[1.3gb]/[1.9gb], all_pools {[young] [129.4mb]->[77.1kb]/[133.1mb]}{[survivor] [10.9mb]->[2.8mb]/[16.6mb]}{[old] [1.3gb]->[1.3gb]/[1.8gb]}
[2019-12-16T00:16:08,463][WARN ][o.e.m.j.JvmGcMonitorService] [Aw68EwP] [gc][3458604] overhead, spent [4.4s] collecting in the last [5.1s]
[2019-12-16T00:17:15,007][WARN ][o.e.m.j.JvmGcMonitorService] [Aw68EwP] [gc][young][3458665][331682] duration [5.1s], collections [1]/[6.3s], total [5.1s]/[2.2h], memory [1.4gb]->[1.3gb]/[1.9gb], all_pools {[young] [122.3mb]->[11.5mb]/[133.1mb]}{[survivor] [2.8mb]->[2mb]/[16.6mb]}{[old] [1.3gb]->[1.3gb]/[1.8gb]}
[2019-12-16T00:17:15,048][WARN ][o.e.m.j.JvmGcMonitorService] [Aw68EwP] [gc][3458665] overhead, spent [5.1s] collecting in the last [6.3s]
[2019-12-16T00:17:40,832][WARN ][o.e.m.j.JvmGcMonitorService] [Aw68EwP] [gc][young][3458686][331683] duration [3.3s], collections [1]/[5.1s], total [3.3s]/[2.2h], memory [1.3gb]->[1.3gb]/[1.9gb], all_pools {[young] [62.9mb]->[1.9mb]/[133.1mb]}{[survivor] [2mb]->[7.1mb]/[16.6mb]}{[old] [1.3gb]->[1.3gb]/[1.8gb]}
[2019-12-16T00:17:40,856][WARN ][o.e.m.j.JvmGcMonitorService] [Aw68EwP] [gc][3458686] overhead, spent [3.3s] collecting in the last [5.1s]
[2019-12-16T00:18:51,930][WARN ][o.e.m.j.JvmGcMonitorService] [Aw68EwP] [gc][young][3458754][331685] duration [3.2s], collections [1]/[3.9s], total [3.2s]/[2.2h], memory [1.4gb]->[1.3gb]/[1.9gb], all_pools {[young] [111.4mb]->[451.7kb]/[133.1mb]}{[survivor] [5.1mb]->[3.8mb]/[16.6mb]}{[old] [1.3gb]->[1.3gb]/[1.8gb]}
[2019-12-16T00:18:52,008][WARN ][o.e.m.j.JvmGcMonitorService] [Aw68EwP] [gc][3458754] overhead, spent [3.2s] collecting in the last [3.9s]
[2019-12-16T00:19:49,312][WARN ][o.e.m.j.JvmGcMonitorService] [Aw68EwP] [gc][young][3458809][331686] duration [1.3s], collections [1]/[2.1s], total [1.3s]/[2.2h], memory [1.4gb]->[1.3gb]/[1.9gb], all_pools {[young] [122.8mb]->[8.1mb]/[133.1mb]}{[survivor] [3.8mb]->[16.6mb]/[16.6mb]}{[old] [1.3gb]->[1.3gb]/[1.8gb]}
[2019-12-16T00:19:50,028][WARN ][o.e.m.j.JvmGcMonitorService] [Aw68EwP] [gc][3458809] overhead, spent [1.3s] collecting in the last [2.1s]
[2019-12-16T00:19:56,151][INFO ][o.e.m.j.JvmGcMonitorService] [Aw68EwP] [gc][3458815] overhead, spent [373ms] collecting in the last [1s]
[2019-12-16T00:20:51,285][WARN ][o.e.m.j.JvmGcMonitorService] [Aw68EwP] [gc][young][3458867][331688] duration [1.7s], collections [1]/[2.5s], total [1.7s]/[2.2h], memory [1.4gb]->[1.3gb]/[1.9gb], all_pools {[young] [94.7mb]->[1.6mb]/[133.1mb]}{[survivor] [6.6mb]->[9.5mb]/[16.6mb]}{[old] [1.3gb]->[1.3gb]/[1.8gb]}
[2019-12-16T00:20:51,374][WARN ][o.e.m.j.JvmGcMonitorService] [Aw68EwP] [gc][3458867] overhead, spent [1.7s] collecting in the last [2.5s]
[2019-12-16T00:21:22,813][INFO ][o.e.m.j.JvmGcMonitorService] [Aw68EwP] [gc][3458898] overhead, spent [324ms] collecting in the last [1s]
[2019-12-16T00:21:34,173][INFO ][o.e.m.j.JvmGcMonitorService] [Aw68EwP] [gc][3458909] overhead, spent [574ms] collecting in the last [1.2s]
[2019-12-16T00:22:02,245][INFO ][o.e.m.j.JvmGcMonitorService] [Aw68EwP] [gc][3458936] overhead, spent [291ms] collecting in the last [1s]
[2019-12-16T00:22:49,449][INFO ][o.e.m.j.JvmGcMonitorService] [Aw68EwP] [gc][young][3458980][331704] duration [966ms], collections [1]/[3.2s], total [966ms]/[2.2h], memory [1.5gb]->[1.3gb]/[1.9gb], all_pools {[young] [120.4mb]->[852.4kb]/[133.1mb]}{[survivor] [14mb]->[16.6mb]/[16.6mb]}{[old] [1.3gb]->[1.3gb]/[1.8gb]}
[2019-12-16T00:22:49,490][INFO ][o.e.m.j.JvmGcMonitorService] [Aw68EwP] [gc][3458980] overhead, spent [966ms] collecting in the last [3.2s]
[2019-12-16T00:22:57,295][INFO ][o.e.m.j.JvmGcMonitorService] [Aw68EwP] [gc][3458986] overhead, spent [343ms] collecting in the last [1s]
[2019-12-16T00:23:43,464][WARN ][o.e.m.j.JvmGcMonitorService] [Aw68EwP] [gc][young][3459031][331709] duration [1s], collections [1]/[2s], total [1s]/[2.2h], memory [1.4gb]->[1.3gb]/[1.9gb], all_pools {[young] [87.1mb]->[214.9kb]/[133.1mb]}{[survivor] [2.7mb]->[16.6mb]/[16.6mb]}{[old] [1.3gb]->[1.3gb]/[1.8gb]}
[2019-12-16T00:23:43,511][INFO ][o.e.m.j.JvmGcMonitorService] [Aw68EwP] [gc][3459031] overhead, spent [1s] collecting in the last [2s]
[2019-12-16T00:25:59,322][WARN ][o.e.m.j.JvmGcMonitorService] [Aw68EwP] [gc][3459034] overhead, spent [2.2m] collecting in the last [2.2m]
[2019-12-16T00:27:04,767][INFO ][o.e.m.j.JvmGcMonitorService] [Aw68EwP] [gc][3459099] overhead, spent [365ms] collecting in the last [1s]
[2019-12-16T00:28:11,923][INFO ][o.e.m.j.JvmGcMonitorService] [Aw68EwP] [gc][3459166] overhead, spent [347ms] collecting in the last [1s]
[2019-12-16T00:30:11,934][INFO ][o.e.c.m.MetaDataDeleteIndexService] [Aw68EwP] [logstash-2019.12.06/YqRNDG8mStaQ-pzB7j2wyg] deleting index
[2019-12-16T00:30:51,880][WARN ][o.e.m.j.JvmGcMonitorService] [Aw68EwP] [gc][young][3459316][331716] duration [9.6s], collections [1]/[9.8s], total [9.6s]/[2.2h], memory [459.3mb]->[334.4mb]/[1.9gb], all_pools {[young] [125.3mb]->[547.7kb]/[133.1mb]}{[survivor] [4mb]->[3.9mb]/[16.6mb]}{[old] [329.9mb]->[329.9mb]/[1.8gb]}
[2019-12-16T00:30:51,881][WARN ][o.e.m.j.JvmGcMonitorService] [Aw68EwP] [gc][3459316] overhead, spent [9.6s] collecting in the last [9.8s]
[2019-12-16T00:33:33,597][WARN ][o.e.m.j.JvmGcMonitorService] [Aw68EwP] [gc][young][3459475][331718] duration [2.3s], collections [1]/[2.9s], total [2.3s]/[2.2h], memory [468.4mb]->[334.8mb]/[1.9gb], all_pools {[young] [132.4mb]->[139.1kb]/[133.1mb]}{[survivor] [6mb]->[3.6mb]/[16.6mb]}{[old] [329.9mb]->[331.1mb]/[1.8gb]}
[2019-12-16T00:33:34,924][WARN ][o.e.m.j.JvmGcMonitorService] [Aw68EwP] [gc][3459475] overhead, spent [2.3s] collecting in the last [2.9s]
[2019-12-16T00:41:02,127][WARN ][o.e.m.j.JvmGcMonitorService] [Aw68EwP] [gc][young][3459907][331723] duration [12s], collections [1]/[13s], total [12s]/[2.2h], memory [453mb]->[335.4mb]/[1.9gb], all_pools {[young] [118.3mb]->[1mb]/[133.1mb]}{[survivor] [2.8mb]->[1.7mb]/[16.6mb]}{[old] [331.9mb]->[332.6mb]/[1.8gb]}
[2019-12-16T00:41:03,878][WARN ][o.e.m.j.JvmGcMonitorService] [Aw68EwP] [gc][3459907] overhead, spent [12s] collecting in the last [13s]
[2019-12-16T00:47:53,857][WARN ][o.e.m.j.JvmGcMonitorService] [Aw68EwP] [gc][young][3460304][331728] duration [11.1s], collections [1]/[12s], total [11.1s]/[2.2h], memory [463.9mb]->[334.3mb]/[1.9gb], all_pools {[young] [129.2mb]->[543.6kb]/[133.1mb]}{[survivor] [1.9mb]->[1.1mb]/[16.6mb]}{[old] [332.7mb]->[332.7mb]/[1.8gb]}
[2019-12-16T00:47:54,589][WARN ][o.e.m.j.JvmGcMonitorService] [Aw68EwP] [gc][3460304] overhead, spent [11.1s] collecting in the last [12s]
[2019-12-16T00:59:11,239][WARN ][o.e.m.j.JvmGcMonitorService] [Aw68EwP] [gc][young][3460975][331737] duration [3.1s], collections [1]/[3.7s], total [3.1s]/[2.2h], memory [466.3mb]->[333.9mb]/[1.9gb], all_pools {[young] [131.8mb]->[570.9kb]/[133.1mb]}{[survivor] [1.6mb]->[592.2kb]/[16.6mb]}{[old] [332.8mb]->[332.8mb]/[1.8gb]}
[2019-12-16T00:59:13,052][WARN ][o.e.m.j.JvmGcMonitorService] [Aw68EwP] [gc][3460975] overhead, spent [3.1s] collecting in the last [3.7s]
[2019-12-16T01:03:34,041][WARN ][o.e.m.j.JvmGcMonitorService] [Aw68EwP] [gc][young][3461203][331740] duration [25.1s], collections [1]/[26.2s], total [25.1s]/[2.3h], memory [440.5mb]->[334.8mb]/[1.9gb], all_pools {[young] [105.6mb]->[695.3kb]/[133.1mb]}{[survivor] [1.9mb]->[1.2mb]/[16.6mb]}{[old] [332.9mb]->[332.9mb]/[1.8gb]}
[2019-12-16T01:03:35,466][WARN ][o.e.m.j.JvmGcMonitorService] [Aw68EwP] [gc][3461203] overhead, spent [25.1s] collecting in the last [26.2s]
[2019-12-16T01:17:25,715][INFO ][o.e.m.j.JvmGcMonitorService] [Aw68EwP] [gc][3462031] overhead, spent [282ms] collecting in the last [1s]
[2019-12-16T01:18:31,880][INFO ][o.e.m.j.JvmGcMonitorService] [Aw68EwP] [gc][young][3462083][331755] duration [975ms], collections [1]/[2.9s], total [975ms]/[2.3h], memory [472.6mb]->[345mb]/[1.9gb], all_pools {[young] [131.6mb]->[964.4kb]/[133.1mb]}{[survivor] [3mb]->[6.2mb]/[16.6mb]}{[old] [337.9mb]->[337.9mb]/[1.8gb]}
[2019-12-16T01:18:32,018][INFO ][o.e.m.j.JvmGcMonitorService] [Aw68EwP] [gc][3462083] overhead, spent [975ms] collecting in the last [2.9s]
[2019-12-16T01:19:59,954][WARN ][o.e.m.j.JvmGcMonitorService] [Aw68EwP] [gc][young][3462169][331757] duration [1.7s], collections [1]/[2.1s], total [1.7s]/[2.3h], memory [474.1mb]->[342.5mb]/[1.9gb], all_pools {[young] [131.5mb]->[1.1mb]/[133.1mb]}{[survivor] [4.6mb]->[3.4mb]/[16.6mb]}{[old] [337.9mb]->[337.9mb]/[1.8gb]}
[2019-12-16T01:19:59,957][WARN ][o.e.m.j.JvmGcMonitorService] [Aw68EwP] [gc][3462169] overhead, spent [1.7s] collecting in the last [2.1s]
[2019-12-16T01:23:02,830][WARN ][o.e.m.j.JvmGcMonitorService] [Aw68EwP] [gc][young][3462328][331759] duration [22s], collections [1]/[22.2s], total [22s]/[2.3h], memory [472.5mb]->[342.3mb]/[1.9gb], all_pools {[young] [129.6mb]->[335.2kb]/[133.1mb]}{[survivor] [4.9mb]->[3.6mb]/[16.6mb]}{[old] [337.9mb]->[338.3mb]/[1.8gb]}
[2019-12-16T01:23:04,086][WARN ][o.e.m.j.JvmGcMonitorService] [Aw68EwP] [gc][3462328] overhead, spent [22s] collecting in the last [22.2s]
[2019-12-16T01:25:03,420][WARN ][o.e.m.j.JvmGcMonitorService] [Aw68EwP] [gc][young][3462437][331761] duration [7.2s], collections [1]/[7.7s], total [7.2s]/[2.3h], memory [472.3mb]->[350.6mb]/[1.9gb], all_pools {[young] [128.7mb]->[843.9kb]/[133.1mb]}{[survivor] [5.2mb]->[10.8mb]/[16.6mb]}{[old] [338.3mb]->[338.9mb]/[1.8gb]}
[2019-12-16T01:25:03,834][WARN ][o.e.m.j.JvmGcMonitorService] [Aw68EwP] [gc][3462437] overhead, spent [7.2s] collecting in the last [7.7s]
[2019-12-16T01:25:14,548][INFO ][o.e.m.j.JvmGcMonitorService] [Aw68EwP] [gc][3462446] overhead, spent [401ms] collecting in the last [1s]
[2019-12-16T01:25:26,836][WARN ][o.e.m.j.JvmGcMonitorService] [Aw68EwP] [gc][young][3462455][331766] duration [1s], collections [1]/[1.6s], total [1s]/[2.3h], memory [447.7mb]->[356.1mb]/[1.9gb], all_pools {[young] [83.7mb]->[43.5kb]/[133.1mb]}{[survivor] [14.1mb]->[4.9mb]/[16.6mb]}{[old] [349.9mb]->[351mb]/[1.8gb]}
[2019-12-16T01:25:26,909][WARN ][o.e.m.j.JvmGcMonitorService] [Aw68EwP] [gc][3462455] overhead, spent [1s] collecting in the last [1.6s]
[2019-12-16T01:28:05,181][WARN ][o.e.m.j.JvmGcMonitorService] [Aw68EwP] [gc][young][3462600][331769] duration [11.7s], collections [1]/[12.1s], total [11.7s]/[2.3h], memory [474.2mb]->[366.3mb]/[1.9gb], all_pools {[young] [120.6mb]->[910.6kb]/[133.1mb]}{[survivor] [2.4mb]->[14.3mb]/[16.6mb]}{[old] [351mb]->[351mb]/[1.8gb]}
[2019-12-16T01:28:05,484][WARN ][o.e.m.j.JvmGcMonitorService] [Aw68EwP] [gc][3462600] overhead, spent [11.7s] collecting in the last [12.1s]
[2019-12-16T01:28:13,567][WARN ][o.e.m.j.JvmGcMonitorService] [Aw68EwP] [gc][young][3462605][331770] duration [2.5s], collections [1]/[4s], total [2.5s]/[2.3h], memory [489.5mb]->[366.9mb]/[1.9gb], all_pools {[young] [124.1mb]->[3.7mb]/[133.1mb]}{[survivor] [14.3mb]->[10.8mb]/[16.6mb]}{[old] [351mb]->[352.3mb]/[1.8gb]}
[2019-12-16T01:28:13,567][WARN ][o.e.m.j.JvmGcMonitorService] [Aw68EwP] [gc][3462605] overhead, spent [2.5s] collecting in the last [4s]
[2019-12-16T01:29:33,087][INFO ][o.e.m.j.JvmGcMonitorService] [Aw68EwP] [gc][young][3462683][331774] duration [764ms], collections [1]/[1.3s], total [764ms]/[2.3h], memory [462.2mb]->[369.3mb]/[1.9gb], all_pools {[young] [102.6mb]->[1.3mb]/[133.1mb]}{[survivor] [5.1mb]->[13.5mb]/[16.6mb]}{[old] [354.3mb]->[354.3mb]/[1.8gb]}
[2019-12-16T01:29:33,162][WARN ][o.e.m.j.JvmGcMonitorService] [Aw68EwP] [gc][3462683] overhead, spent [764ms] collecting in the last [1.3s]
[2019-12-16T01:30:16,405][INFO ][o.e.m.j.JvmGcMonitorService] [Aw68EwP] [gc][young][3462726][331781] duration [926ms], collections [1]/[1s], total [926ms]/[2.3h], memory [503.2mb]->[398.6mb]/[1.9gb], all_pools {[young] [131.1mb]->[23.3mb]/[133.1mb]}{[survivor] [14.2mb]->[16.6mb]/[16.6mb]}{[old] [357.8mb]->[358.6mb]/[1.8gb]}
[2019-12-16T01:30:16,479][WARN ][o.e.m.j.JvmGcMonitorService] [Aw68EwP] [gc][3462726] overhead, spent [926ms] collecting in the last [1s]
[2019-12-16T01:30:25,617][WARN ][o.e.m.j.JvmGcMonitorService] [Aw68EwP] [gc][young][3462733][331782] duration [2s], collections [1]/[2.6s], total [2s]/[2.3h], memory [502.5mb]->[367mb]/[1.9gb], all_pools {[young] [127.2mb]->[1mb]/[133.1mb]}{[survivor] [16.6mb]->[6.9mb]/[16.6mb]}{[old] [358.6mb]->[359.1mb]/[1.8gb]}
[2019-12-16T01:30:25,688][WARN ][o.e.m.j.JvmGcMonitorService] [Aw68EwP] [gc][3462733] overhead, spent [2s] collecting in the last [2.6s]
[2019-12-16T01:31:08,548][WARN ][o.e.m.j.JvmGcMonitorService] [Aw68EwP] [gc][young][3462770][331783] duration [5.5s], collections [1]/[6.7s], total [5.5s]/[2.3h], memory [477.4mb]->[370.4mb]/[1.9gb], all_pools {[young] [111.4mb]->[1.5mb]/[133.1mb]}{[survivor] [6.9mb]->[9.6mb]/[16.6mb]}{[old] [359.1mb]->[359.1mb]/[1.8gb]}
[2019-12-16T01:31:08,624][WARN ][o.e.m.j.JvmGcMonitorService] [Aw68EwP] [gc][3462770] overhead, spent [5.5s] collecting in the last [6.7s]
[2019-12-16T01:33:01,279][WARN ][o.e.m.j.JvmGcMonitorService] [Aw68EwP] [gc][3462882] overhead, spent [599ms] collecting in the last [1s]
[2019-12-16T01:33:55,870][INFO ][o.e.m.j.JvmGcMonitorService] [Aw68EwP] [gc][young][3462936][331794] duration [852ms], collections [1]/[1.3s], total [852ms]/[2.3h], memory [493mb]->[374.8mb]/[1.9gb], all_pools {[young] [124.2mb]->[1.8mb]/[133.1mb]}{[survivor] [3.7mb]->[7.8mb]/[16.6mb]}{[old] [365.1mb]->[365.1mb]/[1.8gb]}
[2019-12-16T01:33:55,903][WARN ][o.e.m.j.JvmGcMonitorService] [Aw68EwP] [gc][3462936] overhead, spent [852ms] collecting in the last [1.3s]
[2019-12-16T01:34:03,336][INFO ][o.e.m.j.JvmGcMonitorService] [Aw68EwP] [gc][3462942] overhead, spent [270ms] collecting in the last [1s]
[2019-12-16T01:34:55,511][INFO ][o.e.m.j.JvmGcMonitorService] [Aw68EwP] [gc][3462994] overhead, spent [374ms] collecting in the last [1s]
[2019-12-16T01:35:16,976][INFO ][o.e.m.j.JvmGcMonitorService] [Aw68EwP] [gc][3463015] overhead, spent [496ms] collecting in the last [1s]
[2019-12-16T01:35:24,027][WARN ][o.e.m.j.JvmGcMonitorService] [Aw68EwP] [gc][3463022] overhead, spent [561ms] collecting in the last [1s]
[2019-12-16T01:35:42,703][INFO ][o.e.m.j.JvmGcMonitorService] [Aw68EwP] [gc][young][3463040][331805] duration [898ms], collections [1]/[1s], total [898ms]/[2.3h], memory [487.1mb]->[384.5mb]/[1.9gb], all_pools {[young] [108.6mb]->[6.5mb]/[133.1mb]}{[survivor] [6.3mb]->[5.8mb]/[16.6mb]}{[old] [372.1mb]->[372.1mb]/[1.8gb]}
[2019-12-16T01:35:42,757][WARN ][o.e.m.j.JvmGcMonitorService] [Aw68EwP] [gc][3463040] overhead, spent [898ms] collecting in the last [1s]
[2019-12-16T01:36:25,341][WARN ][o.e.m.j.JvmGcMonitorService] [Aw68EwP] [gc][young][3463082][331808] duration [1.2s], collections [1]/[1.3s], total [1.2s]/[2.3h], memory [511.2mb]->[377.4mb]/[1.9gb], all_pools {[young] [132.9mb]->[964.9kb]/[133.1mb]}{[survivor] [6.1mb]->[4.4mb]/[16.6mb]}{[old] [372.1mb]->[372.1mb]/[1.8gb]}
[2019-12-16T01:36:25,389][WARN ][o.e.m.j.JvmGcMonitorService] [Aw68EwP] [gc][3463082] overhead, spent [1.2s] collecting in the last [1.3s]
[2019-12-16T01:36:58,183][INFO ][o.e.m.j.JvmGcMonitorService] [Aw68EwP] [gc][3463113] overhead, spent [356ms] collecting in the last [1.1s]
[2019-12-16T01:38:24,531][WARN ][o.e.m.j.JvmGcMonitorService] [Aw68EwP] [gc][young][3463198][331815] duration [1.2s], collections [1]/[1.9s], total [1.2s]/[2.3h], memory [498.4mb]->[388.7mb]/[1.9gb], all_pools {[young] [109.2mb]->[256kb]/[133.1mb]}{[survivor] [3.3mb]->[2.6mb]/[16.6mb]}{[old] [385.8mb]->[385.8mb]/[1.8gb]}
[2019-12-16T01:38:24,574][WARN ][o.e.m.j.JvmGcMonitorService] [Aw68EwP] [gc][3463198] overhead, spent [1.2s] collecting in the last [1.9s]
[2019-12-16T01:39:28,003][WARN ][o.e.m.j.JvmGcMonitorService] [Aw68EwP] [gc][young][3463260][331825] duration [1.7s], collections [1]/[2.2s], total [1.7s]/[2.3h], memory [523.6mb]->[405.6mb]/[1.9gb], all_pools {[young] [124.5mb]->[1.5mb]/[133.1mb]}{[survivor] [5.1mb]->[10mb]/[16.6mb]}{[old] [394mb]->[394mb]/[1.8gb]}
[2019-12-16T01:39:28,046][WARN ][o.e.m.j.JvmGcMonitorService] [Aw68EwP] [gc][3463260] overhead, spent [1.7s] collecting in the last [2.2s]
[2019-12-16T01:40:08,765][WARN ][o.e.m.j.JvmGcMonitorService] [Aw68EwP] [gc][young][3463295][331830] duration [3.9s], collections [1]/[4.4s], total [3.9s]/[2.3h], memory [534.8mb]->[413.9mb]/[1.9gb], all_pools {[young] [119.1mb]->[202.2kb]/[133.1mb]}{[survivor] [16.6mb]->[13.6mb]/[16.6mb]}{[old] [399mb]->[400mb]/[1.8gb]}
[2019-12-16T01:40:08,815][WARN ][o.e.m.j.JvmGcMonitorService] [Aw68EwP] [gc][3463295] overhead, spent [3.9s] collecting in the last [4.4s]
[2019-12-16T01:40:16,818][INFO ][o.e.m.j.JvmGcMonitorService] [Aw68EwP] [gc][3463303] overhead, spent [380ms] collecting in the last [1s]
[2019-12-16T01:40:18,954][WARN ][o.e.m.j.JvmGcMonitorService] [Aw68EwP] [gc][young][3463304][331832] duration [1.3s], collections [1]/[1.9s], total [1.3s]/[2.3h], memory [514.9mb]->[412.2mb]/[1.9gb], all_pools {[young] [107.3mb]->[2.2mb]/[133.1mb]}{[survivor] [6.5mb]->[9mb]/[16.6mb]}{[old] [401mb]->[401mb]/[1.8gb]}
[2019-12-16T01:40:18,994][WARN ][o.e.m.j.JvmGcMonitorService] [Aw68EwP] [gc][3463304] overhead, spent [1.3s] collecting in the last [1.9s]
[2019-12-16T01:40:27,739][INFO ][o.e.m.j.JvmGcMonitorService] [Aw68EwP] [gc][young][3463312][331834] duration [814ms], collections [1]/[1s], total [814ms]/[2.3h], memory [544.5mb]->[424.3mb]/[1.9gb], all_pools {[young] [125.9mb]->[5.4mb]/[133.1mb]}{[survivor] [16.6mb]->[7mb]/[16.6mb]}{[old] [401.9mb]->[411.8mb]/[1.8gb]}
[2019-12-16T01:40:27,833][WARN ][o.e.m.j.JvmGcMonitorService] [Aw68EwP] [gc][3463312] overhead, spent [814ms] collecting in the last [1s]
[2019-12-16T01:40:35,450][WARN ][o.e.m.j.JvmGcMonitorService] [Aw68EwP] [gc][young][3463313][331835] duration [1s], collections [1]/[7.6s], total [1s]/[2.3h], memory [424.3mb]->[419.6mb]/[1.9gb], all_pools {[young] [5.4mb]->[3.7mb]/[133.1mb]}{[survivor] [7mb]->[4mb]/[16.6mb]}{[old] [411.8mb]->[411.8mb]/[1.8gb]}
[2019-12-16T01:41:06,118][WARN ][o.e.m.j.JvmGcMonitorService] [Aw68EwP] [gc][young][3463341][331836] duration [1.2s], collections [1]/[2.2s], total [1.2s]/[2.3h], memory [538.3mb]->[428.7mb]/[1.9gb], all_pools {[young] [122.5mb]->[514kb]/[133.1mb]}{[survivor] [4mb]->[16.4mb]/[16.6mb]}{[old] [411.8mb]->[411.8mb]/[1.8gb]}
[2019-12-16T01:41:06,188][WARN ][o.e.m.j.JvmGcMonitorService] [Aw68EwP] [gc][3463341] overhead, spent [1.2s] collecting in the last [2.2s]
[2019-12-16T01:42:03,412][INFO ][o.e.m.j.JvmGcMonitorService] [Aw68EwP] [gc][3463398] overhead, spent [288ms] collecting in the last [1s]
[2019-12-16T01:42:10,049][INFO ][o.e.m.j.JvmGcMonitorService] [Aw68EwP] [gc][young][3463403][331841] duration [964ms], collections [1]/[1.8s], total [964ms]/[2.3h], memory [472.7mb]->[417.9mb]/[1.9gb], all_pools {[young] [55.9mb]->[352.3kb]/[133.1mb]}{[survivor] [2.5mb]->[3.3mb]/[16.6mb]}{[old] [414.2mb]->[414.2mb]/[1.8gb]}
[2019-12-16T01:42:10,061][WARN ][o.e.m.j.JvmGcMonitorService] [Aw68EwP] [gc][3463403] overhead, spent [964ms] collecting in the last [1.8s]
[2019-12-16T01:44:18,444][WARN ][o.e.m.j.JvmGcMonitorService] [Aw68EwP] [gc][young][3463529][331844] duration [1.6s], collections [1]/[2.1s], total [1.6s]/[2.3h], memory [539.1mb]->[418.8mb]/[1.9gb], all_pools {[young] [120.5mb]->[1.1mb]/[133.1mb]}{[survivor] [4.3mb]->[3mb]/[16.6mb]}{[old] [414.2mb]->[414.5mb]/[1.8gb]}
[2019-12-16T01:44:18,464][WARN ][o.e.m.j.JvmGcMonitorService] [Aw68EwP] [gc][3463529] overhead, spent [1.6s] collecting in the last [2.1s]
[2019-12-16T01:45:43,068][WARN ][o.e.m.j.JvmGcMonitorService] [Aw68EwP] [gc][young][3463587][331845] duration [24.7s], collections [1]/[25.4s], total [24.7s]/[2.3h], memory [531.9mb]->[428.6mb]/[1.9gb], all_pools {[young] [114.2mb]->[1.6mb]/[133.1mb]}{[survivor] [3mb]->[12.2mb]/[16.6mb]}{[old] [414.5mb]->[414.7mb]/[1.8gb]}
[2019-12-16T01:45:45,362][WARN ][o.e.m.j.JvmGcMonitorService] [Aw68EwP] [gc][3463587] overhead, spent [24.7s] collecting in the last [25.4s]
[2019-12-16T01:45:52,725][WARN ][o.e.m.j.JvmGcMonitorService] [Aw68EwP] [gc][young][3463593][331846] duration [1.4s], collections [1]/[2.2s], total [1.4s]/[2.3h], memory [557.9mb]->[422mb]/[1.9gb], all_pools {[young] [130.9mb]->[374.3kb]/[133.1mb]}{[survivor] [12.2mb]->[4.9mb]/[16.6mb]}{[old] [414.7mb]->[416.7mb]/[1.8gb]}
[2019-12-16T01:45:52,784][WARN ][o.e.m.j.JvmGcMonitorService] [Aw68EwP] [gc][3463593] overhead, spent [1.4s] collecting in the last [2.2s]
[2019-12-16T01:46:07,959][INFO ][o.e.m.j.JvmGcMonitorService] [Aw68EwP] [gc][3463608] overhead, spent [439ms] collecting in the last [1s]
[2019-12-16T01:52:39,072][WARN ][o.e.m.j.JvmGcMonitorService] [Aw68EwP] [gc][young][3463993][331853] duration [4.8s], collections [1]/[4.9s], total [4.8s]/[2.3h], memory [550.4mb]->[421.7mb]/[1.9gb], all_pools {[young] [129.4mb]->[501.8kb]/[133.1mb]}{[survivor] [2mb]->[2.2mb]/[16.6mb]}{[old] [418.9mb]->[418.9mb]/[1.8gb]}
[2019-12-16T01:52:40,558][WARN ][o.e.m.j.JvmGcMonitorService] [Aw68EwP] [gc][3463993] overhead, spent [4.8s] collecting in the last [4.9s]
[2019-12-16T01:58:03,818][WARN ][o.e.m.j.JvmGcMonitorService] [Aw68EwP] [gc][young][3464310][331857] duration [5.6s], collections [1]/[6.7s], total [5.6s]/[2.3h], memory [554mb]->[421.4mb]/[1.9gb], all_pools {[young] [132.4mb]->[579.5kb]/[133.1mb]}{[survivor] [2.2mb]->[1.5mb]/[16.6mb]}{[old] [419.3mb]->[419.3mb]/[1.8gb]}
[2019-12-16T01:58:03,905][WARN ][o.e.m.j.JvmGcMonitorService] [Aw68EwP] [gc][3464310] overhead, spent [5.6s] collecting in the last [6.7s]
[2019-12-16T01:59:31,018][WARN ][o.e.m.j.JvmGcMonitorService] [Aw68EwP] [gc][young][3464395][331858] duration [1.7s], collections [1]/[1.9s], total [1.7s]/[2.3h], memory [553.3mb]->[430mb]/[1.9gb], all_pools {[young] [132.4mb]->[1.1mb]/[133.1mb]}{[survivor] [1.5mb]->[9.5mb]/[16.6mb]}{[old] [419.3mb]->[419.3mb]/[1.8gb]}
[2019-12-16T01:59:31,036][WARN ][o.e.m.j.JvmGcMonitorService] [Aw68EwP] [gc][3464395] overhead, spent [1.7s] collecting in the last [1.9s]
[2019-12-16T02:03:40,055][WARN ][o.e.m.j.JvmGcMonitorService] [Aw68EwP] [gc][young][3464599][331871] duration [27.9s], collections [1]/[30.1s], total [27.9s]/[2.3h], memory [560.5mb]->[444.3mb]/[1.9gb], all_pools {[young] [133.1mb]->[16.2mb]/[133.1mb]}{[survivor] [3mb]->[3.7mb]/[16.6mb]}{[old] [424.3mb]->[424.3mb]/[1.8gb]}
[2019-12-16T02:03:42,223][WARN ][o.e.m.j.JvmGcMonitorService] [Aw68EwP] [gc][3464599] overhead, spent [27.9s] collecting in the last [30.1s]
[2019-12-16T02:43:42,591][WARN ][o.e.m.j.JvmGcMonitorService] [Aw68EwP] [gc][young][3466969][331902] duration [14.5s], collections [1]/[15.5s], total [14.5s]/[2.3h], memory [539.5mb]->[430.2mb]/[1.9gb], all_pools {[young] [110.4mb]->[1mb]/[133.1mb]}{[survivor] [1.2mb]->[1.3mb]/[16.6mb]}{[old] [427.7mb]->[427.7mb]/[1.8gb]}
[2019-12-16T02:43:45,101][WARN ][o.e.m.j.JvmGcMonitorService] [Aw68EwP] [gc][3466969] overhead, spent [14.5s] collecting in the last [15.5s]
[2019-12-16T02:58:51,353][INFO ][o.e.m.j.JvmGcMonitorService] [Aw68EwP] [gc][3467868] overhead, spent [620ms] collecting in the last [1.3s]
[2019-12-16T03:03:45,668][WARN ][o.e.m.j.JvmGcMonitorService] [Aw68EwP] [gc][young][3468115][331917] duration [33.6s], collections [1]/[33.8s], total [33.6s]/[2.3h], memory [560mb]->[430.9mb]/[1.9gb], all_pools {[young] [130.2mb]->[1.2mb]/[133.1mb]}{[survivor] [1.7mb]->[1.6mb]/[16.6mb]}{[old] [428mb]->[428mb]/[1.8gb]}
[2019-12-16T03:03:48,266][WARN ][o.e.m.j.JvmGcMonitorService] [Aw68EwP] [gc][3468115] overhead, spent [33.6s] collecting in the last [33.8s]
[2019-12-16T03:12:01,142][WARN ][o.e.m.j.JvmGcMonitorService] [Aw68EwP] [gc][young][3468603][331923] duration [5s], collections [1]/[5.5s], total [5s]/[2.3h], memory [558.8mb]->[429.8mb]/[1.9gb], all_pools {[young] [129.2mb]->[619.4kb]/[133.1mb]}{[survivor] [1.4mb]->[1.1mb]/[16.6mb]}{[old] [428.1mb]->[428.1mb]/[1.8gb]}
[2019-12-16T03:12:01,142][WARN ][o.e.m.j.JvmGcMonitorService] [Aw68EwP] [gc][3468603] overhead, spent [5s] collecting in the last [5.5s]
[2019-12-16T03:17:25,577][WARN ][o.e.m.j.JvmGcMonitorService] [Aw68EwP] [gc][young][3468923][331927] duration [2.7s], collections [1]/[3.3s], total [2.7s]/[2.3h], memory [562.8mb]->[429mb]/[1.9gb], all_pools {[young] [133.1mb]->[315.1kb]/[133.1mb]}{[survivor] [1.5mb]->[535.9kb]/[16.6mb]}{[old] [428.2mb]->[428.2mb]/[1.8gb]}
[2019-12-16T03:17:26,948][WARN ][o.e.m.j.JvmGcMonitorService] [Aw68EwP] [gc][3468923] overhead, spent [2.7s] collecting in the last [3.3s]
[2019-12-16T03:19:06,810][WARN ][o.e.m.j.JvmGcMonitorService] [Aw68EwP] [gc][young][3469009][331928] duration [13.6s], collections [1]/[14.6s], total [13.6s]/[2.3h], memory [561.2mb]->[428.9mb]/[1.9gb], all_pools {[young] [132.4mb]->[177.2kb]/[133.1mb]}{[survivor] [535.9kb]->[563.7kb]/[16.6mb]}{[old] [428.2mb]->[428.2mb]/[1.8gb]}
[2019-12-16T03:19:06,946][WARN ][o.e.m.j.JvmGcMonitorService] [Aw68EwP] [gc][3469009] overhead, spent [13.6s] collecting in the last [14.6s]
[2019-12-16T03:25:38,034][WARN ][o.e.m.j.JvmGcMonitorService] [Aw68EwP] [gc][young][3469396][331933] duration [1.9s], collections [1]/[2.1s], total [1.9s]/[2.3h], memory [554.2mb]->[429.9mb]/[1.9gb], all_pools {[young] [125mb]->[371.8kb]/[133.1mb]}{[survivor] [955.5kb]->[1.2mb]/[16.6mb]}{[old] [428.2mb]->[428.3mb]/[1.8gb]}
[2019-12-16T03:25:40,440][WARN ][o.e.m.j.JvmGcMonitorService] [Aw68EwP] [gc][3469396] overhead, spent [1.9s] collecting in the last [2.1s]
[2019-12-16T03:26:40,740][WARN ][o.e.m.j.JvmGcMonitorService] [Aw68EwP] [gc][young][3469438][331934] duration [18s], collections [1]/[19s], total [18s]/[2.3h], memory [554.6mb]->[439.8mb]/[1.9gb], all_pools {[young] [125mb]->[6.7mb]/[133.1mb]}{[survivor] [1.2mb]->[4.7mb]/[16.6mb]}{[old] [428.3mb]->[428.3mb]/[1.8gb]}
[2019-12-16T03:26:40,740][WARN ][o.e.m.j.JvmGcMonitorService] [Aw68EwP] [gc][3469438] overhead, spent [18s] collecting in the last [19s]
[2019-12-16T03:26:51,304][INFO ][o.e.m.j.JvmGcMonitorService] [Aw68EwP] [gc][3469446] overhead, spent [293ms] collecting in the last [1s]
[2019-12-16T03:27:30,009][WARN ][o.e.m.j.JvmGcMonitorService] [Aw68EwP] [gc][young][3469476][331939] duration [4.1s], collections [1]/[4.4s], total [4.1s]/[2.3h], memory [513.9mb]->[436.9mb]/[1.9gb], all_pools {[young] [80.5mb]->[1.7mb]/[133.1mb]}{[survivor] [2.2mb]->[4.4mb]/[16.6mb]}{[old] [431.2mb]->[431.2mb]/[1.8gb]}
[2019-12-16T03:27:30,035][WARN ][o.e.m.j.JvmGcMonitorService] [Aw68EwP] [gc][3469476] overhead, spent [4.1s] collecting in the last [4.4s]
[2019-12-16T03:28:28,530][INFO ][o.e.m.j.JvmGcMonitorService] [Aw68EwP] [gc][3469533] overhead, spent [314ms] collecting in the last [1s]
[2019-12-16T03:30:39,513][INFO ][o.e.m.j.JvmGcMonitorService] [Aw68EwP] [gc][3469662] overhead, spent [542ms] collecting in the last [1.3s]
[2019-12-16T03:32:05,356][WARN ][o.e.m.j.JvmGcMonitorService] [Aw68EwP] [gc][young][3469745][331958] duration [3.4s], collections [1]/[3.4s], total [3.4s]/[2.3h], memory [579.1mb]->[445.4mb]/[1.9gb], all_pools {[young] [131.6mb]->[22.6kb]/[133.1mb]}{[survivor] [3.6mb]->[1.6mb]/[16.6mb]}{[old] [443.7mb]->[443.7mb]/[1.8gb]}
[2019-12-16T03:32:05,358][WARN ][o.e.m.j.JvmGcMonitorService] [Aw68EwP] [gc][3469745] overhead, spent [3.4s] collecting in the last [3.4s]
[2019-12-16T03:33:06,713][WARN ][o.e.m.j.JvmGcMonitorService] [Aw68EwP] [gc][young][3469792][331959] duration [12.9s], collections [1]/[13.6s], total [12.9s]/[2.3h], memory [574.6mb]->[461.1mb]/[1.9gb], all_pools {[young] [129.2mb]->[536.6kb]/[133.1mb]}{[survivor] [1.6mb]->[16.6mb]/[16.6mb]}{[old] [443.7mb]->[444mb]/[1.8gb]}
[2019-12-16T03:33:06,754][WARN ][o.e.m.j.JvmGcMonitorService] [Aw68EwP] [gc][3469792] overhead, spent [12.9s] collecting in the last [13.6s]
[2019-12-16T03:34:21,452][WARN ][o.e.m.j.JvmGcMonitorService] [Aw68EwP] [gc][young][3469865][331965] duration [1.4s], collections [1]/[2.3s], total [1.4s]/[2.3h], memory [582.7mb]->[473.3mb]/[1.9gb], all_pools {[young] [109.2mb]->[350.2kb]/[133.1mb]}{[survivor] [3.2mb]->[2.7mb]/[16.6mb]}{[old] [470.2mb]->[470.2mb]/[1.8gb]}
[2019-12-16T03:34:21,512][WARN ][o.e.m.j.JvmGcMonitorService] [Aw68EwP] [gc][3469865] overhead, spent [1.4s] collecting in the last [2.3s]
[2019-12-16T03:34:35,591][INFO ][o.e.m.j.JvmGcMonitorService] [Aw68EwP] [gc][3469879] overhead, spent [416ms] collecting in the last [1s]
[2019-12-16T03:34:53,138][WARN ][o.e.m.j.JvmGcMonitorService] [Aw68EwP] [gc][3469896] overhead, spent [640ms] collecting in the last [1s]
[2019-12-16T03:35:17,859][INFO ][o.e.m.j.JvmGcMonitorService] [Aw68EwP] [gc][young][3469920][331970] duration [816ms], collections [1]/[1.2s], total [816ms]/[2.3h], memory [548mb]->[480.3mb]/[1.9gb], all_pools {[young] [71.5mb]->[514.3kb]/[133.1mb]}{[survivor] [1.8mb]->[5.1mb]/[16.6mb]}{[old] [474.6mb]->[474.6mb]/[1.8gb]}
[2019-12-16T03:35:17,876][WARN ][o.e.m.j.JvmGcMonitorService] [Aw68EwP] [gc][3469920] overhead, spent [816ms] collecting in the last [1.2s]
[2019-12-16T03:35:46,855][INFO ][o.e.m.j.JvmGcMonitorService] [Aw68EwP] [gc][3469948] overhead, spent [437ms] collecting in the last [1.5s]
[2019-12-16T03:35:52,941][INFO ][o.e.m.j.JvmGcMonitorService] [Aw68EwP] [gc][3469954] overhead, spent [459ms] collecting in the last [1s]
[2019-12-16T03:36:09,041][INFO ][o.e.m.j.JvmGcMonitorService] [Aw68EwP] [gc][3469969] overhead, spent [625ms] collecting in the last [1.3s]
[2019-12-16T03:37:55,145][INFO ][o.e.m.j.JvmGcMonitorService] [Aw68EwP] [gc][young][3470074][331984] duration [714ms], collections [1]/[1.3s], total [714ms]/[2.3h], memory [602.5mb]->[509.8mb]/[1.9gb], all_pools {[young] [102.8mb]->[522.8kb]/[133.1mb]}{[survivor] [1.7mb]->[11.3mb]/[16.6mb]}{[old] [497.9mb]->[497.9mb]/[1.8gb]}
[2019-12-16T03:37:55,192][WARN ][o.e.m.j.JvmGcMonitorService] [Aw68EwP] [gc][3470074] overhead, spent [714ms] collecting in the last [1.3s]
[2019-12-16T03:38:49,797][INFO ][o.e.m.j.JvmGcMonitorService] [Aw68EwP] [gc][young][3470128][331987] duration [708ms], collections [1]/[1.5s], total [708ms]/[2.3h], memory [641.2mb]->[501.3mb]/[1.9gb], all_pools {[young] [132.3mb]->[202.1kb]/[133.1mb]}{[survivor] [8.9mb]->[1.2mb]/[16.6mb]}{[old] [499.9mb]->[499.9mb]/[1.8gb]}
[2019-12-16T03:38:49,843][INFO ][o.e.m.j.JvmGcMonitorService] [Aw68EwP] [gc][3470128] overhead, spent [708ms] collecting in the last [1.5s]
[2019-12-16T03:39:07,837][INFO ][o.e.m.j.JvmGcMonitorService] [Aw68EwP] [gc][young][3470145][331990] duration [790ms], collections [1]/[1.8s], total [790ms]/[2.3h], memory [646.3mb]->[520mb]/[1.9gb], all_pools {[young] [129.1mb]->[1.3mb]/[133.1mb]}{[survivor] [16.6mb]->[16.6mb]/[16.6mb]}{[old] [500.5mb]->[501.9mb]/[1.8gb]}
[2019-12-16T03:39:08,172][INFO ][o.e.m.j.JvmGcMonitorService] [Aw68EwP] [gc][3470145] overhead, spent [790ms] collecting in the last [1.8s]
[2019-12-16T03:39:19,224][INFO ][o.e.m.j.JvmGcMonitorService] [Aw68EwP] [gc][3470156] overhead, spent [411ms] collecting in the last [1s]
[2019-12-16T03:39:30,332][INFO ][o.e.m.j.JvmGcMonitorService] [Aw68EwP] [gc][young][3470167][331995] duration [727ms], collections [1]/[1s], total [727ms]/[2.3h], memory [639mb]->[575mb]/[1.9gb], all_pools {[young] [118.1mb]->[56.3mb]/[133.1mb]}{[survivor] [16.6mb]->[13.3mb]/[16.6mb]}{[old] [504.3mb]->[505.3mb]/[1.8gb]}
[2019-12-16T03:39:30,445][WARN ][o.e.m.j.JvmGcMonitorService] [Aw68EwP] [gc][3470167] overhead, spent [727ms] collecting in the last [1s]
[2019-12-16T03:40:04,035][WARN ][o.e.m.j.JvmGcMonitorService] [Aw68EwP] [gc][young][3470198][332002] duration [1s], collections [1]/[2.1s], total [1s]/[2.3h], memory [644.5mb]->[509.9mb]/[1.9gb], all_pools {[young] [133.1mb]->[90.7kb]/[133.1mb]}{[survivor] [5mb]->[3mb]/[16.6mb]}{[old] [506.3mb]->[506.7mb]/[1.8gb]}
[2019-12-16T03:40:04,330][INFO ][o.e.m.j.JvmGcMonitorService] [Aw68EwP] [gc][3470198] overhead, spent [1s] collecting in the last [2.1s]
[2019-12-16T03:40:19,729][WARN ][o.e.m.j.JvmGcMonitorService] [Aw68EwP] [gc][3470213] overhead, spent [666ms] collecting in the last [1.2s]
[2019-12-16T03:40:25,938][INFO ][o.e.m.j.JvmGcMonitorService] [Aw68EwP] [gc][3470219] overhead, spent [287ms] collecting in the last [1.1s]
[2019-12-16T03:40:48,244][INFO ][o.e.m.j.JvmGcMonitorService] [Aw68EwP] [gc][young][3470241][332008] duration [722ms], collections [1]/[1.2s], total [722ms]/[2.3h], memory [644mb]->[528.3mb]/[1.9gb], all_pools {[young] [116.3mb]->[18kb]/[133.1mb]}{[survivor] [14.2mb]->[14mb]/[16.6mb]}{[old] [513.4mb]->[514.2mb]/[1.8gb]}
[2019-12-16T03:40:48,293][WARN ][o.e.m.j.JvmGcMonitorService] [Aw68EwP] [gc][3470241] overhead, spent [722ms] collecting in the last [1.2s]
[2019-12-16T03:41:34,472][INFO ][o.e.m.j.JvmGcMonitorService] [Aw68EwP] [gc][3470287] overhead, spent [349ms] collecting in the last [1.1s]
[2019-12-16T03:41:46,002][INFO ][o.e.m.j.JvmGcMonitorService] [Aw68EwP] [gc][3470298] overhead, spent [535ms] collecting in the last [1.1s]
[2019-12-16T03:41:50,214][INFO ][o.e.m.j.JvmGcMonitorService] [Aw68EwP] [gc][3470302] overhead, spent [455ms] collecting in the last [1s]
[2019-12-16T03:41:55,279][INFO ][o.e.m.j.JvmGcMonitorService] [Aw68EwP] [gc][3470307] overhead, spent [312ms] collecting in the last [1s]
[2019-12-16T03:42:20,547][WARN ][o.e.m.j.JvmGcMonitorService] [Aw68EwP] [gc][3470332] overhead, spent [657ms] collecting in the last [1s]
[2019-12-16T03:42:42,786][WARN ][o.e.m.j.JvmGcMonitorService] [Aw68EwP] [gc][3470354] overhead, spent [645ms] collecting in the last [1.1s]
[2019-12-16T03:43:04,351][INFO ][o.e.m.j.JvmGcMonitorService] [Aw68EwP] [gc][3470375] overhead, spent [453ms] collecting in the last [1s]
[2019-12-16T03:43:23,639][WARN ][o.e.m.j.JvmGcMonitorService] [Aw68EwP] [gc][3470394] overhead, spent [608ms] collecting in the last [1s]
[2019-12-16T03:43:57,247][INFO ][o.e.m.j.JvmGcMonitorService] [Aw68EwP] [gc][3470427] overhead, spent [691ms] collecting in the last [1.4s]
[2019-12-16T03:44:05,729][INFO ][o.e.m.j.JvmGcMonitorService] [Aw68EwP] [gc][3470435] overhead, spent [422ms] collecting in the last [1.3s]
[2019-12-16T03:45:01,829][INFO ][o.e.m.j.JvmGcMonitorService] [Aw68EwP] [gc][3470491] overhead, spent [405ms] collecting in the last [1s]
[2019-12-16T03:46:32,944][WARN ][o.e.m.j.JvmGcMonitorService] [Aw68EwP] [gc][3470582] overhead, spent [589ms] collecting in the last [1s]
[2019-12-16T03:47:36,805][INFO ][o.e.m.j.JvmGcMonitorService] [Aw68EwP] [gc][young][3470645][332034] duration [838ms], collections [1]/[1.5s], total [838ms]/[2.3h], memory [655.3mb]->[536.7mb]/[1.9gb], all_pools {[young] [117.9mb]->[420.4kb]/[133.1mb]}{[survivor] [2.4mb]->[1.6mb]/[16.6mb]}{[old] [535mb]->[535mb]/[1.8gb]}
[2019-12-16T03:47:36,917][WARN ][o.e.m.j.JvmGcMonitorService] [Aw68EwP] [gc][3470645] overhead, spent [838ms] collecting in the last [1.5s]
[2019-12-16T03:47:52,983][WARN ][o.e.m.j.JvmGcMonitorService] [Aw68EwP] [gc][3470661] overhead, spent [673ms] collecting in the last [1s]
[2019-12-16T03:48:09,446][WARN ][o.e.m.j.JvmGcMonitorService] [Aw68EwP] [gc][3470677] overhead, spent [690ms] collecting in the last [1.2s]
[2019-12-16T03:48:41,953][INFO ][o.e.m.j.JvmGcMonitorService] [Aw68EwP] [gc][3470709] overhead, spent [492ms] collecting in the last [1.2s]
[2019-12-16T03:48:59,218][INFO ][o.e.m.j.JvmGcMonitorService] [Aw68EwP] [gc][3470726] overhead, spent [524ms] collecting in the last [1.1s]
[2019-12-16T03:49:21,309][WARN ][o.e.m.j.JvmGcMonitorService] [Aw68EwP] [gc][young][3470747][332053] duration [1.1s], collections [1]/[1.7s], total [1.1s]/[2.3h], memory [688.4mb]->[591.8mb]/[1.9gb], all_pools {[young] [99.2mb]->[1.3mb]/[133.1mb]}{[survivor] [11.7mb]->[13.1mb]/[16.6mb]}{[old] [577.4mb]->[577.4mb]/[1.8gb]}
[2019-12-16T03:49:21,389][WARN ][o.e.m.j.JvmGcMonitorService] [Aw68EwP] [gc][3470747] overhead, spent [1.1s] collecting in the last [1.7s]
[2019-12-16T03:49:23,134][INFO ][o.e.m.j.JvmGcMonitorService] [Aw68EwP] [gc][young][3470748][332054] duration [706ms], collections [1]/[2s], total [706ms]/[2.3h], memory [591.8mb]->[594.2mb]/[1.9gb], all_pools {[young] [1.3mb]->[2.1kb]/[133.1mb]}{[survivor] [13.1mb]->[15mb]/[16.6mb]}{[old] [577.4mb]->[579.1mb]/[1.8gb]}
[2019-12-16T03:49:23,183][INFO ][o.e.m.j.JvmGcMonitorService] [Aw68EwP] [gc][3470748] overhead, spent [706ms] collecting in the last [2s]
[2019-12-16T03:49:44,283][WARN ][o.e.m.j.JvmGcMonitorService] [Aw68EwP] [gc][3470769] overhead, spent [677ms] collecting in the last [1s]
[2019-12-16T03:49:54,341][INFO ][o.e.m.j.JvmGcMonitorService] [Aw68EwP] [gc][3470779] overhead, spent [292ms] collecting in the last [1s]
[2019-12-16T03:50:32,750][WARN ][o.e.m.j.JvmGcMonitorService] [Aw68EwP] [gc][3470817] overhead, spent [554ms] collecting in the last [1s]
[2019-12-16T03:50:49,852][INFO ][o.e.m.j.JvmGcMonitorService] [Aw68EwP] [gc][3470834] overhead, spent [417ms] collecting in the last [1s]
[2019-12-16T03:51:21,093][WARN ][o.e.m.j.JvmGcMonitorService] [Aw68EwP] [gc][young][3470863][332069] duration [1s], collections [1]/[1.7s], total [1s]/[2.3h], memory [706.1mb]->[619.9mb]/[1.9gb], all_pools {[young] [87.8mb]->[1.1mb]/[133.1mb]}{[survivor] [9.1mb]->[9.6mb]/[16.6mb]}{[old] [609.1mb]->[609.1mb]/[1.8gb]}
[2019-12-16T03:51:21,388][WARN ][o.e.m.j.JvmGcMonitorService] [Aw68EwP] [gc][3470863] overhead, spent [1s] collecting in the last [1.7s]
[2019-12-16T03:51:46,165][INFO ][o.e.m.j.JvmGcMonitorService] [Aw68EwP] [gc][3470887] overhead, spent [579ms] collecting in the last [1.5s]
[2019-12-16T03:51:52,850][WARN ][o.e.m.j.JvmGcMonitorService] [Aw68EwP] [gc][3470893] overhead, spent [668ms] collecting in the last [1.2s]
[2019-12-16T03:52:07,265][INFO ][o.e.m.j.JvmGcMonitorService] [Aw68EwP] [gc][3470907] overhead, spent [553ms] collecting in the last [1.2s]
[2019-12-16T03:52:13,596][INFO ][o.e.m.j.JvmGcMonitorService] [Aw68EwP] [gc][3470913] overhead, spent [417ms] collecting in the last [1.2s]
[2019-12-16T03:52:39,414][INFO ][o.e.m.j.JvmGcMonitorService] [Aw68EwP] [gc][3470938] overhead, spent [649ms] collecting in the last [1.6s]
[2019-12-16T03:53:08,396][INFO ][o.e.m.j.JvmGcMonitorService] [Aw68EwP] [gc][young][3470964][332084] duration [985ms], collections [1]/[1.6s], total [985ms]/[2.3h], memory [736.2mb]->[646.4mb]/[1.9gb], all_pools {[young] [97.7mb]->[116.6kb]/[133.1mb]}{[survivor] [2.9mb]->[10.8mb]/[16.6mb]}{[old] [635.4mb]->[635.4mb]/[1.8gb]}
[2019-12-16T03:53:08,457][WARN ][o.e.m.j.JvmGcMonitorService] [Aw68EwP] [gc][3470964] overhead, spent [985ms] collecting in the last [1.6s]
[2019-12-16T03:53:23,013][INFO ][o.e.m.j.JvmGcMonitorService] [Aw68EwP] [gc][young][3470978][332088] duration [815ms], collections [1]/[1.3s], total [815ms]/[2.3h], memory [774.6mb]->[646.1mb]/[1.9gb], all_pools {[young] [128.9mb]->[514kb]/[133.1mb]}{[survivor] [8.1mb]->[8mb]/[16.6mb]}{[old] [637.5mb]->[637.5mb]/[1.8gb]}
[2019-12-16T03:53:23,077][WARN ][o.e.m.j.JvmGcMonitorService] [Aw68EwP] [gc][3470978] overhead, spent [815ms] collecting in the last [1.3s]
[2019-12-16T03:53:45,809][INFO ][o.e.m.j.JvmGcMonitorService] [Aw68EwP] [gc][3471000] overhead, spent [663ms] collecting in the last [1.6s]
[2019-12-16T03:54:11,147][INFO ][o.e.m.j.JvmGcMonitorService] [Aw68EwP] [gc][young][3471025][332093] duration [926ms], collections [1]/[1.2s], total [926ms]/[2.3h], memory [737.1mb]->[658.1mb]/[1.9gb], all_pools {[young] [81.6mb]->[1.6mb]/[133.1mb]}{[survivor] [3.1mb]->[5.2mb]/[16.6mb]}{[old] [652.3mb]->[652.3mb]/[1.8gb]}
[2019-12-16T03:54:11,203][WARN ][o.e.m.j.JvmGcMonitorService] [Aw68EwP] [gc][3471025] overhead, spent [926ms] collecting in the last [1.2s]
[2019-12-16T03:54:17,269][WARN ][o.e.m.j.JvmGcMonitorService] [Aw68EwP] [gc][3471031] overhead, spent [506ms] collecting in the last [1s]
[2019-12-16T03:54:32,828][WARN ][o.e.m.j.JvmGcMonitorService] [Aw68EwP] [gc][young][3471046][332097] duration [1.4s], collections [1]/[1.4s], total [1.4s]/[2.3h], memory [799.5mb]->[675.9mb]/[1.9gb], all_pools {[young] [132.6mb]->[892.1kb]/[133.1mb]}{[survivor] [7.1mb]->[15.4mb]/[16.6mb]}{[old] [659.6mb]->[659.6mb]/[1.8gb]}
[2019-12-16T03:54:32,932][WARN ][o.e.m.j.JvmGcMonitorService] [Aw68EwP] [gc][3471046] overhead, spent [1.4s] collecting in the last [1.4s]
[2019-12-16T03:54:47,079][INFO ][o.e.m.j.JvmGcMonitorService] [Aw68EwP] [gc][young][3471060][332098] duration [767ms], collections [1]/[1s], total [767ms]/[2.3h], memory [795.3mb]->[677.9mb]/[1.9gb], all_pools {[young] [120.2mb]->[34kb]/[133.1mb]}{[survivor] [15.4mb]->[16.6mb]/[16.6mb]}{[old] [659.6mb]->[661.2mb]/[1.8gb]}
[2019-12-16T03:54:47,150][WARN ][o.e.m.j.JvmGcMonitorService] [Aw68EwP] [gc][3471060] overhead, spent [767ms] collecting in the last [1s]
[2019-12-16T03:54:55,084][INFO ][o.e.m.j.JvmGcMonitorService] [Aw68EwP] [gc][young][3471067][332101] duration [814ms], collections [1]/[1.8s], total [814ms]/[2.3h], memory [705mb]->[666.4mb]/[1.9gb], all_pools {[young] [39.4mb]->[2.5mb]/[133.1mb]}{[survivor] [3.3mb]->[2.3mb]/[16.6mb]}{[old] [662.3mb]->[662.3mb]/[1.8gb]}
[2019-12-16T03:54:55,123][INFO ][o.e.m.j.JvmGcMonitorService] [Aw68EwP] [gc][3471067] overhead, spent [814ms] collecting in the last [1.8s]
[2019-12-16T03:55:21,214][WARN ][o.e.m.j.JvmGcMonitorService] [Aw68EwP] [gc][3471093] overhead, spent [636ms] collecting in the last [1s]
[2019-12-16T03:55:25,541][INFO ][o.e.m.j.JvmGcMonitorService] [Aw68EwP] [gc][3471097] overhead, spent [333ms] collecting in the last [1.2s]
[2019-12-16T03:57:12,906][WARN ][o.e.m.j.JvmGcMonitorService] [Aw68EwP] [gc][young][3471203][332106] duration [1.4s], collections [1]/[2.2s], total [1.4s]/[2.3h], memory [783.7mb]->[667mb]/[1.9gb], all_pools {[young] [117.1mb]->[249.5kb]/[133.1mb]}{[survivor] [3.7mb]->[3.8mb]/[16.6mb]}{[old] [662.8mb]->[662.8mb]/[1.8gb]}
[2019-12-16T03:57:12,941][WARN ][o.e.m.j.JvmGcMonitorService] [Aw68EwP] [gc][3471203] overhead, spent [1.4s] collecting in the last [2.2s]
[2019-12-16T03:57:38,017][WARN ][o.e.m.j.JvmGcMonitorService] [Aw68EwP] [gc][young][3471227][332107] duration [1.2s], collections [1]/[1.9s], total [1.2s]/[2.3h], memory [741.2mb]->[670.3mb]/[1.9gb], all_pools {[young] [74.5mb]->[516.4kb]/[133.1mb]}{[survivor] [3.8mb]->[6.2mb]/[16.6mb]}{[old] [662.8mb]->[663.5mb]/[1.8gb]}
[2019-12-16T03:57:38,080][WARN ][o.e.m.j.JvmGcMonitorService] [Aw68EwP] [gc][3471227] overhead, spent [1.2s] collecting in the last [1.9s]
[2019-12-16T03:57:47,421][INFO ][o.e.m.j.JvmGcMonitorService] [Aw68EwP] [gc][3471236] overhead, spent [370ms] collecting in the last [1.1s]
[2019-12-16T03:58:47,537][WARN ][o.e.m.j.JvmGcMonitorService] [Aw68EwP] [gc][3471296] overhead, spent [589ms] collecting in the last [1s]
[2019-12-16T04:01:24,424][WARN ][o.e.m.j.JvmGcMonitorService] [Aw68EwP] [gc][3471452] overhead, spent [580ms] collecting in the last [1s]
[2019-12-16T04:02:09,561][INFO ][o.e.m.j.JvmGcMonitorService] [Aw68EwP] [gc][young][3471496][332114] duration [724ms], collections [1]/[1s], total [724ms]/[2.3h], memory [796.8mb]->[704.8mb]/[1.9gb], all_pools {[young] [124.8mb]->[20.4mb]/[133.1mb]}{[survivor] [2.1mb]->[14.5mb]/[16.6mb]}{[old] [669.8mb]->[669.8mb]/[1.8gb]}
[2019-12-16T04:02:09,683][WARN ][o.e.m.j.JvmGcMonitorService] [Aw68EwP] [gc][3471496] overhead, spent [724ms] collecting in the last [1s]
[2019-12-16T04:02:14,709][INFO ][o.e.m.j.JvmGcMonitorService] [Aw68EwP] [gc][3471501] overhead, spent [341ms] collecting in the last [1s]
[2019-12-16T04:02:21,912][INFO ][o.e.m.j.JvmGcMonitorService] [Aw68EwP] [gc][3471508] overhead, spent [441ms] collecting in the last [1s]
[2019-12-16T04:02:59,949][INFO ][o.e.m.j.JvmGcMonitorService] [Aw68EwP] [gc][3471545] overhead, spent [531ms] collecting in the last [1s]
[2019-12-16T04:03:11,376][WARN ][o.e.m.j.JvmGcMonitorService] [Aw68EwP] [gc][young][3471555][332123] duration [1.4s], collections [1]/[2.3s], total [1.4s]/[2.3h], memory [838.9mb]->[712.4mb]/[1.9gb], all_pools {[young] [133mb]->[517.3kb]/[133.1mb]}{[survivor] [16.6mb]->[7.7mb]/[16.6mb]}{[old] [689.3mb]->[704.1mb]/[1.8gb]}
[2019-12-16T04:03:11,381][WARN ][o.e.m.j.JvmGcMonitorService] [Aw68EwP] [gc][3471555] overhead, spent [1.4s] collecting in the last [2.3s]
[2019-12-16T04:03:35,223][WARN ][o.e.m.j.JvmGcMonitorService] [Aw68EwP] [gc][young][3471576][332124] duration [2.5s], collections [1]/[3.5s], total [2.5s]/[2.3h], memory [822.3mb]->[708.1mb]/[1.9gb], all_pools {[young] [110.4mb]->[70.6kb]/[133.1mb]}{[survivor] [7.7mb]->[3.9mb]/[16.6mb]}{[old] [704.1mb]->[704.1mb]/[1.8gb]}
[2019-12-16T04:03:35,381][WARN ][o.e.m.j.JvmGcMonitorService] [Aw68EwP] [gc][3471576] overhead, spent [2.5s] collecting in the last [3.5s]
[2019-12-16T04:04:29,453][WARN ][o.e.m.j.JvmGcMonitorService] [Aw68EwP] [gc][3471630] overhead, spent [517ms] collecting in the last [1s]
[2019-12-16T04:04:41,505][INFO ][o.e.m.j.JvmGcMonitorService] [Aw68EwP] [gc][young][3471641][332128] duration [860ms], collections [1]/[1.7s], total [860ms]/[2.3h], memory [848.8mb]->[719.7mb]/[1.9gb], all_pools {[young] [120.8mb]->[237.7kb]/[133.1mb]}{[survivor] [15.7mb]->[5.7mb]/[16.6mb]}{[old] [712.2mb]->[713.7mb]/[1.8gb]}
[2019-12-16T04:04:41,550][WARN ][o.e.m.j.JvmGcMonitorService] [Aw68EwP] [gc][3471641] overhead, spent [860ms] collecting in the last [1.7s]
[2019-12-16T04:04:48,571][INFO ][o.e.m.j.JvmGcMonitorService] [Aw68EwP] [gc][young][3471647][332129] duration [969ms], collections [1]/[1.9s], total [969ms]/[2.3h], memory [851.5mb]->[715.3mb]/[1.9gb], all_pools {[young] [132.1mb]->[10.2kb]/[133.1mb]}{[survivor] [5.7mb]->[1.6mb]/[16.6mb]}{[old] [713.7mb]->[713.7mb]/[1.8gb]}
[2019-12-16T04:04:48,610][INFO ][o.e.m.j.JvmGcMonitorService] [Aw68EwP] [gc][3471647] overhead, spent [969ms] collecting in the last [1.9s]
[2019-12-16T04:05:23,130][WARN ][o.e.m.j.JvmGcMonitorService] [Aw68EwP] [gc][young][3471678][332130] duration [3.1s], collections [1]/[3.9s], total [3.1s]/[2.3h], memory [806mb]->[744.7mb]/[1.9gb], all_pools {[young] [90.7mb]->[22.8mb]/[133.1mb]}{[survivor] [1.6mb]->[8.1mb]/[16.6mb]}{[old] [713.7mb]->[713.7mb]/[1.8gb]}
[2019-12-16T04:05:23,166][WARN ][o.e.m.j.JvmGcMonitorService] [Aw68EwP] [gc][3471678] overhead, spent [3.1s] collecting in the last [3.9s]
[2019-12-16T04:05:57,315][INFO ][o.e.m.j.JvmGcMonitorService] [Aw68EwP] [gc][3471711] overhead, spent [462ms] collecting in the last [1.1s]
[2019-12-16T04:06:11,899][WARN ][o.e.m.j.JvmGcMonitorService] [Aw68EwP] [gc][young][3471725][332138] duration [1s], collections [1]/[1.4s], total [1s]/[2.3h], memory [871.8mb]->[759.1mb]/[1.9gb], all_pools {[young] [119.2mb]->[1.2mb]/[133.1mb]}{[survivor] [12.8mb]->[16.6mb]/[16.6mb]}{[old] [739.7mb]->[741.2mb]/[1.8gb]}
[2019-12-16T04:06:11,948][WARN ][o.e.m.j.JvmGcMonitorService] [Aw68EwP] [gc][3471725] overhead, spent [1s] collecting in the last [1.4s]
[2019-12-16T04:06:18,115][INFO ][o.e.m.j.JvmGcMonitorService] [Aw68EwP] [gc][3471731] overhead, spent [361ms] collecting in the last [1.1s]
[2019-12-16T04:06:44,480][INFO ][o.e.m.j.JvmGcMonitorService] [Aw68EwP] [gc][3471757] overhead, spent [366ms] collecting in the last [1s]
[2019-12-16T04:07:01,115][INFO ][o.e.m.j.JvmGcMonitorService] [Aw68EwP] [gc][3471773] overhead, spent [493ms] collecting in the last [1.4s]
[2019-12-16T04:07:05,287][INFO ][o.e.m.j.JvmGcMonitorService] [Aw68EwP] [gc][3471777] overhead, spent [310ms] collecting in the last [1.1s]
[2019-12-16T04:07:37,557][INFO ][o.e.m.j.JvmGcMonitorService] [Aw68EwP] [gc][3471809] overhead, spent [287ms] collecting in the last [1s]
[2019-12-16T04:08:26,900][WARN ][o.e.m.j.JvmGcMonitorService] [Aw68EwP] [gc][3471858] overhead, spent [545ms] collecting in the last [1s]
[2019-12-16T04:08:32,963][INFO ][o.e.m.j.JvmGcMonitorService] [Aw68EwP] [gc][3471864] overhead, spent [318ms] collecting in the last [1s]
[2019-12-16T04:09:04,303][INFO ][o.e.m.j.JvmGcMonitorService] [Aw68EwP] [gc][3471895] overhead, spent [555ms] collecting in the last [1.2s]
[2019-12-16T04:09:09,544][INFO ][o.e.m.j.JvmGcMonitorService] [Aw68EwP] [gc][3471900] overhead, spent [291ms] collecting in the last [1.1s]
[2019-12-16T04:09:14,725][INFO ][o.e.m.j.JvmGcMonitorService] [Aw68EwP] [gc][3471905] overhead, spent [377ms] collecting in the last [1.1s]
[2019-12-16T04:09:51,277][INFO ][o.e.m.j.JvmGcMonitorService] [Aw68EwP] [gc][3471941] overhead, spent [583ms] collecting in the last [1.2s]
[2019-12-16T04:10:12,543][WARN ][o.e.m.j.JvmGcMonitorService] [Aw68EwP] [gc][3471962] overhead, spent [548ms] collecting in the last [1s]
[2019-12-16T04:10:25,836][WARN ][o.e.m.j.JvmGcMonitorService] [Aw68EwP] [gc][3471975] overhead, spent [690ms] collecting in the last [1.1s]
[2019-12-16T04:10:47,917][WARN ][o.e.m.j.JvmGcMonitorService] [Aw68EwP] [gc][3471997] overhead, spent [502ms] collecting in the last [1s]
[2019-12-16T04:11:06,483][INFO ][o.e.m.j.JvmGcMonitorService] [Aw68EwP] [gc][3472015] overhead, spent [551ms] collecting in the last [1.4s]
[2019-12-16T04:12:05,729][WARN ][o.e.m.j.JvmGcMonitorService] [Aw68EwP] [gc][young][3472073][332184] duration [1.4s], collections [1]/[1.8s], total [1.4s]/[2.3h], memory [942mb]->[818.9mb]/[1.9gb], all_pools {[young] [118.7mb]->[358.4kb]/[133.1mb]}{[survivor] [16mb]->[9.5mb]/[16.6mb]}{[old] [807.2mb]->[809mb]/[1.8gb]}
[2019-12-16T04:12:05,773][WARN ][o.e.m.j.JvmGcMonitorService] [Aw68EwP] [gc][3472073] overhead, spent [1.4s] collecting in the last [1.8s]
[2019-12-16T04:12:18,105][INFO ][o.e.m.j.JvmGcMonitorService] [Aw68EwP] [gc][3472085] overhead, spent [483ms] collecting in the last [1.2s]
[2019-12-16T04:13:26,001][INFO ][o.e.m.j.JvmGcMonitorService] [Aw68EwP] [gc][3472152] overhead, spent [619ms] collecting in the last [1.5s]
[2019-12-16T04:13:33,746][INFO ][o.e.m.j.JvmGcMonitorService] [Aw68EwP] [gc][3472159] overhead, spent [346ms] collecting in the last [1.1s]
[2019-12-16T04:13:45,819][INFO ][o.e.m.j.JvmGcMonitorService] [Aw68EwP] [gc][3472171] overhead, spent [418ms] collecting in the last [1s]
[2019-12-16T04:14:07,192][INFO ][o.e.m.j.JvmGcMonitorService] [Aw68EwP] [gc][3472192] overhead, spent [397ms] collecting in the last [1.1s]
[2019-12-16T04:14:41,522][INFO ][o.e.m.j.JvmGcMonitorService] [Aw68EwP] [gc][young][3472226][332196] duration [930ms], collections [1]/[1.1s], total [930ms]/[2.3h], memory [908.8mb]->[820.8mb]/[1.9gb], all_pools {[young] [92.6mb]->[514.8kb]/[133.1mb]}{[survivor] [3.1mb]->[7.2mb]/[16.6mb]}{[old] [813mb]->[813mb]/[1.8gb]}
[2019-12-16T04:14:41,599][WARN ][o.e.m.j.JvmGcMonitorService] [Aw68EwP] [gc][3472226] overhead, spent [930ms] collecting in the last [1.1s]
[2019-12-16T04:14:53,780][WARN ][o.e.m.j.JvmGcMonitorService] [Aw68EwP] [gc][young][3472237][332198] duration [1.1s], collections [1]/[2s], total [1.1s]/[2.3h], memory [929mb]->[828.7mb]/[1.9gb], all_pools {[young] [98.9mb]->[26.2kb]/[133.1mb]}{[survivor] [16.6mb]->[13mb]/[16.6mb]}{[old] [813.4mb]->[815.7mb]/[1.8gb]}
[2019-12-16T04:14:53,806][WARN ][o.e.m.j.JvmGcMonitorService] [Aw68EwP] [gc][3472237] overhead, spent [1.1s] collecting in the last [2s]
[2019-12-16T04:15:06,475][INFO ][o.e.m.j.JvmGcMonitorService] [Aw68EwP] [gc][young][3472249][332199] duration [893ms], collections [1]/[1.6s], total [893ms]/[2.3h], memory [959mb]->[834.3mb]/[1.9gb], all_pools {[young] [130.3mb]->[1.3mb]/[133.1mb]}{[survivor] [13mb]->[16.6mb]/[16.6mb]}{[old] [815.7mb]->[816.4mb]/[1.8gb]}
[2019-12-16T04:15:06,532][WARN ][o.e.m.j.JvmGcMonitorService] [Aw68EwP] [gc][3472249] overhead, spent [893ms] collecting in the last [1.6s]
[2019-12-16T04:15:36,657][INFO ][o.e.m.j.JvmGcMonitorService] [Aw68EwP] [gc][3472278] overhead, spent [302ms] collecting in the last [1s]
[2019-12-16T04:16:16,978][WARN ][o.e.m.j.JvmGcMonitorService] [Aw68EwP] [gc][young][3472317][332212] duration [1s], collections [1]/[1.9s], total [1s]/[2.4h], memory [931.5mb]->[853.5mb]/[1.9gb], all_pools {[young] [77.6mb]->[514kb]/[133.1mb]}{[survivor] [13.3mb]->[11.1mb]/[16.6mb]}{[old] [840.5mb]->[841.8mb]/[1.8gb]}
[2019-12-16T04:16:17,019][WARN ][o.e.m.j.JvmGcMonitorService] [Aw68EwP] [gc][3472317] overhead, spent [1s] collecting in the last [1.9s]
[2019-12-16T04:16:28,071][INFO ][o.e.m.j.JvmGcMonitorService] [Aw68EwP] [gc][3472328] overhead, spent [346ms] collecting in the last [1s]
[2019-12-16T04:17:03,147][INFO ][o.e.m.j.JvmGcMonitorService] [Aw68EwP] [gc][young][3472362][332216] duration [898ms], collections [1]/[1.8s], total [898ms]/[2.4h], memory [969.1mb]->[861mb]/[1.9gb], all_pools {[young] [121.3mb]->[240.8kb]/[133.1mb]}{[survivor] [4mb]->[16.6mb]/[16.6mb]}{[old] [843.7mb]->[844.2mb]/[1.8gb]}
[2019-12-16T04:17:03,423][INFO ][o.e.m.j.JvmGcMonitorService] [Aw68EwP] [gc][3472362] overhead, spent [898ms] collecting in the last [1.8s]
[2019-12-16T04:17:23,890][WARN ][o.e.m.j.JvmGcMonitorService] [Aw68EwP] [gc][young][3472381][332220] duration [1.4s], collections [1]/[2.3s], total [1.4s]/[2.4h], memory [989.5mb]->[863.2mb]/[1.9gb], all_pools {[young] [125.2mb]->[35.1kb]/[133.1mb]}{[survivor] [3.3mb]->[2.3mb]/[16.6mb]}{[old] [860.8mb]->[860.8mb]/[1.8gb]}
[2019-12-16T04:17:24,024][WARN ][o.e.m.j.JvmGcMonitorService] [Aw68EwP] [gc][3472381] overhead, spent [1.4s] collecting in the last [2.3s]
[2019-12-16T04:17:53,132][WARN ][o.e.m.j.JvmGcMonitorService] [Aw68EwP] [gc][young][3472409][332221] duration [1.8s], collections [1]/[1.9s], total [1.8s]/[2.4h], memory [994mb]->[866.4mb]/[1.9gb], all_pools {[young] [130.8mb]->[244.2kb]/[133.1mb]}{[survivor] [2.3mb]->[5.3mb]/[16.6mb]}{[old] [860.8mb]->[860.8mb]/[1.8gb]}
[2019-12-16T04:17:53,363][WARN ][o.e.m.j.JvmGcMonitorService] [Aw68EwP] [gc][3472409] overhead, spent [1.8s] collecting in the last [1.9s]
[2019-12-16T04:19:29,782][INFO ][o.e.m.j.JvmGcMonitorService] [Aw68EwP] [gc][3472505] overhead, spent [472ms] collecting in the last [1.3s]
[2019-12-16T04:22:05,961][INFO ][o.e.m.j.JvmGcMonitorService] [Aw68EwP] [gc][young][3472660][332227] duration [987ms], collections [1]/[1.8s], total [987ms]/[2.4h], memory [988.5mb]->[865.3mb]/[1.9gb], all_pools {[young] [122.7mb]->[217.4kb]/[133.1mb]}{[survivor] [3.7mb]->[2.4mb]/[16.6mb]}{[old] [862mb]->[862.6mb]/[1.8gb]}
[2019-12-16T04:22:06,120][WARN ][o.e.m.j.JvmGcMonitorService] [Aw68EwP] [gc][3472660] overhead, spent [987ms] collecting in the last [1.8s]
[2019-12-16T04:24:41,691][INFO ][o.e.m.j.JvmGcMonitorService] [Aw68EwP] [gc][3472815] overhead, spent [486ms] collecting in the last [1.2s]
[2019-12-16T04:26:13,475][INFO ][o.e.m.j.JvmGcMonitorService] [Aw68EwP] [gc][young][3472906][332230] duration [758ms], collections [1]/[1.1s], total [758ms]/[2.4h], memory [998.2mb]->[865.2mb]/[1.9gb], all_pools {[young] [133mb]->[259.8kb]/[133.1mb]}{[survivor] [2mb]->[1.7mb]/[16.6mb]}{[old] [863.1mb]->[863.3mb]/[1.8gb]}
[2019-12-16T04:26:13,503][WARN ][o.e.m.j.JvmGcMonitorService] [Aw68EwP] [gc][3472906] overhead, spent [758ms] collecting in the last [1.1s]
[2019-12-16T04:30:00,724][WARN ][o.e.m.j.JvmGcMonitorService] [Aw68EwP] [gc][young][3473127][332233] duration [5.3s], collections [1]/[6.3s], total [5.3s]/[2.4h], memory [998.4mb]->[865.3mb]/[1.9gb], all_pools {[young] [132.8mb]->[281kb]/[133.1mb]}{[survivor] [2.3mb]->[1.6mb]/[16.6mb]}{[old] [863.3mb]->[863.4mb]/[1.8gb]}
[2019-12-16T04:30:01,973][WARN ][o.e.m.j.JvmGcMonitorService] [Aw68EwP] [gc][3473127] overhead, spent [5.3s] collecting in the last [6.3s]
[2019-12-16T04:31:29,220][WARN ][o.e.m.j.JvmGcMonitorService] [Aw68EwP] [gc][young][3473210][332234] duration [4.6s], collections [1]/[5s], total [4.6s]/[2.4h], memory [991.3mb]->[865.7mb]/[1.9gb], all_pools {[young] [126.2mb]->[665.3kb]/[133.1mb]}{[survivor] [1.6mb]->[1.1mb]/[16.6mb]}{[old] [863.4mb]->[864mb]/[1.8gb]}
[2019-12-16T04:31:29,336][WARN ][o.e.m.j.JvmGcMonitorService] [Aw68EwP] [gc][3473210] overhead, spent [4.6s] collecting in the last [5s]
[2019-12-16T04:32:45,315][WARN ][o.e.m.j.JvmGcMonitorService] [Aw68EwP] [gc][young][3473284][332235] duration [2.2s], collections [1]/[2.8s], total [2.2s]/[2.4h], memory [997.6mb]->[864.9mb]/[1.9gb], all_pools {[young] [132.5mb]->[488.1kb]/[133.1mb]}{[survivor] [1.1mb]->[506.5kb]/[16.6mb]}{[old] [864mb]->[864mb]/[1.8gb]}
[2019-12-16T04:32:45,929][WARN ][o.e.m.j.JvmGcMonitorService] [Aw68EwP] [gc][3473284] overhead, spent [2.2s] collecting in the last [2.8s]
[2019-12-16T04:34:15,864][WARN ][o.e.m.j.JvmGcMonitorService] [Aw68EwP] [gc][young][3473363][332236] duration [10.3s], collections [1]/[11.1s], total [10.3s]/[2.4h], memory [977.9mb]->[866.2mb]/[1.9gb], all_pools {[young] [113.4mb]->[939.2kb]/[133.1mb]}{[survivor] [506.5kb]->[1.3mb]/[16.6mb]}{[old] [864mb]->[864mb]/[1.8gb]}
[2019-12-16T04:34:16,132][WARN ][o.e.m.j.JvmGcMonitorService] [Aw68EwP] [gc][3473363] overhead, spent [10.3s] collecting in the last [11.1s]
[2019-12-16T04:35:45,554][INFO ][o.e.m.j.JvmGcMonitorService] [Aw68EwP] [gc][3473452] overhead, spent [662ms] collecting in the last [1.3s]
[2019-12-16T04:40:54,924][WARN ][o.e.m.j.JvmGcMonitorService] [Aw68EwP] [gc][young][3473758][332241] duration [2.6s], collections [1]/[3.4s], total [2.6s]/[2.4h], memory [997.1mb]->[865.1mb]/[1.9gb], all_pools {[young] [131.5mb]->[553.1kb]/[133.1mb]}{[survivor] [1.6mb]->[534.7kb]/[16.6mb]}{[old] [864mb]->[864.1mb]/[1.8gb]}
[2019-12-16T04:40:55,858][WARN ][o.e.m.j.JvmGcMonitorService] [Aw68EwP] [gc][3473758] overhead, spent [2.6s] collecting in the last [3.4s]
[2019-12-16T04:47:12,112][INFO ][o.e.m.j.JvmGcMonitorService] [Aw68EwP] [gc][3474133] overhead, spent [266ms] collecting in the last [1s]
[2019-12-16T04:48:23,879][WARN ][o.e.m.j.JvmGcMonitorService] [Aw68EwP] [gc][young][3474194][332247] duration [8.9s], collections [1]/[9.8s], total [8.9s]/[2.4h], memory [973.1mb]->[865.8mb]/[1.9gb], all_pools {[young] [107.7mb]->[57.2kb]/[133.1mb]}{[survivor] [1.1mb]->[1.6mb]/[16.6mb]}{[old] [864.1mb]->[864.1mb]/[1.8gb]}
[2019-12-16T04:48:23,879][WARN ][o.e.m.j.JvmGcMonitorService] [Aw68EwP] [gc][3474194] overhead, spent [8.9s] collecting in the last [9.8s]
[2019-12-16T04:49:50,408][WARN ][o.e.m.j.JvmGcMonitorService] [Aw68EwP] [gc][young][3474279][332248] duration [2s], collections [1]/[2.3s], total [2s]/[2.4h], memory [997.8mb]->[865.4mb]/[1.9gb], all_pools {[young] [132mb]->[658.4kb]/[133.1mb]}{[survivor] [1.6mb]->[627.1kb]/[16.6mb]}{[old] [864.1mb]->[864.1mb]/[1.8gb]}
[2019-12-16T04:49:50,470][WARN ][o.e.m.j.JvmGcMonitorService] [Aw68EwP] [gc][3474279] overhead, spent [2s] collecting in the last [2.3s]
[2019-12-16T04:53:39,686][WARN ][o.e.m.j.JvmGcMonitorService] [Aw68EwP] [gc][young][3474502][332251] duration [6s], collections [1]/[6.1s], total [6s]/[2.4h], memory [998.3mb]->[866.1mb]/[1.9gb], all_pools {[young] [133.1mb]->[742.4kb]/[133.1mb]}{[survivor] [1mb]->[1.2mb]/[16.6mb]}{[old] [864.1mb]->[864.1mb]/[1.8gb]}
[2019-12-16T04:53:40,067][WARN ][o.e.m.j.JvmGcMonitorService] [Aw68EwP] [gc][3474502] overhead, spent [6s] collecting in the last [6.1s]
[2019-12-16T04:54:21,037][WARN ][o.e.m.j.JvmGcMonitorService] [Aw68EwP] [gc][young][3474540][332252] duration [3.8s], collections [1]/[3.9s], total [3.8s]/[2.4h], memory [983.6mb]->[867.3mb]/[1.9gb], all_pools {[young] [118.1mb]->[340.8kb]/[133.1mb]}{[survivor] [1.2mb]->[2.7mb]/[16.6mb]}{[old] [864.1mb]->[864.2mb]/[1.8gb]}
[2019-12-16T04:54:21,039][WARN ][o.e.m.j.JvmGcMonitorService] [Aw68EwP] [gc][3474540] overhead, spent [3.8s] collecting in the last [3.9s]
[2019-12-16T04:55:05,590][WARN ][o.e.m.j.JvmGcMonitorService] [Aw68EwP] [gc][young][3474583][332254] duration [1.3s], collections [1]/[1.9s], total [1.3s]/[2.4h], memory [999.2mb]->[875.6mb]/[1.9gb], all_pools {[young] [131.7mb]->[282.5kb]/[133.1mb]}{[survivor] [3.2mb]->[11.1mb]/[16.6mb]}{[old] [864.2mb]->[864.2mb]/[1.8gb]}
[2019-12-16T04:55:05,650][WARN ][o.e.m.j.JvmGcMonitorService] [Aw68EwP] [gc][3474583] overhead, spent [1.3s] collecting in the last [1.9s]
[2019-12-16T04:56:49,596][WARN ][o.e.m.j.JvmGcMonitorService] [Aw68EwP] [gc][young][3474685][332264] duration [1.1s], collections [1]/[2.3s], total [1.1s]/[2.4h], memory [997.7mb]->[874.8mb]/[1.9gb], all_pools {[young] [116mb]->[111.2kb]/[133.1mb]}{[survivor] [9.5mb]->[2.5mb]/[16.6mb]}{[old] [872.1mb]->[872.1mb]/[1.8gb]}
[2019-12-16T04:56:49,718][INFO ][o.e.m.j.JvmGcMonitorService] [Aw68EwP] [gc][3474685] overhead, spent [1.1s] collecting in the last [2.3s]
[2019-12-16T04:57:56,994][WARN ][o.e.m.j.JvmGcMonitorService] [Aw68EwP] [gc][young][3474745][332265] duration [7s], collections [1]/[8s], total [7s]/[2.4h], memory [996.5mb]->[889.3mb]/[1.9gb], all_pools {[young] [121.8mb]->[579.4kb]/[133.1mb]}{[survivor] [2.5mb]->[16.6mb]/[16.6mb]}{[old] [872.1mb]->[872.1mb]/[1.8gb]}
[2019-12-16T04:57:57,059][WARN ][o.e.m.j.JvmGcMonitorService] [Aw68EwP] [gc][3474745] overhead, spent [7s] collecting in the last [8s]
[2019-12-16T04:58:03,212][WARN ][o.e.m.j.JvmGcMonitorService] [Aw68EwP] [gc][young][3474750][332266] duration [1.4s], collections [1]/[2.1s], total [1.4s]/[2.4h], memory [993.7mb]->[882.5mb]/[1.9gb], all_pools {[young] [104.9mb]->[4.2kb]/[133.1mb]}{[survivor] [16.6mb]->[6.3mb]/[16.6mb]}{[old] [872.1mb]->[876.2mb]/[1.8gb]}
[2019-12-16T04:58:03,320][WARN ][o.e.m.j.JvmGcMonitorService] [Aw68EwP] [gc][3474750] overhead, spent [1.4s] collecting in the last [2.1s]
[2019-12-16T04:58:50,809][INFO ][o.e.m.j.JvmGcMonitorService] [Aw68EwP] [gc][young][3474797][332268] duration [800ms], collections [1]/[1.4s], total [800ms]/[2.4h], memory [1005.4mb]->[893.7mb]/[1.9gb], all_pools {[young] [125.7mb]->[249.5kb]/[133.1mb]}{[survivor] [3.4mb]->[16.6mb]/[16.6mb]}{[old] [876.2mb]->[876.8mb]/[1.8gb]}
[2019-12-16T04:58:50,965][WARN ][o.e.m.j.JvmGcMonitorService] [Aw68EwP] [gc][3474797] overhead, spent [800ms] collecting in the last [1.4s]
[2019-12-16T04:59:08,236][INFO ][o.e.m.j.JvmGcMonitorService] [Aw68EwP] [gc][young][3474813][332271] duration [995ms], collections [1]/[2s], total [995ms]/[2.4h], memory [985.8mb]->[892.3mb]/[1.9gb], all_pools {[young] [102mb]->[2.9mb]/[133.1mb]}{[survivor] [5.3mb]->[10.9mb]/[16.6mb]}{[old] [878.4mb]->[878.4mb]/[1.8gb]}
[2019-12-16T04:59:08,325][INFO ][o.e.m.j.JvmGcMonitorService] [Aw68EwP] [gc][3474813] overhead, spent [995ms] collecting in the last [2s]
[2019-12-16T04:59:14,334][INFO ][o.e.m.j.JvmGcMonitorService] [Aw68EwP] [gc][3474819] overhead, spent [269ms] collecting in the last [1s]
[2019-12-16T05:00:08,901][WARN ][o.e.m.j.JvmGcMonitorService] [Aw68EwP] [gc][young][3474872][332273] duration [1.1s], collections [1]/[2s], total [1.1s]/[2.4h], memory [1020.3mb]->[884mb]/[1.9gb], all_pools {[young] [131.6mb]->[182.3kb]/[133.1mb]}{[survivor] [8.4mb]->[3.5mb]/[16.6mb]}{[old] [880.2mb]->[880.2mb]/[1.8gb]}
[2019-12-16T05:00:08,983][WARN ][o.e.m.j.JvmGcMonitorService] [Aw68EwP] [gc][3474872] overhead, spent [1.1s] collecting in the last [2s]
[2019-12-16T05:00:25,039][WARN ][o.e.m.j.JvmGcMonitorService] [Aw68EwP] [gc][young][3474882][332274] duration [3.7s], collections [1]/[5.7s], total [3.7s]/[2.4h], memory [1015.9mb]->[894.2mb]/[1.9gb], all_pools {[young] [132mb]->[930.2kb]/[133.1mb]}{[survivor] [3.5mb]->[13mb]/[16.6mb]}{[old] [880.2mb]->[880.2mb]/[1.8gb]}
[2019-12-16T05:00:25,587][WARN ][o.e.m.j.JvmGcMonitorService] [Aw68EwP] [gc][3474882] overhead, spent [3.7s] collecting in the last [5.7s]
[2019-12-16T05:01:15,577][INFO ][o.e.m.j.JvmGcMonitorService] [Aw68EwP] [gc][young][3474930][332278] duration [793ms], collections [1]/[1.8s], total [793ms]/[2.4h], memory [1gb]->[897.4mb]/[1.9gb], all_pools {[young] [129.1mb]->[29.6kb]/[133.1mb]}{[survivor] [3.1mb]->[4.7mb]/[16.6mb]}{[old] [892.6mb]->[892.6mb]/[1.8gb]}
[2019-12-16T05:01:15,764][INFO ][o.e.m.j.JvmGcMonitorService] [Aw68EwP] [gc][3474930] overhead, spent [793ms] collecting in the last [1.8s]
[2019-12-16T05:01:22,830][WARN ][o.e.m.j.JvmGcMonitorService] [Aw68EwP] [gc][young][3474936][332280] duration [1.1s], collections [1]/[1.8s], total [1.1s]/[2.4h], memory [1016.7mb]->[906.8mb]/[1.9gb], all_pools {[young] [118.1mb]->[3.2mb]/[133.1mb]}{[survivor] [5.9mb]->[10.9mb]/[16.6mb]}{[old] [892.6mb]->[892.6mb]/[1.8gb]}
[2019-12-16T05:01:23,718][WARN ][o.e.m.j.JvmGcMonitorService] [Aw68EwP] [gc][3474936] overhead, spent [1.1s] collecting in the last [1.8s]
[2019-12-16T05:02:10,780][WARN ][o.e.m.j.JvmGcMonitorService] [Aw68EwP] [gc][3474983] overhead, spent [649ms] collecting in the last [1s]
[2019-12-16T05:02:26,073][INFO ][o.e.m.j.JvmGcMonitorService] [Aw68EwP] [gc][3474998] overhead, spent [386ms] collecting in the last [1.2s]
[2019-12-16T05:02:39,920][INFO ][o.e.m.j.JvmGcMonitorService] [Aw68EwP] [gc][young][3475011][332287] duration [824ms], collections [1]/[1.5s], total [824ms]/[2.4h], memory [1gb]->[924.8mb]/[1.9gb], all_pools {[young] [120.9mb]->[956.6kb]/[133.1mb]}{[survivor] [10.3mb]->[16.6mb]/[16.6mb]}{[old] [907.3mb]->[907.3mb]/[1.8gb]}
[2019-12-16T05:02:39,957][WARN ][o.e.m.j.JvmGcMonitorService] [Aw68EwP] [gc][3475011] overhead, spent [824ms] collecting in the last [1.5s]
[2019-12-16T05:02:46,438][INFO ][o.e.m.j.JvmGcMonitorService] [Aw68EwP] [gc][3475017] overhead, spent [382ms] collecting in the last [1.3s]
[2019-12-16T05:03:02,806][INFO ][o.e.m.j.JvmGcMonitorService] [Aw68EwP] [gc][young][3475033][332290] duration [879ms], collections [1]/[1.1s], total [879ms]/[2.4h], memory [1gb]->[926.4mb]/[1.9gb], all_pools {[young] [128.5mb]->[1.2mb]/[133.1mb]}{[survivor] [13.2mb]->[16.6mb]/[16.6mb]}{[old] [909.3mb]->[909.3mb]/[1.8gb]}
[2019-12-16T05:03:02,844][WARN ][o.e.m.j.JvmGcMonitorService] [Aw68EwP] [gc][3475033] overhead, spent [879ms] collecting in the last [1.1s]
[2019-12-16T05:03:42,823][WARN ][o.e.m.j.JvmGcMonitorService] [Aw68EwP] [gc][young][3475070][332295] duration [1.9s], collections [1]/[2.7s], total [1.9s]/[2.4h], memory [1009.9mb]->[930.2mb]/[1.9gb], all_pools {[young] [82.9mb]->[562.4kb]/[133.1mb]}{[survivor] [2.4mb]->[5.1mb]/[16.6mb]}{[old] [924.5mb]->[924.5mb]/[1.8gb]}
[2019-12-16T05:03:43,039][WARN ][o.e.m.j.JvmGcMonitorService] [Aw68EwP] [gc][3475070] overhead, spent [1.9s] collecting in the last [2.7s]
[2019-12-16T05:04:45,283][INFO ][o.e.m.j.JvmGcMonitorService] [Aw68EwP] [gc][3475132] overhead, spent [581ms] collecting in the last [1.1s]
[2019-12-16T05:05:03,720][WARN ][o.e.m.j.JvmGcMonitorService] [Aw68EwP] [gc][young][3475148][332300] duration [2.3s], collections [1]/[3.1s], total [2.3s]/[2.4h], memory [1gb]->[938.7mb]/[1.9gb], all_pools {[young] [132.1mb]->[541.7kb]/[133.1mb]}{[survivor] [16.6mb]->[8mb]/[16.6mb]}{[old] [929mb]->[930.2mb]/[1.8gb]}
[2019-12-16T05:05:03,757][WARN ][o.e.m.j.JvmGcMonitorService] [Aw68EwP] [gc][3475148] overhead, spent [2.3s] collecting in the last [3.1s]
[2019-12-16T05:05:37,121][WARN ][o.e.m.j.JvmGcMonitorService] [Aw68EwP] [gc][young][3475179][332301] duration [1.9s], collections [1]/[2.5s], total [1.9s]/[2.4h], memory [1gb]->[936.8mb]/[1.9gb], all_pools {[young] [120.7mb]->[227.9kb]/[133.1mb]}{[survivor] [8mb]->[6.4mb]/[16.6mb]}{[old] [930.2mb]->[930.2mb]/[1.8gb]}
[2019-12-16T05:05:37,198][WARN ][o.e.m.j.JvmGcMonitorService] [Aw68EwP] [gc][3475179] overhead, spent [1.9s] collecting in the last [2.5s]
[2019-12-16T05:05:56,191][WARN ][o.e.m.j.JvmGcMonitorService] [Aw68EwP] [gc][young][3475197][332305] duration [1s], collections [1]/[1.8s], total [1s]/[2.4h], memory [1gb]->[934.3mb]/[1.9gb], all_pools {[young] [133mb]->[43.6kb]/[133.1mb]}{[survivor] [11.5mb]->[1.5mb]/[16.6mb]}{[old] [932.7mb]->[932.7mb]/[1.8gb]}
[2019-12-16T05:05:56,242][WARN ][o.e.m.j.JvmGcMonitorService] [Aw68EwP] [gc][3475197] overhead, spent [1s] collecting in the last [1.8s]
[2019-12-16T05:06:20,739][INFO ][o.e.m.j.JvmGcMonitorService] [Aw68EwP] [gc][young][3475221][332306] duration [716ms], collections [1]/[1.2s], total [716ms]/[2.4h], memory [1gb]->[935.9mb]/[1.9gb], all_pools {[young] [125.3mb]->[34.2kb]/[133.1mb]}{[survivor] [1.5mb]->[3.1mb]/[16.6mb]}{[old] [932.7mb]->[932.7mb]/[1.8gb]}
[2019-12-16T05:06:20,804][WARN ][o.e.m.j.JvmGcMonitorService] [Aw68EwP] [gc][3475221] overhead, spent [716ms] collecting in the last [1.2s]
[2019-12-16T05:06:29,816][WARN ][o.e.m.j.JvmGcMonitorService] [Aw68EwP] [gc][3475230] overhead, spent [572ms] collecting in the last [1s]
[2019-12-16T05:06:46,141][INFO ][o.e.m.j.JvmGcMonitorService] [Aw68EwP] [gc][young][3475246][332312] duration [959ms], collections [1]/[1s], total [959ms]/[2.4h], memory [1gb]->[945.3mb]/[1.9gb], all_pools {[young] [116.3mb]->[7mb]/[133.1mb]}{[survivor] [5.6mb]->[3.8mb]/[16.6mb]}{[old] [934.4mb]->[934.4mb]/[1.8gb]}
[2019-12-16T05:06:46,197][WARN ][o.e.m.j.JvmGcMonitorService] [Aw68EwP] [gc][3475246] overhead, spent [959ms] collecting in the last [1s]
[2019-12-16T05:06:54,934][INFO ][o.e.m.j.JvmGcMonitorService] [Aw68EwP] [gc][3475254] overhead, spent [660ms] collecting in the last [1.6s]
[2019-12-16T05:07:11,878][INFO ][o.e.m.j.JvmGcMonitorService] [Aw68EwP] [gc][young][3475270][332314] duration [768ms], collections [1]/[1.6s], total [768ms]/[2.4h], memory [1gb]->[955.8mb]/[1.9gb], all_pools {[young] [117.4mb]->[2.1mb]/[133.1mb]}{[survivor] [15.5mb]->[16.6mb]/[16.6mb]}{[old] [934.4mb]->[937mb]/[1.8gb]}
[2019-12-16T05:07:11,934][INFO ][o.e.m.j.JvmGcMonitorService] [Aw68EwP] [gc][3475270] overhead, spent [768ms] collecting in the last [1.6s]
[2019-12-16T05:07:17,958][INFO ][o.e.m.j.JvmGcMonitorService] [Aw68EwP] [gc][3475276] overhead, spent [298ms] collecting in the last [1s]
[2019-12-16T05:07:51,304][INFO ][o.e.m.j.JvmGcMonitorService] [Aw68EwP] [gc][young][3475309][332317] duration [932ms], collections [1]/[1.1s], total [932ms]/[2.4h], memory [1gb]->[951.9mb]/[1.9gb], all_pools {[young] [123.6mb]->[943.3kb]/[133.1mb]}{[survivor] [9.1mb]->[13.2mb]/[16.6mb]}{[old] [937.7mb]->[937.7mb]/[1.8gb]}
[2019-12-16T05:07:51,475][WARN ][o.e.m.j.JvmGcMonitorService] [Aw68EwP] [gc][3475309] overhead, spent [932ms] collecting in the last [1.1s]
[2019-12-16T05:07:59,627][INFO ][o.e.m.j.JvmGcMonitorService] [Aw68EwP] [gc][young][3475317][332320] duration [763ms], collections [1]/[1s], total [763ms]/[2.4h], memory [1gb]->[992.8mb]/[1.9gb], all_pools {[young] [130.6mb]->[31.1mb]/[133.1mb]}{[survivor] [13mb]->[12.4mb]/[16.6mb]}{[old] [949.2mb]->[949.2mb]/[1.8gb]}
[2019-12-16T05:07:59,667][WARN ][o.e.m.j.JvmGcMonitorService] [Aw68EwP] [gc][3475317] overhead, spent [763ms] collecting in the last [1s]
[2019-12-16T05:08:24,342][INFO ][o.e.m.j.JvmGcMonitorService] [Aw68EwP] [gc][young][3475341][332322] duration [846ms], collections [1]/[1.5s], total [846ms]/[2.4h], memory [1gb]->[965.9mb]/[1.9gb], all_pools {[young] [112.9mb]->[34kb]/[133.1mb]}{[survivor] [10.2mb]->[16.6mb]/[16.6mb]}{[old] [949.2mb]->[949.2mb]/[1.8gb]}
[2019-12-16T05:08:24,426][WARN ][o.e.m.j.JvmGcMonitorService] [Aw68EwP] [gc][3475341] overhead, spent [846ms] collecting in the last [1.5s]
[2019-12-16T05:08:38,066][WARN ][o.e.m.j.JvmGcMonitorService] [Aw68EwP] [gc][young][3475353][332326] duration [2.4s], collections [1]/[2.5s], total [2.4s]/[2.4h], memory [1gb]->[969.4mb]/[1.9gb], all_pools {[young] [122.6mb]->[10kb]/[133.1mb]}{[survivor] [6.9mb]->[15.1mb]/[16.6mb]}{[old] [954.2mb]->[954.2mb]/[1.8gb]}
[2019-12-16T05:08:38,120][WARN ][o.e.m.j.JvmGcMonitorService] [Aw68EwP] [gc][3475353] overhead, spent [2.4s] collecting in the last [2.5s]
[2019-12-16T05:08:49,563][INFO ][o.e.m.j.JvmGcMonitorService] [Aw68EwP] [gc][young][3475364][332327] duration [812ms], collections [1]/[1.3s], total [812ms]/[2.4h], memory [1gb]->[962.1mb]/[1.9gb], all_pools {[young] [84.2mb]->[36.1kb]/[133.1mb]}{[survivor] [15.1mb]->[6.1mb]/[16.6mb]}{[old] [954.2mb]->[955.9mb]/[1.8gb]}
[2019-12-16T05:08:49,635][WARN ][o.e.m.j.JvmGcMonitorService] [Aw68EwP] [gc][3475364] overhead, spent [812ms] collecting in the last [1.3s]
[2019-12-16T05:09:00,656][INFO ][o.e.m.j.JvmGcMonitorService] [Aw68EwP] [gc][3475375] overhead, spent [308ms] collecting in the last [1s]
[2019-12-16T05:09:11,013][WARN ][o.e.m.j.JvmGcMonitorService] [Aw68EwP] [gc][3475385] overhead, spent [692ms] collecting in the last [1.2s]
[2019-12-16T05:10:37,122][INFO ][o.e.m.j.JvmGcMonitorService] [Aw68EwP] [gc][3475471] overhead, spent [437ms] collecting in the last [1s]
[2019-12-16T05:11:30,983][WARN ][o.e.m.j.JvmGcMonitorService] [Aw68EwP] [gc][young][3475523][332338] duration [1.2s], collections [1]/[1.5s], total [1.2s]/[2.4h], memory [1gb]->[976mb]/[1.9gb], all_pools {[young] [106.2mb]->[42.5kb]/[133.1mb]}{[survivor] [3.7mb]->[16.6mb]/[16.6mb]}{[old] [958.7mb]->[959.3mb]/[1.8gb]}
[2019-12-16T05:11:31,031][WARN ][o.e.m.j.JvmGcMonitorService] [Aw68EwP] [gc][3475523] overhead, spent [1.2s] collecting in the last [1.5s]
[2019-12-16T05:11:35,048][WARN ][o.e.m.j.JvmGcMonitorService] [Aw68EwP] [gc][3475527] overhead, spent [622ms] collecting in the last [1s]
[2019-12-16T05:12:14,259][INFO ][o.e.m.j.JvmGcMonitorService] [Aw68EwP] [gc][young][3475566][332345] duration [818ms], collections [1]/[1s], total [818ms]/[2.4h], memory [1gb]->[993.4mb]/[1.9gb], all_pools {[young] [131.2mb]->[1.2mb]/[133.1mb]}{[survivor] [6mb]->[16.6mb]/[16.6mb]}{[old] [975.2mb]->[975.6mb]/[1.8gb]}
[2019-12-16T05:12:14,356][WARN ][o.e.m.j.JvmGcMonitorService] [Aw68EwP] [gc][3475566] overhead, spent [818ms] collecting in the last [1s]
[2019-12-16T05:12:52,176][WARN ][o.e.m.j.JvmGcMonitorService] [Aw68EwP] [gc][young][3475603][332348] duration [1s], collections [1]/[1.6s], total [1s]/[2.4h], memory [1gb]->[989.3mb]/[1.9gb], all_pools {[young] [106.1mb]->[2.2mb]/[133.1mb]}{[survivor] [4.2mb]->[9.4mb]/[16.6mb]}{[old] [977.6mb]->[977.6mb]/[1.8gb]}
[2019-12-16T05:12:52,221][WARN ][o.e.m.j.JvmGcMonitorService] [Aw68EwP] [gc][3475603] overhead, spent [1s] collecting in the last [1.6s]
[2019-12-16T05:14:48,331][WARN ][o.e.m.j.JvmGcMonitorService] [Aw68EwP] [gc][3475719] overhead, spent [586ms] collecting in the last [1s]
[2019-12-16T05:17:14,694][WARN ][o.e.m.j.JvmGcMonitorService] [Aw68EwP] [gc][young][3475863][332354] duration [1s], collections [1]/[1.9s], total [1s]/[2.4h], memory [1gb]->[982mb]/[1.9gb], all_pools {[young] [133mb]->[1007.1kb]/[133.1mb]}{[survivor] [3.3mb]->[2.3mb]/[16.6mb]}{[old] [978.5mb]->[978.7mb]/[1.8gb]}
[2019-12-16T05:17:14,737][WARN ][o.e.m.j.JvmGcMonitorService] [Aw68EwP] [gc][3475863] overhead, spent [1s] collecting in the last [1.9s]
[2019-12-16T05:18:27,334][INFO ][o.e.m.j.JvmGcMonitorService] [Aw68EwP] [gc][young][3475935][332355] duration [761ms], collections [1]/[1.5s], total [761ms]/[2.4h], memory [1gb]->[982.1mb]/[1.9gb], all_pools {[young] [125.3mb]->[164.8kb]/[133.1mb]}{[survivor] [2.3mb]->[2.5mb]/[16.6mb]}{[old] [978.7mb]->[979.4mb]/[1.8gb]}
[2019-12-16T05:18:27,477][INFO ][o.e.m.j.JvmGcMonitorService] [Aw68EwP] [gc][3475935] overhead, spent [761ms] collecting in the last [1.5s]
[2019-12-16T05:19:11,580][INFO ][o.e.m.j.JvmGcMonitorService] [Aw68EwP] [gc][3475978] overhead, spent [698ms] collecting in the last [1.6s]
[2019-12-16T05:19:30,431][INFO ][o.e.m.j.JvmGcMonitorService] [Aw68EwP] [gc][young][3475996][332361] duration [809ms], collections [1]/[1s], total [809ms]/[2.4h], memory [1.1gb]->[1004.1mb]/[1.9gb], all_pools {[young] [129.8mb]->[2.7mb]/[133.1mb]}{[survivor] [9.3mb]->[3.3mb]/[16.6mb]}{[old] [998.2mb]->[998.2mb]/[1.8gb]}
[2019-12-16T05:19:30,477][WARN ][o.e.m.j.JvmGcMonitorService] [Aw68EwP] [gc][3475996] overhead, spent [809ms] collecting in the last [1s]
[2019-12-16T05:19:45,560][INFO ][o.e.m.j.JvmGcMonitorService] [Aw68EwP] [gc][3476011] overhead, spent [441ms] collecting in the last [1s]
[2019-12-16T05:20:00,182][WARN ][o.e.m.j.JvmGcMonitorService] [Aw68EwP] [gc][young][3476020][332365] duration [6.3s], collections [1]/[6.5s], total [6.3s]/[2.4h], memory [1.1gb]->[1021.6mb]/[1.9gb], all_pools {[young] [132mb]->[318.2kb]/[133.1mb]}{[survivor] [10.1mb]->[10.2mb]/[16.6mb]}{[old] [1011mb]->[1011mb]/[1.8gb]}
[2019-12-16T05:20:00,183][WARN ][o.e.m.j.JvmGcMonitorService] [Aw68EwP] [gc][3476020] overhead, spent [6.3s] collecting in the last [6.5s]
[2019-12-16T05:20:04,475][INFO ][o.e.m.j.JvmGcMonitorService] [Aw68EwP] [gc][3476024] overhead, spent [304ms] collecting in the last [1.1s]
[2019-12-16T05:20:18,851][WARN ][o.e.m.j.JvmGcMonitorService] [Aw68EwP] [gc][young][3476036][332369] duration [1.6s], collections [1]/[2.3s], total [1.6s]/[2.4h], memory [1.1gb]->[1021.2mb]/[1.9gb], all_pools {[young] [104.2mb]->[1.7mb]/[133.1mb]}{[survivor] [16.6mb]->[5.9mb]/[16.6mb]}{[old] [1012.2mb]->[1013.5mb]/[1.8gb]}
[2019-12-16T05:20:19,204][WARN ][o.e.m.j.JvmGcMonitorService] [Aw68EwP] [gc][3476036] overhead, spent [1.6s] collecting in the last [2.3s]
[2019-12-16T05:20:32,010][INFO ][o.e.m.j.JvmGcMonitorService] [Aw68EwP] [gc][young][3476048][332371] duration [934ms], collections [1]/[1.5s], total [934ms]/[2.4h], memory [1.1gb]->[1gb]/[1.9gb], all_pools {[young] [126.2mb]->[6.3mb]/[133.1mb]}{[survivor] [1.7mb]->[8.1mb]/[16.6mb]}{[old] [1013.5mb]->[1013.5mb]/[1.8gb]}
[2019-12-16T05:20:32,050][WARN ][o.e.m.j.JvmGcMonitorService] [Aw68EwP] [gc][3476048] overhead, spent [934ms] collecting in the last [1.5s]
[2019-12-16T05:20:57,210][WARN ][o.e.m.j.JvmGcMonitorService] [Aw68EwP] [gc][young][3476072][332375] duration [1.2s], collections [1]/[1.8s], total [1.2s]/[2.4h], memory [1gb]->[1018.2mb]/[1.9gb], all_pools {[young] [65.2mb]->[1mb]/[133.1mb]}{[survivor] [3.2mb]->[3.1mb]/[16.6mb]}{[old] [1013.5mb]->[1014mb]/[1.8gb]}
[2019-12-16T05:20:57,292][WARN ][o.e.m.j.JvmGcMonitorService] [Aw68EwP] [gc][3476072] overhead, spent [1.2s] collecting in the last [1.8s]
[2019-12-16T05:21:29,401][INFO ][o.e.m.j.JvmGcMonitorService] [Aw68EwP] [gc][young][3476103][332377] duration [922ms], collections [1]/[1s], total [922ms]/[2.4h], memory [1.1gb]->[1gb]/[1.9gb], all_pools {[young] [130.1mb]->[5mb]/[133.1mb]}{[survivor] [4.5mb]->[4.6mb]/[16.6mb]}{[old] [1014.1mb]->[1014.7mb]/[1.8gb]}
[2019-12-16T05:21:29,474][WARN ][o.e.m.j.JvmGcMonitorService] [Aw68EwP] [gc][3476103] overhead, spent [922ms] collecting in the last [1s]
[2019-12-16T05:22:20,243][INFO ][o.e.m.j.JvmGcMonitorService] [Aw68EwP] [gc][3476153] overhead, spent [655ms] collecting in the last [1.6s]
[2019-12-16T05:22:28,416][INFO ][o.e.m.j.JvmGcMonitorService] [Aw68EwP] [gc][3476161] overhead, spent [302ms] collecting in the last [1s]
[2019-12-16T05:22:58,218][WARN ][o.e.m.j.JvmGcMonitorService] [Aw68EwP] [gc][3476190] overhead, spent [588ms] collecting in the last [1s]
[2019-12-16T05:23:10,501][WARN ][o.e.m.j.JvmGcMonitorService] [Aw68EwP] [gc][3476202] overhead, spent [656ms] collecting in the last [1.1s]
[2019-12-16T05:23:26,065][INFO ][o.e.m.j.JvmGcMonitorService] [Aw68EwP] [gc][3476217] overhead, spent [657ms] collecting in the last [1.4s]
[2019-12-16T05:23:42,388][WARN ][o.e.m.j.JvmGcMonitorService] [Aw68EwP] [gc][3476233] overhead, spent [686ms] collecting in the last [1.2s]
[2019-12-16T05:24:14,568][WARN ][o.e.m.j.JvmGcMonitorService] [Aw68EwP] [gc][3476265] overhead, spent [587ms] collecting in the last [1s]
[2019-12-16T05:24:51,204][INFO ][o.e.m.j.JvmGcMonitorService] [Aw68EwP] [gc][3476301] overhead, spent [616ms] collecting in the last [1.4s]
[2019-12-16T05:25:33,178][WARN ][o.e.m.j.JvmGcMonitorService] [Aw68EwP] [gc][young][3476341][332399] duration [1.5s], collections [1]/[2.5s], total [1.5s]/[2.4h], memory [1.1gb]->[1gb]/[1.9gb], all_pools {[young] [114.9mb]->[1.2mb]/[133.1mb]}{[survivor] [5.2mb]->[15.4mb]/[16.6mb]}{[old] [1gb]->[1gb]/[1.8gb]}
[2019-12-16T05:25:33,275][WARN ][o.e.m.j.JvmGcMonitorService] [Aw68EwP] [gc][3476341] overhead, spent [1.5s] collecting in the last [2.5s]
[2019-12-16T05:25:40,575][INFO ][o.e.m.j.JvmGcMonitorService] [Aw68EwP] [gc][young][3476348][332402] duration [981ms], collections [1]/[1.2s], total [981ms]/[2.4h], memory [1.1gb]->[1gb]/[1.9gb], all_pools {[young] [81.4mb]->[13.9mb]/[133.1mb]}{[survivor] [14.9mb]->[3.8mb]/[16.6mb]}{[old] [1gb]->[1gb]/[1.8gb]}
[2019-12-16T05:25:40,576][WARN ][o.e.m.j.JvmGcMonitorService] [Aw68EwP] [gc][3476348] overhead, spent [981ms] collecting in the last [1.2s]
[2019-12-16T05:26:01,319][INFO ][o.e.m.j.JvmGcMonitorService] [Aw68EwP] [gc][young][3476368][332405] duration [771ms], collections [1]/[1.5s], total [771ms]/[2.4h], memory [1.1gb]->[1gb]/[1.9gb], all_pools {[young] [117.9mb]->[2.4mb]/[133.1mb]}{[survivor] [3.1mb]->[16.6mb]/[16.6mb]}{[old] [1gb]->[1gb]/[1.8gb]}
[2019-12-16T05:26:01,389][INFO ][o.e.m.j.JvmGcMonitorService] [Aw68EwP] [gc][3476368] overhead, spent [771ms] collecting in the last [1.5s]
[2019-12-16T05:26:15,429][INFO ][o.e.m.j.JvmGcMonitorService] [Aw68EwP] [gc][3476382] overhead, spent [314ms] collecting in the last [1s]
[2019-12-16T05:26:27,566][INFO ][o.e.m.j.JvmGcMonitorService] [Aw68EwP] [gc][young][3476394][332409] duration [936ms], collections [1]/[1s], total [936ms]/[2.4h], memory [1.1gb]->[1gb]/[1.9gb], all_pools {[young] [130.2mb]->[96.3kb]/[133.1mb]}{[survivor] [7.7mb]->[16.6mb]/[16.6mb]}{[old] [1gb]->[1gb]/[1.8gb]}
[2019-12-16T05:26:27,597][WARN ][o.e.m.j.JvmGcMonitorService] [Aw68EwP] [gc][3476394] overhead, spent [936ms] collecting in the last [1s]
[2019-12-16T05:26:31,635][INFO ][o.e.m.j.JvmGcMonitorService] [Aw68EwP] [gc][3476398] overhead, spent [426ms] collecting in the last [1s]
[2019-12-16T05:26:38,659][INFO ][o.e.m.j.JvmGcMonitorService] [Aw68EwP] [gc][3476405] overhead, spent [275ms] collecting in the last [1s]
[2019-12-16T05:26:46,714][INFO ][o.e.m.j.JvmGcMonitorService] [Aw68EwP] [gc][3476413] overhead, spent [498ms] collecting in the last [1s]
[2019-12-16T05:27:09,036][INFO ][o.e.m.j.JvmGcMonitorService] [Aw68EwP] [gc][young][3476434][332419] duration [926ms], collections [1]/[1.6s], total [926ms]/[2.4h], memory [1.1gb]->[1gb]/[1.9gb], all_pools {[young] [92mb]->[2mb]/[133.1mb]}{[survivor] [11.6mb]->[8.3mb]/[16.6mb]}{[old] [1gb]->[1gb]/[1.8gb]}
[2019-12-16T05:27:09,077][WARN ][o.e.m.j.JvmGcMonitorService] [Aw68EwP] [gc][3476434] overhead, spent [926ms] collecting in the last [1.6s]
[2019-12-16T05:27:21,110][WARN ][o.e.m.j.JvmGcMonitorService] [Aw68EwP] [gc][young][3476445][332420] duration [1.2s], collections [1]/[1.9s], total [1.2s]/[2.4h], memory [1.1gb]->[1gb]/[1.9gb], all_pools {[young] [90.4mb]->[321kb]/[133.1mb]}{[survivor] [8.3mb]->[3mb]/[16.6mb]}{[old] [1gb]->[1gb]/[1.8gb]}
[2019-12-16T05:27:21,203][WARN ][o.e.m.j.JvmGcMonitorService] [Aw68EwP] [gc][3476445] overhead, spent [1.2s] collecting in the last [1.9s]
[2019-12-16T05:27:22,547][INFO ][o.e.m.j.JvmGcMonitorService] [Aw68EwP] [gc][3476446] overhead, spent [636ms] collecting in the last [1.5s]
[2019-12-16T05:27:50,899][INFO ][o.e.m.j.JvmGcMonitorService] [Aw68EwP] [gc][young][3476474][332423] duration [836ms], collections [1]/[1s], total [836ms]/[2.4h], memory [1.1gb]->[1gb]/[1.9gb], all_pools {[young] [101.2mb]->[514kb]/[133.1mb]}{[survivor] [13.3mb]->[8.8mb]/[16.6mb]}{[old] [1gb]->[1gb]/[1.8gb]}
[2019-12-16T05:27:50,971][WARN ][o.e.m.j.JvmGcMonitorService] [Aw68EwP] [gc][3476474] overhead, spent [836ms] collecting in the last [1s]
[2019-12-16T05:28:27,105][WARN ][o.e.m.j.JvmGcMonitorService] [Aw68EwP] [gc][3476510] overhead, spent [700ms] collecting in the last [1s]
[2019-12-16T05:29:00,250][INFO ][o.e.m.j.JvmGcMonitorService] [Aw68EwP] [gc][3476543] overhead, spent [402ms] collecting in the last [1s]
[2019-12-16T05:31:35,020][INFO ][o.e.m.j.JvmGcMonitorService] [Aw68EwP] [gc][young][3476696][332432] duration [942ms], collections [1]/[1.8s], total [942ms]/[2.4h], memory [1.1gb]->[1gb]/[1.9gb], all_pools {[young] [103.5mb]->[15.6mb]/[133.1mb]}{[survivor] [6.9mb]->[15.7mb]/[16.6mb]}{[old] [1gb]->[1gb]/[1.8gb]}
[2019-12-16T05:31:35,112][INFO ][o.e.m.j.JvmGcMonitorService] [Aw68EwP] [gc][3476696] overhead, spent [942ms] collecting in the last [1.8s]
[2019-12-16T05:31:48,397][INFO ][o.e.m.j.JvmGcMonitorService] [Aw68EwP] [gc][3476709] overhead, spent [275ms] collecting in the last [1s]
[2019-12-16T05:32:42,879][INFO ][o.e.m.j.JvmGcMonitorService] [Aw68EwP] [gc][3476763] overhead, spent [674ms] collecting in the last [1.3s]
[2019-12-16T05:33:46,502][INFO ][o.e.m.j.JvmGcMonitorService] [Aw68EwP] [gc][3476826] overhead, spent [557ms] collecting in the last [1.5s]
[2019-12-16T05:35:14,765][INFO ][o.e.m.j.JvmGcMonitorService] [Aw68EwP] [gc][3476914] overhead, spent [478ms] collecting in the last [1.1s]
[2019-12-16T05:35:59,322][INFO ][o.e.m.j.JvmGcMonitorService] [Aw68EwP] [gc][young][3476958][332442] duration [778ms], collections [1]/[1.3s], total [778ms]/[2.4h], memory [1.2gb]->[1.1gb]/[1.9gb], all_pools {[young] [124.6mb]->[880.8kb]/[133.1mb]}{[survivor] [3mb]->[16.6mb]/[16.6mb]}{[old] [1gb]->[1gb]/[1.8gb]}
[2019-12-16T05:35:59,377][WARN ][o.e.m.j.JvmGcMonitorService] [Aw68EwP] [gc][3476958] overhead, spent [778ms] collecting in the last [1.3s]
[2019-12-16T05:36:23,888][WARN ][o.e.m.j.JvmGcMonitorService] [Aw68EwP] [gc][young][3476982][332444] duration [1.1s], collections [1]/[1.4s], total [1.1s]/[2.4h], memory [1.2gb]->[1gb]/[1.9gb], all_pools {[young] [126.8mb]->[601.3kb]/[133.1mb]}{[survivor] [16.6mb]->[3.2mb]/[16.6mb]}{[old] [1gb]->[1gb]/[1.8gb]}
[2019-12-16T05:36:23,944][WARN ][o.e.m.j.JvmGcMonitorService] [Aw68EwP] [gc][3476982] overhead, spent [1.1s] collecting in the last [1.4s]
[2019-12-16T05:36:26,670][INFO ][o.e.m.j.JvmGcMonitorService] [Aw68EwP] [gc][young][3476984][332445] duration [854ms], collections [1]/[1.6s], total [854ms]/[2.4h], memory [1.1gb]->[1gb]/[1.9gb], all_pools {[young] [36.2mb]->[517.2kb]/[133.1mb]}{[survivor] [3.2mb]->[3.3mb]/[16.6mb]}{[old] [1gb]->[1gb]/[1.8gb]}
[2019-12-16T05:36:26,766][WARN ][o.e.m.j.JvmGcMonitorService] [Aw68EwP] [gc][3476984] overhead, spent [854ms] collecting in the last [1.6s]
[2019-12-16T05:36:54,475][INFO ][o.e.m.j.JvmGcMonitorService] [Aw68EwP] [gc][young][3477011][332449] duration [812ms], collections [1]/[1.6s], total [812ms]/[2.4h], memory [1.2gb]->[1.1gb]/[1.9gb], all_pools {[young] [132.9mb]->[115.4kb]/[133.1mb]}{[survivor] [12.3mb]->[1.6mb]/[16.6mb]}{[old] [1.1gb]->[1.1gb]/[1.8gb]}
[2019-12-16T05:36:54,508][INFO ][o.e.m.j.JvmGcMonitorService] [Aw68EwP] [gc][3477011] overhead, spent [812ms] collecting in the last [1.6s]
[2019-12-16T05:37:02,577][INFO ][o.e.m.j.JvmGcMonitorService] [Aw68EwP] [gc][3477019] overhead, spent [303ms] collecting in the last [1s]
[2019-12-16T05:37:07,244][INFO ][o.e.m.j.JvmGcMonitorService] [Aw68EwP] [gc][3477023] overhead, spent [473ms] collecting in the last [1.4s]
[2019-12-16T05:37:28,498][INFO ][o.e.m.j.JvmGcMonitorService] [Aw68EwP] [gc][3477044] overhead, spent [574ms] collecting in the last [1.1s]
[2019-12-16T05:37:53,641][WARN ][o.e.m.j.JvmGcMonitorService] [Aw68EwP] [gc][3477069] overhead, spent [618ms] collecting in the last [1s]
[2019-12-16T05:38:04,230][INFO ][o.e.m.j.JvmGcMonitorService] [Aw68EwP] [gc][3477079] overhead, spent [612ms] collecting in the last [1.4s]
[2019-12-16T05:38:15,567][INFO ][o.e.m.j.JvmGcMonitorService] [Aw68EwP] [gc][young][3477090][332463] duration [774ms], collections [1]/[1.2s], total [774ms]/[2.4h], memory [1.2gb]->[1.1gb]/[1.9gb], all_pools {[young] [97.6mb]->[8.5mb]/[133.1mb]}{[survivor] [9mb]->[9.8mb]/[16.6mb]}{[old] [1.1gb]->[1.1gb]/[1.8gb]}
[2019-12-16T05:38:15,642][WARN ][o.e.m.j.JvmGcMonitorService] [Aw68EwP] [gc][3477090] overhead, spent [774ms] collecting in the last [1.2s]
[2019-12-16T05:38:53,857][WARN ][o.e.m.j.JvmGcMonitorService] [Aw68EwP] [gc][young][3477126][332470] duration [1.6s], collections [1]/[2.4s], total [1.6s]/[2.4h], memory [1.2gb]->[1.1gb]/[1.9gb], all_pools {[young] [114.8mb]->[3.4mb]/[133.1mb]}{[survivor] [6.1mb]->[14.2mb]/[16.6mb]}{[old] [1.1gb]->[1.1gb]/[1.8gb]}
[2019-12-16T05:38:54,270][WARN ][o.e.m.j.JvmGcMonitorService] [Aw68EwP] [gc][3477126] overhead, spent [1.6s] collecting in the last [2.4s]
[2019-12-16T05:39:26,242][INFO ][o.e.m.j.JvmGcMonitorService] [Aw68EwP] [gc][3477157] overhead, spent [577ms] collecting in the last [1.3s]
[2019-12-16T05:39:37,663][INFO ][o.e.m.j.JvmGcMonitorService] [Aw68EwP] [gc][3477168] overhead, spent [496ms] collecting in the last [1s]
[2019-12-16T05:40:26,993][INFO ][o.e.m.j.JvmGcMonitorService] [Aw68EwP] [gc][young][3477217][332477] duration [740ms], collections [1]/[1s], total [740ms]/[2.4h], memory [1.3gb]->[1.1gb]/[1.9gb], all_pools {[young] [125.5mb]->[723.9kb]/[133.1mb]}{[survivor] [14.9mb]->[16.5mb]/[16.6mb]}{[old] [1.1gb]->[1.1gb]/[1.8gb]}
[2019-12-16T05:40:27,067][WARN ][o.e.m.j.JvmGcMonitorService] [Aw68EwP] [gc][3477217] overhead, spent [740ms] collecting in the last [1s]
[2019-12-16T05:40:35,362][INFO ][o.e.m.j.JvmGcMonitorService] [Aw68EwP] [gc][young][3477225][332481] duration [743ms], collections [1]/[1s], total [743ms]/[2.4h], memory [1.2gb]->[1.1gb]/[1.9gb], all_pools {[young] [97.3mb]->[34kb]/[133.1mb]}{[survivor] [10.7mb]->[3.9mb]/[16.6mb]}{[old] [1.1gb]->[1.1gb]/[1.8gb]}
[2019-12-16T05:40:35,476][WARN ][o.e.m.j.JvmGcMonitorService] [Aw68EwP] [gc][3477225] overhead, spent [743ms] collecting in the last [1s]
[2019-12-16T05:41:00,837][WARN ][o.e.m.j.JvmGcMonitorService] [Aw68EwP] [gc][young][3477249][332483] duration [1.6s], collections [1]/[2.2s], total [1.6s]/[2.4h], memory [1.2gb]->[1.1gb]/[1.9gb], all_pools {[young] [127.6mb]->[17.8kb]/[133.1mb]}{[survivor] [2.7mb]->[6.4mb]/[16.6mb]}{[old] [1.1gb]->[1.1gb]/[1.8gb]}
[2019-12-16T05:41:00,899][WARN ][o.e.m.j.JvmGcMonitorService] [Aw68EwP] [gc][3477249] overhead, spent [1.6s] collecting in the last [2.2s]
[2019-12-16T05:41:12,355][INFO ][o.e.m.j.JvmGcMonitorService] [Aw68EwP] [gc][young][3477260][332485] duration [718ms], collections [1]/[1s], total [718ms]/[2.4h], memory [1.2gb]->[1.1gb]/[1.9gb], all_pools {[young] [104mb]->[5.5mb]/[133.1mb]}{[survivor] [7mb]->[4.9mb]/[16.6mb]}{[old] [1.1gb]->[1.1gb]/[1.8gb]}
[2019-12-16T05:41:12,454][WARN ][o.e.m.j.JvmGcMonitorService] [Aw68EwP] [gc][3477260] overhead, spent [718ms] collecting in the last [1s]
[2019-12-16T05:41:36,199][INFO ][o.e.m.j.JvmGcMonitorService] [Aw68EwP] [gc][3477283] overhead, spent [537ms] collecting in the last [1.4s]
[2019-12-16T05:41:45,484][INFO ][o.e.m.j.JvmGcMonitorService] [Aw68EwP] [gc][young][3477292][332489] duration [703ms], collections [1]/[1.1s], total [703ms]/[2.4h], memory [1.3gb]->[1.2gb]/[1.9gb], all_pools {[young] [113.7mb]->[3.6mb]/[133.1mb]}{[survivor] [14.5mb]->[11.3mb]/[16.6mb]}{[old] [1.1gb]->[1.1gb]/[1.8gb]}
[2019-12-16T05:41:45,545][WARN ][o.e.m.j.JvmGcMonitorService] [Aw68EwP] [gc][3477292] overhead, spent [703ms] collecting in the last [1.1s]
[2019-12-16T05:41:56,751][INFO ][o.e.m.j.JvmGcMonitorService] [Aw68EwP] [gc][3477302] overhead, spent [277ms] collecting in the last [1s]
[2019-12-16T05:42:14,334][INFO ][o.e.m.j.JvmGcMonitorService] [Aw68EwP] [gc][young][3477319][332497] duration [795ms], collections [1]/[1.3s], total [795ms]/[2.4h], memory [1.3gb]->[1.2gb]/[1.9gb], all_pools {[young] [122.7mb]->[1.3mb]/[133.1mb]}{[survivor] [10.4mb]->[2.7mb]/[16.6mb]}{[old] [1.2gb]->[1.2gb]/[1.8gb]}
[2019-12-16T05:42:14,376][WARN ][o.e.m.j.JvmGcMonitorService] [Aw68EwP] [gc][3477319] overhead, spent [795ms] collecting in the last [1.3s]
[2019-12-16T05:42:22,474][WARN ][o.e.m.j.JvmGcMonitorService] [Aw68EwP] [gc][3477327] overhead, spent [505ms] collecting in the last [1s]
[2019-12-16T05:42:47,538][WARN ][o.e.m.j.JvmGcMonitorService] [Aw68EwP] [gc][young][3477351][332499] duration [1s], collections [1]/[1.9s], total [1s]/[2.4h], memory [1.3gb]->[1.2gb]/[1.9gb], all_pools {[young] [99.9mb]->[2.8mb]/[133.1mb]}{[survivor] [12.1mb]->[14.1mb]/[16.6mb]}{[old] [1.2gb]->[1.2gb]/[1.8gb]}
[2019-12-16T05:42:47,580][WARN ][o.e.m.j.JvmGcMonitorService] [Aw68EwP] [gc][3477351] overhead, spent [1s] collecting in the last [1.9s]
[2019-12-16T05:43:31,022][WARN ][o.e.m.j.JvmGcMonitorService] [Aw68EwP] [gc][3477394] overhead, spent [623ms] collecting in the last [1s]
[2019-12-16T05:43:37,235][INFO ][o.e.m.j.JvmGcMonitorService] [Aw68EwP] [gc][3477400] overhead, spent [331ms] collecting in the last [1.1s]
[2019-12-16T05:44:09,343][WARN ][o.e.m.j.JvmGcMonitorService] [Aw68EwP] [gc][young][3477431][332506] duration [1.3s], collections [1]/[1.7s], total [1.3s]/[2.4h], memory [1.3gb]->[1.2gb]/[1.9gb], all_pools {[young] [93.1mb]->[5.5mb]/[133.1mb]}{[survivor] [3.1mb]->[8.3mb]/[16.6mb]}{[old] [1.2gb]->[1.2gb]/[1.8gb]}
[2019-12-16T05:44:09,662][WARN ][o.e.m.j.JvmGcMonitorService] [Aw68EwP] [gc][3477431] overhead, spent [1.3s] collecting in the last [1.7s]
[2019-12-16T05:44:17,877][WARN ][o.e.m.j.JvmGcMonitorService] [Aw68EwP] [gc][young][3477438][332510] duration [1.5s], collections [1]/[2s], total [1.5s]/[2.4h], memory [1.3gb]->[1.2gb]/[1.9gb], all_pools {[young] [98mb]->[287.3kb]/[133.1mb]}{[survivor] [6.1mb]->[16.6mb]/[16.6mb]}{[old] [1.2gb]->[1.2gb]/[1.8gb]}
[2019-12-16T05:44:17,903][WARN ][o.e.m.j.JvmGcMonitorService] [Aw68EwP] [gc][3477438] overhead, spent [1.5s] collecting in the last [2s]
[2019-12-16T05:44:21,936][INFO ][o.e.m.j.JvmGcMonitorService] [Aw68EwP] [gc][3477442] overhead, spent [430ms] collecting in the last [1s]
[2019-12-16T05:44:50,494][INFO ][o.e.m.j.JvmGcMonitorService] [Aw68EwP] [gc][young][3477470][332513] duration [704ms], collections [1]/[1.4s], total [704ms]/[2.4h], memory [1.3gb]->[1.2gb]/[1.9gb], all_pools {[young] [128mb]->[14.2kb]/[133.1mb]}{[survivor] [1.8mb]->[7.7mb]/[16.6mb]}{[old] [1.2gb]->[1.2gb]/[1.8gb]}
[2019-12-16T05:44:50,860][INFO ][o.e.m.j.JvmGcMonitorService] [Aw68EwP] [gc][3477470] overhead, spent [704ms] collecting in the last [1.4s]
[2019-12-16T05:45:04,509][INFO ][o.e.m.j.JvmGcMonitorService] [Aw68EwP] [gc][3477483] overhead, spent [500ms] collecting in the last [1s]
[2019-12-16T05:45:15,722][WARN ][o.e.m.j.JvmGcMonitorService] [Aw68EwP] [gc][3477494] overhead, spent [648ms] collecting in the last [1s]
[2019-12-16T05:45:27,881][WARN ][o.e.m.j.JvmGcMonitorService] [Aw68EwP] [gc][young][3477505][332521] duration [1.6s], collections [1]/[1.7s], total [1.6s]/[2.4h], memory [1.4gb]->[1.2gb]/[1.9gb], all_pools {[young] [119.9mb]->[1.2mb]/[133.1mb]}{[survivor] [10.2mb]->[7.2mb]/[16.6mb]}{[old] [1.2gb]->[1.2gb]/[1.8gb]}
[2019-12-16T05:45:27,923][WARN ][o.e.m.j.JvmGcMonitorService] [Aw68EwP] [gc][3477505] overhead, spent [1.6s] collecting in the last [1.7s]
[2019-12-16T05:45:41,127][INFO ][o.e.m.j.JvmGcMonitorService] [Aw68EwP] [gc][young][3477518][332523] duration [742ms], collections [1]/[1s], total [742ms]/[2.4h], memory [1.4gb]->[1.2gb]/[1.9gb], all_pools {[young] [116.1mb]->[3mb]/[133.1mb]}{[survivor] [12.7mb]->[16.6mb]/[16.6mb]}{[old] [1.2gb]->[1.2gb]/[1.8gb]}
[2019-12-16T05:45:41,175][WARN ][o.e.m.j.JvmGcMonitorService] [Aw68EwP] [gc][3477518] overhead, spent [742ms] collecting in the last [1s]
[2019-12-16T05:45:47,679][INFO ][o.e.m.j.JvmGcMonitorService] [Aw68EwP] [gc][3477524] overhead, spent [374ms] collecting in the last [1.2s]
[2019-12-16T05:45:55,978][INFO ][o.e.m.j.JvmGcMonitorService] [Aw68EwP] [gc][young][3477531][332526] duration [930ms], collections [1]/[1.5s], total [930ms]/[2.4h], memory [1.3gb]->[1.2gb]/[1.9gb], all_pools {[young] [72.5mb]->[75.2kb]/[133.1mb]}{[survivor] [10.1mb]->[2.5mb]/[16.6mb]}{[old] [1.2gb]->[1.2gb]/[1.8gb]}
[2019-12-16T05:45:56,051][WARN ][o.e.m.j.JvmGcMonitorService] [Aw68EwP] [gc][3477531] overhead, spent [930ms] collecting in the last [1.5s]
[2019-12-16T05:46:16,138][INFO ][o.e.m.j.JvmGcMonitorService] [Aw68EwP] [gc][young][3477551][332527] duration [821ms], collections [1]/[1s], total [821ms]/[2.4h], memory [1.4gb]->[1.3gb]/[1.9gb], all_pools {[young] [115.7mb]->[9.4mb]/[133.1mb]}{[survivor] [2.5mb]->[14mb]/[16.6mb]}{[old] [1.2gb]->[1.2gb]/[1.8gb]}
[2019-12-16T05:46:16,233][WARN ][o.e.m.j.JvmGcMonitorService] [Aw68EwP] [gc][3477551] overhead, spent [821ms] collecting in the last [1s]
[2019-12-16T05:46:29,640][INFO ][o.e.m.j.JvmGcMonitorService] [Aw68EwP] [gc][3477564] overhead, spent [622ms] collecting in the last [1.3s]
[2019-12-16T05:46:47,914][INFO ][o.e.m.j.JvmGcMonitorService] [Aw68EwP] [gc][young][3477582][332530] duration [735ms], collections [1]/[1.1s], total [735ms]/[2.4h], memory [1.4gb]->[1.2gb]/[1.9gb], all_pools {[young] [114.2mb]->[34kb]/[133.1mb]}{[survivor] [2.7mb]->[2.6mb]/[16.6mb]}{[old] [1.2gb]->[1.2gb]/[1.8gb]}
[2019-12-16T05:46:47,976][WARN ][o.e.m.j.JvmGcMonitorService] [Aw68EwP] [gc][3477582] overhead, spent [735ms] collecting in the last [1.1s]
[2019-12-16T05:48:35,076][WARN ][o.e.m.j.JvmGcMonitorService] [Aw68EwP] [gc][3477689] overhead, spent [685ms] collecting in the last [1s]
[2019-12-16T05:49:11,608][INFO ][o.e.m.j.JvmGcMonitorService] [Aw68EwP] [gc][3477725] overhead, spent [446ms] collecting in the last [1.3s]
[2019-12-16T05:50:40,849][INFO ][o.e.m.j.JvmGcMonitorService] [Aw68EwP] [gc][3477812] overhead, spent [469ms] collecting in the last [1.4s]
[2019-12-16T05:51:27,454][INFO ][o.e.m.j.JvmGcMonitorService] [Aw68EwP] [gc][young][3477858][332536] duration [852ms], collections [1]/[1.4s], total [852ms]/[2.4h], memory [1.4gb]->[1.3gb]/[1.9gb], all_pools {[young] [121.4mb]->[2.5mb]/[133.1mb]}{[survivor] [3.4mb]->[14.8mb]/[16.6mb]}{[old] [1.2gb]->[1.2gb]/[1.8gb]}
[2019-12-16T05:51:27,520][WARN ][o.e.m.j.JvmGcMonitorService] [Aw68EwP] [gc][3477858] overhead, spent [852ms] collecting in the last [1.4s]
[2019-12-16T05:51:38,638][WARN ][o.e.m.j.JvmGcMonitorService] [Aw68EwP] [gc][3477869] overhead, spent [642ms] collecting in the last [1s]
[2019-12-16T05:51:49,908][INFO ][o.e.m.j.JvmGcMonitorService] [Aw68EwP] [gc][3477880] overhead, spent [451ms] collecting in the last [1.1s]
[2019-12-16T05:52:06,463][INFO ][o.e.m.j.JvmGcMonitorService] [Aw68EwP] [gc][3477896] overhead, spent [477ms] collecting in the last [1.4s]
[2019-12-16T05:52:17,596][WARN ][o.e.m.j.JvmGcMonitorService] [Aw68EwP] [gc][3477907] overhead, spent [683ms] collecting in the last [1s]
[2019-12-16T05:52:29,057][INFO ][o.e.m.j.JvmGcMonitorService] [Aw68EwP] [gc][3477918] overhead, spent [470ms] collecting in the last [1.2s]
[2019-12-16T05:52:42,004][INFO ][o.e.m.j.JvmGcMonitorService] [Aw68EwP] [gc][young][3477930][332553] duration [928ms], collections [1]/[1.5s], total [928ms]/[2.4h], memory [1.4gb]->[1.3gb]/[1.9gb], all_pools {[young] [117mb]->[1mb]/[133.1mb]}{[survivor] [1.8mb]->[16.6mb]/[16.6mb]}{[old] [1.3gb]->[1.3gb]/[1.8gb]}
[2019-12-16T05:52:42,073][WARN ][o.e.m.j.JvmGcMonitorService] [Aw68EwP] [gc][3477930] overhead, spent [928ms] collecting in the last [1.5s]
[2019-12-16T05:53:13,132][WARN ][o.e.m.j.JvmGcMonitorService] [Aw68EwP] [gc][3477961] overhead, spent [670ms] collecting in the last [1s]
[2019-12-16T05:53:21,294][INFO ][o.e.m.j.JvmGcMonitorService] [Aw68EwP] [gc][3477969] overhead, spent [351ms] collecting in the last [1s]
[2019-12-16T05:53:41,000][INFO ][o.e.m.j.JvmGcMonitorService] [Aw68EwP] [gc][3477988] overhead, spent [637ms] collecting in the last [1.5s]
[2019-12-16T05:53:53,132][INFO ][o.e.m.j.JvmGcMonitorService] [Aw68EwP] [gc][young][3478000][332562] duration [707ms], collections [1]/[1s], total [707ms]/[2.4h], memory [1.4gb]->[1.3gb]/[1.9gb], all_pools {[young] [128.8mb]->[3.9mb]/[133.1mb]}{[survivor] [6.1mb]->[4.6mb]/[16.6mb]}{[old] [1.3gb]->[1.3gb]/[1.8gb]}
[2019-12-16T05:53:53,197][WARN ][o.e.m.j.JvmGcMonitorService] [Aw68EwP] [gc][3478000] overhead, spent [707ms] collecting in the last [1s]
[2019-12-16T05:54:14,032][WARN ][o.e.m.j.JvmGcMonitorService] [Aw68EwP] [gc][young][3478018][332563] duration [2.9s], collections [1]/[3.4s], total [2.9s]/[2.4h], memory [1.4gb]->[1.3gb]/[1.9gb], all_pools {[young] [84.1mb]->[1.3mb]/[133.1mb]}{[survivor] [4.6mb]->[3.3mb]/[16.6mb]}{[old] [1.3gb]->[1.3gb]/[1.8gb]}
[2019-12-16T05:54:14,092][WARN ][o.e.m.j.JvmGcMonitorService] [Aw68EwP] [gc][3478018] overhead, spent [2.9s] collecting in the last [3.4s]
[2019-12-16T05:54:16,351][INFO ][o.e.m.j.JvmGcMonitorService] [Aw68EwP] [gc][3478020] overhead, spent [251ms] collecting in the last [1s]
[2019-12-16T05:54:28,956][WARN ][o.e.m.j.JvmGcMonitorService] [Aw68EwP] [gc][young][3478029][332567] duration [3.7s], collections [1]/[4.4s], total [3.7s]/[2.4h], memory [1.4gb]->[1.3gb]/[1.9gb], all_pools {[young] [72.6mb]->[7.3mb]/[133.1mb]}{[survivor] [16.6mb]->[7mb]/[16.6mb]}{[old] [1.3gb]->[1.3gb]/[1.8gb]}
[2019-12-16T05:54:29,183][WARN ][o.e.m.j.JvmGcMonitorService] [Aw68EwP] [gc][3478029] overhead, spent [3.7s] collecting in the last [4.4s]
[2019-12-16T05:54:32,234][INFO ][o.e.m.j.JvmGcMonitorService] [Aw68EwP] [gc][3478032] overhead, spent [446ms] collecting in the last [1s]
[2019-12-16T05:54:40,743][WARN ][o.e.m.j.JvmGcMonitorService] [Aw68EwP] [gc][young][3478039][332571] duration [1.6s], collections [1]/[2.4s], total [1.6s]/[2.4h], memory [1.4gb]->[1.3gb]/[1.9gb], all_pools {[young] [123.1mb]->[12.5mb]/[133.1mb]}{[survivor] [16.6mb]->[6.2mb]/[16.6mb]}{[old] [1.3gb]->[1.3gb]/[1.8gb]}
[2019-12-16T05:54:40,783][WARN ][o.e.m.j.JvmGcMonitorService] [Aw68EwP] [gc][3478039] overhead, spent [1.6s] collecting in the last [2.4s]
[2019-12-16T05:54:53,446][INFO ][o.e.m.j.JvmGcMonitorService] [Aw68EwP] [gc][3478051] overhead, spent [455ms] collecting in the last [1s]
[2019-12-16T05:55:10,549][INFO ][o.e.m.j.JvmGcMonitorService] [Aw68EwP] [gc][3478068] overhead, spent [325ms] collecting in the last [1s]
[2019-12-16T05:55:23,652][WARN ][o.e.m.j.JvmGcMonitorService] [Aw68EwP] [gc][3478081] overhead, spent [556ms] collecting in the last [1s]
[2019-12-16T05:55:45,226][INFO ][o.e.m.j.JvmGcMonitorService] [Aw68EwP] [gc][3478100] overhead, spent [523ms] collecting in the last [1.3s]
[2019-12-16T05:56:21,095][INFO ][o.e.m.j.JvmGcMonitorService] [Aw68EwP] [gc][young][3478135][332584] duration [871ms], collections [1]/[1.5s], total [871ms]/[2.4h], memory [1.4gb]->[1.3gb]/[1.9gb], all_pools {[young] [88.4mb]->[78.4kb]/[133.1mb]}{[survivor] [9.1mb]->[9.7mb]/[16.6mb]}{[old] [1.3gb]->[1.3gb]/[1.8gb]}
[2019-12-16T05:56:21,305][WARN ][o.e.m.j.JvmGcMonitorService] [Aw68EwP] [gc][3478135] overhead, spent [871ms] collecting in the last [1.5s]
[2019-12-16T05:56:23,801][INFO ][o.e.m.j.JvmGcMonitorService] [Aw68EwP] [gc][3478137] overhead, spent [679ms] collecting in the last [1.4s]
[2019-12-16T05:57:25,198][WARN ][o.e.m.j.JvmGcMonitorService] [Aw68EwP] [gc][3478145] overhead, spent [53.9s] collecting in the last [54.2s]
[2019-12-16T05:57:31,273][INFO ][o.e.m.j.JvmGcMonitorService] [Aw68EwP] [gc][3478151] overhead, spent [480ms] collecting in the last [1s]
[2019-12-16T05:57:48,340][WARN ][o.e.m.j.JvmGcMonitorService] [Aw68EwP] [gc][young][3478167][332588] duration [1.6s], collections [1]/[1.9s], total [1.6s]/[2.4h], memory [448.8mb]->[340.5mb]/[1.9gb], all_pools {[young] [106mb]->[18kb]/[133.1mb]}{[survivor] [16.5mb]->[12.9mb]/[16.6mb]}{[old] [326.1mb]->[327.6mb]/[1.8gb]}
[2019-12-16T05:57:48,409][WARN ][o.e.m.j.JvmGcMonitorService] [Aw68EwP] [gc][3478167] overhead, spent [1.6s] collecting in the last [1.9s]
[2019-12-16T05:58:06,598][WARN ][o.e.m.j.JvmGcMonitorService] [Aw68EwP] [gc][3478185] overhead, spent [553ms] collecting in the last [1s]
[2019-12-16T05:58:16,909][INFO ][o.e.m.j.JvmGcMonitorService] [Aw68EwP] [gc][young][3478195][332595] duration [829ms], collections [1]/[1s], total [829ms]/[2.4h], memory [430mb]->[339.7mb]/[1.9gb], all_pools {[young] [89.6mb]->[514kb]/[133.1mb]}{[survivor] [10.2mb]->[7.7mb]/[16.6mb]}{[old] [330.1mb]->[331.5mb]/[1.8gb]}
[2019-12-16T05:58:16,948][WARN ][o.e.m.j.JvmGcMonitorService] [Aw68EwP] [gc][3478195] overhead, spent [829ms] collecting in the last [1s]
[2019-12-16T05:58:29,166][INFO ][o.e.m.j.JvmGcMonitorService] [Aw68EwP] [gc][young][3478207][332598] duration [958ms], collections [1]/[1.1s], total [958ms]/[2.4h], memory [465.2mb]->[335.3mb]/[1.9gb], all_pools {[young] [122.7mb]->[475.2kb]/[133.1mb]}{[survivor] [9.6mb]->[2mb]/[16.6mb]}{[old] [332.8mb]->[332.8mb]/[1.8gb]}
[2019-12-16T05:58:29,256][WARN ][o.e.m.j.JvmGcMonitorService] [Aw68EwP] [gc][3478207] overhead, spent [958ms] collecting in the last [1.1s]
[2019-12-16T05:58:39,498][WARN ][o.e.m.j.JvmGcMonitorService] [Aw68EwP] [gc][3478217] overhead, spent [597ms] collecting in the last [1s]
[2019-12-16T05:58:48,732][WARN ][o.e.m.j.JvmGcMonitorService] [Aw68EwP] [gc][3478226] overhead, spent [700ms] collecting in the last [1s]
[2019-12-16T05:59:00,659][INFO ][o.e.m.j.JvmGcMonitorService] [Aw68EwP] [gc][3478237] overhead, spent [681ms] collecting in the last [1.6s]
[2019-12-16T05:59:10,501][INFO ][o.e.m.j.JvmGcMonitorService] [Aw68EwP] [gc][3478246] overhead, spent [477ms] collecting in the last [1.4s]
[2019-12-16T06:01:11,743][INFO ][o.e.m.j.JvmGcMonitorService] [Aw68EwP] [gc][young][3478365][332610] duration [884ms], collections [1]/[1.1s], total [884ms]/[2.4h], memory [472.3mb]->[366.7mb]/[1.9gb], all_pools {[young] [119.4mb]->[1.8mb]/[133.1mb]}{[survivor] [2.9mb]->[15.9mb]/[16.6mb]}{[old] [349.8mb]->[349.8mb]/[1.8gb]}
[2019-12-16T06:01:11,831][WARN ][o.e.m.j.JvmGcMonitorService] [Aw68EwP] [gc][3478365] overhead, spent [884ms] collecting in the last [1.1s]
[2019-12-16T06:01:24,922][INFO ][o.e.m.j.JvmGcMonitorService] [Aw68EwP] [gc][3478378] overhead, spent [250ms] collecting in the last [1s]
[2019-12-16T06:02:05,240][INFO ][o.e.m.j.JvmGcMonitorService] [Aw68EwP] [gc][young][3478417][332615] duration [916ms], collections [1]/[1.7s], total [916ms]/[2.4h], memory [441.8mb]->[360.9mb]/[1.9gb], all_pools {[young] [83.2mb]->[904.8kb]/[133.1mb]}{[survivor] [4.7mb]->[6.2mb]/[16.6mb]}{[old] [353.8mb]->[353.8mb]/[1.8gb]}
[2019-12-16T06:02:05,323][WARN ][o.e.m.j.JvmGcMonitorService] [Aw68EwP] [gc][3478417] overhead, spent [916ms] collecting in the last [1.7s]
[2019-12-16T06:02:16,483][WARN ][o.e.m.j.JvmGcMonitorService] [Aw68EwP] [gc][young][3478427][332616] duration [2s], collections [1]/[2s], total [2s]/[2.4h], memory [493.2mb]->[364.3mb]/[1.9gb], all_pools {[young] [133.1mb]->[1mb]/[133.1mb]}{[survivor] [6.2mb]->[9.5mb]/[16.6mb]}{[old] [353.8mb]->[353.8mb]/[1.8gb]}
[2019-12-16T06:02:16,497][WARN ][o.e.m.j.JvmGcMonitorService] [Aw68EwP] [gc][3478427] overhead, spent [2s] collecting in the last [2s]
[2019-12-16T06:02:44,165][WARN ][o.e.m.j.JvmGcMonitorService] [Aw68EwP] [gc][young][3478454][332617] duration [1.3s], collections [1]/[1.4s], total [1.3s]/[2.4h], memory [489.7mb]->[369.8mb]/[1.9gb], all_pools {[young] [126.3mb]->[1.6mb]/[133.1mb]}{[survivor] [9.5mb]->[14.4mb]/[16.6mb]}{[old] [353.8mb]->[353.8mb]/[1.8gb]}
[2019-12-16T06:02:44,267][WARN ][o.e.m.j.JvmGcMonitorService] [Aw68EwP] [gc][3478454] overhead, spent [1.3s] collecting in the last [1.4s]
[2019-12-16T06:02:53,435][INFO ][o.e.m.j.JvmGcMonitorService] [Aw68EwP] [gc][3478463] overhead, spent [475ms] collecting in the last [1.1s]
[2019-12-16T06:03:05,498][INFO ][o.e.m.j.JvmGcMonitorService] [Aw68EwP] [gc][3478475] overhead, spent [285ms] collecting in the last [1s]
[2019-12-16T06:03:16,472][INFO ][o.e.m.j.JvmGcMonitorService] [Aw68EwP] [gc][young][3478485][332624] duration [887ms], collections [1]/[1.8s], total [887ms]/[2.4h], memory [441.6mb]->[378.7mb]/[1.9gb], all_pools {[young] [65.9mb]->[74kb]/[133.1mb]}{[survivor] [5mb]->[8.1mb]/[16.6mb]}{[old] [370.5mb]->[370.5mb]/[1.8gb]}
[2019-12-16T06:03:16,548][INFO ][o.e.m.j.JvmGcMonitorService] [Aw68EwP] [gc][3478485] overhead, spent [887ms] collecting in the last [1.8s]
[2019-12-16T06:03:22,281][WARN ][o.e.m.j.JvmGcMonitorService] [Aw68EwP] [gc][young][3478489][332625] duration [1.6s], collections [1]/[2.6s], total [1.6s]/[2.4h], memory [469.4mb]->[373.8mb]/[1.9gb], all_pools {[young] [90.7mb]->[93.2kb]/[133.1mb]}{[survivor] [8.1mb]->[3.2mb]/[16.6mb]}{[old] [370.5mb]->[370.5mb]/[1.8gb]}
[2019-12-16T06:03:22,379][WARN ][o.e.m.j.JvmGcMonitorService] [Aw68EwP] [gc][3478489] overhead, spent [1.6s] collecting in the last [2.6s]
[2019-12-16T06:03:36,522][INFO ][o.e.m.j.JvmGcMonitorService] [Aw68EwP] [gc][young][3478503][332629] duration [742ms], collections [1]/[1s], total [742ms]/[2.4h], memory [509.7mb]->[424.6mb]/[1.9gb], all_pools {[young] [119.8mb]->[35.4mb]/[133.1mb]}{[survivor] [9mb]->[8.3mb]/[16.6mb]}{[old] [380.8mb]->[380.8mb]/[1.8gb]}
[2019-12-16T06:03:36,556][WARN ][o.e.m.j.JvmGcMonitorService] [Aw68EwP] [gc][3478503] overhead, spent [742ms] collecting in the last [1s]
[2019-12-16T06:03:48,038][INFO ][o.e.m.j.JvmGcMonitorService] [Aw68EwP] [gc][3478514] overhead, spent [536ms] collecting in the last [1.4s]
[2019-12-16T06:04:04,216][INFO ][o.e.m.j.JvmGcMonitorService] [Aw68EwP] [gc][young][3478530][332634] duration [820ms], collections [1]/[1s], total [820ms]/[2.4h], memory [480.8mb]->[396.6mb]/[1.9gb], all_pools {[young] [95.1mb]->[4.5mb]/[133.1mb]}{[survivor] [1.9mb]->[8.4mb]/[16.6mb]}{[old] [383.6mb]->[383.6mb]/[1.8gb]}
[2019-12-16T06:04:04,277][WARN ][o.e.m.j.JvmGcMonitorService] [Aw68EwP] [gc][3478530] overhead, spent [820ms] collecting in the last [1s]
[2019-12-16T06:04:10,282][INFO ][o.e.m.j.JvmGcMonitorService] [Aw68EwP] [gc][3478536] overhead, spent [300ms] collecting in the last [1s]
[2019-12-16T06:04:20,351][WARN ][o.e.m.j.JvmGcMonitorService] [Aw68EwP] [gc][3478546] overhead, spent [633ms] collecting in the last [1s]
[2019-12-16T06:04:29,414][WARN ][o.e.m.j.JvmGcMonitorService] [Aw68EwP] [gc][3478555] overhead, spent [527ms] collecting in the last [1s]
[2019-12-16T06:04:51,564][WARN ][o.e.m.j.JvmGcMonitorService] [Aw68EwP] [gc][3478577] overhead, spent [518ms] collecting in the last [1s]
[2019-12-16T06:05:02,908][INFO ][o.e.m.j.JvmGcMonitorService] [Aw68EwP] [gc][3478588] overhead, spent [512ms] collecting in the last [1.2s]
[2019-12-16T06:05:39,148][WARN ][o.e.m.j.JvmGcMonitorService] [Aw68EwP] [gc][3478624] overhead, spent [599ms] collecting in the last [1s]
[2019-12-16T06:05:45,402][INFO ][o.e.m.j.JvmGcMonitorService] [Aw68EwP] [gc][3478630] overhead, spent [336ms] collecting in the last [1.1s]
[2019-12-16T06:05:58,632][WARN ][o.e.m.j.JvmGcMonitorService] [Aw68EwP] [gc][3478643] overhead, spent [658ms] collecting in the last [1.1s]
[2019-12-16T06:06:09,859][INFO ][o.e.m.j.JvmGcMonitorService] [Aw68EwP] [gc][young][3478654][332652] duration [876ms], collections [1]/[1.1s], total [876ms]/[2.4h], memory [540.1mb]->[439.1mb]/[1.9gb], all_pools {[young] [116.1mb]->[1.7mb]/[133.1mb]}{[survivor] [3.3mb]->[16.6mb]/[16.6mb]}{[old] [420.6mb]->[420.8mb]/[1.8gb]}
[2019-12-16T06:06:09,933][WARN ][o.e.m.j.JvmGcMonitorService] [Aw68EwP] [gc][3478654] overhead, spent [876ms] collecting in the last [1.1s]
[2019-12-16T06:06:24,391][WARN ][o.e.m.j.JvmGcMonitorService] [Aw68EwP] [gc][3478668] overhead, spent [699ms] collecting in the last [1.3s]
[2019-12-16T06:06:34,589][INFO ][o.e.m.j.JvmGcMonitorService] [Aw68EwP] [gc][3478678] overhead, spent [253ms] collecting in the last [1s]
[2019-12-16T06:06:45,361][INFO ][o.e.m.j.JvmGcMonitorService] [Aw68EwP] [gc][young][3478688][332660] duration [983ms], collections [1]/[1.6s], total [983ms]/[2.4h], memory [559.4mb]->[447mb]/[1.9gb], all_pools {[young] [122.4mb]->[1.1mb]/[133.1mb]}{[survivor] [8.8mb]->[16.6mb]/[16.6mb]}{[old] [428.1mb]->[429.3mb]/[1.8gb]}
[2019-12-16T06:06:45,436][WARN ][o.e.m.j.JvmGcMonitorService] [Aw68EwP] [gc][3478688] overhead, spent [983ms] collecting in the last [1.6s]
[2019-12-16T06:06:51,488][WARN ][o.e.m.j.JvmGcMonitorService] [Aw68EwP] [gc][3478694] overhead, spent [579ms] collecting in the last [1s]
[2019-12-16T06:06:57,541][INFO ][o.e.m.j.JvmGcMonitorService] [Aw68EwP] [gc][3478700] overhead, spent [259ms] collecting in the last [1s]
[2019-12-16T06:07:08,628][WARN ][o.e.m.j.JvmGcMonitorService] [Aw68EwP] [gc][3478711] overhead, spent [645ms] collecting in the last [1s]
[2019-12-16T06:07:19,974][INFO ][o.e.m.j.JvmGcMonitorService] [Aw68EwP] [gc][young][3478722][332667] duration [953ms], collections [1]/[1.2s], total [953ms]/[2.4h], memory [543mb]->[455.6mb]/[1.9gb], all_pools {[young] [92.5mb]->[10kb]/[133.1mb]}{[survivor] [7.3mb]->[12.4mb]/[16.6mb]}{[old] [443.1mb]->[443.1mb]/[1.8gb]}
[2019-12-16T06:07:20,104][WARN ][o.e.m.j.JvmGcMonitorService] [Aw68EwP] [gc][3478722] overhead, spent [953ms] collecting in the last [1.2s]
[2019-12-16T06:07:31,304][INFO ][o.e.m.j.JvmGcMonitorService] [Aw68EwP] [gc][3478733] overhead, spent [272ms] collecting in the last [1s]
[2019-12-16T06:07:40,626][WARN ][o.e.m.j.JvmGcMonitorService] [Aw68EwP] [gc][young][3478742][332671] duration [1s], collections [1]/[1.1s], total [1s]/[2.4h], memory [581.4mb]->[450.9mb]/[1.9gb], all_pools {[young] [131.2mb]->[1.3mb]/[133.1mb]}{[survivor] [4.1mb]->[3.5mb]/[16.6mb]}{[old] [446mb]->[446mb]/[1.8gb]}
[2019-12-16T06:07:40,669][WARN ][o.e.m.j.JvmGcMonitorService] [Aw68EwP] [gc][3478742] overhead, spent [1s] collecting in the last [1.1s]
[2019-12-16T06:07:52,852][WARN ][o.e.m.j.JvmGcMonitorService] [Aw68EwP] [gc][3478754] overhead, spent [641ms] collecting in the last [1s]
[2019-12-16T06:08:34,286][INFO ][o.e.m.j.JvmGcMonitorService] [Aw68EwP] [gc][young][3478793][332675] duration [926ms], collections [1]/[1.6s], total [926ms]/[2.4h], memory [579.5mb]->[472.8mb]/[1.9gb], all_pools {[young] [120.7mb]->[8.1mb]/[133.1mb]}{[survivor] [12.6mb]->[16.6mb]/[16.6mb]}{[old] [446mb]->[448.1mb]/[1.8gb]}
[2019-12-16T06:08:34,386][WARN ][o.e.m.j.JvmGcMonitorService] [Aw68EwP] [gc][3478793] overhead, spent [926ms] collecting in the last [1.6s]
[2019-12-16T06:08:47,441][WARN ][o.e.m.j.JvmGcMonitorService] [Aw68EwP] [gc][3478806] overhead, spent [587ms] collecting in the last [1s]
[2019-12-16T06:09:09,360][WARN ][o.e.m.j.JvmGcMonitorService] [Aw68EwP] [gc][young][3478827][332678] duration [1.1s], collections [1]/[1.7s], total [1.1s]/[2.4h], memory [549.2mb]->[467.7mb]/[1.9gb], all_pools {[young] [83.1mb]->[2.1mb]/[133.1mb]}{[survivor] [15.1mb]->[13.5mb]/[16.6mb]}{[old] [450.9mb]->[452mb]/[1.8gb]}
[2019-12-16T06:09:09,563][WARN ][o.e.m.j.JvmGcMonitorService] [Aw68EwP] [gc][3478827] overhead, spent [1.1s] collecting in the last [1.7s]
[2019-12-16T06:09:19,928][INFO ][o.e.m.j.JvmGcMonitorService] [Aw68EwP] [gc][young][3478837][332682] duration [882ms], collections [1]/[1.2s], total [882ms]/[2.4h], memory [585.5mb]->[481.3mb]/[1.9gb], all_pools {[young] [120.4mb]->[1.3mb]/[133.1mb]}{[survivor] [2.5mb]->[16.6mb]/[16.6mb]}{[old] [462.5mb]->[463.4mb]/[1.8gb]}
[2019-12-16T06:09:20,004][WARN ][o.e.m.j.JvmGcMonitorService] [Aw68EwP] [gc][3478837] overhead, spent [882ms] collecting in the last [1.2s]
[2019-12-16T06:09:21,309][INFO ][o.e.m.j.JvmGcMonitorService] [Aw68EwP] [gc][3478838] overhead, spent [448ms] collecting in the last [1.3s]
[2019-12-16T06:09:37,635][INFO ][o.e.m.j.JvmGcMonitorService] [Aw68EwP] [gc][young][3478853][332686] duration [871ms], collections [1]/[1.8s], total [871ms]/[2.4h], memory [611.2mb]->[495.1mb]/[1.9gb], all_pools {[young] [121mb]->[1.2mb]/[133.1mb]}{[survivor] [8.2mb]->[12.1mb]/[16.6mb]}{[old] [481.8mb]->[481.8mb]/[1.8gb]}
[2019-12-16T06:09:38,523][INFO ][o.e.m.j.JvmGcMonitorService] [Aw68EwP] [gc][3478853] overhead, spent [871ms] collecting in the last [1.8s]
[2019-12-16T06:09:53,037][INFO ][o.e.m.j.JvmGcMonitorService] [Aw68EwP] [gc][3478867] overhead, spent [346ms] collecting in the last [1s]
[2019-12-16T06:10:06,892][WARN ][o.e.m.j.JvmGcMonitorService] [Aw68EwP] [gc][young][3478880][332691] duration [1.2s], collections [1]/[1.5s], total [1.2s]/[2.4h], memory [611.4mb]->[503.9mb]/[1.9gb], all_pools {[young] [116mb]->[54.1kb]/[133.1mb]}{[survivor] [7.8mb]->[16.3mb]/[16.6mb]}{[old] [487.5mb]->[487.5mb]/[1.8gb]}
[2019-12-16T06:10:06,931][WARN ][o.e.m.j.JvmGcMonitorService] [Aw68EwP] [gc][3478880] overhead, spent [1.2s] collecting in the last [1.5s]
[2019-12-16T06:10:18,710][INFO ][o.e.m.j.JvmGcMonitorService] [Aw68EwP] [gc][3478891] overhead, spent [587ms] collecting in the last [1.4s]
[2019-12-16T06:10:45,091][WARN ][o.e.m.j.JvmGcMonitorService] [Aw68EwP] [gc][young][3478915][332698] duration [1.4s], collections [1]/[2.4s], total [1.4s]/[2.4h], memory [627mb]->[511.7mb]/[1.9gb], all_pools {[young] [131.7mb]->[1.1mb]/[133.1mb]}{[survivor] [2.2mb]->[16.6mb]/[16.6mb]}{[old] [493.1mb]->[493.9mb]/[1.8gb]}
[2019-12-16T06:10:45,135][WARN ][o.e.m.j.JvmGcMonitorService] [Aw68EwP] [gc][3478915] overhead, spent [1.4s] collecting in the last [2.4s]
[2019-12-16T06:10:52,925][WARN ][o.e.m.j.JvmGcMonitorService] [Aw68EwP] [gc][young][3478922][332700] duration [1.5s], collections [1]/[1.7s], total [1.5s]/[2.4h], memory [609mb]->[505.8mb]/[1.9gb], all_pools {[young] [96.4mb]->[1.8mb]/[133.1mb]}{[survivor] [16.6mb]->[7.6mb]/[16.6mb]}{[old] [496mb]->[497.4mb]/[1.8gb]}
[2019-12-16T06:10:52,929][WARN ][o.e.m.j.JvmGcMonitorService] [Aw68EwP] [gc][3478922] overhead, spent [1.5s] collecting in the last [1.7s]
[2019-12-16T06:11:20,320][WARN ][o.e.m.j.JvmGcMonitorService] [Aw68EwP] [gc][young][3478948][332701] duration [1.8s], collections [1]/[2s], total [1.8s]/[2.4h], memory [623.8mb]->[513.8mb]/[1.9gb], all_pools {[young] [118.7mb]->[56.1kb]/[133.1mb]}{[survivor] [7.6mb]->[16.2mb]/[16.6mb]}{[old] [497.4mb]->[497.4mb]/[1.8gb]}
[2019-12-16T06:11:21,089][WARN ][o.e.m.j.JvmGcMonitorService] [Aw68EwP] [gc][3478948] overhead, spent [1.8s] collecting in the last [2s]
[2019-12-16T06:11:34,699][INFO ][o.e.m.j.JvmGcMonitorService] [Aw68EwP] [gc][young][3478961][332704] duration [845ms], collections [1]/[1.2s], total [845ms]/[2.4h], memory [614.8mb]->[506.6mb]/[1.9gb], all_pools {[young] [110.6mb]->[1.3mb]/[133.1mb]}{[survivor] [5.9mb]->[6.9mb]/[16.6mb]}{[old] [498.3mb]->[498.3mb]/[1.8gb]}
[2019-12-16T06:11:34,762][WARN ][o.e.m.j.JvmGcMonitorService] [Aw68EwP] [gc][3478961] overhead, spent [845ms] collecting in the last [1.2s]
[2019-12-16T06:13:14,954][INFO ][o.e.m.j.JvmGcMonitorService] [Aw68EwP] [gc][3479061] overhead, spent [485ms] collecting in the last [1s]
[2019-12-16T06:14:26,066][INFO ][o.e.m.j.JvmGcMonitorService] [Aw68EwP] [gc][3479132] overhead, spent [429ms] collecting in the last [1s]
[2019-12-16T06:14:35,222][INFO ][o.e.m.j.JvmGcMonitorService] [Aw68EwP] [gc][young][3479141][332708] duration [800ms], collections [1]/[1s], total [800ms]/[2.4h], memory [646mb]->[530.3mb]/[1.9gb], all_pools {[young] [131.1mb]->[13.5mb]/[133.1mb]}{[survivor] [16.6mb]->[16.6mb]/[16.6mb]}{[old] [498.3mb]->[500.2mb]/[1.8gb]}
[2019-12-16T06:14:35,268][WARN ][o.e.m.j.JvmGcMonitorService] [Aw68EwP] [gc][3479141] overhead, spent [800ms] collecting in the last [1s]
[2019-12-16T06:15:52,058][WARN ][o.e.m.j.JvmGcMonitorService] [Aw68EwP] [gc][young][3479216][332711] duration [1.3s], collections [1]/[2.3s], total [1.3s]/[2.4h], memory [635.8mb]->[519.9mb]/[1.9gb], all_pools {[young] [131mb]->[2.1mb]/[133.1mb]}{[survivor] [3.6mb]->[16.6mb]/[16.6mb]}{[old] [501.2mb]->[501.2mb]/[1.8gb]}
[2019-12-16T06:15:52,135][WARN ][o.e.m.j.JvmGcMonitorService] [Aw68EwP] [gc][3479216] overhead, spent [1.3s] collecting in the last [2.3s]
[2019-12-16T06:15:54,849][INFO ][o.e.m.j.JvmGcMonitorService] [Aw68EwP] [gc][3479218] overhead, spent [677ms] collecting in the last [1.5s]
[2019-12-16T06:16:15,565][WARN ][o.e.m.j.JvmGcMonitorService] [Aw68EwP] [gc][young][3479237][332716] duration [1.1s], collections [1]/[2s], total [1.1s]/[2.4h], memory [641mb]->[531.6mb]/[1.9gb], all_pools {[young] [117.8mb]->[1.6mb]/[133.1mb]}{[survivor] [7.5mb]->[14.3mb]/[16.6mb]}{[old] [515.6mb]->[515.6mb]/[1.8gb]}
[2019-12-16T06:16:15,745][WARN ][o.e.m.j.JvmGcMonitorService] [Aw68EwP] [gc][3479237] overhead, spent [1.1s] collecting in the last [2s]
[2019-12-16T06:18:40,231][INFO ][o.e.m.j.JvmGcMonitorService] [Aw68EwP] [gc][3479381] overhead, spent [474ms] collecting in the last [1s]
[2019-12-16T06:23:23,609][INFO ][o.e.m.j.JvmGcMonitorService] [Aw68EwP] [gc][3479663] overhead, spent [250ms] collecting in the last [1s]
[2019-12-16T06:24:50,818][WARN ][o.e.m.j.JvmGcMonitorService] [Aw68EwP] [gc][young][3479744][332725] duration [4.6s], collections [1]/[5.5s], total [4.6s]/[2.4h], memory [663.3mb]->[528.7mb]/[1.9gb], all_pools {[young] [132.7mb]->[64.9kb]/[133.1mb]}{[survivor] [3.8mb]->[1.1mb]/[16.6mb]}{[old] [526.8mb]->[527.5mb]/[1.8gb]}
[2019-12-16T06:24:50,819][WARN ][o.e.m.j.JvmGcMonitorService] [Aw68EwP] [gc][3479744] overhead, spent [4.6s] collecting in the last [5.5s]
[2019-12-16T06:27:14,035][WARN ][o.e.m.j.JvmGcMonitorService] [Aw68EwP] [gc][young][3479884][332727] duration [3.4s], collections [1]/[4.1s], total [3.4s]/[2.4h], memory [662.3mb]->[529.5mb]/[1.9gb], all_pools {[young] [132.7mb]->[319.6kb]/[133.1mb]}{[survivor] [1.9mb]->[1.6mb]/[16.6mb]}{[old] [527.5mb]->[527.5mb]/[1.8gb]}
[2019-12-16T06:27:14,035][WARN ][o.e.m.j.JvmGcMonitorService] [Aw68EwP] [gc][3479884] overhead, spent [3.4s] collecting in the last [4.1s]
[2019-12-16T06:29:40,691][INFO ][o.e.m.j.JvmGcMonitorService] [Aw68EwP] [gc][3480028] overhead, spent [648ms] collecting in the last [1.3s]
[2019-12-16T06:39:59,613][WARN ][o.e.m.j.JvmGcMonitorService] [Aw68EwP] [gc][young][3480638][332737] duration [4s], collections [1]/[4.3s], total [4s]/[2.4h], memory [660mb]->[530.3mb]/[1.9gb], all_pools {[young] [130mb]->[844.6kb]/[133.1mb]}{[survivor] [1.6mb]->[1.1mb]/[16.6mb]}{[old] [528.3mb]->[528.3mb]/[1.8gb]}
[2019-12-16T06:40:00,915][WARN ][o.e.m.j.JvmGcMonitorService] [Aw68EwP] [gc][3480638] overhead, spent [4s] collecting in the last [4.3s]
[2019-12-16T06:46:10,744][WARN ][o.e.m.j.JvmGcMonitorService] [Aw68EwP] [gc][young][3481005][332742] duration [1.4s], collections [1]/[2.3s], total [1.4s]/[2.4h], memory [651mb]->[530.3mb]/[1.9gb], all_pools {[young] [121.6mb]->[732kb]/[133.1mb]}{[survivor] [996.6kb]->[1.1mb]/[16.6mb]}{[old] [528.4mb]->[528.4mb]/[1.8gb]}
[2019-12-16T06:46:12,807][WARN ][o.e.m.j.JvmGcMonitorService] [Aw68EwP] [gc][3481005] overhead, spent [1.4s] collecting in the last [2.3s]
[2019-12-16T06:48:45,211][WARN ][o.e.m.j.JvmGcMonitorService] [Aw68EwP] [gc][young][3481156][332744] duration [2.2s], collections [1]/[2.3s], total [2.2s]/[2.4h], memory [663.1mb]->[529.6mb]/[1.9gb], all_pools {[young] [132.9mb]->[600.8kb]/[133.1mb]}{[survivor] [1.6mb]->[604.1kb]/[16.6mb]}{[old] [528.4mb]->[528.4mb]/[1.8gb]}
[2019-12-16T06:48:45,241][WARN ][o.e.m.j.JvmGcMonitorService] [Aw68EwP] [gc][3481156] overhead, spent [2.2s] collecting in the last [2.3s]
[2019-12-16T06:51:09,842][WARN ][o.e.m.j.JvmGcMonitorService] [Aw68EwP] [gc][young][3481300][332746] duration [1s], collections [1]/[1.3s], total [1s]/[2.4h], memory [663.1mb]->[529mb]/[1.9gb], all_pools {[young] [133.1mb]->[21.8kb]/[133.1mb]}{[survivor] [1.5mb]->[536.4kb]/[16.6mb]}{[old] [528.5mb]->[528.5mb]/[1.8gb]}
[2019-12-16T06:51:10,356][WARN ][o.e.m.j.JvmGcMonitorService] [Aw68EwP] [gc][3481300] overhead, spent [1s] collecting in the last [1.3s]
[2019-12-16T06:54:58,895][WARN ][o.e.m.j.JvmGcMonitorService] [Aw68EwP] [gc][young][3481526][332749] duration [2.1s], collections [1]/[2.6s], total [2.1s]/[2.4h], memory [655.9mb]->[530.2mb]/[1.9gb], all_pools {[young] [126.4mb]->[515.6kb]/[133.1mb]}{[survivor] [974.6kb]->[1.1mb]/[16.6mb]}{[old] [528.5mb]->[528.5mb]/[1.8gb]}
[2019-12-16T06:54:58,914][WARN ][o.e.m.j.JvmGcMonitorService] [Aw68EwP] [gc][3481526] overhead, spent [2.1s] collecting in the last [2.6s]
[2019-12-16T06:56:46,801][WARN ][o.e.m.j.JvmGcMonitorService] [Aw68EwP] [gc][young][3481610][332750] duration [22.2s], collections [1]/[23.4s], total [22.2s]/[2.4h], memory [662.7mb]->[529.1mb]/[1.9gb], all_pools {[young] [132.9mb]->[217.7kb]/[133.1mb]}{[survivor] [1.1mb]->[422.6kb]/[16.6mb]}{[old] [528.5mb]->[528.5mb]/[1.8gb]}
[2019-12-16T06:56:48,184][WARN ][o.e.m.j.JvmGcMonitorService] [Aw68EwP] [gc][3481610] overhead, spent [22.2s] collecting in the last [23.4s]
[2019-12-16T07:01:27,197][WARN ][o.e.m.j.JvmGcMonitorService] [Aw68EwP] [gc][young][3481867][332753] duration [19.2s], collections [1]/[20.6s], total [19.2s]/[2.4h], memory [643.8mb]->[531mb]/[1.9gb], all_pools {[young] [113.9mb]->[952.2kb]/[133.1mb]}{[survivor] [1.3mb]->[1.5mb]/[16.6mb]}{[old] [528.5mb]->[528.6mb]/[1.8gb]}
[2019-12-16T07:01:29,107][WARN ][o.e.m.j.JvmGcMonitorService] [Aw68EwP] [gc][3481867] overhead, spent [19.2s] collecting in the last [20.6s]
[2019-12-16T07:03:13,685][WARN ][o.e.m.j.JvmGcMonitorService] [Aw68EwP] [gc][young][3481959][332754] duration [9.9s], collections [1]/[13.2s], total [9.9s]/[2.4h], memory [656.9mb]->[530.7mb]/[1.9gb], all_pools {[young] [126.8mb]->[1.1mb]/[133.1mb]}{[survivor] [1.5mb]->[1mb]/[16.6mb]}{[old] [528.6mb]->[528.6mb]/[1.8gb]}
[2019-12-16T07:03:13,785][WARN ][o.e.m.j.JvmGcMonitorService] [Aw68EwP] [gc][3481959] overhead, spent [9.9s] collecting in the last [13.2s]
[2019-12-16T07:06:06,805][WARN ][o.e.m.j.JvmGcMonitorService] [Aw68EwP] [gc][young][3482119][332756] duration [12.3s], collections [1]/[13s], total [12.3s]/[2.4h], memory [645.4mb]->[530.3mb]/[1.9gb], all_pools {[young] [115.7mb]->[473.3kb]/[133.1mb]}{[survivor] [1mb]->[1.2mb]/[16.6mb]}{[old] [528.6mb]->[528.6mb]/[1.8gb]}
[2019-12-16T07:06:07,557][WARN ][o.e.m.j.JvmGcMonitorService] [Aw68EwP] [gc][3482119] overhead, spent [12.3s] collecting in the last [13s]
[2019-12-16T07:07:49,528][WARN ][o.e.m.j.JvmGcMonitorService] [Aw68EwP] [gc][young][3482210][332757] duration [10.2s], collections [1]/[11.1s], total [10.2s]/[2.4h], memory [645.7mb]->[530.9mb]/[1.9gb], all_pools {[young] [115.8mb]->[874.5kb]/[133.1mb]}{[survivor] [1.2mb]->[1.4mb]/[16.6mb]}{[old] [528.6mb]->[528.6mb]/[1.8gb]}
[2019-12-16T07:07:50,066][WARN ][o.e.m.j.JvmGcMonitorService] [Aw68EwP] [gc][3482210] overhead, spent [10.2s] collecting in the last [11.1s]
[2019-12-16T07:10:38,174][WARN ][o.e.m.j.JvmGcMonitorService] [Aw68EwP] [gc][young][3482367][332759] duration [11.2s], collections [1]/[12s], total [11.2s]/[2.4h], memory [659.4mb]->[530.3mb]/[1.9gb], all_pools {[young] [129.6mb]->[398.4kb]/[133.1mb]}{[survivor] [1mb]->[1.3mb]/[16.6mb]}{[old] [528.6mb]->[528.6mb]/[1.8gb]}
[2019-12-16T07:10:38,397][WARN ][o.e.m.j.JvmGcMonitorService] [Aw68EwP] [gc][3482367] overhead, spent [11.2s] collecting in the last [12s]
[2019-12-16T07:12:11,381][WARN ][o.e.m.j.JvmGcMonitorService] [Aw68EwP] [gc][young][3482459][332760] duration [1.2s], collections [1]/[1.7s], total [1.2s]/[2.4h], memory [662.8mb]->[529.5mb]/[1.9gb], all_pools {[young] [132.8mb]->[348.5kb]/[133.1mb]}{[survivor] [1.3mb]->[505.9kb]/[16.6mb]}{[old] [528.6mb]->[528.7mb]/[1.8gb]}
[2019-12-16T07:12:11,408][WARN ][o.e.m.j.JvmGcMonitorService] [Aw68EwP] [gc][3482459] overhead, spent [1.2s] collecting in the last [1.7s]
[2019-12-16T07:13:25,853][WARN ][o.e.m.j.JvmGcMonitorService] [Aw68EwP] [gc][young][3482524][332761] duration [9.9s], collections [1]/[10s], total [9.9s]/[2.5h], memory [659mb]->[530.5mb]/[1.9gb], all_pools {[young] [129.7mb]->[471.7kb]/[133.1mb]}{[survivor] [505.9kb]->[1.3mb]/[16.6mb]}{[old] [528.7mb]->[528.7mb]/[1.8gb]}
[2019-12-16T07:13:26,154][WARN ][o.e.m.j.JvmGcMonitorService] [Aw68EwP] [gc][3482524] overhead, spent [9.9s] collecting in the last [10s]
[2019-12-16T07:15:05,201][WARN ][o.e.m.j.JvmGcMonitorService] [Aw68EwP] [gc][young][3482616][332762] duration [6.8s], collections [1]/[7.9s], total [6.8s]/[2.5h], memory [653.6mb]->[530.4mb]/[1.9gb], all_pools {[young] [123.5mb]->[622kb]/[133.1mb]}{[survivor] [1.3mb]->[1mb]/[16.6mb]}{[old] [528.7mb]->[528.7mb]/[1.8gb]}
[2019-12-16T07:15:05,292][WARN ][o.e.m.j.JvmGcMonitorService] [Aw68EwP] [gc][3482616] overhead, spent [6.8s] collecting in the last [7.9s]
[2019-12-16T07:16:42,198][WARN ][o.e.m.j.JvmGcMonitorService] [Aw68EwP] [gc][young][3482709][332763] duration [3.9s], collections [1]/[4.7s], total [3.9s]/[2.5h], memory [658.1mb]->[530.3mb]/[1.9gb], all_pools {[young] [128.3mb]->[553.3kb]/[133.1mb]}{[survivor] [1mb]->[1mb]/[16.6mb]}{[old] [528.7mb]->[528.7mb]/[1.8gb]}
[2019-12-16T07:16:42,202][WARN ][o.e.m.j.JvmGcMonitorService] [Aw68EwP] [gc][3482709] overhead, spent [3.9s] collecting in the last [4.7s]
[2019-12-16T07:19:25,122][WARN ][o.e.m.j.JvmGcMonitorService] [Aw68EwP] [gc][young][3482864][332765] duration [6.5s], collections [1]/[7.7s], total [6.5s]/[2.5h], memory [661.5mb]->[531.3mb]/[1.9gb], all_pools {[young] [130.8mb]->[1.3mb]/[133.1mb]}{[survivor] [1.9mb]->[1.1mb]/[16.6mb]}{[old] [528.7mb]->[528.7mb]/[1.8gb]}
[2019-12-16T07:19:26,399][WARN ][o.e.m.j.JvmGcMonitorService] [Aw68EwP] [gc][3482864] overhead, spent [6.5s] collecting in the last [7.7s]
[2019-12-16T07:20:42,733][WARN ][o.e.m.j.JvmGcMonitorService] [Aw68EwP] [gc][young][3482926][332766] duration [14.6s], collections [1]/[15.3s], total [14.6s]/[2.5h], memory [645.8mb]->[530.8mb]/[1.9gb], all_pools {[young] [115.9mb]->[609.2kb]/[133.1mb]}{[survivor] [1.1mb]->[1.4mb]/[16.6mb]}{[old] [528.7mb]->[528.8mb]/[1.8gb]}
[2019-12-16T07:20:42,741][WARN ][o.e.m.j.JvmGcMonitorService] [Aw68EwP] [gc][3482926] overhead, spent [14.6s] collecting in the last [15.3s]
[2019-12-16T07:22:20,312][WARN ][o.e.m.j.JvmGcMonitorService] [Aw68EwP] [gc][young][3483019][332767] duration [4.7s], collections [1]/[5.4s], total [4.7s]/[2.5h], memory [649.7mb]->[530.6mb]/[1.9gb], all_pools {[young] [119.4mb]->[583.6kb]/[133.1mb]}{[survivor] [1.4mb]->[1.1mb]/[16.6mb]}{[old] [528.8mb]->[528.8mb]/[1.8gb]}
[2019-12-16T07:22:20,314][WARN ][o.e.m.j.JvmGcMonitorService] [Aw68EwP] [gc][3483019] overhead, spent [4.7s] collecting in the last [5.4s]
[2019-12-16T07:23:40,548][WARN ][o.e.m.j.JvmGcMonitorService] [Aw68EwP] [gc][young][3483097][332768] duration [2.3s], collections [1]/[3.2s], total [2.3s]/[2.5h], memory [662.3mb]->[529.7mb]/[1.9gb], all_pools {[young] [132.3mb]->[276.6kb]/[133.1mb]}{[survivor] [1.1mb]->[593kb]/[16.6mb]}{[old] [528.8mb]->[528.8mb]/[1.8gb]}
[2019-12-16T07:23:40,549][WARN ][o.e.m.j.JvmGcMonitorService] [Aw68EwP] [gc][3483097] overhead, spent [2.3s] collecting in the last [3.2s]
[2019-12-16T07:25:01,153][WARN ][o.e.m.j.JvmGcMonitorService] [Aw68EwP] [gc][young][3483173][332769] duration [5.2s], collections [1]/[5.4s], total [5.2s]/[2.5h], memory [659.1mb]->[530.9mb]/[1.9gb], all_pools {[young] [129.6mb]->[638.3kb]/[133.1mb]}{[survivor] [593kb]->[1.4mb]/[16.6mb]}{[old] [528.8mb]->[528.8mb]/[1.8gb]}
[2019-12-16T07:25:01,572][WARN ][o.e.m.j.JvmGcMonitorService] [Aw68EwP] [gc][3483173] overhead, spent [5.2s] collecting in the last [5.4s]
[2019-12-16T07:26:37,690][WARN ][o.e.m.j.JvmGcMonitorService] [Aw68EwP] [gc][young][3483266][332770] duration [3.9s], collections [1]/[4s], total [3.9s]/[2.5h], memory [658.4mb]->[530.9mb]/[1.9gb], all_pools {[young] [128.1mb]->[468.5kb]/[133.1mb]}{[survivor] [1.4mb]->[1.5mb]/[16.6mb]}{[old] [528.8mb]->[528.9mb]/[1.8gb]}
[2019-12-16T07:26:37,703][WARN ][o.e.m.j.JvmGcMonitorService] [Aw68EwP] [gc][3483266] overhead, spent [3.9s] collecting in the last [4s]
[2019-12-16T07:29:20,789][WARN ][o.e.m.j.JvmGcMonitorService] [Aw68EwP] [gc][young][3483421][332772] duration [7.2s], collections [1]/[7.7s], total [7.2s]/[2.5h], memory [655.7mb]->[530.6mb]/[1.9gb], all_pools {[young] [125.7mb]->[593.1kb]/[133.1mb]}{[survivor] [1mb]->[1.1mb]/[16.6mb]}{[old] [528.9mb]->[528.9mb]/[1.8gb]}
[2019-12-16T07:29:22,049][WARN ][o.e.m.j.JvmGcMonitorService] [Aw68EwP] [gc][3483421] overhead, spent [7.2s] collecting in the last [7.7s]
[2019-12-16T07:32:05,722][WARN ][o.e.m.j.JvmGcMonitorService] [Aw68EwP] [gc][young][3483574][332774] duration [11.6s], collections [1]/[11.6s], total [11.6s]/[2.5h], memory [663mb]->[530.2mb]/[1.9gb], all_pools {[young] [132.6mb]->[621.5kb]/[133.1mb]}{[survivor] [1.3mb]->[604.7kb]/[16.6mb]}{[old] [529mb]->[529mb]/[1.8gb]}
[2019-12-16T07:32:05,739][WARN ][o.e.m.j.JvmGcMonitorService] [Aw68EwP] [gc][3483574] overhead, spent [11.6s] collecting in the last [11.6s]
[2019-12-16T07:34:40,111][WARN ][o.e.m.j.JvmGcMonitorService] [Aw68EwP] [gc][young][3483722][332776] duration [5.9s], collections [1]/[6.1s], total [5.9s]/[2.5h], memory [663mb]->[530mb]/[1.9gb], all_pools {[young] [132.3mb]->[525.2kb]/[133.1mb]}{[survivor] [1.6mb]->[557.8kb]/[16.6mb]}{[old] [529mb]->[529mb]/[1.8gb]}
[2019-12-16T07:34:41,062][WARN ][o.e.m.j.JvmGcMonitorService] [Aw68EwP] [gc][3483722] overhead, spent [5.9s] collecting in the last [6.1s]
[2019-12-16T07:35:44,104][WARN ][o.e.m.j.JvmGcMonitorService] [Aw68EwP] [gc][3483785] overhead, spent [549ms] collecting in the last [1s]
[2019-12-16T07:39:02,351][WARN ][o.e.m.j.JvmGcMonitorService] [Aw68EwP] [gc][young][3483974][332782] duration [8.5s], collections [1]/[8.9s], total [8.5s]/[2.5h], memory [664.2mb]->[531.3mb]/[1.9gb], all_pools {[young] [130.3mb]->[327.7kb]/[133.1mb]}{[survivor] [4.7mb]->[1.8mb]/[16.6mb]}{[old] [529.2mb]->[529.2mb]/[1.8gb]}
[2019-12-16T07:39:03,159][WARN ][o.e.m.j.JvmGcMonitorService] [Aw68EwP] [gc][3483974] overhead, spent [8.5s] collecting in the last [8.9s]
[2019-12-16T07:39:24,717][INFO ][o.e.m.j.JvmGcMonitorService] [Aw68EwP] [gc][3483995] overhead, spent [671ms] collecting in the last [1.5s]
[2019-12-16T07:39:49,826][WARN ][o.e.m.j.JvmGcMonitorService] [Aw68EwP] [gc][young][3484017][332784] duration [3.7s], collections [1]/[4s], total [3.7s]/[2.5h], memory [645.7mb]->[533.6mb]/[1.9gb], all_pools {[young] [107.6mb]->[481.7kb]/[133.1mb]}{[survivor] [8.8mb]->[3.3mb]/[16.6mb]}{[old] [529.2mb]->[529.7mb]/[1.8gb]}
[2019-12-16T07:39:49,828][WARN ][o.e.m.j.JvmGcMonitorService] [Aw68EwP] [gc][3484017] overhead, spent [3.7s] collecting in the last [4s]
[2019-12-16T07:41:04,735][WARN ][o.e.m.j.JvmGcMonitorService] [Aw68EwP] [gc][young][3484085][332787] duration [5.9s], collections [1]/[6.7s], total [5.9s]/[2.5h], memory [652.4mb]->[534.6mb]/[1.9gb], all_pools {[young] [118.4mb]->[395.5kb]/[133.1mb]}{[survivor] [4.2mb]->[4.5mb]/[16.6mb]}{[old] [529.7mb]->[529.7mb]/[1.8gb]}
[2019-12-16T07:41:10,638][WARN ][o.e.m.j.JvmGcMonitorService] [Aw68EwP] [gc][3484085] overhead, spent [5.9s] collecting in the last [6.7s]
[2019-12-16T07:42:22,545][WARN ][o.e.m.j.JvmGcMonitorService] [Aw68EwP] [gc][young][3484152][332788] duration [5.3s], collections [1]/[5.6s], total [5.3s]/[2.5h], memory [666.2mb]->[534.3mb]/[1.9gb], all_pools {[young] [131.9mb]->[570.1kb]/[133.1mb]}{[survivor] [4.5mb]->[3.6mb]/[16.6mb]}{[old] [529.7mb]->[530.1mb]/[1.8gb]}
[2019-12-16T07:42:22,585][WARN ][o.e.m.j.JvmGcMonitorService] [Aw68EwP] [gc][3484152] overhead, spent [5.3s] collecting in the last [5.6s]
[2019-12-16T07:43:32,957][WARN ][o.e.m.j.JvmGcMonitorService] [Aw68EwP] [gc][young][3484218][332789] duration [3.2s], collections [1]/[4.1s], total [3.2s]/[2.5h], memory [665.3mb]->[551mb]/[1.9gb], all_pools {[young] [131.5mb]->[1mb]/[133.1mb]}{[survivor] [3.6mb]->[16.6mb]/[16.6mb]}{[old] [530.1mb]->[533.2mb]/[1.8gb]}
[2019-12-16T07:43:33,312][WARN ][o.e.m.j.JvmGcMonitorService] [Aw68EwP] [gc][3484218] overhead, spent [3.2s] collecting in the last [4.1s]
[2019-12-16T07:44:05,440][INFO ][o.e.m.j.JvmGcMonitorService] [Aw68EwP] [gc][young][3484249][332798] duration [896ms], collections [1]/[1.3s], total [896ms]/[2.5h], memory [699.2mb]->[579.6mb]/[1.9gb], all_pools {[young] [109.8mb]->[34kb]/[133.1mb]}{[survivor] [13.2mb]->[3.4mb]/[16.6mb]}{[old] [576.1mb]->[576.1mb]/[1.8gb]}
[2019-12-16T07:44:05,477][WARN ][o.e.m.j.JvmGcMonitorService] [Aw68EwP] [gc][3484249] overhead, spent [896ms] collecting in the last [1.3s]
[2019-12-16T07:45:05,944][INFO ][o.e.m.j.JvmGcMonitorService] [Aw68EwP] [gc][3484309] overhead, spent [390ms] collecting in the last [1.3s]
[2019-12-16T07:46:45,635][INFO ][o.e.m.j.JvmGcMonitorService] [Aw68EwP] [gc][3484408] overhead, spent [507ms] collecting in the last [1.2s]
[2019-12-16T07:47:24,227][WARN ][o.e.m.j.JvmGcMonitorService] [Aw68EwP] [gc][young][3484445][332803] duration [1.9s], collections [1]/[2.4s], total [1.9s]/[2.5h], memory [708.6mb]->[580.3mb]/[1.9gb], all_pools {[young] [122.2mb]->[12.4kb]/[133.1mb]}{[survivor] [10.2mb]->[3.6mb]/[16.6mb]}{[old] [576.1mb]->[576.7mb]/[1.8gb]}
[2019-12-16T07:47:24,275][WARN ][o.e.m.j.JvmGcMonitorService] [Aw68EwP] [gc][3484445] overhead, spent [1.9s] collecting in the last [2.4s]
[2019-12-16T07:48:21,399][WARN ][o.e.m.j.JvmGcMonitorService] [Aw68EwP] [gc][3484502] overhead, spent [595ms] collecting in the last [1s]
[2019-12-16T07:48:34,805][WARN ][o.e.m.j.JvmGcMonitorService] [Aw68EwP] [gc][young][3484514][332806] duration [1.5s], collections [1]/[2.2s], total [1.5s]/[2.5h], memory [707.9mb]->[593.6mb]/[1.9gb], all_pools {[young] [114.3mb]->[1.2mb]/[133.1mb]}{[survivor] [13.4mb]->[11.3mb]/[16.6mb]}{[old] [580.1mb]->[581.1mb]/[1.8gb]}
[2019-12-16T07:48:34,904][WARN ][o.e.m.j.JvmGcMonitorService] [Aw68EwP] [gc][3484514] overhead, spent [1.5s] collecting in the last [2.2s]
[2019-12-16T07:48:50,135][INFO ][o.e.m.j.JvmGcMonitorService] [Aw68EwP] [gc][young][3484529][332810] duration [841ms], collections [1]/[1s], total [841ms]/[2.5h], memory [732.3mb]->[613.9mb]/[1.9gb], all_pools {[young] [129.1mb]->[1mb]/[133.1mb]}{[survivor] [7.4mb]->[16.6mb]/[16.6mb]}{[old] [595.7mb]->[596.3mb]/[1.8gb]}
[2019-12-16T07:48:50,178][WARN ][o.e.m.j.JvmGcMonitorService] [Aw68EwP] [gc][3484529] overhead, spent [841ms] collecting in the last [1s]
[2019-12-16T07:49:09,233][WARN ][o.e.m.j.JvmGcMonitorService] [Aw68EwP] [gc][3484548] overhead, spent [596ms] collecting in the last [1s]
[2019-12-16T07:49:21,559][WARN ][o.e.m.j.JvmGcMonitorService] [Aw68EwP] [gc][3484560] overhead, spent [692ms] collecting in the last [1.2s]
[2019-12-16T07:49:33,492][WARN ][o.e.m.j.JvmGcMonitorService] [Aw68EwP] [gc][young][3484571][332818] duration [1.2s], collections [1]/[1.4s], total [1.2s]/[2.5h], memory [701mb]->[622.5mb]/[1.9gb], all_pools {[young] [85.4mb]->[514kb]/[133.1mb]}{[survivor] [4.4mb]->[10.8mb]/[16.6mb]}{[old] [611.1mb]->[611.1mb]/[1.8gb]}
[2019-12-16T07:49:33,526][WARN ][o.e.m.j.JvmGcMonitorService] [Aw68EwP] [gc][3484571] overhead, spent [1.2s] collecting in the last [1.4s]
[2019-12-16T07:49:43,965][INFO ][o.e.m.j.JvmGcMonitorService] [Aw68EwP] [gc][3484581] overhead, spent [392ms] collecting in the last [1s]
[2019-12-16T07:50:21,389][WARN ][o.e.m.j.JvmGcMonitorService] [Aw68EwP] [gc][young][3484617][332823] duration [1.8s], collections [1]/[2s], total [1.8s]/[2.5h], memory [728.5mb]->[626.5mb]/[1.9gb], all_pools {[young] [108.8mb]->[4mb]/[133.1mb]}{[survivor] [3.3mb]->[6.1mb]/[16.6mb]}{[old] [616.3mb]->[616.3mb]/[1.8gb]}
[2019-12-16T07:50:21,629][WARN ][o.e.m.j.JvmGcMonitorService] [Aw68EwP] [gc][3484617] overhead, spent [1.8s] collecting in the last [2s]
[2019-12-16T07:51:19,752][INFO ][o.e.m.j.JvmGcMonitorService] [Aw68EwP] [gc][young][3484674][332829] duration [845ms], collections [1]/[1.8s], total [845ms]/[2.5h], memory [756.5mb]->[624.3mb]/[1.9gb], all_pools {[young] [132mb]->[133kb]/[133.1mb]}{[survivor] [2.4mb]->[2.1mb]/[16.6mb]}{[old] [622mb]->[622mb]/[1.8gb]}
[2019-12-16T07:51:19,853][INFO ][o.e.m.j.JvmGcMonitorService] [Aw68EwP] [gc][3484674] overhead, spent [845ms] collecting in the last [1.8s]
[2019-12-16T07:51:31,019][WARN ][o.e.m.j.JvmGcMonitorService] [Aw68EwP] [gc][young][3484684][332830] duration [1.4s], collections [1]/[1.8s], total [1.4s]/[2.5h], memory [734.9mb]->[626mb]/[1.9gb], all_pools {[young] [110.7mb]->[872.1kb]/[133.1mb]}{[survivor] [2.1mb]->[3.9mb]/[16.6mb]}{[old] [622mb]->[622mb]/[1.8gb]}
[2019-12-16T07:51:31,048][WARN ][o.e.m.j.JvmGcMonitorService] [Aw68EwP] [gc][3484684] overhead, spent [1.4s] collecting in the last [1.8s]
[2019-12-16T07:51:34,578][INFO ][o.e.m.j.JvmGcMonitorService] [Aw68EwP] [gc][3484687] overhead, spent [470ms] collecting in the last [1.4s]
[2019-12-16T07:51:43,923][INFO ][o.e.m.j.JvmGcMonitorService] [Aw68EwP] [gc][young][3484696][332832] duration [992ms], collections [1]/[1s], total [992ms]/[2.5h], memory [758.1mb]->[627.4mb]/[1.9gb], all_pools {[young] [131mb]->[139.1kb]/[133.1mb]}{[survivor] [4.6mb]->[4.8mb]/[16.6mb]}{[old] [622.3mb]->[622.5mb]/[1.8gb]}
[2019-12-16T07:51:43,981][WARN ][o.e.m.j.JvmGcMonitorService] [Aw68EwP] [gc][3484696] overhead, spent [992ms] collecting in the last [1s]
[2019-12-16T07:52:25,480][INFO ][o.e.m.j.JvmGcMonitorService] [Aw68EwP] [gc][young][3484737][332833] duration [749ms], collections [1]/[1.3s], total [749ms]/[2.5h], memory [736.7mb]->[639.6mb]/[1.9gb], all_pools {[young] [109.3mb]->[520.4kb]/[133.1mb]}{[survivor] [4.8mb]->[16.1mb]/[16.6mb]}{[old] [622.5mb]->[623mb]/[1.8gb]}
[2019-12-16T07:52:25,630][WARN ][o.e.m.j.JvmGcMonitorService] [Aw68EwP] [gc][3484737] overhead, spent [749ms] collecting in the last [1.3s]
[2019-12-16T07:52:31,800][INFO ][o.e.m.j.JvmGcMonitorService] [Aw68EwP] [gc][young][3484743][332834] duration [719ms], collections [1]/[1.1s], total [719ms]/[2.5h], memory [728.4mb]->[637.9mb]/[1.9gb], all_pools {[young] [89.2mb]->[514.4kb]/[133.1mb]}{[survivor] [16.1mb]->[11.9mb]/[16.6mb]}{[old] [623mb]->[625.4mb]/[1.8gb]}
[2019-12-16T07:52:31,814][WARN ][o.e.m.j.JvmGcMonitorService] [Aw68EwP] [gc][3484743] overhead, spent [719ms] collecting in the last [1.1s]
[2019-12-16T07:53:07,541][INFO ][o.e.m.j.JvmGcMonitorService] [Aw68EwP] [gc][young][3484778][332836] duration [883ms], collections [1]/[1.5s], total [883ms]/[2.5h], memory [749mb]->[638.4mb]/[1.9gb], all_pools {[young] [114.6mb]->[933.3kb]/[133.1mb]}{[survivor] [8.8mb]->[12mb]/[16.6mb]}{[old] [625.4mb]->[625.4mb]/[1.8gb]}
[2019-12-16T07:53:07,882][WARN ][o.e.m.j.JvmGcMonitorService] [Aw68EwP] [gc][3484778] overhead, spent [883ms] collecting in the last [1.5s]
[2019-12-16T07:53:15,721][INFO ][o.e.m.j.JvmGcMonitorService] [Aw68EwP] [gc][young][3484785][332837] duration [915ms], collections [1]/[1.7s], total [915ms]/[2.5h], memory [769.2mb]->[645.4mb]/[1.9gb], all_pools {[young] [131.7mb]->[1008.4kb]/[133.1mb]}{[survivor] [12mb]->[16.6mb]/[16.6mb]}{[old] [625.4mb]->[627.8mb]/[1.8gb]}
[2019-12-16T07:53:15,772][WARN ][o.e.m.j.JvmGcMonitorService] [Aw68EwP] [gc][3484785] overhead, spent [915ms] collecting in the last [1.7s]
[2019-12-16T07:53:47,291][INFO ][o.e.m.j.JvmGcMonitorService] [Aw68EwP] [gc][3484816] overhead, spent [585ms] collecting in the last [1.4s]
[2019-12-16T07:54:04,009][INFO ][o.e.m.j.JvmGcMonitorService] [Aw68EwP] [gc][3484832] overhead, spent [634ms] collecting in the last [1.4s]
[2019-12-16T07:54:21,350][WARN ][o.e.m.j.JvmGcMonitorService] [Aw68EwP] [gc][3484849] overhead, spent [664ms] collecting in the last [1.1s]
[2019-12-16T07:54:53,395][WARN ][o.e.m.j.JvmGcMonitorService] [Aw68EwP] [gc][young][3484879][332854] duration [2.1s], collections [1]/[2.7s], total [2.1s]/[2.5h], memory [709.5mb]->[654.4mb]/[1.9gb], all_pools {[young] [61mb]->[2kb]/[133.1mb]}{[survivor] [4.7mb]->[10.1mb]/[16.6mb]}{[old] [643.7mb]->[644.3mb]/[1.8gb]}
[2019-12-16T07:54:53,611][WARN ][o.e.m.j.JvmGcMonitorService] [Aw68EwP] [gc][3484879] overhead, spent [2.1s] collecting in the last [2.7s]
[2019-12-16T07:55:27,208][WARN ][o.e.m.j.JvmGcMonitorService] [Aw68EwP] [gc][young][3484908][332860] duration [2.6s], collections [1]/[3.4s], total [2.6s]/[2.5h], memory [779.2mb]->[680.7mb]/[1.9gb], all_pools {[young] [103.9mb]->[1.4mb]/[133.1mb]}{[survivor] [11.7mb]->[13.3mb]/[16.6mb]}{[old] [663.5mb]->[665.8mb]/[1.8gb]}
[2019-12-16T07:55:27,658][WARN ][o.e.m.j.JvmGcMonitorService] [Aw68EwP] [gc][3484908] overhead, spent [2.6s] collecting in the last [3.4s]
[2019-12-16T07:55:59,479][WARN ][o.e.m.j.JvmGcMonitorService] [Aw68EwP] [gc][young][3484938][332862] duration [1.5s], collections [1]/[2.1s], total [1.5s]/[2.5h], memory [809.8mb]->[673.2mb]/[1.9gb], all_pools {[young] [132.9mb]->[2.7mb]/[133.1mb]}{[survivor] [10.1mb]->[3.8mb]/[16.6mb]}{[old] [666.6mb]->[666.6mb]/[1.8gb]}
[2019-12-16T07:55:59,531][WARN ][o.e.m.j.JvmGcMonitorService] [Aw68EwP] [gc][3484938] overhead, spent [1.5s] collecting in the last [2.1s]
[2019-12-16T07:57:02,823][WARN ][o.e.m.j.JvmGcMonitorService] [Aw68EwP] [gc][young][3485000][332863] duration [1.6s], collections [1]/[2s], total [1.6s]/[2.5h], memory [798.4mb]->[681.2mb]/[1.9gb], all_pools {[young] [127.9mb]->[174.1kb]/[133.1mb]}{[survivor] [3.8mb]->[14.3mb]/[16.6mb]}{[old] [666.6mb]->[666.6mb]/[1.8gb]}
[2019-12-16T07:57:02,867][WARN ][o.e.m.j.JvmGcMonitorService] [Aw68EwP] [gc][3485000] overhead, spent [1.6s] collecting in the last [2s]
[2019-12-16T07:57:09,064][INFO ][o.e.m.j.JvmGcMonitorService] [Aw68EwP] [gc][3485006] overhead, spent [297ms] collecting in the last [1.1s]
[2019-12-16T07:57:25,749][WARN ][o.e.m.j.JvmGcMonitorService] [Aw68EwP] [gc][young][3485020][332866] duration [2.5s], collections [1]/[2.8s], total [2.5s]/[2.5h], memory [800.1mb]->[684.2mb]/[1.9gb], all_pools {[young] [126.9mb]->[942.3kb]/[133.1mb]}{[survivor] [4.9mb]->[14.9mb]/[16.6mb]}{[old] [668.3mb]->[668.3mb]/[1.8gb]}
[2019-12-16T07:57:25,926][WARN ][o.e.m.j.JvmGcMonitorService] [Aw68EwP] [gc][3485020] overhead, spent [2.5s] collecting in the last [2.8s]
[2019-12-16T07:57:34,114][INFO ][o.e.m.j.JvmGcMonitorService] [Aw68EwP] [gc][3485028] overhead, spent [286ms] collecting in the last [1s]
[2019-12-16T07:57:37,117][INFO ][o.e.m.j.JvmGcMonitorService] [Aw68EwP] [gc][3485031] overhead, spent [300ms] collecting in the last [1s]
[2019-12-16T07:58:10,666][INFO ][o.e.m.j.JvmGcMonitorService] [Aw68EwP] [gc][young][3485062][332873] duration [973ms], collections [1]/[2.6s], total [973ms]/[2.5h], memory [749.4mb]->[686.5mb]/[1.9gb], all_pools {[young] [67.6mb]->[2.9mb]/[133.1mb]}{[survivor] [2mb]->[4.1mb]/[16.6mb]}{[old] [679.7mb]->[679.7mb]/[1.8gb]}
[2019-12-16T07:58:10,847][INFO ][o.e.m.j.JvmGcMonitorService] [Aw68EwP] [gc][3485062] overhead, spent [973ms] collecting in the last [2.6s]
[2019-12-16T07:58:17,381][INFO ][o.e.m.j.JvmGcMonitorService] [Aw68EwP] [gc][3485068] overhead, spent [332ms] collecting in the last [1s]
[2019-12-16T07:58:28,164][INFO ][o.e.m.j.JvmGcMonitorService] [Aw68EwP] [gc][young][3485078][332875] duration [832ms], collections [1]/[1.5s], total [832ms]/[2.5h], memory [810.8mb]->[695.7mb]/[1.9gb], all_pools {[young] [123.6mb]->[5.2mb]/[133.1mb]}{[survivor] [7.4mb]->[10.5mb]/[16.6mb]}{[old] [679.7mb]->[679.8mb]/[1.8gb]}
[2019-12-16T07:58:28,201][WARN ][o.e.m.j.JvmGcMonitorService] [Aw68EwP] [gc][3485078] overhead, spent [832ms] collecting in the last [1.5s]
[2019-12-16T07:58:53,971][INFO ][o.e.m.j.JvmGcMonitorService] [Aw68EwP] [gc][3485103] overhead, spent [620ms] collecting in the last [1.5s]
[2019-12-16T07:59:06,468][INFO ][o.e.m.j.JvmGcMonitorService] [Aw68EwP] [gc][young][3485115][332878] duration [767ms], collections [1]/[1.3s], total [767ms]/[2.5h], memory [816.8mb]->[699.3mb]/[1.9gb], all_pools {[young] [122.6mb]->[1.3mb]/[133.1mb]}{[survivor] [12.5mb]->[14.5mb]/[16.6mb]}{[old] [681.6mb]->[683.5mb]/[1.8gb]}
[2019-12-16T07:59:06,568][WARN ][o.e.m.j.JvmGcMonitorService] [Aw68EwP] [gc][3485115] overhead, spent [767ms] collecting in the last [1.3s]
[2019-12-16T07:59:19,431][WARN ][o.e.m.j.JvmGcMonitorService] [Aw68EwP] [gc][young][3485126][332881] duration [2.1s], collections [1]/[2.7s], total [2.1s]/[2.5h], memory [746.4mb]->[696.4mb]/[1.9gb], all_pools {[young] [56.7mb]->[243.4kb]/[133.1mb]}{[survivor] [5.1mb]->[11.6mb]/[16.6mb]}{[old] [684.5mb]->[684.5mb]/[1.8gb]}
[2019-12-16T07:59:19,486][WARN ][o.e.m.j.JvmGcMonitorService] [Aw68EwP] [gc][3485126] overhead, spent [2.1s] collecting in the last [2.7s]
[2019-12-16T07:59:24,488][INFO ][o.e.m.j.JvmGcMonitorService] [Aw68EwP] [gc][3485131] overhead, spent [276ms] collecting in the last [1s]
[2019-12-16T07:59:45,101][INFO ][o.e.m.j.JvmGcMonitorService] [Aw68EwP] [gc][3485151] overhead, spent [588ms] collecting in the last [1.4s]
[2019-12-16T07:59:59,381][INFO ][o.e.m.j.JvmGcMonitorService] [Aw68EwP] [gc][young][3485163][332890] duration [740ms], collections [1]/[1.4s], total [740ms]/[2.5h], memory [774.1mb]->[704.9mb]/[1.9gb], all_pools {[young] [74.7mb]->[8.6mb]/[133.1mb]}{[survivor] [10.4mb]->[8.2mb]/[16.6mb]}{[old] [688.8mb]->[688.8mb]/[1.8gb]}
[2019-12-16T07:59:59,429][WARN ][o.e.m.j.JvmGcMonitorService] [Aw68EwP] [gc][3485163] overhead, spent [740ms] collecting in the last [1.4s]
[2019-12-16T08:00:19,331][WARN ][o.e.m.j.JvmGcMonitorService] [Aw68EwP] [gc][young][3485182][332891] duration [1.1s], collections [1]/[1.7s], total [1.1s]/[2.5h], memory [803.9mb]->[705.2mb]/[1.9gb], all_pools {[young] [106.7mb]->[522.2kb]/[133.1mb]}{[survivor] [8.2mb]->[15.9mb]/[16.6mb]}{[old] [688.8mb]->[688.8mb]/[1.8gb]}
[2019-12-16T08:00:19,381][WARN ][o.e.m.j.JvmGcMonitorService] [Aw68EwP] [gc][3485182] overhead, spent [1.1s] collecting in the last [1.7s]
[2019-12-16T08:01:04,363][WARN ][o.e.m.j.JvmGcMonitorService] [Aw68EwP] [gc][young][3485215][332894] duration [12.5s], collections [1]/[12.8s], total [12.5s]/[2.5h], memory [833.1mb]->[695.3mb]/[1.9gb], all_pools {[young] [131.1mb]->[1003.8kb]/[133.1mb]}{[survivor] [10.4mb]->[2.7mb]/[16.6mb]}{[old] [691.5mb]->[691.5mb]/[1.8gb]}
[2019-12-16T08:01:04,428][WARN ][o.e.m.j.JvmGcMonitorService] [Aw68EwP] [gc][3485215] overhead, spent [12.5s] collecting in the last [12.8s]
[2019-12-16T08:01:53,530][INFO ][o.e.c.m.MetaDataCreateIndexService] [Aw68EwP] [filebeat-2019.12.16] creating index, cause [auto(bulk api)], templates [filebeat], shards [5]/[1], mappings [_default_]
[2019-12-16T08:02:10,299][WARN ][o.e.m.j.JvmGcMonitorService] [Aw68EwP] [gc][young][3485278][332895] duration [1.4s], collections [1]/[1.5s], total [1.4s]/[2.5h], memory [826mb]->[694.9mb]/[1.9gb], all_pools {[young] [131.7mb]->[453kb]/[133.1mb]}{[survivor] [2.7mb]->[2.9mb]/[16.6mb]}{[old] [691.5mb]->[691.5mb]/[1.8gb]}
[2019-12-16T08:02:10,335][WARN ][o.e.m.j.JvmGcMonitorService] [Aw68EwP] [gc][3485278] overhead, spent [1.4s] collecting in the last [1.5s]
[2019-12-16T08:02:16,232][WARN ][o.e.c.s.ClusterService   ] [Aw68EwP] cluster state update task [create-index [filebeat-2019.12.16], cause [auto(bulk api)]] took [39.4s] above the warn threshold of 30s
[2019-12-16T08:02:34,434][INFO ][o.e.m.j.JvmGcMonitorService] [Aw68EwP] [gc][young][3485297][332899] duration [726ms], collections [1]/[5.3s], total [726ms]/[2.5h], memory [840.9mb]->[715.4mb]/[1.9gb], all_pools {[young] [129.8mb]->[3.1mb]/[133.1mb]}{[survivor] [3.1mb]->[4.3mb]/[16.6mb]}{[old] [707.9mb]->[707.9mb]/[1.8gb]}
[2019-12-16T08:02:43,191][INFO ][o.e.c.m.MetaDataMappingService] [Aw68EwP] [filebeat-2019.12.16/WPlEAsrmRQuTX6d8CyEBhQ] create_mapping [doc]
[2019-12-16T08:02:55,727][WARN ][o.e.m.j.JvmGcMonitorService] [Aw68EwP] [gc][young][3485316][332902] duration [1.8s], collections [1]/[2s], total [1.8s]/[2.5h], memory [827.5mb]->[712.5mb]/[1.9gb], all_pools {[young] [114.7mb]->[46.3kb]/[133.1mb]}{[survivor] [4.8mb]->[4.5mb]/[16.6mb]}{[old] [707.9mb]->[707.9mb]/[1.8gb]}
[2019-12-16T08:02:55,735][WARN ][o.e.m.j.JvmGcMonitorService] [Aw68EwP] [gc][3485316] overhead, spent [1.8s] collecting in the last [2s]
[2019-12-16T08:04:20,263][WARN ][o.e.m.j.JvmGcMonitorService] [Aw68EwP] [gc][young][3485398][332904] duration [2.5s], collections [1]/[3.3s], total [2.5s]/[2.5h], memory [845.5mb]->[714.5mb]/[1.9gb], all_pools {[young] [132.3mb]->[2.3mb]/[133.1mb]}{[survivor] [5.2mb]->[3.5mb]/[16.6mb]}{[old] [707.9mb]->[708.5mb]/[1.8gb]}
[2019-12-16T08:04:20,340][WARN ][o.e.m.j.JvmGcMonitorService] [Aw68EwP] [gc][3485398] overhead, spent [2.5s] collecting in the last [3.3s]
[2019-12-16T08:04:29,902][INFO ][o.e.m.j.JvmGcMonitorService] [Aw68EwP] [gc][3485407] overhead, spent [679ms] collecting in the last [1.4s]
[2019-12-16T08:04:36,429][WARN ][o.e.m.j.JvmGcMonitorService] [Aw68EwP] [gc][young][3485412][332906] duration [1.4s], collections [1]/[2.4s], total [1.4s]/[2.5h], memory [817.4mb]->[720.9mb]/[1.9gb], all_pools {[young] [102.7mb]->[1.3mb]/[133.1mb]}{[survivor] [5.7mb]->[10mb]/[16.6mb]}{[old] [708.8mb]->[709.5mb]/[1.8gb]}
[2019-12-16T08:04:36,470][WARN ][o.e.m.j.JvmGcMonitorService] [Aw68EwP] [gc][3485412] overhead, spent [1.4s] collecting in the last [2.4s]
[2019-12-16T08:04:40,557][WARN ][o.e.m.j.JvmGcMonitorService] [Aw68EwP] [gc][3485416] overhead, spent [634ms] collecting in the last [1s]
[2019-12-16T08:04:50,757][INFO ][o.e.m.j.JvmGcMonitorService] [Aw68EwP] [gc][3485426] overhead, spent [522ms] collecting in the last [1.1s]
[2019-12-16T08:06:58,250][INFO ][o.e.m.j.JvmGcMonitorService] [Aw68EwP] [gc][3485553] overhead, spent [423ms] collecting in the last [1.3s]
[2019-12-16T08:08:13,370][INFO ][o.e.m.j.JvmGcMonitorService] [Aw68EwP] [gc][young][3485628][332912] duration [704ms], collections [1]/[1s], total [704ms]/[2.5h], memory [848.9mb]->[717.2mb]/[1.9gb], all_pools {[young] [132.7mb]->[1.5mb]/[133.1mb]}{[survivor] [2.6mb]->[2.2mb]/[16.6mb]}{[old] [713.5mb]->[713.5mb]/[1.8gb]}
[2019-12-16T08:08:13,374][WARN ][o.e.m.j.JvmGcMonitorService] [Aw68EwP] [gc][3485628] overhead, spent [704ms] collecting in the last [1s]
[2019-12-16T08:11:59,461][WARN ][o.e.m.j.JvmGcMonitorService] [Aw68EwP] [gc][young][3485851][332915] duration [3.1s], collections [1]/[3.8s], total [3.1s]/[2.5h], memory [850mb]->[716.9mb]/[1.9gb], all_pools {[young] [132.1mb]->[510.8kb]/[133.1mb]}{[survivor] [3.2mb]->[1.8mb]/[16.6mb]}{[old] [714.6mb]->[714.6mb]/[1.8gb]}
[2019-12-16T08:11:59,519][WARN ][o.e.m.j.JvmGcMonitorService] [Aw68EwP] [gc][3485851] overhead, spent [3.1s] collecting in the last [3.8s]
[2019-12-16T08:17:07,748][WARN ][o.e.m.j.JvmGcMonitorService] [Aw68EwP] [gc][young][3486155][332919] duration [1.9s], collections [1]/[2.2s], total [1.9s]/[2.5h], memory [848.6mb]->[716.2mb]/[1.9gb], all_pools {[young] [131.8mb]->[32.3kb]/[133.1mb]}{[survivor] [2mb]->[1.4mb]/[16.6mb]}{[old] [714.8mb]->[714.8mb]/[1.8gb]}
[2019-12-16T08:17:09,232][WARN ][o.e.m.j.JvmGcMonitorService] [Aw68EwP] [gc][3486155] overhead, spent [1.9s] collecting in the last [2.2s]
[2019-12-16T08:28:17,684][WARN ][o.e.m.j.JvmGcMonitorService] [Aw68EwP] [gc][young][3486801][332927] duration [18.6s], collections [1]/[18.9s], total [18.6s]/[2.5h], memory [849.3mb]->[718.4mb]/[1.9gb], all_pools {[young] [132.4mb]->[1.6mb]/[133.1mb]}{[survivor] [1.3mb]->[1.2mb]/[16.6mb]}{[old] [715.5mb]->[715.5mb]/[1.8gb]}
[2019-12-16T08:28:19,757][WARN ][o.e.m.j.JvmGcMonitorService] [Aw68EwP] [gc][3486801] overhead, spent [18.6s] collecting in the last [18.9s]
[2019-12-16T08:29:48,306][INFO ][o.e.m.j.JvmGcMonitorService] [Aw68EwP] [gc][3486889] overhead, spent [480ms] collecting in the last [1.4s]
[2019-12-16T08:32:50,800][WARN ][o.e.m.j.JvmGcMonitorService] [Aw68EwP] [gc][young][3487054][332930] duration [15.5s], collections [1]/[16.3s], total [15.5s]/[2.5h], memory [826.6mb]->[718mb]/[1.9gb], all_pools {[young] [110mb]->[1.1mb]/[133.1mb]}{[survivor] [1mb]->[1.3mb]/[16.6mb]}{[old] [715.5mb]->[715.5mb]/[1.8gb]}
[2019-12-16T08:32:52,375][WARN ][o.e.m.j.JvmGcMonitorService] [Aw68EwP] [gc][3487054] overhead, spent [15.5s] collecting in the last [16.3s]
[2019-12-16T08:35:41,227][INFO ][o.e.m.j.JvmGcMonitorService] [Aw68EwP] [gc][3487222] overhead, spent [626ms] collecting in the last [1.3s]
[2019-12-16T08:37:22,881][WARN ][o.e.m.j.JvmGcMonitorService] [Aw68EwP] [gc][young][3487320][332933] duration [3.2s], collections [1]/[3.7s], total [3.2s]/[2.5h], memory [849.1mb]->[716.3mb]/[1.9gb], all_pools {[young] [133mb]->[152kb]/[133.1mb]}{[survivor] [541.4kb]->[589kb]/[16.6mb]}{[old] [715.5mb]->[715.6mb]/[1.8gb]}
[2019-12-16T08:37:23,218][WARN ][o.e.m.j.JvmGcMonitorService] [Aw68EwP] [gc][3487320] overhead, spent [3.2s] collecting in the last [3.7s]
[2019-12-16T08:40:22,292][WARN ][o.e.m.j.JvmGcMonitorService] [Aw68EwP] [gc][young][3487490][332935] duration [5.9s], collections [1]/[8.1s], total [5.9s]/[2.5h], memory [841.3mb]->[717.8mb]/[1.9gb], all_pools {[young] [124.2mb]->[843.7kb]/[133.1mb]}{[survivor] [1.4mb]->[1.4mb]/[16.6mb]}{[old] [715.6mb]->[715.6mb]/[1.8gb]}
[2019-12-16T08:40:22,785][WARN ][o.e.m.j.JvmGcMonitorService] [Aw68EwP] [gc][3487490] overhead, spent [5.9s] collecting in the last [8.1s]
[2019-12-16T08:47:05,037][WARN ][o.e.m.j.JvmGcMonitorService] [Aw68EwP] [gc][young][3487832][332939] duration [51.7s], collections [1]/[54.7s], total [51.7s]/[2.5h], memory [837.6mb]->[717.6mb]/[1.9gb], all_pools {[young] [120.7mb]->[859.5kb]/[133.1mb]}{[survivor] [1.2mb]->[1.1mb]/[16.6mb]}{[old] [715.6mb]->[715.7mb]/[1.8gb]}
[2019-12-16T08:47:08,798][WARN ][o.e.m.j.JvmGcMonitorService] [Aw68EwP] [gc][3487832] overhead, spent [51.7s] collecting in the last [54.7s]
[2019-12-16T08:54:23,878][WARN ][o.e.m.j.JvmGcMonitorService] [Aw68EwP] [gc][young][3488242][332944] duration [19.8s], collections [1]/[20.2s], total [19.8s]/[2.5h], memory [848.8mb]->[716.6mb]/[1.9gb], all_pools {[young] [131.9mb]->[451.5kb]/[133.1mb]}{[survivor] [1.1mb]->[503.9kb]/[16.6mb]}{[old] [715.7mb]->[715.7mb]/[1.8gb]}
[2019-12-16T08:54:26,436][WARN ][o.e.m.j.JvmGcMonitorService] [Aw68EwP] [gc][3488242] overhead, spent [19.8s] collecting in the last [20.2s]
[2019-12-16T09:02:02,891][WARN ][o.e.m.j.JvmGcMonitorService] [Aw68EwP] [gc][young][3488693][332950] duration [1.3s], collections [1]/[2s], total [1.3s]/[2.5h], memory [820.8mb]->[718mb]/[1.9gb], all_pools {[young] [103.8mb]->[897.9kb]/[133.1mb]}{[survivor] [1.1mb]->[1.3mb]/[16.6mb]}{[old] [715.8mb]->[715.8mb]/[1.8gb]}
[2019-12-16T09:02:05,381][WARN ][o.e.m.j.JvmGcMonitorService] [Aw68EwP] [gc][3488693] overhead, spent [1.3s] collecting in the last [2s]
[2019-12-16T09:14:39,978][WARN ][o.e.m.j.JvmGcMonitorService] [Aw68EwP] [gc][young][3489397][332959] duration [43.2s], collections [1]/[45.5s], total [43.2s]/[2.5h], memory [848.2mb]->[718.4mb]/[1.9gb], all_pools {[young] [131mb]->[1.2mb]/[133.1mb]}{[survivor] [1.1mb]->[1.2mb]/[16.6mb]}{[old] [715.9mb]->[715.9mb]/[1.8gb]}
[2019-12-16T09:14:42,796][WARN ][o.e.m.j.JvmGcMonitorService] [Aw68EwP] [gc][3489397] overhead, spent [43.2s] collecting in the last [45.5s]
[2019-12-16T09:19:05,558][WARN ][o.e.m.j.JvmGcMonitorService] [Aw68EwP] [gc][young][3489647][332962] duration [12.9s], collections [1]/[13.3s], total [12.9s]/[2.5h], memory [850.1mb]->[718.4mb]/[1.9gb], all_pools {[young] [132.5mb]->[1.1mb]/[133.1mb]}{[survivor] [1.6mb]->[1.2mb]/[16.6mb]}{[old] [716mb]->[716mb]/[1.8gb]}
[2019-12-16T09:19:05,782][WARN ][o.e.m.j.JvmGcMonitorService] [Aw68EwP] [gc][3489647] overhead, spent [12.9s] collecting in the last [13.3s]
[2019-12-16T09:24:44,837][WARN ][o.e.m.j.JvmGcMonitorService] [Aw68EwP] [gc][young][3489973][332966] duration [8.7s], collections [1]/[9.3s], total [8.7s]/[2.6h], memory [830.6mb]->[717.7mb]/[1.9gb], all_pools {[young] [113.5mb]->[298.7kb]/[133.1mb]}{[survivor] [1mb]->[1.3mb]/[16.6mb]}{[old] [716mb]->[716mb]/[1.8gb]}
[2019-12-16T09:24:46,594][WARN ][o.e.m.j.JvmGcMonitorService] [Aw68EwP] [gc][3489973] overhead, spent [8.7s] collecting in the last [9.3s]
[2019-12-16T09:29:19,846][WARN ][o.e.m.j.JvmGcMonitorService] [Aw68EwP] [gc][young][3490207][332969] duration [37.3s], collections [1]/[38.4s], total [37.3s]/[2.6h], memory [850.6mb]->[716.7mb]/[1.9gb], all_pools {[young] [133.1mb]->[93.9kb]/[133.1mb]}{[survivor] [1.4mb]->[497.2kb]/[16.6mb]}{[old] [716.1mb]->[716.1mb]/[1.8gb]}
[2019-12-16T09:29:21,144][WARN ][o.e.m.j.JvmGcMonitorService] [Aw68EwP] [gc][3490207] overhead, spent [37.3s] collecting in the last [38.4s]
[2019-12-16T09:44:29,104][INFO ][o.e.m.j.JvmGcMonitorService] [Aw68EwP] [gc][3491111] overhead, spent [278ms] collecting in the last [1s]
[2019-12-16T09:48:33,615][WARN ][o.e.m.j.JvmGcMonitorService] [Aw68EwP] [gc][young][3491347][332984] duration [2.7s], collections [1]/[3.5s], total [2.7s]/[2.6h], memory [826.7mb]->[718.7mb]/[1.9gb], all_pools {[young] [108.7mb]->[663.7kb]/[133.1mb]}{[survivor] [1.7mb]->[1.7mb]/[16.6mb]}{[old] [716.3mb]->[716.3mb]/[1.8gb]}
[2019-12-16T09:48:33,706][WARN ][o.e.m.j.JvmGcMonitorService] [Aw68EwP] [gc][3491347] overhead, spent [2.7s] collecting in the last [3.5s]
[2019-12-16T09:51:02,351][WARN ][o.e.m.j.JvmGcMonitorService] [Aw68EwP] [gc][young][3491456][332985] duration [35.8s], collections [1]/[36.4s], total [35.8s]/[2.6h], memory [851.1mb]->[718.2mb]/[1.9gb], all_pools {[young] [133mb]->[1.1mb]/[133.1mb]}{[survivor] [1.7mb]->[652.6kb]/[16.6mb]}{[old] [716.3mb]->[716.4mb]/[1.8gb]}
[2019-12-16T09:51:07,587][WARN ][o.e.m.j.JvmGcMonitorService] [Aw68EwP] [gc][3491456] overhead, spent [35.8s] collecting in the last [36.4s]
[2019-12-16T09:53:13,129][WARN ][o.e.m.j.JvmGcMonitorService] [Aw68EwP] [gc][young][3491561][332986] duration [17.1s], collections [1]/[17.6s], total [17.1s]/[2.6h], memory [844.4mb]->[718.4mb]/[1.9gb], all_pools {[young] [127.4mb]->[973.1kb]/[133.1mb]}{[survivor] [652.6kb]->[1.1mb]/[16.6mb]}{[old] [716.4mb]->[716.4mb]/[1.8gb]}
[2019-12-16T09:53:15,107][WARN ][o.e.m.j.JvmGcMonitorService] [Aw68EwP] [gc][3491561] overhead, spent [17.1s] collecting in the last [17.6s]
[2019-12-16T09:55:55,356][WARN ][o.e.m.j.JvmGcMonitorService] [Aw68EwP] [gc][young][3491714][332988] duration [7.1s], collections [1]/[8.1s], total [7.1s]/[2.6h], memory [850.4mb]->[717.1mb]/[1.9gb], all_pools {[young] [133.1mb]->[340kb]/[133.1mb]}{[survivor] [918.3kb]->[427.1kb]/[16.6mb]}{[old] [716.4mb]->[716.4mb]/[1.8gb]}
[2019-12-16T09:55:55,356][WARN ][o.e.m.j.JvmGcMonitorService] [Aw68EwP] [gc][3491714] overhead, spent [7.1s] collecting in the last [8.1s]
[2019-12-16T10:02:12,392][WARN ][o.e.m.j.JvmGcMonitorService] [Aw68EwP] [gc][young][3492024][332991] duration [59.4s], collections [1]/[1m], total [59.4s]/[2.6h], memory [850.8mb]->[717.6mb]/[1.9gb], all_pools {[young] [132.8mb]->[701.6kb]/[133.1mb]}{[survivor] [1.5mb]->[565.4kb]/[16.6mb]}{[old] [716.4mb]->[716.4mb]/[1.8gb]}
[2019-12-16T10:02:18,200][WARN ][o.e.m.j.JvmGcMonitorService] [Aw68EwP] [gc][3492024] overhead, spent [59.4s] collecting in the last [1m]
[2019-12-16T10:08:22,362][WARN ][o.e.m.j.JvmGcMonitorService] [Aw68EwP] [gc][young][3492372][332995] duration [13.8s], collections [1]/[14s], total [13.8s]/[2.6h], memory [842.2mb]->[718.5mb]/[1.9gb], all_pools {[young] [123.7mb]->[856.1kb]/[133.1mb]}{[survivor] [2mb]->[1.1mb]/[16.6mb]}{[old] [716.5mb]->[716.5mb]/[1.8gb]}
[2019-12-16T10:08:22,527][WARN ][o.e.m.j.JvmGcMonitorService] [Aw68EwP] [gc][3492372] overhead, spent [13.8s] collecting in the last [14s]
[2019-12-16T10:12:35,465][WARN ][o.e.m.j.JvmGcMonitorService] [Aw68EwP] [gc][young][3492575][332997] duration [42s], collections [1]/[43.2s], total [42s]/[2.6h], memory [848mb]->[718.6mb]/[1.9gb], all_pools {[young] [130.3mb]->[967.9kb]/[133.1mb]}{[survivor] [1.1mb]->[1.1mb]/[16.6mb]}{[old] [716.5mb]->[716.5mb]/[1.8gb]}
[2019-12-16T10:12:36,064][WARN ][o.e.m.j.JvmGcMonitorService] [Aw68EwP] [gc][3492575] overhead, spent [42s] collecting in the last [43.2s]
[2019-12-16T10:16:07,588][WARN ][o.e.m.j.JvmGcMonitorService] [Aw68EwP] [gc][young][3492769][332999] duration [14.2s], collections [1]/[14.3s], total [14.2s]/[2.6h], memory [845.3mb]->[718.7mb]/[1.9gb], all_pools {[young] [126.6mb]->[993.1kb]/[133.1mb]}{[survivor] [1.9mb]->[1.1mb]/[16.6mb]}{[old] [716.6mb]->[716.6mb]/[1.8gb]}
[2019-12-16T10:16:10,651][WARN ][o.e.m.j.JvmGcMonitorService] [Aw68EwP] [gc][3492769] overhead, spent [14.2s] collecting in the last [14.3s]
[2019-12-16T10:17:41,240][WARN ][o.e.m.j.JvmGcMonitorService] [Aw68EwP] [gc][young][3492840][333000] duration [20.4s], collections [1]/[20.5s], total [20.4s]/[2.6h], memory [848.1mb]->[719.4mb]/[1.9gb], all_pools {[young] [130.2mb]->[1.1mb]/[133.1mb]}{[survivor] [1.1mb]->[1.7mb]/[16.6mb]}{[old] [716.6mb]->[716.6mb]/[1.8gb]}
[2019-12-16T10:17:41,393][WARN ][o.e.m.j.JvmGcMonitorService] [Aw68EwP] [gc][3492840] overhead, spent [20.4s] collecting in the last [20.5s]
[2019-12-16T10:19:16,417][INFO ][o.e.m.j.JvmGcMonitorService] [Aw68EwP] [gc][3492935] overhead, spent [350ms] collecting in the last [1s]
[2019-12-16T10:20:56,922][WARN ][o.e.m.j.JvmGcMonitorService] [Aw68EwP] [gc][young][3493026][333002] duration [7.9s], collections [1]/[8s], total [7.9s]/[2.6h], memory [850.7mb]->[717.8mb]/[1.9gb], all_pools {[young] [132.1mb]->[395.6kb]/[133.1mb]}{[survivor] [1.9mb]->[749.6kb]/[16.6mb]}{[old] [716.7mb]->[716.7mb]/[1.8gb]}
[2019-12-16T10:20:59,952][WARN ][o.e.m.j.JvmGcMonitorService] [Aw68EwP] [gc][3493026] overhead, spent [7.9s] collecting in the last [8s]
[2019-12-16T10:22:50,959][WARN ][o.e.m.j.JvmGcMonitorService] [Aw68EwP] [gc][young][3493099][333003] duration [35.4s], collections [1]/[36.1s], total [35.4s]/[2.6h], memory [830.9mb]->[732.7mb]/[1.9gb], all_pools {[young] [113.5mb]->[428.2kb]/[133.1mb]}{[survivor] [749.6kb]->[15.6mb]/[16.6mb]}{[old] [716.7mb]->[716.7mb]/[1.8gb]}
[2019-12-16T10:22:51,211][WARN ][o.e.m.j.JvmGcMonitorService] [Aw68EwP] [gc][3493099] overhead, spent [35.4s] collecting in the last [36.1s]
[2019-12-16T10:23:29,212][WARN ][o.e.m.j.JvmGcMonitorService] [Aw68EwP] [gc][young][3493119][333004] duration [16.9s], collections [1]/[16.9s], total [16.9s]/[2.6h], memory [838.8mb]->[723.3mb]/[1.9gb], all_pools {[young] [106.5mb]->[859.1kb]/[133.1mb]}{[survivor] [15.6mb]->[5.5mb]/[16.6mb]}{[old] [716.7mb]->[716.9mb]/[1.8gb]}
[2019-12-16T10:23:32,052][WARN ][o.e.m.j.JvmGcMonitorService] [Aw68EwP] [gc][3493119] overhead, spent [16.9s] collecting in the last [16.9s]
[2019-12-16T10:23:44,480][INFO ][o.e.m.j.JvmGcMonitorService] [Aw68EwP] [gc][3493130] overhead, spent [392ms] collecting in the last [1.2s]
[2019-12-16T10:25:31,261][WARN ][o.e.m.j.JvmGcMonitorService] [Aw68EwP] [gc][young][3493211][333006] duration [25.8s], collections [1]/[26.3s], total [25.8s]/[2.6h], memory [855.5mb]->[720.2mb]/[1.9gb], all_pools {[young] [130.8mb]->[660kb]/[133.1mb]}{[survivor] [7.7mb]->[2.6mb]/[16.6mb]}{[old] [716.9mb]->[716.9mb]/[1.8gb]}
[2019-12-16T10:25:31,368][WARN ][o.e.m.j.JvmGcMonitorService] [Aw68EwP] [gc][3493211] overhead, spent [25.8s] collecting in the last [26.3s]
[2019-12-16T10:28:19,045][WARN ][o.e.m.j.JvmGcMonitorService] [Aw68EwP] [gc][young][3493307][333007] duration [1m], collections [1]/[1m], total [1m]/[2.7h], memory [839.1mb]->[720.4mb]/[1.9gb], all_pools {[young] [119.5mb]->[360.1kb]/[133.1mb]}{[survivor] [2.6mb]->[3mb]/[16.6mb]}{[old] [716.9mb]->[716.9mb]/[1.8gb]}
[2019-12-16T10:28:23,127][WARN ][o.e.m.j.JvmGcMonitorService] [Aw68EwP] [gc][3493307] overhead, spent [1m] collecting in the last [1m]
[2019-12-16T10:29:33,484][WARN ][o.e.m.j.JvmGcMonitorService] [Aw68EwP] [gc][young][3493346][333008] duration [28.5s], collections [1]/[28.6s], total [28.5s]/[2.7h], memory [847.6mb]->[722.1mb]/[1.9gb], all_pools {[young] [127.5mb]->[990.3kb]/[133.1mb]}{[survivor] [3mb]->[4.2mb]/[16.6mb]}{[old] [716.9mb]->[716.9mb]/[1.8gb]}
[2019-12-16T10:29:34,395][WARN ][o.e.m.j.JvmGcMonitorService] [Aw68EwP] [gc][3493346] overhead, spent [28.5s] collecting in the last [28.6s]
[2019-12-16T10:29:47,777][WARN ][o.e.m.j.JvmGcMonitorService] [Aw68EwP] [gc][young][3493354][333009] duration [1.4s], collections [1]/[3.6s], total [1.4s]/[2.7h], memory [854.3mb]->[723mb]/[1.9gb], all_pools {[young] [133.1mb]->[426.2kb]/[133.1mb]}{[survivor] [4.2mb]->[5.6mb]/[16.6mb]}{[old] [716.9mb]->[716.9mb]/[1.8gb]}
[2019-12-16T10:29:47,777][INFO ][o.e.m.j.JvmGcMonitorService] [Aw68EwP] [gc][3493354] overhead, spent [1.4s] collecting in the last [3.6s]
[2019-12-16T10:32:29,815][WARN ][o.e.m.j.JvmGcMonitorService] [Aw68EwP] [gc][young][3493399][333010] duration [1.6m], collections [1]/[1.6m], total [1.6m]/[2.7h], memory [828.5mb]->[723.1mb]/[1.9gb], all_pools {[young] [105.8mb]->[782.6kb]/[133.1mb]}{[survivor] [5.6mb]->[5mb]/[16.6mb]}{[old] [716.9mb]->[717.4mb]/[1.8gb]}
[2019-12-16T10:33:42,415][WARN ][o.e.m.j.JvmGcMonitorService] [Aw68EwP] [gc][3493399] overhead, spent [1.6m] collecting in the last [1.6m]
[2019-12-16T10:33:48,042][WARN ][o.e.m.j.JvmGcMonitorService] [Aw68EwP] [gc][young][3493400][333011] duration [1m], collections [1]/[1.4m], total [1m]/[2.7h], memory [723.1mb]->[769.9mb]/[1.9gb], all_pools {[young] [782.6kb]->[49mb]/[133.1mb]}{[survivor] [5mb]->[5.7mb]/[16.6mb]}{[old] [717.4mb]->[717.6mb]/[1.8gb]}
[2019-12-16T10:33:48,120][WARN ][o.e.m.j.JvmGcMonitorService] [Aw68EwP] [gc][3493400] overhead, spent [1m] collecting in the last [1.4m]
[2019-12-16T10:34:42,933][WARN ][o.e.m.j.JvmGcMonitorService] [Aw68EwP] [gc][young][3493447][333012] duration [7.9s], collections [1]/[8.6s], total [7.9s]/[2.7h], memory [831.6mb]->[722.1mb]/[1.9gb], all_pools {[young] [108.1mb]->[296.8kb]/[133.1mb]}{[survivor] [5.7mb]->[3.9mb]/[16.6mb]}{[old] [717.6mb]->[717.9mb]/[1.8gb]}
[2019-12-16T10:34:42,933][WARN ][o.e.m.j.JvmGcMonitorService] [Aw68EwP] [gc][3493447] overhead, spent [7.9s] collecting in the last [8.6s]
[2019-12-16T10:36:02,568][WARN ][o.e.m.j.JvmGcMonitorService] [Aw68EwP] [gc][young][3493525][333013] duration [2.2s], collections [1]/[2.5s], total [2.2s]/[2.7h], memory [854.4mb]->[721.3mb]/[1.9gb], all_pools {[young] [132.6mb]->[11.7kb]/[133.1mb]}{[survivor] [3.9mb]->[3mb]/[16.6mb]}{[old] [717.9mb]->[718.2mb]/[1.8gb]}
[2019-12-16T10:36:02,568][WARN ][o.e.m.j.JvmGcMonitorService] [Aw68EwP] [gc][3493525] overhead, spent [2.2s] collecting in the last [2.5s]
[2019-12-16T10:42:30,545][WARN ][o.e.m.j.JvmGcMonitorService] [Aw68EwP] [gc][young][3493904][333018] duration [8.8s], collections [1]/[9.2s], total [8.8s]/[2.7h], memory [842.5mb]->[722.4mb]/[1.9gb], all_pools {[young] [120.6mb]->[292.5kb]/[133.1mb]}{[survivor] [2.8mb]->[2.7mb]/[16.6mb]}{[old] [719mb]->[719.3mb]/[1.8gb]}
[2019-12-16T10:42:37,904][WARN ][o.e.m.j.JvmGcMonitorService] [Aw68EwP] [gc][3493904] overhead, spent [8.8s] collecting in the last [9.2s]
[2019-12-16T10:45:23,781][INFO ][o.e.m.j.JvmGcMonitorService] [Aw68EwP] [gc][3494069] overhead, spent [690ms] collecting in the last [1.7s]
[2019-12-16T10:53:09,926][WARN ][o.e.m.j.JvmGcMonitorService] [Aw68EwP] [gc][young][3494386][333024] duration [2.3m], collections [1]/[2.3m], total [2.3m]/[2.8h], memory [844.5mb]->[722.5mb]/[1.9gb], all_pools {[young] [123.2mb]->[1mb]/[133.1mb]}{[survivor] [1.2mb]->[1.4mb]/[16.6mb]}{[old] [720mb]->[720mb]/[1.8gb]}
[2019-12-16T10:53:21,470][WARN ][o.e.m.j.JvmGcMonitorService] [Aw68EwP] [gc][3494386] overhead, spent [2.3m] collecting in the last [2.3m]
[2019-12-16T10:56:46,104][WARN ][o.e.m.j.JvmGcMonitorService] [Aw68EwP] [gc][young][3494496][333025] duration [1.3m], collections [1]/[1.4m], total [1.3m]/[2.8h], memory [852.6mb]->[722.6mb]/[1.9gb], all_pools {[young] [131.1mb]->[912.6kb]/[133.1mb]}{[survivor] [1.4mb]->[1.6mb]/[16.6mb]}{[old] [720mb]->[720mb]/[1.8gb]}
[2019-12-16T10:56:51,803][WARN ][o.e.m.j.JvmGcMonitorService] [Aw68EwP] [gc][3494496] overhead, spent [1.3m] collecting in the last [1.4m]
[2019-12-16T10:57:50,124][WARN ][o.e.m.j.JvmGcMonitorService] [Aw68EwP] [gc][young][3494540][333026] duration [10.8s], collections [1]/[11.7s], total [10.8s]/[2.8h], memory [839.1mb]->[722.7mb]/[1.9gb], all_pools {[young] [117.3mb]->[575.8kb]/[133.1mb]}{[survivor] [1.6mb]->[2.1mb]/[16.6mb]}{[old] [720mb]->[720mb]/[1.8gb]}
[2019-12-16T10:57:50,245][WARN ][o.e.m.j.JvmGcMonitorService] [Aw68EwP] [gc][3494540] overhead, spent [10.8s] collecting in the last [11.7s]
[2019-12-16T10:58:05,454][INFO ][o.e.m.j.JvmGcMonitorService] [Aw68EwP] [gc][3494550] overhead, spent [377ms] collecting in the last [1.4s]
[2019-12-16T10:58:25,087][INFO ][o.e.m.j.JvmGcMonitorService] [Aw68EwP] [gc][3494569] overhead, spent [331ms] collecting in the last [1.2s]
[2019-12-16T11:00:54,839][WARN ][o.e.m.j.JvmGcMonitorService] [Aw68EwP] [gc][young][3494687][333034] duration [20.5s], collections [1]/[21.7s], total [20.5s]/[2.8h], memory [857.8mb]->[738.8mb]/[1.9gb], all_pools {[young] [130.4mb]->[874.3kb]/[133.1mb]}{[survivor] [4.6mb]->[15.2mb]/[16.6mb]}{[old] [722.7mb]->[722.7mb]/[1.8gb]}
[2019-12-16T11:01:01,452][WARN ][o.e.m.j.JvmGcMonitorService] [Aw68EwP] [gc][3494687] overhead, spent [20.5s] collecting in the last [21.7s]
[2019-12-16T11:01:18,986][WARN ][o.e.m.j.JvmGcMonitorService] [Aw68EwP] [gc][young][3494702][333035] duration [2.4s], collections [1]/[3.3s], total [2.4s]/[2.8h], memory [867.7mb]->[732.1mb]/[1.9gb], all_pools {[young] [129.7mb]->[2.6mb]/[133.1mb]}{[survivor] [15.2mb]->[5.5mb]/[16.6mb]}{[old] [722.7mb]->[724mb]/[1.8gb]}
[2019-12-16T11:01:18,986][WARN ][o.e.m.j.JvmGcMonitorService] [Aw68EwP] [gc][3494702] overhead, spent [2.4s] collecting in the last [3.3s]
[2019-12-16T11:02:15,771][WARN ][o.e.m.j.JvmGcMonitorService] [Aw68EwP] [gc][young][3494750][333039] duration [4.7s], collections [1]/[5.2s], total [4.7s]/[2.8h], memory [857.4mb]->[727.5mb]/[1.9gb], all_pools {[young] [128.1mb]->[337.7kb]/[133.1mb]}{[survivor] [5.2mb]->[3.1mb]/[16.6mb]}{[old] [724mb]->[724mb]/[1.8gb]}
[2019-12-16T11:02:17,485][WARN ][o.e.m.j.JvmGcMonitorService] [Aw68EwP] [gc][3494750] overhead, spent [4.7s] collecting in the last [5.2s]
[2019-12-16T11:03:36,977][WARN ][o.e.m.j.JvmGcMonitorService] [Aw68EwP] [gc][young][3494787][333040] duration [39.5s], collections [1]/[40.9s], total [39.5s]/[2.8h], memory [857.6mb]->[737.7mb]/[1.9gb], all_pools {[young] [130.4mb]->[1.3mb]/[133.1mb]}{[survivor] [3.1mb]->[12.3mb]/[16.6mb]}{[old] [724mb]->[724mb]/[1.8gb]}
[2019-12-16T11:03:38,029][WARN ][o.e.m.j.JvmGcMonitorService] [Aw68EwP] [gc][3494787] overhead, spent [39.5s] collecting in the last [40.9s]
[2019-12-16T11:03:56,805][WARN ][o.e.m.j.JvmGcMonitorService] [Aw68EwP] [gc][young][3494794][333041] duration [10.9s], collections [1]/[11.8s], total [10.9s]/[2.8h], memory [852.8mb]->[743.8mb]/[1.9gb], all_pools {[young] [116.4mb]->[10.4mb]/[133.1mb]}{[survivor] [12.3mb]->[4.7mb]/[16.6mb]}{[old] [724mb]->[728.5mb]/[1.8gb]}
[2019-12-16T11:03:56,841][WARN ][o.e.m.j.JvmGcMonitorService] [Aw68EwP] [gc][3494794] overhead, spent [10.9s] collecting in the last [11.8s]
[2019-12-16T11:04:00,927][WARN ][o.e.m.j.JvmGcMonitorService] [Aw68EwP] [gc][young][3494797][333042] duration [1s], collections [1]/[2s], total [1s]/[2.8h], memory [836.6mb]->[734.4mb]/[1.9gb], all_pools {[young] [103.2mb]->[899.8kb]/[133.1mb]}{[survivor] [4.7mb]->[4.9mb]/[16.6mb]}{[old] [728.5mb]->[728.5mb]/[1.8gb]}
[2019-12-16T11:04:00,927][INFO ][o.e.m.j.JvmGcMonitorService] [Aw68EwP] [gc][3494797] overhead, spent [1s] collecting in the last [2s]
[2019-12-16T11:04:20,760][INFO ][o.e.m.j.JvmGcMonitorService] [Aw68EwP] [gc][young][3494815][333043] duration [747ms], collections [1]/[1.6s], total [747ms]/[2.8h], memory [848mb]->[738.4mb]/[1.9gb], all_pools {[young] [114.5mb]->[1.1mb]/[133.1mb]}{[survivor] [4.9mb]->[9.3mb]/[16.6mb]}{[old] [728.5mb]->[728.5mb]/[1.8gb]}
[2019-12-16T11:04:20,760][INFO ][o.e.m.j.JvmGcMonitorService] [Aw68EwP] [gc][3494815] overhead, spent [747ms] collecting in the last [1.6s]
[2019-12-16T11:05:37,152][WARN ][o.e.m.j.JvmGcMonitorService] [Aw68EwP] [gc][young][3494874][333044] duration [13.9s], collections [1]/[14.6s], total [13.9s]/[2.8h], memory [849.5mb]->[737.6mb]/[1.9gb], all_pools {[young] [111.6mb]->[1013.6kb]/[133.1mb]}{[survivor] [9.3mb]->[7.2mb]/[16.6mb]}{[old] [728.5mb]->[729.4mb]/[1.8gb]}
[2019-12-16T11:05:38,689][WARN ][o.e.m.j.JvmGcMonitorService] [Aw68EwP] [gc][3494874] overhead, spent [13.9s] collecting in the last [14.6s]
[2019-12-16T11:07:54,655][WARN ][o.e.m.j.JvmGcMonitorService] [Aw68EwP] [gc][young][3494970][333047] duration [35.5s], collections [1]/[37.2s], total [35.5s]/[2.8h], memory [854.5mb]->[733.5mb]/[1.9gb], all_pools {[young] [120.5mb]->[695.2kb]/[133.1mb]}{[survivor] [4.6mb]->[3.4mb]/[16.6mb]}{[old] [729.4mb]->[729.4mb]/[1.8gb]}
[2019-12-16T11:07:57,351][WARN ][o.e.m.j.JvmGcMonitorService] [Aw68EwP] [gc][3494970] overhead, spent [35.5s] collecting in the last [37.2s]
[2019-12-16T11:10:28,439][WARN ][o.e.m.j.JvmGcMonitorService] [Aw68EwP] [gc][3495121] overhead, spent [542ms] collecting in the last [1s]
[2019-12-16T11:11:49,198][WARN ][o.e.m.j.JvmGcMonitorService] [Aw68EwP] [gc][young][3495189][333050] duration [11.2s], collections [1]/[12.6s], total [11.2s]/[2.8h], memory [863.1mb]->[734.5mb]/[1.9gb], all_pools {[young] [130.3mb]->[685.3kb]/[133.1mb]}{[survivor] [2.9mb]->[3.3mb]/[16.6mb]}{[old] [729.7mb]->[730.5mb]/[1.8gb]}
[2019-12-16T11:11:49,722][WARN ][o.e.m.j.JvmGcMonitorService] [Aw68EwP] [gc][3495189] overhead, spent [11.2s] collecting in the last [12.6s]
[2019-12-16T11:14:13,499][WARN ][o.e.m.j.JvmGcMonitorService] [Aw68EwP] [gc][young][3495290][333051] duration [39.4s], collections [1]/[40s], total [39.4s]/[2.8h], memory [864.5mb]->[733.3mb]/[1.9gb], all_pools {[young] [130.6mb]->[99.5kb]/[133.1mb]}{[survivor] [3.3mb]->[2.3mb]/[16.6mb]}{[old] [730.5mb]->[730.9mb]/[1.8gb]}
[2019-12-16T11:14:17,891][WARN ][o.e.m.j.JvmGcMonitorService] [Aw68EwP] [gc][3495290] overhead, spent [39.4s] collecting in the last [40s]
[2019-12-16T11:16:45,070][INFO ][o.e.m.j.JvmGcMonitorService] [Aw68EwP] [gc][3495437] overhead, spent [264ms] collecting in the last [1s]
[2019-12-16T11:18:04,363][WARN ][o.e.m.j.JvmGcMonitorService] [Aw68EwP] [gc][young][3495505][333054] duration [7.5s], collections [1]/[8.4s], total [7.5s]/[2.8h], memory [848.9mb]->[734.1mb]/[1.9gb], all_pools {[young] [115.8mb]->[877.9kb]/[133.1mb]}{[survivor] [1.9mb]->[2.1mb]/[16.6mb]}{[old] [731.1mb]->[731.1mb]/[1.8gb]}
[2019-12-16T11:18:07,037][WARN ][o.e.m.j.JvmGcMonitorService] [Aw68EwP] [gc][3495505] overhead, spent [7.5s] collecting in the last [8.4s]
[2019-12-16T11:18:40,648][INFO ][o.e.m.j.JvmGcMonitorService] [Aw68EwP] [gc][3495538] overhead, spent [562ms] collecting in the last [1.3s]
[2019-12-16T11:19:03,654][INFO ][o.e.m.j.JvmGcMonitorService] [Aw68EwP] [gc][3495561] overhead, spent [288ms] collecting in the last [1s]
[2019-12-16T11:22:22,445][WARN ][o.e.m.j.JvmGcMonitorService] [Aw68EwP] [gc][young][3495671][333062] duration [1.2m], collections [1]/[1.2m], total [1.2m]/[2.9h], memory [866.6mb]->[740mb]/[1.9gb], all_pools {[young] [131.3mb]->[733.9kb]/[133.1mb]}{[survivor] [3mb]->[6.7mb]/[16.6mb]}{[old] [732.2mb]->[732.6mb]/[1.8gb]}
[2019-12-16T11:22:25,983][WARN ][o.e.m.j.JvmGcMonitorService] [Aw68EwP] [gc][3495671] overhead, spent [1.2m] collecting in the last [1.2m]
[2019-12-16T11:22:47,082][WARN ][o.e.m.j.JvmGcMonitorService] [Aw68EwP] [gc][young][3495687][333063] duration [4.4s], collections [1]/[5.4s], total [4.4s]/[2.9h], memory [869mb]->[747.5mb]/[1.9gb], all_pools {[young] [129.5mb]->[141kb]/[133.1mb]}{[survivor] [6.7mb]->[14.7mb]/[16.6mb]}{[old] [732.6mb]->[732.6mb]/[1.8gb]}
[2019-12-16T11:22:47,082][WARN ][o.e.m.j.JvmGcMonitorService] [Aw68EwP] [gc][3495687] overhead, spent [4.4s] collecting in the last [5.4s]
[2019-12-16T11:23:21,803][WARN ][o.e.m.j.JvmGcMonitorService] [Aw68EwP] [gc][3495717] overhead, spent [644ms] collecting in the last [1s]
[2019-12-16T11:24:40,109][WARN ][o.e.m.j.JvmGcMonitorService] [Aw68EwP] [gc][young][3495778][333070] duration [14.2s], collections [1]/[16.2s], total [14.2s]/[2.9h], memory [869.7mb]->[755.6mb]/[1.9gb], all_pools {[young] [130.1mb]->[969.6kb]/[133.1mb]}{[survivor] [1.8mb]->[16.6mb]/[16.6mb]}{[old] [737.7mb]->[738mb]/[1.8gb]}
[2019-12-16T11:24:40,111][WARN ][o.e.m.j.JvmGcMonitorService] [Aw68EwP] [gc][3495778] overhead, spent [14.2s] collecting in the last [16.2s]
[2019-12-16T11:27:06,297][WARN ][o.e.m.j.JvmGcMonitorService] [Aw68EwP] [gc][young][3495890][333075] duration [27.1s], collections [1]/[28.5s], total [27.1s]/[2.9h], memory [874.3mb]->[741.7mb]/[1.9gb], all_pools {[young] [132mb]->[43kb]/[133.1mb]}{[survivor] [2.3mb]->[1.6mb]/[16.6mb]}{[old] [740mb]->[740mb]/[1.8gb]}
[2019-12-16T11:27:09,213][WARN ][o.e.m.j.JvmGcMonitorService] [Aw68EwP] [gc][3495890] overhead, spent [27.1s] collecting in the last [28.5s]
[2019-12-16T11:31:37,554][WARN ][o.e.m.j.JvmGcMonitorService] [Aw68EwP] [gc][young][3496104][333078] duration [48.8s], collections [1]/[49.6s], total [48.8s]/[2.9h], memory [874.8mb]->[743mb]/[1.9gb], all_pools {[young] [132mb]->[1.1mb]/[133.1mb]}{[survivor] [2.6mb]->[1.8mb]/[16.6mb]}{[old] [740mb]->[740mb]/[1.8gb]}
[2019-12-16T11:31:40,437][WARN ][o.e.m.j.JvmGcMonitorService] [Aw68EwP] [gc][3496104] overhead, spent [48.8s] collecting in the last [49.6s]
[2019-12-16T11:32:53,757][WARN ][o.e.m.j.JvmGcMonitorService] [Aw68EwP] [gc][young][3496173][333079] duration [2.7s], collections [1]/[3.6s], total [2.7s]/[2.9h], memory [855.2mb]->[744mb]/[1.9gb], all_pools {[young] [113.3mb]->[1mb]/[133.1mb]}{[survivor] [1.8mb]->[2.3mb]/[16.6mb]}{[old] [740mb]->[740.6mb]/[1.8gb]}
[2019-12-16T11:32:53,862][WARN ][o.e.m.j.JvmGcMonitorService] [Aw68EwP] [gc][3496173] overhead, spent [2.7s] collecting in the last [3.6s]
[2019-12-16T11:34:13,636][WARN ][o.e.m.j.JvmGcMonitorService] [Aw68EwP] [gc][young][3496245][333080] duration [3.6s], collections [1]/[4.2s], total [3.6s]/[2.9h], memory [875.1mb]->[743mb]/[1.9gb], all_pools {[young] [132mb]->[462.9kb]/[133.1mb]}{[survivor] [2.3mb]->[1.8mb]/[16.6mb]}{[old] [740.6mb]->[740.7mb]/[1.8gb]}
[2019-12-16T11:34:13,757][WARN ][o.e.m.j.JvmGcMonitorService] [Aw68EwP] [gc][3496245] overhead, spent [3.6s] collecting in the last [4.2s]
[2019-12-16T11:36:08,899][WARN ][o.e.m.j.JvmGcMonitorService] [Aw68EwP] [gc][young][3496321][333081] duration [37.1s], collections [1]/[37.9s], total [37.1s]/[2.9h], memory [874.7mb]->[742.8mb]/[1.9gb], all_pools {[young] [132.1mb]->[408.2kb]/[133.1mb]}{[survivor] [1.8mb]->[2mb]/[16.6mb]}{[old] [740.7mb]->[740.8mb]/[1.8gb]}
[2019-12-16T11:36:11,418][WARN ][o.e.m.j.JvmGcMonitorService] [Aw68EwP] [gc][3496321] overhead, spent [37.1s] collecting in the last [37.9s]
[2019-12-16T11:36:45,145][WARN ][o.e.m.j.JvmGcMonitorService] [Aw68EwP] [gc][young][3496352][333082] duration [2.5s], collections [1]/[3.1s], total [2.5s]/[2.9h], memory [859.1mb]->[758mb]/[1.9gb], all_pools {[young] [116.2mb]->[8.9mb]/[133.1mb]}{[survivor] [2mb]->[8.1mb]/[16.6mb]}{[old] [740.8mb]->[740.8mb]/[1.8gb]}
[2019-12-16T11:36:45,172][WARN ][o.e.m.j.JvmGcMonitorService] [Aw68EwP] [gc][3496352] overhead, spent [2.5s] collecting in the last [3.1s]
[2019-12-16T11:38:53,233][WARN ][o.e.m.j.JvmGcMonitorService] [Aw68EwP] [gc][young][3496418][333091] duration [51.7s], collections [1]/[56.5s], total [51.7s]/[2.9h], memory [888.2mb]->[749.2mb]/[1.9gb], all_pools {[young] [133.1mb]->[1.8mb]/[133.1mb]}{[survivor] [11.9mb]->[4mb]/[16.6mb]}{[old] [743.1mb]->[743.4mb]/[1.8gb]}
[2019-12-16T11:38:55,218][WARN ][o.e.m.j.JvmGcMonitorService] [Aw68EwP] [gc][3496418] overhead, spent [51.7s] collecting in the last [56.5s]
[2019-12-16T11:40:03,445][WARN ][o.e.m.j.JvmGcMonitorService] [Aw68EwP] [gc][young][3496483][333102] duration [1.6s], collections [1]/[1.7s], total [1.6s]/[2.9h], memory [900.1mb]->[775.3mb]/[1.9gb], all_pools {[young] [125.3mb]->[2.1kb]/[133.1mb]}{[survivor] [2.3mb]->[2.9mb]/[16.6mb]}{[old] [772.4mb]->[772.4mb]/[1.8gb]}
[2019-12-16T11:40:03,562][WARN ][o.e.m.j.JvmGcMonitorService] [Aw68EwP] [gc][3496483] overhead, spent [1.6s] collecting in the last [1.7s]
[2019-12-16T11:42:09,023][INFO ][o.e.m.j.JvmGcMonitorService] [Aw68EwP] [gc][3496607] overhead, spent [478ms] collecting in the last [1s]
[2019-12-16T11:43:13,092][INFO ][o.e.m.j.JvmGcMonitorService] [Aw68EwP] [gc][3496671] overhead, spent [275ms] collecting in the last [1s]
[2019-12-16T11:44:26,827][WARN ][o.e.m.j.JvmGcMonitorService] [Aw68EwP] [gc][young][3496742][333108] duration [1.6s], collections [1]/[2.9s], total [1.6s]/[2.9h], memory [908.4mb]->[776.4mb]/[1.9gb], all_pools {[young] [131.6mb]->[12.5kb]/[133.1mb]}{[survivor] [1.9mb]->[1.5mb]/[16.6mb]}{[old] [774.9mb]->[774.9mb]/[1.8gb]}
[2019-12-16T11:44:26,945][WARN ][o.e.m.j.JvmGcMonitorService] [Aw68EwP] [gc][3496742] overhead, spent [1.6s] collecting in the last [2.9s]
[2019-12-16T11:48:30,335][WARN ][o.e.m.j.JvmGcMonitorService] [Aw68EwP] [gc][young][3496981][333111] duration [2.8s], collections [1]/[2.9s], total [2.8s]/[2.9h], memory [907.9mb]->[777.7mb]/[1.9gb], all_pools {[young] [130.5mb]->[570.4kb]/[133.1mb]}{[survivor] [2.1mb]->[1.8mb]/[16.6mb]}{[old] [775.2mb]->[775.4mb]/[1.8gb]}
[2019-12-16T11:48:31,478][WARN ][o.e.m.j.JvmGcMonitorService] [Aw68EwP] [gc][3496981] overhead, spent [2.8s] collecting in the last [2.9s]
[2019-12-16T11:49:18,476][INFO ][o.e.m.j.JvmGcMonitorService] [Aw68EwP] [gc][3497026] overhead, spent [540ms] collecting in the last [1.2s]
[2019-12-16T11:49:53,231][WARN ][o.e.m.j.JvmGcMonitorService] [Aw68EwP] [gc][young][3497040][333113] duration [16.7s], collections [1]/[19.8s], total [16.7s]/[2.9h], memory [876.3mb]->[788.9mb]/[1.9gb], all_pools {[young] [96.4mb]->[1.4mb]/[133.1mb]}{[survivor] [4.4mb]->[12.7mb]/[16.6mb]}{[old] [775.4mb]->[775.4mb]/[1.8gb]}
[2019-12-16T11:49:53,546][WARN ][o.e.m.j.JvmGcMonitorService] [Aw68EwP] [gc][3497040] overhead, spent [16.7s] collecting in the last [19.8s]
[2019-12-16T11:49:56,057][INFO ][o.e.m.j.JvmGcMonitorService] [Aw68EwP] [gc][3497042] overhead, spent [548ms] collecting in the last [1.4s]
[2019-12-16T11:51:21,063][INFO ][o.e.c.m.MetaDataCreateIndexService] [Aw68EwP] [logstash-2019.12.16] creating index, cause [auto(bulk api)], templates [logstash], shards [5]/[1], mappings [_default_]
[2019-12-16T11:52:09,880][WARN ][o.e.m.j.JvmGcMonitorService] [Aw68EwP] [gc][young][3497140][333119] duration [15.6s], collections [1]/[29.4s], total [15.6s]/[2.9h], memory [916.8mb]->[796.8mb]/[1.9gb], all_pools {[young] [127.1mb]->[393.4kb]/[133.1mb]}{[survivor] [12mb]->[16.6mb]/[16.6mb]}{[old] [777.6mb]->[779.8mb]/[1.8gb]}
[2019-12-16T11:52:10,428][WARN ][o.e.m.j.JvmGcMonitorService] [Aw68EwP] [gc][3497140] overhead, spent [15.6s] collecting in the last [29.4s]
[2019-12-16T11:52:17,674][INFO ][o.e.m.j.JvmGcMonitorService] [Aw68EwP] [gc][young][3497146][333120] duration [972ms], collections [1]/[2.1s], total [972ms]/[2.9h], memory [915.7mb]->[798.3mb]/[1.9gb], all_pools {[young] [119.3mb]->[926.1kb]/[133.1mb]}{[survivor] [16.6mb]->[16.6mb]/[16.6mb]}{[old] [779.8mb]->[780.8mb]/[1.8gb]}
[2019-12-16T11:52:17,674][INFO ][o.e.m.j.JvmGcMonitorService] [Aw68EwP] [gc][3497146] overhead, spent [972ms] collecting in the last [2.1s]
[2019-12-16T11:52:28,821][WARN ][o.e.c.s.ClusterService   ] [Aw68EwP] cluster state update task [create-index [logstash-2019.12.16], cause [auto(bulk api)]] took [2m] above the warn threshold of 30s
[2019-12-16T11:53:51,923][WARN ][o.e.m.j.JvmGcMonitorService] [Aw68EwP] [gc][young][3497231][333123] duration [6.7s], collections [1]/[7s], total [6.7s]/[2.9h], memory [934mb]->[801.8mb]/[1.9gb], all_pools {[young] [125.7mb]->[115.4kb]/[133.1mb]}{[survivor] [12.1mb]->[3.9mb]/[16.6mb]}{[old] [796.1mb]->[797.7mb]/[1.8gb]}
[2019-12-16T11:53:52,039][WARN ][o.e.m.j.JvmGcMonitorService] [Aw68EwP] [gc][3497231] overhead, spent [6.7s] collecting in the last [7s]
[2019-12-16T11:55:32,456][INFO ][o.e.m.j.JvmGcMonitorService] [Aw68EwP] [gc][young][3497330][333124] duration [978ms], collections [1]/[1.7s], total [978ms]/[2.9h], memory [933mb]->[801.1mb]/[1.9gb], all_pools {[young] [131.2mb]->[603kb]/[133.1mb]}{[survivor] [3.9mb]->[2.7mb]/[16.6mb]}{[old] [797.7mb]->[797.7mb]/[1.8gb]}
[2019-12-16T11:55:32,494][WARN ][o.e.m.j.JvmGcMonitorService] [Aw68EwP] [gc][3497330] overhead, spent [978ms] collecting in the last [1.7s]
[2019-12-16T11:56:36,291][INFO ][o.e.m.j.JvmGcMonitorService] [Aw68EwP] [gc][3497393] overhead, spent [665ms] collecting in the last [1.7s]
[2019-12-16T11:57:11,395][INFO ][o.e.c.m.MetaDataMappingService] [Aw68EwP] [logstash-2019.12.16/r0Q497zhTGy9wSnp-qTXeA] create_mapping [logs]
[2019-12-16T11:57:21,714][INFO ][o.e.m.j.JvmGcMonitorService] [Aw68EwP] [gc][young][3497430][333126] duration [753ms], collections [1]/[1.2s], total [753ms]/[2.9h], memory [942.2mb]->[816.2mb]/[1.9gb], all_pools {[young] [131.5mb]->[39.8kb]/[133.1mb]}{[survivor] [12.9mb]->[16.6mb]/[16.6mb]}{[old] [797.7mb]->[799.5mb]/[1.8gb]}
[2019-12-16T11:57:21,717][WARN ][o.e.m.j.JvmGcMonitorService] [Aw68EwP] [gc][3497430] overhead, spent [753ms] collecting in the last [1.2s]
[2019-12-16T11:58:22,067][INFO ][o.e.m.j.JvmGcMonitorService] [Aw68EwP] [gc][3497489] overhead, spent [571ms] collecting in the last [1.3s]
[2019-12-16T11:59:49,289][INFO ][o.e.m.j.JvmGcMonitorService] [Aw68EwP] [gc][young][3497574][333131] duration [701ms], collections [1]/[1.8s], total [701ms]/[2.9h], memory [908.2mb]->[804.3mb]/[1.9gb], all_pools {[young] [105.4mb]->[580.3kb]/[133.1mb]}{[survivor] [2.1mb]->[3.1mb]/[16.6mb]}{[old] [800.7mb]->[800.7mb]/[1.8gb]}
[2019-12-16T11:59:49,631][INFO ][o.e.m.j.JvmGcMonitorService] [Aw68EwP] [gc][3497574] overhead, spent [701ms] collecting in the last [1.8s]
