[2019-12-27T00:00:21,260][INFO ][o.e.m.j.JvmGcMonitorService] [q6BVpLR] [gc][891672] overhead, spent [672ms] collecting in the last [1.5s]
[2019-12-27T00:00:22,839][INFO ][o.e.m.j.JvmGcMonitorService] [q6BVpLR] [gc][891673] overhead, spent [576ms] collecting in the last [1.5s]
[2019-12-27T00:00:34,008][WARN ][o.e.m.j.JvmGcMonitorService] [q6BVpLR] [gc][891684] overhead, spent [566ms] collecting in the last [1s]
[2019-12-27T00:02:06,159][WARN ][o.e.m.j.JvmGcMonitorService] [q6BVpLR] [gc][young][891774][36133] duration [2.7s], collections [1]/[2.8s], total [2.7s]/[3.3h], memory [1.5gb]->[1.4gb]/[2.9gb], all_pools {[young] [116.2mb]->[585kb]/[133.1mb]}{[survivor] [6.2mb]->[16.6mb]/[16.6mb]}{[old] [1.3gb]->[1.4gb]/[2.8gb]}
[2019-12-27T00:02:06,162][WARN ][o.e.m.j.JvmGcMonitorService] [q6BVpLR] [gc][891774] overhead, spent [2.7s] collecting in the last [2.8s]
[2019-12-27T00:02:07,747][INFO ][o.e.m.j.JvmGcMonitorService] [q6BVpLR] [gc][891775] overhead, spent [639ms] collecting in the last [1.5s]
[2019-12-27T00:04:53,815][WARN ][o.e.m.j.JvmGcMonitorService] [q6BVpLR] [gc][young][891939][36140] duration [2.2s], collections [1]/[3s], total [2.2s]/[3.3h], memory [1.5gb]->[1.5gb]/[2.9gb], all_pools {[young] [77.1mb]->[119.4kb]/[133.1mb]}{[survivor] [7.8mb]->[16.6mb]/[16.6mb]}{[old] [1.4gb]->[1.5gb]/[2.8gb]}
[2019-12-27T00:04:53,827][WARN ][o.e.m.j.JvmGcMonitorService] [q6BVpLR] [gc][891939] overhead, spent [2.2s] collecting in the last [3s]
[2019-12-27T00:04:55,182][INFO ][o.e.m.j.JvmGcMonitorService] [q6BVpLR] [gc][891940] overhead, spent [561ms] collecting in the last [1.3s]
[2019-12-27T00:05:43,831][WARN ][o.e.m.j.JvmGcMonitorService] [q6BVpLR] [gc][young][891987][36143] duration [2.3s], collections [1]/[2.6s], total [2.3s]/[3.3h], memory [1.5gb]->[1.5gb]/[2.9gb], all_pools {[young] [48.1mb]->[1.4mb]/[133.1mb]}{[survivor] [5.9mb]->[16.6mb]/[16.6mb]}{[old] [1.5gb]->[1.5gb]/[2.8gb]}
[2019-12-27T00:05:43,831][WARN ][o.e.m.j.JvmGcMonitorService] [q6BVpLR] [gc][891987] overhead, spent [2.3s] collecting in the last [2.6s]
[2019-12-27T00:05:53,287][WARN ][o.e.m.j.JvmGcMonitorService] [q6BVpLR] [gc][young][891996][36147] duration [1.2s], collections [1]/[1.4s], total [1.2s]/[3.3h], memory [1.6gb]->[1.6gb]/[2.9gb], all_pools {[young] [99.5mb]->[482kb]/[133.1mb]}{[survivor] [7.9mb]->[16.6mb]/[16.6mb]}{[old] [1.5gb]->[1.6gb]/[2.8gb]}
[2019-12-27T00:05:53,287][WARN ][o.e.m.j.JvmGcMonitorService] [q6BVpLR] [gc][891996] overhead, spent [1.2s] collecting in the last [1.4s]
[2019-12-27T00:05:55,911][WARN ][o.e.m.j.JvmGcMonitorService] [q6BVpLR] [gc][young][891998][36148] duration [1.3s], collections [1]/[1.6s], total [1.3s]/[3.3h], memory [1.7gb]->[1.6gb]/[2.9gb], all_pools {[young] [100.7mb]->[4.8mb]/[133.1mb]}{[survivor] [16.6mb]->[16.6mb]/[16.6mb]}{[old] [1.6gb]->[1.6gb]/[2.8gb]}
[2019-12-27T00:05:55,911][WARN ][o.e.m.j.JvmGcMonitorService] [q6BVpLR] [gc][891998] overhead, spent [1.3s] collecting in the last [1.6s]
[2019-12-27T00:05:57,377][INFO ][o.e.m.j.JvmGcMonitorService] [q6BVpLR] [gc][young][891999][36149] duration [762ms], collections [1]/[1.4s], total [762ms]/[3.3h], memory [1.6gb]->[1.6gb]/[2.9gb], all_pools {[young] [4.8mb]->[10kb]/[133.1mb]}{[survivor] [16.6mb]->[15.7mb]/[16.6mb]}{[old] [1.6gb]->[1.6gb]/[2.8gb]}
[2019-12-27T00:05:57,377][WARN ][o.e.m.j.JvmGcMonitorService] [q6BVpLR] [gc][891999] overhead, spent [762ms] collecting in the last [1.4s]
[2019-12-27T00:06:43,300][WARN ][o.e.m.j.JvmGcMonitorService] [q6BVpLR] [gc][young][892044][36151] duration [1.8s], collections [1]/[1.9s], total [1.8s]/[3.3h], memory [1.7gb]->[1.7gb]/[2.9gb], all_pools {[young] [126mb]->[88.9kb]/[133.1mb]}{[survivor] [4.3mb]->[16.6mb]/[16.6mb]}{[old] [1.6gb]->[1.6gb]/[2.8gb]}
[2019-12-27T00:06:43,300][WARN ][o.e.m.j.JvmGcMonitorService] [q6BVpLR] [gc][892044] overhead, spent [1.8s] collecting in the last [1.9s]
[2019-12-27T00:06:44,626][INFO ][o.e.m.j.JvmGcMonitorService] [q6BVpLR] [gc][892045] overhead, spent [523ms] collecting in the last [1.3s]
[2019-12-27T00:06:45,631][INFO ][o.e.m.j.JvmGcMonitorService] [q6BVpLR] [gc][892046] overhead, spent [395ms] collecting in the last [1s]
[2019-12-27T00:08:38,902][WARN ][o.e.m.j.JvmGcMonitorService] [q6BVpLR] [gc][young][892157][36156] duration [2.4s], collections [1]/[3.2s], total [2.4s]/[3.3h], memory [1.7gb]->[1.7gb]/[2.9gb], all_pools {[young] [66.8mb]->[654.7kb]/[133.1mb]}{[survivor] [5.4mb]->[16.6mb]/[16.6mb]}{[old] [1.7gb]->[1.7gb]/[2.8gb]}
[2019-12-27T00:08:38,902][WARN ][o.e.m.j.JvmGcMonitorService] [q6BVpLR] [gc][892157] overhead, spent [2.4s] collecting in the last [3.2s]
[2019-12-27T00:08:40,143][INFO ][o.e.m.j.JvmGcMonitorService] [q6BVpLR] [gc][892158] overhead, spent [437ms] collecting in the last [1.2s]
[2019-12-27T00:08:41,240][INFO ][o.e.m.j.JvmGcMonitorService] [q6BVpLR] [gc][892159] overhead, spent [365ms] collecting in the last [1s]
[2019-12-27T00:09:14,491][WARN ][o.e.m.j.JvmGcMonitorService] [q6BVpLR] [gc][young][892184][36160] duration [1.7s], collections [1]/[1.9s], total [1.7s]/[3.3h], memory [1.8gb]->[1.8gb]/[2.9gb], all_pools {[young] [67.2mb]->[1mb]/[133.1mb]}{[survivor] [10.7mb]->[16.6mb]/[16.6mb]}{[old] [1.7gb]->[1.8gb]/[2.8gb]}
[2019-12-27T00:09:14,492][WARN ][o.e.m.j.JvmGcMonitorService] [q6BVpLR] [gc][892184] overhead, spent [1.7s] collecting in the last [1.9s]
[2019-12-27T00:09:15,527][WARN ][o.e.m.j.JvmGcMonitorService] [q6BVpLR] [gc][892185] overhead, spent [549ms] collecting in the last [1s]
[2019-12-27T00:09:19,594][WARN ][o.e.m.j.JvmGcMonitorService] [q6BVpLR] [gc][young][892188][36162] duration [2s], collections [1]/[2s], total [2s]/[3.3h], memory [1.9gb]->[1.8gb]/[2.9gb], all_pools {[young] [127.1mb]->[525.8kb]/[133.1mb]}{[survivor] [16.6mb]->[16.6mb]/[16.6mb]}{[old] [1.8gb]->[1.8gb]/[2.8gb]}
[2019-12-27T00:09:19,594][WARN ][o.e.m.j.JvmGcMonitorService] [q6BVpLR] [gc][892188] overhead, spent [2s] collecting in the last [2s]
[2019-12-27T00:09:20,929][INFO ][o.e.m.j.JvmGcMonitorService] [q6BVpLR] [gc][892189] overhead, spent [581ms] collecting in the last [1.3s]
[2019-12-27T00:09:29,809][WARN ][o.e.m.j.JvmGcMonitorService] [q6BVpLR] [gc][young][892196][36165] duration [2s], collections [1]/[2.8s], total [2s]/[3.3h], memory [1.9gb]->[1.9gb]/[2.9gb], all_pools {[young] [73.2mb]->[15kb]/[133.1mb]}{[survivor] [11mb]->[16.6mb]/[16.6mb]}{[old] [1.8gb]->[1.9gb]/[2.8gb]}
[2019-12-27T00:09:29,810][WARN ][o.e.m.j.JvmGcMonitorService] [q6BVpLR] [gc][892196] overhead, spent [2s] collecting in the last [2.8s]
[2019-12-27T00:09:32,381][WARN ][o.e.m.j.JvmGcMonitorService] [q6BVpLR] [gc][young][892198][36166] duration [1.3s], collections [1]/[1.5s], total [1.3s]/[3.3h], memory [2gb]->[1.9gb]/[2.9gb], all_pools {[young] [131.6mb]->[1.6mb]/[133.1mb]}{[survivor] [16.6mb]->[16.6mb]/[16.6mb]}{[old] [1.9gb]->[1.9gb]/[2.8gb]}
[2019-12-27T00:09:32,381][WARN ][o.e.m.j.JvmGcMonitorService] [q6BVpLR] [gc][892198] overhead, spent [1.3s] collecting in the last [1.5s]
[2019-12-27T00:09:33,904][INFO ][o.e.m.j.JvmGcMonitorService] [q6BVpLR] [gc][young][892199][36167] duration [778ms], collections [1]/[1.5s], total [778ms]/[3.3h], memory [1.9gb]->[1.9gb]/[2.9gb], all_pools {[young] [1.6mb]->[514kb]/[133.1mb]}{[survivor] [16.6mb]->[16mb]/[16.6mb]}{[old] [1.9gb]->[1.9gb]/[2.8gb]}
[2019-12-27T00:09:33,904][WARN ][o.e.m.j.JvmGcMonitorService] [q6BVpLR] [gc][892199] overhead, spent [778ms] collecting in the last [1.5s]
[2019-12-27T00:10:40,482][INFO ][o.e.m.j.JvmGcMonitorService] [q6BVpLR] [gc][young][892265][36170] duration [773ms], collections [1]/[1.4s], total [773ms]/[3.3h], memory [2gb]->[1.9gb]/[2.9gb], all_pools {[young] [87.5mb]->[282.5kb]/[133.1mb]}{[survivor] [8.6mb]->[16.6mb]/[16.6mb]}{[old] [1.9gb]->[1.9gb]/[2.8gb]}
[2019-12-27T00:10:40,486][WARN ][o.e.m.j.JvmGcMonitorService] [q6BVpLR] [gc][892265] overhead, spent [773ms] collecting in the last [1.4s]
[2019-12-27T00:10:42,504][INFO ][o.e.m.j.JvmGcMonitorService] [q6BVpLR] [gc][892267] overhead, spent [293ms] collecting in the last [1s]
[2019-12-27T00:11:50,519][INFO ][o.e.m.j.JvmGcMonitorService] [q6BVpLR] [gc][892335] overhead, spent [420ms] collecting in the last [1s]
[2019-12-27T00:11:51,949][WARN ][o.e.m.j.JvmGcMonitorService] [q6BVpLR] [gc][young][892336][36173] duration [1s], collections [1]/[1.4s], total [1s]/[3.3h], memory [2gb]->[2gb]/[2.9gb], all_pools {[young] [71.5mb]->[34kb]/[133.1mb]}{[survivor] [16.6mb]->[16.6mb]/[16.6mb]}{[old] [1.9gb]->[1.9gb]/[2.8gb]}
[2019-12-27T00:11:51,949][WARN ][o.e.m.j.JvmGcMonitorService] [q6BVpLR] [gc][892336] overhead, spent [1s] collecting in the last [1.4s]
[2019-12-27T00:11:53,002][INFO ][o.e.m.j.JvmGcMonitorService] [q6BVpLR] [gc][892337] overhead, spent [360ms] collecting in the last [1s]
[2019-12-27T00:12:21,529][INFO ][o.e.m.j.JvmGcMonitorService] [q6BVpLR] [gc][young][892365][36175] duration [740ms], collections [1]/[1.5s], total [740ms]/[3.3h], memory [2.1gb]->[2gb]/[2.9gb], all_pools {[young] [113.5mb]->[1.5mb]/[133.1mb]}{[survivor] [15.7mb]->[16.6mb]/[16.6mb]}{[old] [1.9gb]->[2gb]/[2.8gb]}
[2019-12-27T00:12:21,529][INFO ][o.e.m.j.JvmGcMonitorService] [q6BVpLR] [gc][892365] overhead, spent [740ms] collecting in the last [1.5s]
[2019-12-27T00:12:23,530][INFO ][o.e.m.j.JvmGcMonitorService] [q6BVpLR] [gc][892367] overhead, spent [297ms] collecting in the last [1s]
[2019-12-27T00:13:02,629][INFO ][o.e.m.j.JvmGcMonitorService] [q6BVpLR] [gc][892406] overhead, spent [352ms] collecting in the last [1s]
[2019-12-27T00:15:01,750][INFO ][o.e.m.j.JvmGcMonitorService] [q6BVpLR] [gc][892525] overhead, spent [260ms] collecting in the last [1s]
[2019-12-27T00:15:33,032][INFO ][o.e.m.j.JvmGcMonitorService] [q6BVpLR] [gc][young][892556][36182] duration [874ms], collections [1]/[1.2s], total [874ms]/[3.3h], memory [2.1gb]->[2.1gb]/[2.9gb], all_pools {[young] [126.8mb]->[520.7kb]/[133.1mb]}{[survivor] [9.7mb]->[16.6mb]/[16.6mb]}{[old] [2gb]->[2gb]/[2.8gb]}
[2019-12-27T00:15:33,032][WARN ][o.e.m.j.JvmGcMonitorService] [q6BVpLR] [gc][892556] overhead, spent [874ms] collecting in the last [1.2s]
[2019-12-27T00:15:34,040][INFO ][o.e.m.j.JvmGcMonitorService] [q6BVpLR] [gc][892557] overhead, spent [286ms] collecting in the last [1s]
[2019-12-27T00:16:59,249][WARN ][o.e.m.j.JvmGcMonitorService] [q6BVpLR] [gc][892642] overhead, spent [655ms] collecting in the last [1.1s]
[2019-12-27T00:17:01,293][INFO ][o.e.m.j.JvmGcMonitorService] [q6BVpLR] [gc][892644] overhead, spent [483ms] collecting in the last [1s]
[2019-12-27T00:17:39,869][WARN ][o.e.m.j.JvmGcMonitorService] [q6BVpLR] [gc][young][892682][36189] duration [1.5s], collections [1]/[1.5s], total [1.5s]/[3.3h], memory [2.2gb]->[2.1gb]/[2.9gb], all_pools {[young] [132.5mb]->[1.6mb]/[133.1mb]}{[survivor] [13.9mb]->[16.6mb]/[16.6mb]}{[old] [2.1gb]->[2.1gb]/[2.8gb]}
[2019-12-27T00:17:39,869][WARN ][o.e.m.j.JvmGcMonitorService] [q6BVpLR] [gc][892682] overhead, spent [1.5s] collecting in the last [1.5s]
[2019-12-27T00:17:41,869][INFO ][o.e.m.j.JvmGcMonitorService] [q6BVpLR] [gc][892684] overhead, spent [470ms] collecting in the last [1s]
[2019-12-27T00:18:24,035][WARN ][o.e.m.j.JvmGcMonitorService] [q6BVpLR] [gc][892706] overhead, spent [20.6s] collecting in the last [21s]
[2019-12-27T00:18:27,335][WARN ][o.e.m.j.JvmGcMonitorService] [q6BVpLR] [gc][young][892707][36192] duration [2.9s], collections [1]/[3.3s], total [2.9s]/[3.3h], memory [2.1gb]->[2.2gb]/[2.9gb], all_pools {[young] [16.1mb]->[557.3kb]/[133.1mb]}{[survivor] [4.1mb]->[16.6mb]/[16.6mb]}{[old] [2.1gb]->[2.1gb]/[2.8gb]}
[2019-12-27T00:18:27,335][WARN ][o.e.m.j.JvmGcMonitorService] [q6BVpLR] [gc][892707] overhead, spent [2.9s] collecting in the last [3.3s]
[2019-12-27T00:18:28,487][INFO ][o.e.m.j.JvmGcMonitorService] [q6BVpLR] [gc][892708] overhead, spent [324ms] collecting in the last [1.1s]
[2019-12-27T00:18:29,803][INFO ][o.e.m.j.JvmGcMonitorService] [q6BVpLR] [gc][892709] overhead, spent [340ms] collecting in the last [1.3s]
[2019-12-27T00:19:25,765][WARN ][o.e.m.j.JvmGcMonitorService] [q6BVpLR] [gc][young][892763][36197] duration [1.6s], collections [1]/[2.6s], total [1.6s]/[3.3h], memory [832.1mb]->[809.8mb]/[2.9gb], all_pools {[young] [39.3mb]->[539kb]/[133.1mb]}{[survivor] [3.7mb]->[16.6mb]/[16.6mb]}{[old] [789mb]->[792.7mb]/[2.8gb]}
[2019-12-27T00:19:25,770][WARN ][o.e.m.j.JvmGcMonitorService] [q6BVpLR] [gc][892763] overhead, spent [1.6s] collecting in the last [2.6s]
[2019-12-27T00:19:27,770][INFO ][o.e.m.j.JvmGcMonitorService] [q6BVpLR] [gc][892765] overhead, spent [448ms] collecting in the last [1s]
[2019-12-27T00:20:10,680][WARN ][o.e.m.j.JvmGcMonitorService] [q6BVpLR] [gc][young][892806][36200] duration [2.6s], collections [1]/[2.9s], total [2.6s]/[3.3h], memory [424.9mb]->[397.6mb]/[2.9gb], all_pools {[young] [93.7mb]->[1.1mb]/[133.1mb]}{[survivor] [4mb]->[16.6mb]/[16.6mb]}{[old] [327.1mb]->[379.9mb]/[2.8gb]}
[2019-12-27T00:20:10,682][WARN ][o.e.m.j.JvmGcMonitorService] [q6BVpLR] [gc][892806] overhead, spent [2.6s] collecting in the last [2.9s]
[2019-12-27T00:20:12,147][INFO ][o.e.m.j.JvmGcMonitorService] [q6BVpLR] [gc][young][892807][36201] duration [874ms], collections [1]/[1.4s], total [874ms]/[3.3h], memory [397.6mb]->[425.1mb]/[2.9gb], all_pools {[young] [1.1mb]->[514kb]/[133.1mb]}{[survivor] [16.6mb]->[16.6mb]/[16.6mb]}{[old] [379.9mb]->[408mb]/[2.8gb]}
[2019-12-27T00:20:12,147][WARN ][o.e.m.j.JvmGcMonitorService] [q6BVpLR] [gc][892807] overhead, spent [874ms] collecting in the last [1.4s]
[2019-12-27T00:20:13,671][INFO ][o.e.m.j.JvmGcMonitorService] [q6BVpLR] [gc][young][892808][36202] duration [721ms], collections [1]/[1.5s], total [721ms]/[3.3h], memory [425.1mb]->[437.5mb]/[2.9gb], all_pools {[young] [514kb]->[551.6kb]/[133.1mb]}{[survivor] [16.6mb]->[15.8mb]/[16.6mb]}{[old] [408mb]->[421.2mb]/[2.8gb]}
[2019-12-27T00:20:13,671][INFO ][o.e.m.j.JvmGcMonitorService] [q6BVpLR] [gc][892808] overhead, spent [721ms] collecting in the last [1.5s]
[2019-12-27T00:23:16,643][INFO ][o.e.m.j.JvmGcMonitorService] [q6BVpLR] [gc][young][892990][36206] duration [836ms], collections [1]/[1.7s], total [836ms]/[3.3h], memory [534.3mb]->[453.7mb]/[2.9gb], all_pools {[young] [102.7mb]->[911.9kb]/[133.1mb]}{[survivor] [10.4mb]->[16.6mb]/[16.6mb]}{[old] [421.2mb]->[436.2mb]/[2.8gb]}
[2019-12-27T00:23:16,643][INFO ][o.e.m.j.JvmGcMonitorService] [q6BVpLR] [gc][892990] overhead, spent [836ms] collecting in the last [1.7s]
[2019-12-27T00:23:19,644][INFO ][o.e.m.j.JvmGcMonitorService] [q6BVpLR] [gc][892993] overhead, spent [311ms] collecting in the last [1s]
[2019-12-27T00:24:08,998][INFO ][o.e.m.j.JvmGcMonitorService] [q6BVpLR] [gc][893042] overhead, spent [491ms] collecting in the last [1.3s]
[2019-12-27T00:24:11,378][WARN ][o.e.m.j.JvmGcMonitorService] [q6BVpLR] [gc][young][893043][36212] duration [1.5s], collections [1]/[2.3s], total [1.5s]/[3.3h], memory [498.3mb]->[530.4mb]/[2.9gb], all_pools {[young] [73.8kb]->[1.3mb]/[133.1mb]}{[survivor] [16.6mb]->[16.6mb]/[16.6mb]}{[old] [481.6mb]->[512.5mb]/[2.8gb]}
[2019-12-27T00:24:11,378][WARN ][o.e.m.j.JvmGcMonitorService] [q6BVpLR] [gc][893043] overhead, spent [1.5s] collecting in the last [2.3s]
[2019-12-27T00:24:12,612][INFO ][o.e.m.j.JvmGcMonitorService] [q6BVpLR] [gc][893044] overhead, spent [491ms] collecting in the last [1.2s]
[2019-12-27T00:28:12,656][INFO ][o.e.m.j.JvmGcMonitorService] [q6BVpLR] [gc][young][893284][36220] duration [760ms], collections [1]/[1s], total [760ms]/[3.3h], memory [673.5mb]->[598.2mb]/[2.9gb], all_pools {[young] [125.1mb]->[24.4mb]/[133.1mb]}{[survivor] [3.7mb]->[16.6mb]/[16.6mb]}{[old] [544.6mb]->[557mb]/[2.8gb]}
[2019-12-27T00:28:12,656][WARN ][o.e.m.j.JvmGcMonitorService] [q6BVpLR] [gc][893284] overhead, spent [760ms] collecting in the last [1s]
[2019-12-27T00:28:45,976][INFO ][o.e.m.j.JvmGcMonitorService] [q6BVpLR] [gc][893317] overhead, spent [454ms] collecting in the last [1s]
[2019-12-27T00:30:21,993][INFO ][o.e.m.j.JvmGcMonitorService] [q6BVpLR] [gc][893413] overhead, spent [367ms] collecting in the last [1s]
[2019-12-27T00:30:27,621][WARN ][o.e.m.j.JvmGcMonitorService] [q6BVpLR] [gc][young][893417][36229] duration [2.1s], collections [1]/[2.6s], total [2.1s]/[3.3h], memory [697.2mb]->[673.6mb]/[2.9gb], all_pools {[young] [73.5mb]->[12.1kb]/[133.1mb]}{[survivor] [5.7mb]->[16.6mb]/[16.6mb]}{[old] [617.9mb]->[656.9mb]/[2.8gb]}
[2019-12-27T00:30:27,621][WARN ][o.e.m.j.JvmGcMonitorService] [q6BVpLR] [gc][893417] overhead, spent [2.1s] collecting in the last [2.6s]
[2019-12-27T00:30:29,735][WARN ][o.e.m.j.JvmGcMonitorService] [q6BVpLR] [gc][young][893418][36230] duration [1.3s], collections [1]/[2.1s], total [1.3s]/[3.3h], memory [673.6mb]->[700.4mb]/[2.9gb], all_pools {[young] [12.1kb]->[2.5mb]/[133.1mb]}{[survivor] [16.6mb]->[16.6mb]/[16.6mb]}{[old] [656.9mb]->[681.3mb]/[2.8gb]}
[2019-12-27T00:30:29,735][WARN ][o.e.m.j.JvmGcMonitorService] [q6BVpLR] [gc][893418] overhead, spent [1.3s] collecting in the last [2.1s]
[2019-12-27T00:30:30,966][INFO ][o.e.m.j.JvmGcMonitorService] [q6BVpLR] [gc][893419] overhead, spent [471ms] collecting in the last [1.2s]
[2019-12-27T00:30:32,585][INFO ][o.e.m.j.JvmGcMonitorService] [q6BVpLR] [gc][young][893420][36232] duration [881ms], collections [1]/[1.6s], total [881ms]/[3.3h], memory [705.5mb]->[720.8mb]/[2.9gb], all_pools {[young] [165.4kb]->[18kb]/[133.1mb]}{[survivor] [16.6mb]->[16.6mb]/[16.6mb]}{[old] [688.7mb]->[704.2mb]/[2.8gb]}
[2019-12-27T00:30:32,586][WARN ][o.e.m.j.JvmGcMonitorService] [q6BVpLR] [gc][893420] overhead, spent [881ms] collecting in the last [1.6s]
[2019-12-27T00:30:34,072][INFO ][o.e.m.j.JvmGcMonitorService] [q6BVpLR] [gc][young][893421][36233] duration [743ms], collections [1]/[1.4s], total [743ms]/[3.3h], memory [720.8mb]->[734.9mb]/[2.9gb], all_pools {[young] [18kb]->[2.9mb]/[133.1mb]}{[survivor] [16.6mb]->[15.3mb]/[16.6mb]}{[old] [704.2mb]->[716.6mb]/[2.8gb]}
[2019-12-27T00:30:34,072][WARN ][o.e.m.j.JvmGcMonitorService] [q6BVpLR] [gc][893421] overhead, spent [743ms] collecting in the last [1.4s]
[2019-12-27T00:31:32,211][WARN ][o.e.m.j.JvmGcMonitorService] [q6BVpLR] [gc][young][893478][36235] duration [1.4s], collections [1]/[2.1s], total [1.4s]/[3.3h], memory [807.3mb]->[761.4mb]/[2.9gb], all_pools {[young] [86.5mb]->[34kb]/[133.1mb]}{[survivor] [4.2mb]->[16.6mb]/[16.6mb]}{[old] [716.6mb]->[744.8mb]/[2.8gb]}
[2019-12-27T00:31:32,211][WARN ][o.e.m.j.JvmGcMonitorService] [q6BVpLR] [gc][893478] overhead, spent [1.4s] collecting in the last [2.1s]
[2019-12-27T00:31:33,794][INFO ][o.e.m.j.JvmGcMonitorService] [q6BVpLR] [gc][893479] overhead, spent [655ms] collecting in the last [1.5s]
[2019-12-27T00:32:26,386][INFO ][o.e.m.j.JvmGcMonitorService] [q6BVpLR] [gc][young][893531][36240] duration [762ms], collections [1]/[1.5s], total [762ms]/[3.3h], memory [879.7mb]->[803.1mb]/[2.9gb], all_pools {[young] [92.2mb]->[2kb]/[133.1mb]}{[survivor] [13.4mb]->[16.6mb]/[16.6mb]}{[old] [774.1mb]->[786.4mb]/[2.8gb]}
[2019-12-27T00:32:26,387][INFO ][o.e.m.j.JvmGcMonitorService] [q6BVpLR] [gc][893531] overhead, spent [762ms] collecting in the last [1.5s]
[2019-12-27T00:32:34,389][INFO ][o.e.m.j.JvmGcMonitorService] [q6BVpLR] [gc][young][893539][36242] duration [771ms], collections [1]/[1s], total [771ms]/[3.3h], memory [931.7mb]->[822.5mb]/[2.9gb], all_pools {[young] [128.1mb]->[148.1kb]/[133.1mb]}{[survivor] [13.3mb]->[16.6mb]/[16.6mb]}{[old] [790.3mb]->[805.8mb]/[2.8gb]}
[2019-12-27T00:32:34,389][WARN ][o.e.m.j.JvmGcMonitorService] [q6BVpLR] [gc][893539] overhead, spent [771ms] collecting in the last [1s]
[2019-12-27T00:32:37,794][INFO ][o.e.m.j.JvmGcMonitorService] [q6BVpLR] [gc][893542] overhead, spent [586ms] collecting in the last [1.4s]
[2019-12-27T00:32:42,018][WARN ][o.e.m.j.JvmGcMonitorService] [q6BVpLR] [gc][young][893546][36244] duration [1.1s], collections [1]/[1.2s], total [1.1s]/[3.3h], memory [954.5mb]->[856.6mb]/[2.9gb], all_pools {[young] [124.6mb]->[356.6kb]/[133.1mb]}{[survivor] [13.3mb]->[16.6mb]/[16.6mb]}{[old] [816.5mb]->[839.7mb]/[2.8gb]}
[2019-12-27T00:32:42,018][WARN ][o.e.m.j.JvmGcMonitorService] [q6BVpLR] [gc][893546] overhead, spent [1.1s] collecting in the last [1.2s]
[2019-12-27T00:32:45,051][INFO ][o.e.m.j.JvmGcMonitorService] [q6BVpLR] [gc][893549] overhead, spent [282ms] collecting in the last [1s]
[2019-12-27T00:33:59,917][WARN ][o.e.m.j.JvmGcMonitorService] [q6BVpLR] [gc][young][893623][36247] duration [1.1s], collections [1]/[1.8s], total [1.1s]/[3.3h], memory [951.4mb]->[885.8mb]/[2.9gb], all_pools {[young] [95.4mb]->[299.8kb]/[133.1mb]}{[survivor] [8mb]->[16.6mb]/[16.6mb]}{[old] [848mb]->[868.9mb]/[2.8gb]}
[2019-12-27T00:33:59,917][WARN ][o.e.m.j.JvmGcMonitorService] [q6BVpLR] [gc][893623] overhead, spent [1.1s] collecting in the last [1.8s]
[2019-12-27T00:34:49,658][WARN ][o.e.m.j.JvmGcMonitorService] [q6BVpLR] [gc][young][893672][36250] duration [1.3s], collections [1]/[1.7s], total [1.3s]/[3.3h], memory [1005mb]->[918.8mb]/[2.9gb], all_pools {[young] [116.6mb]->[58.4kb]/[133.1mb]}{[survivor] [11.4mb]->[16.6mb]/[16.6mb]}{[old] [876.9mb]->[902.1mb]/[2.8gb]}
[2019-12-27T00:34:49,659][WARN ][o.e.m.j.JvmGcMonitorService] [q6BVpLR] [gc][893672] overhead, spent [1.3s] collecting in the last [1.7s]
[2019-12-27T00:34:50,799][INFO ][o.e.m.j.JvmGcMonitorService] [q6BVpLR] [gc][893673] overhead, spent [351ms] collecting in the last [1.1s]
[2019-12-27T00:37:13,836][WARN ][o.e.m.j.JvmGcMonitorService] [q6BVpLR] [gc][893816] overhead, spent [683ms] collecting in the last [1s]
[2019-12-27T00:37:16,836][INFO ][o.e.m.j.JvmGcMonitorService] [q6BVpLR] [gc][young][893819][36254] duration [716ms], collections [1]/[1s], total [716ms]/[3.3h], memory [1gb]->[996.5mb]/[2.9gb], all_pools {[young] [129.8mb]->[42.5mb]/[133.1mb]}{[survivor] [16.6mb]->[16.6mb]/[16.6mb]}{[old] [923mb]->[937.3mb]/[2.8gb]}
[2019-12-27T00:37:16,836][WARN ][o.e.m.j.JvmGcMonitorService] [q6BVpLR] [gc][893819] overhead, spent [716ms] collecting in the last [1s]
[2019-12-27T00:37:17,837][INFO ][o.e.m.j.JvmGcMonitorService] [q6BVpLR] [gc][893820] overhead, spent [348ms] collecting in the last [1s]
[2019-12-27T00:38:09,326][INFO ][o.e.m.j.JvmGcMonitorService] [q6BVpLR] [gc][young][893871][36257] duration [963ms], collections [1]/[1.4s], total [963ms]/[3.3h], memory [1020.6mb]->[976.6mb]/[2.9gb], all_pools {[young] [74.3mb]->[10kb]/[133.1mb]}{[survivor] [3.5mb]->[16.6mb]/[16.6mb]}{[old] [942.7mb]->[959.9mb]/[2.8gb]}
[2019-12-27T00:38:09,326][WARN ][o.e.m.j.JvmGcMonitorService] [q6BVpLR] [gc][893871] overhead, spent [963ms] collecting in the last [1.4s]
[2019-12-27T00:38:44,327][WARN ][o.e.m.j.JvmGcMonitorService] [q6BVpLR] [gc][young][893905][36259] duration [1.2s], collections [1]/[1.9s], total [1.2s]/[3.3h], memory [1gb]->[1008.7mb]/[2.9gb], all_pools {[young] [82.3mb]->[1mb]/[133.1mb]}{[survivor] [13mb]->[16.6mb]/[16.6mb]}{[old] [963.5mb]->[990.9mb]/[2.8gb]}
[2019-12-27T00:38:44,327][WARN ][o.e.m.j.JvmGcMonitorService] [q6BVpLR] [gc][893905] overhead, spent [1.2s] collecting in the last [1.9s]
[2019-12-27T00:38:46,170][INFO ][o.e.m.j.JvmGcMonitorService] [q6BVpLR] [gc][young][893906][36260] duration [888ms], collections [1]/[1.8s], total [888ms]/[3.3h], memory [1008.7mb]->[1gb]/[2.9gb], all_pools {[young] [1mb]->[1.4mb]/[133.1mb]}{[survivor] [16.6mb]->[16.6mb]/[16.6mb]}{[old] [990.9mb]->[1017.6mb]/[2.8gb]}
[2019-12-27T00:38:46,171][INFO ][o.e.m.j.JvmGcMonitorService] [q6BVpLR] [gc][893906] overhead, spent [888ms] collecting in the last [1.8s]
[2019-12-27T00:38:48,171][INFO ][o.e.m.j.JvmGcMonitorService] [q6BVpLR] [gc][893908] overhead, spent [291ms] collecting in the last [1s]
[2019-12-27T00:39:17,917][WARN ][o.e.m.j.JvmGcMonitorService] [q6BVpLR] [gc][young][893935][36263] duration [3s], collections [1]/[3.7s], total [3s]/[3.3h], memory [1gb]->[1gb]/[2.9gb], all_pools {[young] [86.7mb]->[1.2mb]/[133.1mb]}{[survivor] [4.4mb]->[16.6mb]/[16.6mb]}{[old] [1023.9mb]->[1gb]/[2.8gb]}
[2019-12-27T00:39:17,921][WARN ][o.e.m.j.JvmGcMonitorService] [q6BVpLR] [gc][893935] overhead, spent [3s] collecting in the last [3.7s]
[2019-12-27T00:39:19,366][INFO ][o.e.m.j.JvmGcMonitorService] [q6BVpLR] [gc][young][893936][36264] duration [807ms], collections [1]/[1.4s], total [807ms]/[3.3h], memory [1gb]->[1gb]/[2.9gb], all_pools {[young] [1.2mb]->[18kb]/[133.1mb]}{[survivor] [16.6mb]->[16.6mb]/[16.6mb]}{[old] [1gb]->[1gb]/[2.8gb]}
[2019-12-27T00:39:19,366][WARN ][o.e.m.j.JvmGcMonitorService] [q6BVpLR] [gc][893936] overhead, spent [807ms] collecting in the last [1.4s]
[2019-12-27T00:39:21,004][INFO ][o.e.m.j.JvmGcMonitorService] [q6BVpLR] [gc][young][893937][36265] duration [907ms], collections [1]/[1.6s], total [907ms]/[3.3h], memory [1gb]->[1.1gb]/[2.9gb], all_pools {[young] [18kb]->[59.2kb]/[133.1mb]}{[survivor] [16.6mb]->[16.6mb]/[16.6mb]}{[old] [1gb]->[1gb]/[2.8gb]}
[2019-12-27T00:39:21,006][WARN ][o.e.m.j.JvmGcMonitorService] [q6BVpLR] [gc][893937] overhead, spent [907ms] collecting in the last [1.6s]
[2019-12-27T00:39:22,355][INFO ][o.e.m.j.JvmGcMonitorService] [q6BVpLR] [gc][893938] overhead, spent [648ms] collecting in the last [1.3s]
[2019-12-27T00:39:43,492][INFO ][o.e.m.j.JvmGcMonitorService] [q6BVpLR] [gc][young][893959][36269] duration [716ms], collections [1]/[1.1s], total [716ms]/[3.3h], memory [1.2gb]->[1.1gb]/[2.9gb], all_pools {[young] [96.9mb]->[41kb]/[133.1mb]}{[survivor] [6.3mb]->[16.6mb]/[16.6mb]}{[old] [1.1gb]->[1.1gb]/[2.8gb]}
[2019-12-27T00:39:43,492][WARN ][o.e.m.j.JvmGcMonitorService] [q6BVpLR] [gc][893959] overhead, spent [716ms] collecting in the last [1.1s]
[2019-12-27T00:40:16,580][WARN ][o.e.m.j.JvmGcMonitorService] [q6BVpLR] [gc][young][893990][36272] duration [2.6s], collections [1]/[3s], total [2.6s]/[3.3h], memory [1.2gb]->[1.1gb]/[2.9gb], all_pools {[young] [93.2mb]->[4.2kb]/[133.1mb]}{[survivor] [4.2mb]->[16.6mb]/[16.6mb]}{[old] [1.1gb]->[1.1gb]/[2.8gb]}
[2019-12-27T00:40:16,580][WARN ][o.e.m.j.JvmGcMonitorService] [q6BVpLR] [gc][893990] overhead, spent [2.6s] collecting in the last [3s]
[2019-12-27T00:40:17,705][INFO ][o.e.m.j.JvmGcMonitorService] [q6BVpLR] [gc][893991] overhead, spent [346ms] collecting in the last [1.1s]
[2019-12-27T00:40:48,404][WARN ][o.e.m.j.JvmGcMonitorService] [q6BVpLR] [gc][young][894021][36275] duration [1.6s], collections [1]/[1.6s], total [1.6s]/[3.3h], memory [1.3gb]->[1.2gb]/[2.9gb], all_pools {[young] [129.7mb]->[550.8kb]/[133.1mb]}{[survivor] [5.9mb]->[16.6mb]/[16.6mb]}{[old] [1.1gb]->[1.2gb]/[2.8gb]}
[2019-12-27T00:40:48,408][WARN ][o.e.m.j.JvmGcMonitorService] [q6BVpLR] [gc][894021] overhead, spent [1.6s] collecting in the last [1.6s]
[2019-12-27T00:43:44,791][INFO ][o.e.m.j.JvmGcMonitorService] [q6BVpLR] [gc][young][894197][36282] duration [702ms], collections [1]/[1s], total [702ms]/[3.3h], memory [1.3gb]->[1.2gb]/[2.9gb], all_pools {[young] [95.7mb]->[17.8mb]/[133.1mb]}{[survivor] [16.6mb]->[16.6mb]/[16.6mb]}{[old] [1.2gb]->[1.2gb]/[2.8gb]}
[2019-12-27T00:43:44,791][WARN ][o.e.m.j.JvmGcMonitorService] [q6BVpLR] [gc][894197] overhead, spent [702ms] collecting in the last [1s]
[2019-12-27T00:45:32,187][WARN ][o.e.m.j.JvmGcMonitorService] [q6BVpLR] [gc][young][894303][36285] duration [1.7s], collections [1]/[2.1s], total [1.7s]/[3.3h], memory [1.3gb]->[1.3gb]/[2.9gb], all_pools {[young] [55.1mb]->[2mb]/[133.1mb]}{[survivor] [4.4mb]->[16.6mb]/[16.6mb]}{[old] [1.2gb]->[1.2gb]/[2.8gb]}
[2019-12-27T00:45:32,189][WARN ][o.e.m.j.JvmGcMonitorService] [q6BVpLR] [gc][894303] overhead, spent [1.7s] collecting in the last [2.1s]
[2019-12-27T00:45:34,652][INFO ][o.e.m.j.JvmGcMonitorService] [q6BVpLR] [gc][894305] overhead, spent [578ms] collecting in the last [1.4s]
[2019-12-27T00:46:21,420][WARN ][o.e.m.j.JvmGcMonitorService] [q6BVpLR] [gc][young][894351][36288] duration [1.2s], collections [1]/[1.7s], total [1.2s]/[3.3h], memory [1.3gb]->[1.3gb]/[2.9gb], all_pools {[young] [53.7mb]->[2.1mb]/[133.1mb]}{[survivor] [5.8mb]->[16.6mb]/[16.6mb]}{[old] [1.2gb]->[1.3gb]/[2.8gb]}
[2019-12-27T00:46:21,420][WARN ][o.e.m.j.JvmGcMonitorService] [q6BVpLR] [gc][894351] overhead, spent [1.2s] collecting in the last [1.7s]
[2019-12-27T00:46:23,387][WARN ][o.e.m.j.JvmGcMonitorService] [q6BVpLR] [gc][young][894352][36289] duration [1.2s], collections [1]/[1.9s], total [1.2s]/[3.3h], memory [1.3gb]->[1.3gb]/[2.9gb], all_pools {[young] [2.1mb]->[764.4kb]/[133.1mb]}{[survivor] [16.6mb]->[16.6mb]/[16.6mb]}{[old] [1.3gb]->[1.3gb]/[2.8gb]}
[2019-12-27T00:46:23,387][WARN ][o.e.m.j.JvmGcMonitorService] [q6BVpLR] [gc][894352] overhead, spent [1.2s] collecting in the last [1.9s]
[2019-12-27T00:46:24,662][INFO ][o.e.m.j.JvmGcMonitorService] [q6BVpLR] [gc][894353] overhead, spent [580ms] collecting in the last [1.2s]
[2019-12-27T00:46:53,559][WARN ][o.e.m.j.JvmGcMonitorService] [q6BVpLR] [gc][young][894381][36292] duration [1.4s], collections [1]/[1.8s], total [1.4s]/[3.3h], memory [1.4gb]->[1.3gb]/[2.9gb], all_pools {[young] [85.9mb]->[478.5kb]/[133.1mb]}{[survivor] [6.5mb]->[16.6mb]/[16.6mb]}{[old] [1.3gb]->[1.3gb]/[2.8gb]}
[2019-12-27T00:46:53,561][WARN ][o.e.m.j.JvmGcMonitorService] [q6BVpLR] [gc][894381] overhead, spent [1.4s] collecting in the last [1.8s]
[2019-12-27T00:46:55,834][INFO ][o.e.m.j.JvmGcMonitorService] [q6BVpLR] [gc][894383] overhead, spent [340ms] collecting in the last [1.2s]
[2019-12-27T00:47:25,348][WARN ][o.e.m.j.JvmGcMonitorService] [q6BVpLR] [gc][young][894410][36295] duration [2.6s], collections [1]/[3.3s], total [2.6s]/[3.3h], memory [1.4gb]->[1.4gb]/[2.9gb], all_pools {[young] [66.1mb]->[493.7kb]/[133.1mb]}{[survivor] [5.6mb]->[16.6mb]/[16.6mb]}{[old] [1.3gb]->[1.4gb]/[2.8gb]}
[2019-12-27T00:47:25,350][WARN ][o.e.m.j.JvmGcMonitorService] [q6BVpLR] [gc][894410] overhead, spent [2.6s] collecting in the last [3.3s]
[2019-12-27T00:47:27,105][WARN ][o.e.m.j.JvmGcMonitorService] [q6BVpLR] [gc][young][894411][36296] duration [1.2s], collections [1]/[1.7s], total [1.2s]/[3.3h], memory [1.4gb]->[1.4gb]/[2.9gb], all_pools {[young] [493.7kb]->[6.9mb]/[133.1mb]}{[survivor] [16.6mb]->[16.6mb]/[16.6mb]}{[old] [1.4gb]->[1.4gb]/[2.8gb]}
[2019-12-27T00:47:27,105][WARN ][o.e.m.j.JvmGcMonitorService] [q6BVpLR] [gc][894411] overhead, spent [1.2s] collecting in the last [1.7s]
[2019-12-27T00:47:28,124][INFO ][o.e.m.j.JvmGcMonitorService] [q6BVpLR] [gc][894412] overhead, spent [281ms] collecting in the last [1s]
[2019-12-27T00:48:35,335][WARN ][o.e.m.j.JvmGcMonitorService] [q6BVpLR] [gc][young][894478][36302] duration [1.9s], collections [1]/[2.2s], total [1.9s]/[3.3h], memory [1.6gb]->[1.5gb]/[2.9gb], all_pools {[young] [115.1mb]->[572.5kb]/[133.1mb]}{[survivor] [16.6mb]->[16.6mb]/[16.6mb]}{[old] [1.4gb]->[1.5gb]/[2.8gb]}
[2019-12-27T00:48:35,335][WARN ][o.e.m.j.JvmGcMonitorService] [q6BVpLR] [gc][894478] overhead, spent [1.9s] collecting in the last [2.2s]
[2019-12-27T00:48:59,905][WARN ][o.e.m.j.JvmGcMonitorService] [q6BVpLR] [gc][young][894500][36305] duration [2.5s], collections [1]/[3.5s], total [2.5s]/[3.3h], memory [1.5gb]->[1.5gb]/[2.9gb], all_pools {[young] [74.7mb]->[1.7mb]/[133.1mb]}{[survivor] [14.9mb]->[16.6mb]/[16.6mb]}{[old] [1.5gb]->[1.5gb]/[2.8gb]}
[2019-12-27T00:48:59,905][WARN ][o.e.m.j.JvmGcMonitorService] [q6BVpLR] [gc][894500] overhead, spent [2.5s] collecting in the last [3.5s]
[2019-12-27T00:49:01,701][INFO ][o.e.m.j.JvmGcMonitorService] [q6BVpLR] [gc][young][894501][36306] duration [869ms], collections [1]/[1.7s], total [869ms]/[3.3h], memory [1.5gb]->[1.5gb]/[2.9gb], all_pools {[young] [1.7mb]->[514kb]/[133.1mb]}{[survivor] [16.6mb]->[14.8mb]/[16.6mb]}{[old] [1.5gb]->[1.5gb]/[2.8gb]}
[2019-12-27T00:49:01,701][INFO ][o.e.m.j.JvmGcMonitorService] [q6BVpLR] [gc][894501] overhead, spent [869ms] collecting in the last [1.7s]
[2019-12-27T00:50:08,518][WARN ][o.e.m.j.JvmGcMonitorService] [q6BVpLR] [gc][young][894567][36309] duration [1.6s], collections [1]/[1.8s], total [1.6s]/[3.3h], memory [1.7gb]->[1.6gb]/[2.9gb], all_pools {[young] [125.8mb]->[53.6kb]/[133.1mb]}{[survivor] [16.6mb]->[16.6mb]/[16.6mb]}{[old] [1.5gb]->[1.5gb]/[2.8gb]}
[2019-12-27T00:50:08,518][WARN ][o.e.m.j.JvmGcMonitorService] [q6BVpLR] [gc][894567] overhead, spent [1.6s] collecting in the last [1.8s]
[2019-12-27T00:50:23,303][WARN ][o.e.m.j.JvmGcMonitorService] [q6BVpLR] [gc][young][894580][36311] duration [2.4s], collections [1]/[2.5s], total [2.4s]/[3.3h], memory [1.7gb]->[1.6gb]/[2.9gb], all_pools {[young] [102.6mb]->[70.2kb]/[133.1mb]}{[survivor] [15.8mb]->[16.6mb]/[16.6mb]}{[old] [1.5gb]->[1.6gb]/[2.8gb]}
[2019-12-27T00:50:23,303][WARN ][o.e.m.j.JvmGcMonitorService] [q6BVpLR] [gc][894580] overhead, spent [2.4s] collecting in the last [2.5s]
[2019-12-27T00:50:25,411][INFO ][o.e.m.j.JvmGcMonitorService] [q6BVpLR] [gc][young][894582][36312] duration [971ms], collections [1]/[1.1s], total [971ms]/[3.3h], memory [1.7gb]->[1.6gb]/[2.9gb], all_pools {[young] [112.5mb]->[5.5mb]/[133.1mb]}{[survivor] [16.6mb]->[13.5mb]/[16.6mb]}{[old] [1.6gb]->[1.6gb]/[2.8gb]}
[2019-12-27T00:50:25,411][WARN ][o.e.m.j.JvmGcMonitorService] [q6BVpLR] [gc][894582] overhead, spent [971ms] collecting in the last [1.1s]
[2019-12-27T00:50:53,377][WARN ][o.e.m.j.JvmGcMonitorService] [q6BVpLR] [gc][young][894609][36315] duration [1.3s], collections [1]/[1.9s], total [1.3s]/[3.3h], memory [1.7gb]->[1.6gb]/[2.9gb], all_pools {[young] [97mb]->[34kb]/[133.1mb]}{[survivor] [6.5mb]->[16.6mb]/[16.6mb]}{[old] [1.6gb]->[1.6gb]/[2.8gb]}
[2019-12-27T00:50:53,377][WARN ][o.e.m.j.JvmGcMonitorService] [q6BVpLR] [gc][894609] overhead, spent [1.3s] collecting in the last [1.9s]
[2019-12-27T00:50:56,876][WARN ][o.e.m.j.JvmGcMonitorService] [q6BVpLR] [gc][young][894611][36316] duration [2.2s], collections [1]/[2.4s], total [2.2s]/[3.3h], memory [1.7gb]->[1.7gb]/[2.9gb], all_pools {[young] [105.8mb]->[2.2kb]/[133.1mb]}{[survivor] [16.6mb]->[16.6mb]/[16.6mb]}{[old] [1.6gb]->[1.7gb]/[2.8gb]}
[2019-12-27T00:50:56,876][WARN ][o.e.m.j.JvmGcMonitorService] [q6BVpLR] [gc][894611] overhead, spent [2.2s] collecting in the last [2.4s]
[2019-12-27T00:51:33,250][WARN ][o.e.m.j.JvmGcMonitorService] [q6BVpLR] [gc][young][894643][36321] duration [4.5s], collections [1]/[5.2s], total [4.5s]/[3.3h], memory [1.7gb]->[1.8gb]/[2.9gb], all_pools {[young] [16.6mb]->[545.4kb]/[133.1mb]}{[survivor] [5.7mb]->[16.6mb]/[16.6mb]}{[old] [1.7gb]->[1.7gb]/[2.8gb]}
[2019-12-27T00:51:33,250][WARN ][o.e.m.j.JvmGcMonitorService] [q6BVpLR] [gc][894643] overhead, spent [4.5s] collecting in the last [5.2s]
[2019-12-27T00:51:34,883][INFO ][o.e.m.j.JvmGcMonitorService] [q6BVpLR] [gc][young][894644][36322] duration [850ms], collections [1]/[1.6s], total [850ms]/[3.3h], memory [1.8gb]->[1.8gb]/[2.9gb], all_pools {[young] [545.4kb]->[34kb]/[133.1mb]}{[survivor] [16.6mb]->[16.6mb]/[16.6mb]}{[old] [1.7gb]->[1.7gb]/[2.8gb]}
[2019-12-27T00:51:34,883][WARN ][o.e.m.j.JvmGcMonitorService] [q6BVpLR] [gc][894644] overhead, spent [850ms] collecting in the last [1.6s]
[2019-12-27T00:51:36,077][INFO ][o.e.m.j.JvmGcMonitorService] [q6BVpLR] [gc][894645] overhead, spent [458ms] collecting in the last [1.1s]
[2019-12-27T00:52:06,126][INFO ][o.e.m.j.JvmGcMonitorService] [q6BVpLR] [gc][894675] overhead, spent [378ms] collecting in the last [1s]
[2019-12-27T00:53:07,776][WARN ][o.e.m.j.JvmGcMonitorService] [q6BVpLR] [gc][young][894735][36328] duration [1.9s], collections [1]/[2.6s], total [1.9s]/[3.3h], memory [1.8gb]->[1.8gb]/[2.9gb], all_pools {[young] [69.7mb]->[81.8kb]/[133.1mb]}{[survivor] [13.1mb]->[16.6mb]/[16.6mb]}{[old] [1.8gb]->[1.8gb]/[2.8gb]}
[2019-12-27T00:53:07,776][WARN ][o.e.m.j.JvmGcMonitorService] [q6BVpLR] [gc][894735] overhead, spent [1.9s] collecting in the last [2.6s]
[2019-12-27T00:53:08,868][INFO ][o.e.m.j.JvmGcMonitorService] [q6BVpLR] [gc][894736] overhead, spent [478ms] collecting in the last [1s]
[2019-12-27T00:53:36,204][WARN ][o.e.m.j.JvmGcMonitorService] [q6BVpLR] [gc][young][894762][36332] duration [1.6s], collections [1]/[2.3s], total [1.6s]/[3.3h], memory [1.9gb]->[1.9gb]/[2.9gb], all_pools {[young] [95.6mb]->[67.7kb]/[133.1mb]}{[survivor] [5.7mb]->[16.6mb]/[16.6mb]}{[old] [1.8gb]->[1.8gb]/[2.8gb]}
[2019-12-27T00:53:36,204][WARN ][o.e.m.j.JvmGcMonitorService] [q6BVpLR] [gc][894762] overhead, spent [1.6s] collecting in the last [2.3s]
[2019-12-27T00:53:41,318][WARN ][o.e.m.j.JvmGcMonitorService] [q6BVpLR] [gc][young][894765][36333] duration [2.9s], collections [1]/[3.1s], total [2.9s]/[3.3h], memory [2gb]->[1.9gb]/[2.9gb], all_pools {[young] [106.6mb]->[49.8kb]/[133.1mb]}{[survivor] [16.6mb]->[16.6mb]/[16.6mb]}{[old] [1.8gb]->[1.9gb]/[2.8gb]}
[2019-12-27T00:53:41,318][WARN ][o.e.m.j.JvmGcMonitorService] [q6BVpLR] [gc][894765] overhead, spent [2.9s] collecting in the last [3.1s]
[2019-12-27T00:53:42,704][INFO ][o.e.m.j.JvmGcMonitorService] [q6BVpLR] [gc][894766] overhead, spent [582ms] collecting in the last [1.3s]
[2019-12-27T00:54:05,192][WARN ][o.e.m.j.JvmGcMonitorService] [q6BVpLR] [gc][young][894787][36337] duration [2.1s], collections [1]/[2.3s], total [2.1s]/[3.3h], memory [2gb]->[2gb]/[2.9gb], all_pools {[young] [103.9mb]->[112.9kb]/[133.1mb]}{[survivor] [7.7mb]->[16.6mb]/[16.6mb]}{[old] [1.9gb]->[1.9gb]/[2.8gb]}
[2019-12-27T00:54:05,195][WARN ][o.e.m.j.JvmGcMonitorService] [q6BVpLR] [gc][894787] overhead, spent [2.1s] collecting in the last [2.3s]
[2019-12-27T00:54:06,495][INFO ][o.e.m.j.JvmGcMonitorService] [q6BVpLR] [gc][894788] overhead, spent [378ms] collecting in the last [1.3s]
[2019-12-27T00:56:26,519][INFO ][o.e.m.j.JvmGcMonitorService] [q6BVpLR] [gc][894928] overhead, spent [353ms] collecting in the last [1s]
[2019-12-27T00:56:28,895][WARN ][o.e.m.j.JvmGcMonitorService] [q6BVpLR] [gc][young][894929][36341] duration [1.8s], collections [1]/[2.3s], total [1.8s]/[3.3h], memory [2gb]->[2gb]/[2.9gb], all_pools {[young] [54.1mb]->[871.2kb]/[133.1mb]}{[survivor] [16.6mb]->[16.6mb]/[16.6mb]}{[old] [2gb]->[2gb]/[2.8gb]}
[2019-12-27T00:56:28,895][WARN ][o.e.m.j.JvmGcMonitorService] [q6BVpLR] [gc][894929] overhead, spent [1.8s] collecting in the last [2.3s]
[2019-12-27T00:56:31,104][INFO ][o.e.m.j.JvmGcMonitorService] [q6BVpLR] [gc][young][894931][36342] duration [764ms], collections [1]/[1.2s], total [764ms]/[3.3h], memory [2.1gb]->[2gb]/[2.9gb], all_pools {[young] [118.7mb]->[4mb]/[133.1mb]}{[survivor] [16.6mb]->[15.7mb]/[16.6mb]}{[old] [2gb]->[2gb]/[2.8gb]}
[2019-12-27T00:56:31,104][WARN ][o.e.m.j.JvmGcMonitorService] [q6BVpLR] [gc][894931] overhead, spent [764ms] collecting in the last [1.2s]
[2019-12-27T00:58:04,027][WARN ][o.e.m.j.JvmGcMonitorService] [q6BVpLR] [gc][young][895022][36345] duration [1.9s], collections [1]/[2.9s], total [1.9s]/[3.3h], memory [2.1gb]->[2.1gb]/[2.9gb], all_pools {[young] [86.6mb]->[4.1mb]/[133.1mb]}{[survivor] [5.8mb]->[16.6mb]/[16.6mb]}{[old] [2gb]->[2gb]/[2.8gb]}
[2019-12-27T00:58:04,027][WARN ][o.e.m.j.JvmGcMonitorService] [q6BVpLR] [gc][895022] overhead, spent [1.9s] collecting in the last [2.9s]
[2019-12-27T00:58:05,579][INFO ][o.e.m.j.JvmGcMonitorService] [q6BVpLR] [gc][young][895023][36346] duration [721ms], collections [1]/[1.5s], total [721ms]/[3.3h], memory [2.1gb]->[2.1gb]/[2.9gb], all_pools {[young] [4.1mb]->[104.6kb]/[133.1mb]}{[survivor] [16.6mb]->[13.3mb]/[16.6mb]}{[old] [2gb]->[2gb]/[2.8gb]}
[2019-12-27T00:58:05,579][INFO ][o.e.m.j.JvmGcMonitorService] [q6BVpLR] [gc][895023] overhead, spent [721ms] collecting in the last [1.5s]
[2019-12-27T00:58:12,647][WARN ][o.e.m.j.JvmGcMonitorService] [q6BVpLR] [gc][young][895027][36348] duration [2.8s], collections [1]/[4s], total [2.8s]/[3.3h], memory [2.2gb]->[2.1gb]/[2.9gb], all_pools {[young] [109.3mb]->[3.3mb]/[133.1mb]}{[survivor] [5.6mb]->[16.6mb]/[16.6mb]}{[old] [2gb]->[2.1gb]/[2.8gb]}
[2019-12-27T00:58:12,647][WARN ][o.e.m.j.JvmGcMonitorService] [q6BVpLR] [gc][895027] overhead, spent [3.2s] collecting in the last [4s]
[2019-12-27T00:58:14,368][INFO ][o.e.m.j.JvmGcMonitorService] [q6BVpLR] [gc][young][895028][36349] duration [754ms], collections [1]/[1.7s], total [754ms]/[3.3h], memory [2.1gb]->[2.1gb]/[2.9gb], all_pools {[young] [3.3mb]->[1mb]/[133.1mb]}{[survivor] [16.6mb]->[13.4mb]/[16.6mb]}{[old] [2.1gb]->[2.1gb]/[2.8gb]}
[2019-12-27T00:58:14,368][INFO ][o.e.m.j.JvmGcMonitorService] [q6BVpLR] [gc][895028] overhead, spent [754ms] collecting in the last [1.7s]
[2019-12-27T00:58:16,079][WARN ][o.e.m.j.JvmGcMonitorService] [q6BVpLR] [gc][young][895029][36350] duration [1.1s], collections [1]/[1.7s], total [1.1s]/[3.3h], memory [2.1gb]->[2.1gb]/[2.9gb], all_pools {[young] [1mb]->[251.6kb]/[133.1mb]}{[survivor] [13.4mb]->[16.6mb]/[16.6mb]}{[old] [2.1gb]->[2.1gb]/[2.8gb]}
[2019-12-27T00:58:16,079][WARN ][o.e.m.j.JvmGcMonitorService] [q6BVpLR] [gc][895029] overhead, spent [1.1s] collecting in the last [1.7s]
[2019-12-27T00:58:48,359][WARN ][o.e.m.j.JvmGcMonitorService] [q6BVpLR] [gc][895039] overhead, spent [22.4s] collecting in the last [23.2s]
[2019-12-27T00:59:09,771][INFO ][o.e.m.j.JvmGcMonitorService] [q6BVpLR] [gc][young][895060][36353] duration [890ms], collections [1]/[1.4s], total [890ms]/[3.3h], memory [1.9gb]->[1.8gb]/[2.9gb], all_pools {[young] [132.3mb]->[304.2kb]/[133.1mb]}{[survivor] [5.6mb]->[7.2mb]/[16.6mb]}{[old] [1.8gb]->[1.7gb]/[2.8gb]}
[2019-12-27T00:59:09,773][WARN ][o.e.m.j.JvmGcMonitorService] [q6BVpLR] [gc][895060] overhead, spent [890ms] collecting in the last [1.4s]
[2019-12-27T00:59:21,295][WARN ][o.e.m.j.JvmGcMonitorService] [q6BVpLR] [gc][young][895069][36354] duration [2.8s], collections [1]/[3.5s], total [2.8s]/[3.3h], memory [1.6gb]->[1.5gb]/[2.9gb], all_pools {[young] [119.9mb]->[1.9mb]/[133.1mb]}{[survivor] [7.2mb]->[16.6mb]/[16.6mb]}{[old] [1.5gb]->[1.5gb]/[2.8gb]}
[2019-12-27T00:59:21,295][WARN ][o.e.m.j.JvmGcMonitorService] [q6BVpLR] [gc][895069] overhead, spent [2.8s] collecting in the last [3.5s]
[2019-12-27T00:59:23,296][WARN ][o.e.m.j.JvmGcMonitorService] [q6BVpLR] [gc][895071] overhead, spent [599ms] collecting in the last [1s]
[2019-12-27T01:00:25,344][WARN ][o.e.m.j.JvmGcMonitorService] [q6BVpLR] [gc][young][895132][36359] duration [1.6s], collections [1]/[2s], total [1.6s]/[3.3h], memory [530.1mb]->[432.6mb]/[2.9gb], all_pools {[young] [108.6mb]->[1.2mb]/[133.1mb]}{[survivor] [12mb]->[16.6mb]/[16.6mb]}{[old] [409.4mb]->[414.7mb]/[2.8gb]}
[2019-12-27T01:00:25,355][WARN ][o.e.m.j.JvmGcMonitorService] [q6BVpLR] [gc][895132] overhead, spent [1.6s] collecting in the last [2s]
[2019-12-27T01:00:27,610][WARN ][o.e.m.j.JvmGcMonitorService] [q6BVpLR] [gc][young][895133][36360] duration [1.3s], collections [1]/[2.2s], total [1.3s]/[3.3h], memory [432.6mb]->[438.3mb]/[2.9gb], all_pools {[young] [1.2mb]->[632kb]/[133.1mb]}{[survivor] [16.6mb]->[16.6mb]/[16.6mb]}{[old] [414.7mb]->[421.1mb]/[2.8gb]}
[2019-12-27T01:00:27,610][WARN ][o.e.m.j.JvmGcMonitorService] [q6BVpLR] [gc][895133] overhead, spent [1.3s] collecting in the last [2.2s]
[2019-12-27T01:00:28,750][INFO ][o.e.m.j.JvmGcMonitorService] [q6BVpLR] [gc][895134] overhead, spent [400ms] collecting in the last [1.1s]
[2019-12-27T01:01:54,462][WARN ][o.e.m.j.JvmGcMonitorService] [q6BVpLR] [gc][young][895218][36363] duration [1.8s], collections [1]/[2.6s], total [1.8s]/[3.3h], memory [470.7mb]->[453.3mb]/[2.9gb], all_pools {[young] [72.7mb]->[129kb]/[133.1mb]}{[survivor] [4.3mb]->[16.6mb]/[16.6mb]}{[old] [393.5mb]->[436.5mb]/[2.8gb]}
[2019-12-27T01:01:54,462][WARN ][o.e.m.j.JvmGcMonitorService] [q6BVpLR] [gc][895218] overhead, spent [1.8s] collecting in the last [2.6s]
[2019-12-27T01:01:55,649][WARN ][o.e.m.j.JvmGcMonitorService] [q6BVpLR] [gc][895219] overhead, spent [683ms] collecting in the last [1.1s]
[2019-12-27T01:01:57,141][INFO ][o.e.m.j.JvmGcMonitorService] [q6BVpLR] [gc][895220] overhead, spent [622ms] collecting in the last [1.4s]
[2019-12-27T01:03:05,765][WARN ][o.e.m.j.JvmGcMonitorService] [q6BVpLR] [gc][young][895287][36368] duration [2s], collections [1]/[2.6s], total [2s]/[3.3h], memory [584.6mb]->[526.4mb]/[2.9gb], all_pools {[young] [109mb]->[63.5kb]/[133.1mb]}{[survivor] [8.1mb]->[16.6mb]/[16.6mb]}{[old] [467.5mb]->[509.8mb]/[2.8gb]}
[2019-12-27T01:03:05,765][WARN ][o.e.m.j.JvmGcMonitorService] [q6BVpLR] [gc][895287] overhead, spent [2s] collecting in the last [2.6s]
[2019-12-27T01:03:21,455][WARN ][o.e.m.j.JvmGcMonitorService] [q6BVpLR] [gc][young][895300][36371] duration [2.6s], collections [1]/[3.5s], total [2.6s]/[3.3h], memory [582.8mb]->[585.2mb]/[2.9gb], all_pools {[young] [59.7mb]->[72kb]/[133.1mb]}{[survivor] [7.4mb]->[16.6mb]/[16.6mb]}{[old] [515.6mb]->[568.6mb]/[2.8gb]}
[2019-12-27T01:03:21,456][WARN ][o.e.m.j.JvmGcMonitorService] [q6BVpLR] [gc][895300] overhead, spent [2.6s] collecting in the last [3.5s]
[2019-12-27T01:03:22,602][INFO ][o.e.m.j.JvmGcMonitorService] [q6BVpLR] [gc][895301] overhead, spent [338ms] collecting in the last [1.1s]
[2019-12-27T01:03:23,619][INFO ][o.e.m.j.JvmGcMonitorService] [q6BVpLR] [gc][895302] overhead, spent [360ms] collecting in the last [1s]
[2019-12-27T01:03:44,971][WARN ][o.e.m.j.JvmGcMonitorService] [q6BVpLR] [gc][young][895323][36375] duration [1.2s], collections [1]/[1.3s], total [1.2s]/[3.3h], memory [708.4mb]->[624.7mb]/[2.9gb], all_pools {[young] [116.3mb]->[69.1kb]/[133.1mb]}{[survivor] [8.8mb]->[16.6mb]/[16.6mb]}{[old] [583.2mb]->[608mb]/[2.8gb]}
[2019-12-27T01:03:44,973][WARN ][o.e.m.j.JvmGcMonitorService] [q6BVpLR] [gc][895323] overhead, spent [1.2s] collecting in the last [1.3s]
[2019-12-27T01:03:46,974][INFO ][o.e.m.j.JvmGcMonitorService] [q6BVpLR] [gc][895325] overhead, spent [329ms] collecting in the last [1s]
[2019-12-27T01:04:28,983][INFO ][o.e.m.j.JvmGcMonitorService] [q6BVpLR] [gc][895367] overhead, spent [451ms] collecting in the last [1s]
[2019-12-27T01:04:34,080][WARN ][o.e.m.j.JvmGcMonitorService] [q6BVpLR] [gc][young][895369][36378] duration [3.7s], collections [1]/[4s], total [3.7s]/[3.3h], memory [733mb]->[711.1mb]/[2.9gb], all_pools {[young] [95.5mb]->[514kb]/[133.1mb]}{[survivor] [16.6mb]->[16.6mb]/[16.6mb]}{[old] [620.8mb]->[694mb]/[2.8gb]}
[2019-12-27T01:04:34,080][WARN ][o.e.m.j.JvmGcMonitorService] [q6BVpLR] [gc][895369] overhead, spent [3.7s] collecting in the last [4s]
[2019-12-27T01:04:35,340][INFO ][o.e.m.j.JvmGcMonitorService] [q6BVpLR] [gc][895370] overhead, spent [455ms] collecting in the last [1.2s]
[2019-12-27T01:06:04,903][INFO ][o.e.m.j.JvmGcMonitorService] [q6BVpLR] [gc][895459] overhead, spent [509ms] collecting in the last [1.3s]
[2019-12-27T01:07:05,513][WARN ][o.e.m.j.JvmGcMonitorService] [q6BVpLR] [gc][young][895517][36388] duration [2.6s], collections [1]/[3.6s], total [2.6s]/[3.3h], memory [772.9mb]->[806.1mb]/[2.9gb], all_pools {[young] [37.4mb]->[1.8mb]/[133.1mb]}{[survivor] [13.4mb]->[16.6mb]/[16.6mb]}{[old] [722mb]->[787.6mb]/[2.8gb]}
[2019-12-27T01:07:05,513][WARN ][o.e.m.j.JvmGcMonitorService] [q6BVpLR] [gc][895517] overhead, spent [2.6s] collecting in the last [3.6s]
[2019-12-27T01:07:07,208][WARN ][o.e.m.j.JvmGcMonitorService] [q6BVpLR] [gc][young][895518][36389] duration [1.1s], collections [1]/[1.6s], total [1.1s]/[3.3h], memory [806.1mb]->[833.7mb]/[2.9gb], all_pools {[young] [1.8mb]->[514kb]/[133.1mb]}{[survivor] [16.6mb]->[16.6mb]/[16.6mb]}{[old] [787.6mb]->[816.6mb]/[2.8gb]}
[2019-12-27T01:07:07,208][WARN ][o.e.m.j.JvmGcMonitorService] [q6BVpLR] [gc][895518] overhead, spent [1.1s] collecting in the last [1.6s]
[2019-12-27T01:07:08,504][WARN ][o.e.m.j.JvmGcMonitorService] [q6BVpLR] [gc][895519] overhead, spent [666ms] collecting in the last [1.2s]
[2019-12-27T01:07:34,323][WARN ][o.e.m.j.JvmGcMonitorService] [q6BVpLR] [gc][young][895544][36394] duration [1.5s], collections [1]/[1.8s], total [1.5s]/[3.3h], memory [934.1mb]->[872.6mb]/[2.9gb], all_pools {[young] [93.2mb]->[34kb]/[133.1mb]}{[survivor] [11.1mb]->[16.6mb]/[16.6mb]}{[old] [829.7mb]->[855.9mb]/[2.8gb]}
[2019-12-27T01:07:34,323][WARN ][o.e.m.j.JvmGcMonitorService] [q6BVpLR] [gc][895544] overhead, spent [1.5s] collecting in the last [1.8s]
[2019-12-27T01:07:36,081][WARN ][o.e.m.j.JvmGcMonitorService] [q6BVpLR] [gc][young][895545][36395] duration [1s], collections [1]/[1.7s], total [1s]/[3.3h], memory [872.6mb]->[911.2mb]/[2.9gb], all_pools {[young] [34kb]->[34kb]/[133.1mb]}{[survivor] [16.6mb]->[16.6mb]/[16.6mb]}{[old] [855.9mb]->[894.6mb]/[2.8gb]}
[2019-12-27T01:07:36,081][WARN ][o.e.m.j.JvmGcMonitorService] [q6BVpLR] [gc][895545] overhead, spent [1s] collecting in the last [1.7s]
[2019-12-27T01:08:05,787][INFO ][o.e.m.j.JvmGcMonitorService] [q6BVpLR] [gc][young][895574][36400] duration [945ms], collections [1]/[1.7s], total [945ms]/[3.3h], memory [981.6mb]->[956.2mb]/[2.9gb], all_pools {[young] [63.3mb]->[514kb]/[133.1mb]}{[survivor] [8.6mb]->[16.6mb]/[16.6mb]}{[old] [909.7mb]->[939.1mb]/[2.8gb]}
[2019-12-27T01:08:05,790][WARN ][o.e.m.j.JvmGcMonitorService] [q6BVpLR] [gc][895574] overhead, spent [945ms] collecting in the last [1.7s]
[2019-12-27T01:08:07,790][INFO ][o.e.m.j.JvmGcMonitorService] [q6BVpLR] [gc][895576] overhead, spent [488ms] collecting in the last [1s]
[2019-12-27T01:08:24,264][WARN ][o.e.m.j.JvmGcMonitorService] [q6BVpLR] [gc][young][895592][36402] duration [1.1s], collections [1]/[1.4s], total [1.1s]/[3.3h], memory [1gb]->[989mb]/[2.9gb], all_pools {[young] [104.5mb]->[1.9mb]/[133.1mb]}{[survivor] [13.8mb]->[16.6mb]/[16.6mb]}{[old] [948mb]->[970.5mb]/[2.8gb]}
[2019-12-27T01:08:24,265][WARN ][o.e.m.j.JvmGcMonitorService] [q6BVpLR] [gc][895592] overhead, spent [1.1s] collecting in the last [1.4s]
[2019-12-27T01:08:26,270][INFO ][o.e.m.j.JvmGcMonitorService] [q6BVpLR] [gc][895594] overhead, spent [367ms] collecting in the last [1s]
[2019-12-27T01:09:35,145][WARN ][o.e.m.j.JvmGcMonitorService] [q6BVpLR] [gc][young][895661][36405] duration [1.8s], collections [1]/[2.8s], total [1.8s]/[3.3h], memory [1gb]->[1gb]/[2.9gb], all_pools {[young] [81.5mb]->[2.6mb]/[133.1mb]}{[survivor] [5.4mb]->[16.6mb]/[16.6mb]}{[old] [981.4mb]->[1014.3mb]/[2.8gb]}
[2019-12-27T01:09:35,145][WARN ][o.e.m.j.JvmGcMonitorService] [q6BVpLR] [gc][895661] overhead, spent [1.8s] collecting in the last [2.8s]
[2019-12-27T01:10:04,628][WARN ][o.e.m.j.JvmGcMonitorService] [q6BVpLR] [gc][young][895690][36408] duration [1.3s], collections [1]/[1.4s], total [1.3s]/[3.3h], memory [1gb]->[1gb]/[2.9gb], all_pools {[young] [80.8mb]->[10kb]/[133.1mb]}{[survivor] [14.2mb]->[16.6mb]/[16.6mb]}{[old] [1gb]->[1gb]/[2.8gb]}
[2019-12-27T01:10:04,628][WARN ][o.e.m.j.JvmGcMonitorService] [q6BVpLR] [gc][895690] overhead, spent [1.3s] collecting in the last [1.4s]
[2019-12-27T01:10:08,106][WARN ][o.e.m.j.JvmGcMonitorService] [q6BVpLR] [gc][young][895692][36409] duration [2.4s], collections [1]/[2.4s], total [2.4s]/[3.3h], memory [1.1gb]->[1.1gb]/[2.9gb], all_pools {[young] [113.1mb]->[45.5kb]/[133.1mb]}{[survivor] [16.6mb]->[16.6mb]/[16.6mb]}{[old] [1gb]->[1gb]/[2.8gb]}
[2019-12-27T01:10:08,106][WARN ][o.e.m.j.JvmGcMonitorService] [q6BVpLR] [gc][895692] overhead, spent [2.4s] collecting in the last [2.4s]
[2019-12-27T01:10:09,474][INFO ][o.e.m.j.JvmGcMonitorService] [q6BVpLR] [gc][young][895693][36410] duration [802ms], collections [1]/[1.3s], total [802ms]/[3.3h], memory [1.1gb]->[1.1gb]/[2.9gb], all_pools {[young] [45.5kb]->[2kb]/[133.1mb]}{[survivor] [16.6mb]->[15.7mb]/[16.6mb]}{[old] [1gb]->[1.1gb]/[2.8gb]}
[2019-12-27T01:10:09,474][WARN ][o.e.m.j.JvmGcMonitorService] [q6BVpLR] [gc][895693] overhead, spent [802ms] collecting in the last [1.3s]
[2019-12-27T01:10:12,474][WARN ][o.e.m.j.JvmGcMonitorService] [q6BVpLR] [gc][895696] overhead, spent [611ms] collecting in the last [1s]
[2019-12-27T01:10:40,607][WARN ][o.e.m.j.JvmGcMonitorService] [q6BVpLR] [gc][young][895723][36415] duration [1.5s], collections [1]/[2.1s], total [1.5s]/[3.3h], memory [1.2gb]->[1.1gb]/[2.9gb], all_pools {[young] [87.4mb]->[368.4kb]/[133.1mb]}{[survivor] [3.8mb]->[16.6mb]/[16.6mb]}{[old] [1.1gb]->[1.1gb]/[2.8gb]}
[2019-12-27T01:10:40,609][WARN ][o.e.m.j.JvmGcMonitorService] [q6BVpLR] [gc][895723] overhead, spent [1.5s] collecting in the last [2.1s]
[2019-12-27T01:10:41,947][INFO ][o.e.m.j.JvmGcMonitorService] [q6BVpLR] [gc][young][895724][36416] duration [710ms], collections [1]/[1.3s], total [710ms]/[3.3h], memory [1.1gb]->[1.1gb]/[2.9gb], all_pools {[young] [368.4kb]->[10kb]/[133.1mb]}{[survivor] [16.6mb]->[16.6mb]/[16.6mb]}{[old] [1.1gb]->[1.1gb]/[2.8gb]}
[2019-12-27T01:10:41,947][WARN ][o.e.m.j.JvmGcMonitorService] [q6BVpLR] [gc][895724] overhead, spent [710ms] collecting in the last [1.3s]
[2019-12-27T01:10:43,191][INFO ][o.e.m.j.JvmGcMonitorService] [q6BVpLR] [gc][895725] overhead, spent [361ms] collecting in the last [1.2s]
[2019-12-27T01:11:15,297][WARN ][o.e.m.j.JvmGcMonitorService] [q6BVpLR] [gc][young][895754][36419] duration [3.1s], collections [1]/[4.1s], total [3.1s]/[3.3h], memory [1.1gb]->[1.2gb]/[2.9gb], all_pools {[young] [17.4mb]->[2.3mb]/[133.1mb]}{[survivor] [4.2mb]->[16.6mb]/[16.6mb]}{[old] [1.1gb]->[1.2gb]/[2.8gb]}
[2019-12-27T01:11:15,298][WARN ][o.e.m.j.JvmGcMonitorService] [q6BVpLR] [gc][895754] overhead, spent [3.1s] collecting in the last [4.1s]
[2019-12-27T01:11:16,468][INFO ][o.e.m.j.JvmGcMonitorService] [q6BVpLR] [gc][895755] overhead, spent [516ms] collecting in the last [1.1s]
[2019-12-27T01:11:17,924][INFO ][o.e.m.j.JvmGcMonitorService] [q6BVpLR] [gc][young][895756][36421] duration [850ms], collections [1]/[1.4s], total [850ms]/[3.3h], memory [1.2gb]->[1.2gb]/[2.9gb], all_pools {[young] [1.6mb]->[1.5mb]/[133.1mb]}{[survivor] [16.6mb]->[16.6mb]/[16.6mb]}{[old] [1.2gb]->[1.2gb]/[2.8gb]}
[2019-12-27T01:11:17,924][WARN ][o.e.m.j.JvmGcMonitorService] [q6BVpLR] [gc][895756] overhead, spent [850ms] collecting in the last [1.4s]
[2019-12-27T01:11:45,958][WARN ][o.e.m.j.JvmGcMonitorService] [q6BVpLR] [gc][young][895782][36425] duration [2.3s], collections [1]/[2.8s], total [2.3s]/[3.4h], memory [1.3gb]->[1.3gb]/[2.9gb], all_pools {[young] [75.7mb]->[570.4kb]/[133.1mb]}{[survivor] [6.9mb]->[16.6mb]/[16.6mb]}{[old] [1.2gb]->[1.3gb]/[2.8gb]}
[2019-12-27T01:11:45,958][WARN ][o.e.m.j.JvmGcMonitorService] [q6BVpLR] [gc][895782] overhead, spent [2.3s] collecting in the last [2.8s]
[2019-12-27T01:11:48,164][WARN ][o.e.m.j.JvmGcMonitorService] [q6BVpLR] [gc][young][895783][36426] duration [1.5s], collections [1]/[2.2s], total [1.5s]/[3.4h], memory [1.3gb]->[1.3gb]/[2.9gb], all_pools {[young] [570.4kb]->[3.9mb]/[133.1mb]}{[survivor] [16.6mb]->[16.6mb]/[16.6mb]}{[old] [1.3gb]->[1.3gb]/[2.8gb]}
[2019-12-27T01:11:48,164][WARN ][o.e.m.j.JvmGcMonitorService] [q6BVpLR] [gc][895783] overhead, spent [1.5s] collecting in the last [2.2s]
[2019-12-27T01:11:49,348][WARN ][o.e.m.j.JvmGcMonitorService] [q6BVpLR] [gc][895784] overhead, spent [650ms] collecting in the last [1.1s]
[2019-12-27T01:11:50,672][WARN ][o.e.m.j.JvmGcMonitorService] [q6BVpLR] [gc][895785] overhead, spent [679ms] collecting in the last [1.3s]
[2019-12-27T01:13:29,697][INFO ][o.e.m.j.JvmGcMonitorService] [q6BVpLR] [gc][895884] overhead, spent [315ms] collecting in the last [1s]
[2019-12-27T01:13:46,342][WARN ][o.e.m.j.JvmGcMonitorService] [q6BVpLR] [gc][young][895899][36436] duration [1.9s], collections [1]/[2.6s], total [1.9s]/[3.4h], memory [1.5gb]->[1.4gb]/[2.9gb], all_pools {[young] [101.5mb]->[71.2kb]/[133.1mb]}{[survivor] [13.2mb]->[16.6mb]/[16.6mb]}{[old] [1.4gb]->[1.4gb]/[2.8gb]}
[2019-12-27T01:13:46,342][WARN ][o.e.m.j.JvmGcMonitorService] [q6BVpLR] [gc][895899] overhead, spent [1.9s] collecting in the last [2.6s]
[2019-12-27T01:14:27,167][INFO ][o.e.m.j.JvmGcMonitorService] [q6BVpLR] [gc][895939] overhead, spent [585ms] collecting in the last [1.5s]
[2019-12-27T01:14:33,171][INFO ][o.e.m.j.JvmGcMonitorService] [q6BVpLR] [gc][895945] overhead, spent [300ms] collecting in the last [1s]
[2019-12-27T01:14:35,203][INFO ][o.e.m.j.JvmGcMonitorService] [q6BVpLR] [gc][895947] overhead, spent [376ms] collecting in the last [1s]
[2019-12-27T01:15:33,099][WARN ][o.e.m.j.JvmGcMonitorService] [q6BVpLR] [gc][young][896003][36445] duration [2.1s], collections [1]/[2.8s], total [2.1s]/[3.4h], memory [1.5gb]->[1.5gb]/[2.9gb], all_pools {[young] [71.3mb]->[1.5mb]/[133.1mb]}{[survivor] [13.4mb]->[16.6mb]/[16.6mb]}{[old] [1.5gb]->[1.5gb]/[2.8gb]}
[2019-12-27T01:15:33,100][WARN ][o.e.m.j.JvmGcMonitorService] [q6BVpLR] [gc][896003] overhead, spent [2.1s] collecting in the last [2.8s]
[2019-12-27T01:15:34,345][INFO ][o.e.m.j.JvmGcMonitorService] [q6BVpLR] [gc][896004] overhead, spent [570ms] collecting in the last [1.2s]
[2019-12-27T01:15:36,606][WARN ][o.e.m.j.JvmGcMonitorService] [q6BVpLR] [gc][young][896005][36447] duration [1.7s], collections [1]/[2.2s], total [1.7s]/[3.4h], memory [1.5gb]->[1.6gb]/[2.9gb], all_pools {[young] [514kb]->[75.1kb]/[133.1mb]}{[survivor] [16.6mb]->[16.6mb]/[16.6mb]}{[old] [1.5gb]->[1.5gb]/[2.8gb]}
[2019-12-27T01:15:36,606][WARN ][o.e.m.j.JvmGcMonitorService] [q6BVpLR] [gc][896005] overhead, spent [1.7s] collecting in the last [2.2s]
[2019-12-27T01:15:38,410][WARN ][o.e.m.j.JvmGcMonitorService] [q6BVpLR] [gc][young][896006][36448] duration [1s], collections [1]/[1.8s], total [1s]/[3.4h], memory [1.6gb]->[1.6gb]/[2.9gb], all_pools {[young] [75.1kb]->[514kb]/[133.1mb]}{[survivor] [16.6mb]->[16.4mb]/[16.6mb]}{[old] [1.5gb]->[1.6gb]/[2.8gb]}
[2019-12-27T01:15:38,410][WARN ][o.e.m.j.JvmGcMonitorService] [q6BVpLR] [gc][896006] overhead, spent [1s] collecting in the last [1.8s]
[2019-12-27T01:15:45,519][INFO ][o.e.m.j.JvmGcMonitorService] [q6BVpLR] [gc][896013] overhead, spent [485ms] collecting in the last [1.1s]
[2019-12-27T01:16:50,529][INFO ][o.e.m.j.JvmGcMonitorService] [q6BVpLR] [gc][896078] overhead, spent [289ms] collecting in the last [1s]
[2019-12-27T01:16:52,715][INFO ][o.e.m.j.JvmGcMonitorService] [q6BVpLR] [gc][young][896080][36454] duration [948ms], collections [1]/[1.1s], total [948ms]/[3.4h], memory [1.7gb]->[1.6gb]/[2.9gb], all_pools {[young] [116.9mb]->[18kb]/[133.1mb]}{[survivor] [16.6mb]->[16.6mb]/[16.6mb]}{[old] [1.6gb]->[1.6gb]/[2.8gb]}
[2019-12-27T01:16:52,717][WARN ][o.e.m.j.JvmGcMonitorService] [q6BVpLR] [gc][896080] overhead, spent [948ms] collecting in the last [1.1s]
[2019-12-27T01:16:54,796][INFO ][o.e.m.j.JvmGcMonitorService] [q6BVpLR] [gc][896082] overhead, spent [481ms] collecting in the last [1s]
[2019-12-27T01:17:39,944][WARN ][o.e.m.j.JvmGcMonitorService] [q6BVpLR] [gc][young][896124][36457] duration [3.4s], collections [1]/[4s], total [3.4s]/[3.4h], memory [1.7gb]->[1.7gb]/[2.9gb], all_pools {[young] [48.6mb]->[69.1kb]/[133.1mb]}{[survivor] [4.4mb]->[16.6mb]/[16.6mb]}{[old] [1.6gb]->[1.7gb]/[2.8gb]}
[2019-12-27T01:17:39,944][WARN ][o.e.m.j.JvmGcMonitorService] [q6BVpLR] [gc][896124] overhead, spent [3.4s] collecting in the last [4s]
[2019-12-27T01:17:41,334][INFO ][o.e.m.j.JvmGcMonitorService] [q6BVpLR] [gc][young][896125][36458] duration [745ms], collections [1]/[1.3s], total [745ms]/[3.4h], memory [1.7gb]->[1.7gb]/[2.9gb], all_pools {[young] [69.1kb]->[1.3mb]/[133.1mb]}{[survivor] [16.6mb]->[16.6mb]/[16.6mb]}{[old] [1.7gb]->[1.7gb]/[2.8gb]}
[2019-12-27T01:17:41,334][WARN ][o.e.m.j.JvmGcMonitorService] [q6BVpLR] [gc][896125] overhead, spent [745ms] collecting in the last [1.3s]
[2019-12-27T01:18:47,443][WARN ][o.e.m.j.JvmGcMonitorService] [q6BVpLR] [gc][young][896190][36462] duration [1.3s], collections [1]/[2s], total [1.3s]/[3.4h], memory [1.8gb]->[1.8gb]/[2.9gb], all_pools {[young] [95.4mb]->[2kb]/[133.1mb]}{[survivor] [7.5mb]->[16.6mb]/[16.6mb]}{[old] [1.7gb]->[1.7gb]/[2.8gb]}
[2019-12-27T01:18:47,445][WARN ][o.e.m.j.JvmGcMonitorService] [q6BVpLR] [gc][896190] overhead, spent [1.3s] collecting in the last [2s]
[2019-12-27T01:18:48,975][INFO ][o.e.m.j.JvmGcMonitorService] [q6BVpLR] [gc][young][896191][36463] duration [914ms], collections [1]/[1.5s], total [914ms]/[3.4h], memory [1.8gb]->[1.8gb]/[2.9gb], all_pools {[young] [2kb]->[1.4mb]/[133.1mb]}{[survivor] [16.6mb]->[16.6mb]/[16.6mb]}{[old] [1.7gb]->[1.8gb]/[2.8gb]}
[2019-12-27T01:18:48,975][WARN ][o.e.m.j.JvmGcMonitorService] [q6BVpLR] [gc][896191] overhead, spent [914ms] collecting in the last [1.5s]
[2019-12-27T01:18:50,976][INFO ][o.e.m.j.JvmGcMonitorService] [q6BVpLR] [gc][896193] overhead, spent [333ms] collecting in the last [1s]
[2019-12-27T01:19:08,503][WARN ][o.e.m.j.JvmGcMonitorService] [q6BVpLR] [gc][young][896209][36465] duration [1.6s], collections [1]/[2.5s], total [1.6s]/[3.4h], memory [1.9gb]->[1.8gb]/[2.9gb], all_pools {[young] [74.9mb]->[1.3mb]/[133.1mb]}{[survivor] [15.8mb]->[16.6mb]/[16.6mb]}{[old] [1.8gb]->[1.8gb]/[2.8gb]}
[2019-12-27T01:19:08,503][WARN ][o.e.m.j.JvmGcMonitorService] [q6BVpLR] [gc][896209] overhead, spent [1.6s] collecting in the last [2.5s]
[2019-12-27T01:19:10,582][WARN ][o.e.m.j.JvmGcMonitorService] [q6BVpLR] [gc][young][896210][36466] duration [1.4s], collections [1]/[2s], total [1.4s]/[3.4h], memory [1.8gb]->[1.8gb]/[2.9gb], all_pools {[young] [1.3mb]->[234.2kb]/[133.1mb]}{[survivor] [16.6mb]->[16.6mb]/[16.6mb]}{[old] [1.8gb]->[1.8gb]/[2.8gb]}
[2019-12-27T01:19:10,582][WARN ][o.e.m.j.JvmGcMonitorService] [q6BVpLR] [gc][896210] overhead, spent [1.4s] collecting in the last [2s]
[2019-12-27T01:19:11,582][INFO ][o.e.m.j.JvmGcMonitorService] [q6BVpLR] [gc][896211] overhead, spent [314ms] collecting in the last [1s]
[2019-12-27T01:19:50,829][WARN ][o.e.m.j.JvmGcMonitorService] [q6BVpLR] [gc][young][896249][36470] duration [2.1s], collections [1]/[2.2s], total [2.1s]/[3.4h], memory [2gb]->[1.9gb]/[2.9gb], all_pools {[young] [121.1mb]->[5.2mb]/[133.1mb]}{[survivor] [3.8mb]->[16.6mb]/[16.6mb]}{[old] [1.8gb]->[1.9gb]/[2.8gb]}
[2019-12-27T01:19:50,830][WARN ][o.e.m.j.JvmGcMonitorService] [q6BVpLR] [gc][896249] overhead, spent [2.1s] collecting in the last [2.2s]
[2019-12-27T01:19:52,112][INFO ][o.e.m.j.JvmGcMonitorService] [q6BVpLR] [gc][896250] overhead, spent [576ms] collecting in the last [1.2s]
[2019-12-27T01:20:21,459][WARN ][o.e.m.j.JvmGcMonitorService] [q6BVpLR] [gc][young][896276][36474] duration [4.1s], collections [1]/[4.3s], total [4.1s]/[3.4h], memory [2gb]->[2gb]/[2.9gb], all_pools {[young] [88.5mb]->[3.6mb]/[133.1mb]}{[survivor] [16.2mb]->[16.6mb]/[16.6mb]}{[old] [1.9gb]->[2gb]/[2.8gb]}
[2019-12-27T01:20:21,461][WARN ][o.e.m.j.JvmGcMonitorService] [q6BVpLR] [gc][896276] overhead, spent [4.1s] collecting in the last [4.3s]
[2019-12-27T01:20:22,677][INFO ][o.e.m.j.JvmGcMonitorService] [q6BVpLR] [gc][896277] overhead, spent [434ms] collecting in the last [1.2s]
[2019-12-27T01:21:54,750][WARN ][o.e.m.j.JvmGcMonitorService] [q6BVpLR] [gc][young][896367][36480] duration [2.8s], collections [1]/[3s], total [2.8s]/[3.4h], memory [2.1gb]->[2gb]/[2.9gb], all_pools {[young] [111.2mb]->[64.9kb]/[133.1mb]}{[survivor] [11.7mb]->[16.6mb]/[16.6mb]}{[old] [2gb]->[2gb]/[2.8gb]}
[2019-12-27T01:21:54,750][WARN ][o.e.m.j.JvmGcMonitorService] [q6BVpLR] [gc][896367] overhead, spent [2.8s] collecting in the last [3s]
[2019-12-27T01:21:55,849][INFO ][o.e.m.j.JvmGcMonitorService] [q6BVpLR] [gc][896368] overhead, spent [366ms] collecting in the last [1s]
[2019-12-27T01:22:20,870][WARN ][o.e.m.j.JvmGcMonitorService] [q6BVpLR] [gc][young][896390][36484] duration [3.7s], collections [1]/[3.9s], total [3.7s]/[3.4h], memory [2.1gb]->[2.1gb]/[2.9gb], all_pools {[young] [55.1mb]->[2mb]/[133.1mb]}{[survivor] [8.2mb]->[16.6mb]/[16.6mb]}{[old] [2gb]->[2.1gb]/[2.8gb]}
[2019-12-27T01:22:20,870][WARN ][o.e.m.j.JvmGcMonitorService] [q6BVpLR] [gc][896390] overhead, spent [3.7s] collecting in the last [3.9s]
[2019-12-27T01:22:21,871][INFO ][o.e.m.j.JvmGcMonitorService] [q6BVpLR] [gc][896391] overhead, spent [385ms] collecting in the last [1s]
[2019-12-27T01:22:22,871][INFO ][o.e.m.j.JvmGcMonitorService] [q6BVpLR] [gc][896392] overhead, spent [459ms] collecting in the last [1s]
[2019-12-27T01:22:58,372][WARN ][o.e.m.j.JvmGcMonitorService] [q6BVpLR] [gc][896409] overhead, spent [19s] collecting in the last [19.4s]
[2019-12-27T01:23:16,358][WARN ][o.e.m.j.JvmGcMonitorService] [q6BVpLR] [gc][young][896425][36488] duration [2.8s], collections [1]/[2.9s], total [2.8s]/[3.4h], memory [2gb]->[1.9gb]/[2.9gb], all_pools {[young] [122.3mb]->[40.3kb]/[133.1mb]}{[survivor] [7mb]->[16.6mb]/[16.6mb]}{[old] [1.9gb]->[1.9gb]/[2.8gb]}
[2019-12-27T01:23:16,359][WARN ][o.e.m.j.JvmGcMonitorService] [q6BVpLR] [gc][896425] overhead, spent [2.8s] collecting in the last [2.9s]
[2019-12-27T01:23:17,612][INFO ][o.e.m.j.JvmGcMonitorService] [q6BVpLR] [gc][896426] overhead, spent [371ms] collecting in the last [1.2s]
[2019-12-27T01:23:50,654][WARN ][o.e.m.j.JvmGcMonitorService] [q6BVpLR] [gc][young][896457][36492] duration [2.5s], collections [1]/[3s], total [2.5s]/[3.4h], memory [1.3gb]->[1.3gb]/[2.9gb], all_pools {[young] [40.7mb]->[32.7kb]/[133.1mb]}{[survivor] [7mb]->[16.6mb]/[16.6mb]}{[old] [1.3gb]->[1.3gb]/[2.8gb]}
[2019-12-27T01:23:50,676][WARN ][o.e.m.j.JvmGcMonitorService] [q6BVpLR] [gc][896457] overhead, spent [2.5s] collecting in the last [3s]
[2019-12-27T01:23:51,897][INFO ][o.e.m.j.JvmGcMonitorService] [q6BVpLR] [gc][896458] overhead, spent [364ms] collecting in the last [1.2s]
[2019-12-27T01:24:02,899][WARN ][o.e.m.j.JvmGcMonitorService] [q6BVpLR] [gc][896469] overhead, spent [548ms] collecting in the last [1s]
[2019-12-27T01:24:14,480][WARN ][o.e.m.j.JvmGcMonitorService] [q6BVpLR] [gc][young][896480][36500] duration [1.2s], collections [1]/[1.5s], total [1.2s]/[3.4h], memory [876.2mb]->[818mb]/[2.9gb], all_pools {[young] [89.4mb]->[306.4kb]/[133.1mb]}{[survivor] [10.8mb]->[16.6mb]/[16.6mb]}{[old] [775.9mb]->[801.1mb]/[2.8gb]}
[2019-12-27T01:24:14,483][WARN ][o.e.m.j.JvmGcMonitorService] [q6BVpLR] [gc][896480] overhead, spent [1.2s] collecting in the last [1.5s]
[2019-12-27T01:24:15,575][INFO ][o.e.m.j.JvmGcMonitorService] [q6BVpLR] [gc][896481] overhead, spent [332ms] collecting in the last [1s]
[2019-12-27T01:24:46,822][WARN ][o.e.m.j.JvmGcMonitorService] [q6BVpLR] [gc][young][896511][36503] duration [1.7s], collections [1]/[1.9s], total [1.7s]/[3.4h], memory [541.3mb]->[485.6mb]/[2.9gb], all_pools {[young] [107.1mb]->[170.8kb]/[133.1mb]}{[survivor] [4mb]->[16.6mb]/[16.6mb]}{[old] [430.1mb]->[468.8mb]/[2.8gb]}
[2019-12-27T01:24:46,839][WARN ][o.e.m.j.JvmGcMonitorService] [q6BVpLR] [gc][896511] overhead, spent [1.7s] collecting in the last [1.9s]
[2019-12-27T01:25:49,538][WARN ][o.e.m.j.JvmGcMonitorService] [q6BVpLR] [gc][young][896572][36507] duration [2.1s], collections [1]/[2.6s], total [2.1s]/[3.4h], memory [529.8mb]->[536.7mb]/[2.9gb], all_pools {[young] [53mb]->[81kb]/[133.1mb]}{[survivor] [5.6mb]->[16.6mb]/[16.6mb]}{[old] [471.2mb]->[520mb]/[2.8gb]}
[2019-12-27T01:25:49,538][WARN ][o.e.m.j.JvmGcMonitorService] [q6BVpLR] [gc][896572] overhead, spent [2.1s] collecting in the last [2.6s]
[2019-12-27T01:26:58,872][WARN ][o.e.m.j.JvmGcMonitorService] [q6BVpLR] [gc][young][896640][36511] duration [1.3s], collections [1]/[2.2s], total [1.3s]/[3.4h], memory [617.6mb]->[589.6mb]/[2.9gb], all_pools {[young] [70.1mb]->[115.3kb]/[133.1mb]}{[survivor] [12.1mb]->[16.6mb]/[16.6mb]}{[old] [535.3mb]->[572.9mb]/[2.8gb]}
[2019-12-27T01:26:58,872][WARN ][o.e.m.j.JvmGcMonitorService] [q6BVpLR] [gc][896640] overhead, spent [1.3s] collecting in the last [2.2s]
[2019-12-27T01:27:27,102][WARN ][o.e.m.j.JvmGcMonitorService] [q6BVpLR] [gc][young][896667][36514] duration [1.3s], collections [1]/[2.2s], total [1.3s]/[3.4h], memory [673mb]->[621.7mb]/[2.9gb], all_pools {[young] [88.7mb]->[1.6mb]/[133.1mb]}{[survivor] [8.2mb]->[16.6mb]/[16.6mb]}{[old] [576mb]->[603.4mb]/[2.8gb]}
[2019-12-27T01:27:27,102][WARN ][o.e.m.j.JvmGcMonitorService] [q6BVpLR] [gc][896667] overhead, spent [1.3s] collecting in the last [2.2s]
[2019-12-27T01:27:28,998][WARN ][o.e.m.j.JvmGcMonitorService] [q6BVpLR] [gc][young][896668][36515] duration [1.3s], collections [1]/[1.8s], total [1.3s]/[3.4h], memory [621.7mb]->[657.7mb]/[2.9gb], all_pools {[young] [1.6mb]->[1.7mb]/[133.1mb]}{[survivor] [16.6mb]->[16.6mb]/[16.6mb]}{[old] [603.4mb]->[639.3mb]/[2.8gb]}
[2019-12-27T01:27:28,998][WARN ][o.e.m.j.JvmGcMonitorService] [q6BVpLR] [gc][896668] overhead, spent [1.3s] collecting in the last [1.8s]
[2019-12-27T01:27:48,060][WARN ][o.e.m.j.JvmGcMonitorService] [q6BVpLR] [gc][young][896685][36519] duration [2.1s], collections [1]/[2.9s], total [2.1s]/[3.4h], memory [711.2mb]->[708.5mb]/[2.9gb], all_pools {[young] [54.5mb]->[32.1kb]/[133.1mb]}{[survivor] [7.4mb]->[16.6mb]/[16.6mb]}{[old] [649.2mb]->[691.8mb]/[2.8gb]}
[2019-12-27T01:27:48,060][WARN ][o.e.m.j.JvmGcMonitorService] [q6BVpLR] [gc][896685] overhead, spent [2.1s] collecting in the last [2.9s]
[2019-12-27T01:27:49,676][INFO ][o.e.m.j.JvmGcMonitorService] [q6BVpLR] [gc][young][896686][36520] duration [746ms], collections [1]/[1.6s], total [746ms]/[3.4h], memory [708.5mb]->[719.6mb]/[2.9gb], all_pools {[young] [32.1kb]->[1.4mb]/[133.1mb]}{[survivor] [16.6mb]->[13mb]/[16.6mb]}{[old] [691.8mb]->[706.5mb]/[2.8gb]}
[2019-12-27T01:27:49,676][INFO ][o.e.m.j.JvmGcMonitorService] [q6BVpLR] [gc][896686] overhead, spent [746ms] collecting in the last [1.6s]
[2019-12-27T01:29:11,060][WARN ][o.e.m.j.JvmGcMonitorService] [q6BVpLR] [gc][young][896766][36523] duration [1.9s], collections [1]/[2.3s], total [1.9s]/[3.4h], memory [825.5mb]->[763.9mb]/[2.9gb], all_pools {[young] [111.9mb]->[34kb]/[133.1mb]}{[survivor] [4.7mb]->[16.6mb]/[16.6mb]}{[old] [708.9mb]->[747.3mb]/[2.8gb]}
[2019-12-27T01:29:11,060][WARN ][o.e.m.j.JvmGcMonitorService] [q6BVpLR] [gc][896766] overhead, spent [1.9s] collecting in the last [2.3s]
[2019-12-27T01:29:58,111][INFO ][o.e.m.j.JvmGcMonitorService] [q6BVpLR] [gc][896813] overhead, spent [338ms] collecting in the last [1s]
[2019-12-27T01:30:34,323][INFO ][o.e.m.j.JvmGcMonitorService] [q6BVpLR] [gc][young][896849][36530] duration [903ms], collections [1]/[1.2s], total [903ms]/[3.4h], memory [918.6mb]->[823.2mb]/[2.9gb], all_pools {[young] [117.4mb]->[514kb]/[133.1mb]}{[survivor] [10.4mb]->[16.6mb]/[16.6mb]}{[old] [790.6mb]->[806mb]/[2.8gb]}
[2019-12-27T01:30:34,323][WARN ][o.e.m.j.JvmGcMonitorService] [q6BVpLR] [gc][896849] overhead, spent [903ms] collecting in the last [1.2s]
[2019-12-27T01:30:35,973][WARN ][o.e.m.j.JvmGcMonitorService] [q6BVpLR] [gc][young][896850][36531] duration [1.2s], collections [1]/[1.6s], total [1.2s]/[3.4h], memory [823.2mb]->[867.1mb]/[2.9gb], all_pools {[young] [514kb]->[2kb]/[133.1mb]}{[survivor] [16.6mb]->[16.6mb]/[16.6mb]}{[old] [806mb]->[850.4mb]/[2.8gb]}
[2019-12-27T01:30:35,977][WARN ][o.e.m.j.JvmGcMonitorService] [q6BVpLR] [gc][896850] overhead, spent [1.2s] collecting in the last [1.6s]
[2019-12-27T01:31:22,549][WARN ][o.e.m.j.JvmGcMonitorService] [q6BVpLR] [gc][young][896896][36535] duration [1.3s], collections [1]/[1.5s], total [1.3s]/[3.4h], memory [997.3mb]->[919.3mb]/[2.9gb], all_pools {[young] [125.4mb]->[18kb]/[133.1mb]}{[survivor] [6.6mb]->[16.6mb]/[16.6mb]}{[old] [865.2mb]->[902.7mb]/[2.8gb]}
[2019-12-27T01:31:22,549][WARN ][o.e.m.j.JvmGcMonitorService] [q6BVpLR] [gc][896896] overhead, spent [1.3s] collecting in the last [1.5s]
[2019-12-27T01:31:46,631][INFO ][o.e.m.j.JvmGcMonitorService] [q6BVpLR] [gc][896920] overhead, spent [254ms] collecting in the last [1s]
[2019-12-27T01:31:48,634][INFO ][o.e.m.j.JvmGcMonitorService] [q6BVpLR] [gc][896922] overhead, spent [426ms] collecting in the last [1s]
[2019-12-27T01:31:52,646][INFO ][o.e.m.j.JvmGcMonitorService] [q6BVpLR] [gc][young][896926][36542] duration [787ms], collections [1]/[1s], total [787ms]/[3.4h], memory [1gb]->[983mb]/[2.9gb], all_pools {[young] [105.4mb]->[355kb]/[133.1mb]}{[survivor] [4.5mb]->[16.6mb]/[16.6mb]}{[old] [953.7mb]->[966mb]/[2.8gb]}
[2019-12-27T01:31:52,646][WARN ][o.e.m.j.JvmGcMonitorService] [q6BVpLR] [gc][896926] overhead, spent [787ms] collecting in the last [1s]
[2019-12-27T01:31:55,027][WARN ][o.e.m.j.JvmGcMonitorService] [q6BVpLR] [gc][young][896927][36543] duration [1.8s], collections [1]/[2.3s], total [1.8s]/[3.4h], memory [983mb]->[1gb]/[2.9gb], all_pools {[young] [355kb]->[41kb]/[133.1mb]}{[survivor] [16.6mb]->[16.6mb]/[16.6mb]}{[old] [966mb]->[1gb]/[2.8gb]}
[2019-12-27T01:31:55,027][WARN ][o.e.m.j.JvmGcMonitorService] [q6BVpLR] [gc][896927] overhead, spent [1.8s] collecting in the last [2.3s]
[2019-12-27T01:31:56,070][INFO ][o.e.m.j.JvmGcMonitorService] [q6BVpLR] [gc][896928] overhead, spent [320ms] collecting in the last [1s]
[2019-12-27T01:32:05,143][WARN ][o.e.m.j.JvmGcMonitorService] [q6BVpLR] [gc][young][896936][36548] duration [1.5s], collections [1]/[2s], total [1.5s]/[3.4h], memory [1gb]->[1gb]/[2.9gb], all_pools {[young] [61.4mb]->[514kb]/[133.1mb]}{[survivor] [16.6mb]->[16.6mb]/[16.6mb]}{[old] [1gb]->[1gb]/[2.8gb]}
[2019-12-27T01:32:05,146][WARN ][o.e.m.j.JvmGcMonitorService] [q6BVpLR] [gc][896936] overhead, spent [1.5s] collecting in the last [2s]
[2019-12-27T01:32:43,773][WARN ][o.e.m.j.JvmGcMonitorService] [q6BVpLR] [gc][young][896972][36552] duration [3.2s], collections [1]/[3.6s], total [3.2s]/[3.4h], memory [1.1gb]->[1.1gb]/[2.9gb], all_pools {[young] [86.8mb]->[547.1kb]/[133.1mb]}{[survivor] [7.5mb]->[16.6mb]/[16.6mb]}{[old] [1gb]->[1.1gb]/[2.8gb]}
[2019-12-27T01:32:43,774][WARN ][o.e.m.j.JvmGcMonitorService] [q6BVpLR] [gc][896972] overhead, spent [3.2s] collecting in the last [3.6s]
[2019-12-27T01:32:45,013][INFO ][o.e.m.j.JvmGcMonitorService] [q6BVpLR] [gc][896973] overhead, spent [539ms] collecting in the last [1.2s]
[2019-12-27T01:33:12,219][WARN ][o.e.m.j.JvmGcMonitorService] [q6BVpLR] [gc][young][896998][36556] duration [2.8s], collections [1]/[3.2s], total [2.8s]/[3.4h], memory [1.1gb]->[1.2gb]/[2.9gb], all_pools {[young] [40.1mb]->[546.5kb]/[133.1mb]}{[survivor] [7.9mb]->[16.6mb]/[16.6mb]}{[old] [1.1gb]->[1.1gb]/[2.8gb]}
[2019-12-27T01:33:12,220][WARN ][o.e.m.j.JvmGcMonitorService] [q6BVpLR] [gc][896998] overhead, spent [2.8s] collecting in the last [3.2s]
[2019-12-27T01:33:14,028][WARN ][o.e.m.j.JvmGcMonitorService] [q6BVpLR] [gc][young][896999][36557] duration [1.2s], collections [1]/[1.8s], total [1.2s]/[3.4h], memory [1.2gb]->[1.2gb]/[2.9gb], all_pools {[young] [546.5kb]->[10kb]/[133.1mb]}{[survivor] [16.6mb]->[16.6mb]/[16.6mb]}{[old] [1.1gb]->[1.2gb]/[2.8gb]}
[2019-12-27T01:33:14,028][WARN ][o.e.m.j.JvmGcMonitorService] [q6BVpLR] [gc][896999] overhead, spent [1.2s] collecting in the last [1.8s]
[2019-12-27T01:34:55,591][INFO ][o.e.m.j.JvmGcMonitorService] [q6BVpLR] [gc][young][897100][36562] duration [988ms], collections [1]/[1.5s], total [988ms]/[3.4h], memory [1.3gb]->[1.2gb]/[2.9gb], all_pools {[young] [90.6mb]->[1.5mb]/[133.1mb]}{[survivor] [8.2mb]->[16.6mb]/[16.6mb]}{[old] [1.2gb]->[1.2gb]/[2.8gb]}
[2019-12-27T01:34:55,596][WARN ][o.e.m.j.JvmGcMonitorService] [q6BVpLR] [gc][897100] overhead, spent [988ms] collecting in the last [1.5s]
[2019-12-27T01:34:57,359][WARN ][o.e.m.j.JvmGcMonitorService] [q6BVpLR] [gc][young][897101][36563] duration [1.2s], collections [1]/[1.7s], total [1.2s]/[3.4h], memory [1.2gb]->[1.3gb]/[2.9gb], all_pools {[young] [1.5mb]->[10kb]/[133.1mb]}{[survivor] [16.6mb]->[16.6mb]/[16.6mb]}{[old] [1.2gb]->[1.3gb]/[2.8gb]}
[2019-12-27T01:34:57,359][WARN ][o.e.m.j.JvmGcMonitorService] [q6BVpLR] [gc][897101] overhead, spent [1.2s] collecting in the last [1.7s]
[2019-12-27T01:34:58,449][INFO ][o.e.m.j.JvmGcMonitorService] [q6BVpLR] [gc][897102] overhead, spent [472ms] collecting in the last [1s]
[2019-12-27T01:35:15,689][WARN ][o.e.m.j.JvmGcMonitorService] [q6BVpLR] [gc][young][897116][36567] duration [3.7s], collections [1]/[4.2s], total [3.7s]/[3.4h], memory [1.3gb]->[1.3gb]/[2.9gb], all_pools {[young] [43.2mb]->[700.2kb]/[133.1mb]}{[survivor] [7.7mb]->[16.6mb]/[16.6mb]}{[old] [1.3gb]->[1.3gb]/[2.8gb]}
[2019-12-27T01:35:15,689][WARN ][o.e.m.j.JvmGcMonitorService] [q6BVpLR] [gc][897116] overhead, spent [3.7s] collecting in the last [4.2s]
[2019-12-27T01:35:16,852][WARN ][o.e.m.j.JvmGcMonitorService] [q6BVpLR] [gc][897117] overhead, spent [633ms] collecting in the last [1.1s]
[2019-12-27T01:35:17,853][INFO ][o.e.m.j.JvmGcMonitorService] [q6BVpLR] [gc][897118] overhead, spent [284ms] collecting in the last [1s]
[2019-12-27T01:35:24,920][WARN ][o.e.m.j.JvmGcMonitorService] [q6BVpLR] [gc][young][897123][36573] duration [2.3s], collections [2]/[3s], total [2.3s]/[3.4h], memory [1.5gb]->[1.4gb]/[2.9gb], all_pools {[young] [132.9mb]->[747.1kb]/[133.1mb]}{[survivor] [7.1mb]->[16.6mb]/[16.6mb]}{[old] [1.4gb]->[1.4gb]/[2.8gb]}
[2019-12-27T01:35:24,920][WARN ][o.e.m.j.JvmGcMonitorService] [q6BVpLR] [gc][897123] overhead, spent [2.3s] collecting in the last [3s]
[2019-12-27T01:35:26,098][INFO ][o.e.m.j.JvmGcMonitorService] [q6BVpLR] [gc][897124] overhead, spent [460ms] collecting in the last [1.1s]
[2019-12-27T01:35:36,796][WARN ][o.e.m.j.JvmGcMonitorService] [q6BVpLR] [gc][young][897133][36576] duration [2s], collections [1]/[2.6s], total [2s]/[3.4h], memory [1.5gb]->[1.4gb]/[2.9gb], all_pools {[young] [85mb]->[1.8mb]/[133.1mb]}{[survivor] [6.2mb]->[16.6mb]/[16.6mb]}{[old] [1.4gb]->[1.4gb]/[2.8gb]}
[2019-12-27T01:35:36,796][WARN ][o.e.m.j.JvmGcMonitorService] [q6BVpLR] [gc][897133] overhead, spent [2s] collecting in the last [2.6s]
[2019-12-27T01:35:39,040][WARN ][o.e.m.j.JvmGcMonitorService] [q6BVpLR] [gc][young][897134][36577] duration [1.6s], collections [1]/[2.2s], total [1.6s]/[3.4h], memory [1.4gb]->[1.5gb]/[2.9gb], all_pools {[young] [1.8mb]->[10kb]/[133.1mb]}{[survivor] [16.6mb]->[16.6mb]/[16.6mb]}{[old] [1.4gb]->[1.4gb]/[2.8gb]}
[2019-12-27T01:35:39,040][WARN ][o.e.m.j.JvmGcMonitorService] [q6BVpLR] [gc][897134] overhead, spent [1.6s] collecting in the last [2.2s]
[2019-12-27T01:35:40,372][INFO ][o.e.m.j.JvmGcMonitorService] [q6BVpLR] [gc][897135] overhead, spent [438ms] collecting in the last [1.3s]
[2019-12-27T01:35:55,388][INFO ][o.e.m.j.JvmGcMonitorService] [q6BVpLR] [gc][young][897150][36580] duration [937ms], collections [1]/[1s], total [937ms]/[3.4h], memory [1.6gb]->[1.5gb]/[2.9gb], all_pools {[young] [116.5mb]->[3.3mb]/[133.1mb]}{[survivor] [11.1mb]->[16.6mb]/[16.6mb]}{[old] [1.5gb]->[1.5gb]/[2.8gb]}
[2019-12-27T01:35:55,388][WARN ][o.e.m.j.JvmGcMonitorService] [q6BVpLR] [gc][897150] overhead, spent [937ms] collecting in the last [1s]
[2019-12-27T01:37:00,517][INFO ][o.e.m.j.JvmGcMonitorService] [q6BVpLR] [gc][897215] overhead, spent [436ms] collecting in the last [1s]
[2019-12-27T01:37:05,518][INFO ][o.e.m.j.JvmGcMonitorService] [q6BVpLR] [gc][897220] overhead, spent [367ms] collecting in the last [1s]
[2019-12-27T01:37:41,280][WARN ][o.e.m.j.JvmGcMonitorService] [q6BVpLR] [gc][young][897255][36586] duration [1s], collections [1]/[1.7s], total [1s]/[3.4h], memory [1.6gb]->[1.6gb]/[2.9gb], all_pools {[young] [97.4mb]->[1.7mb]/[133.1mb]}{[survivor] [13.4mb]->[16.6mb]/[16.6mb]}{[old] [1.5gb]->[1.5gb]/[2.8gb]}
[2019-12-27T01:37:41,280][WARN ][o.e.m.j.JvmGcMonitorService] [q6BVpLR] [gc][897255] overhead, spent [1s] collecting in the last [1.7s]
[2019-12-27T01:37:44,725][WARN ][o.e.m.j.JvmGcMonitorService] [q6BVpLR] [gc][young][897256][36587] duration [3.1s], collections [1]/[3.4s], total [3.1s]/[3.4h], memory [1.6gb]->[1.6gb]/[2.9gb], all_pools {[young] [1.7mb]->[245.3kb]/[133.1mb]}{[survivor] [16.6mb]->[16.6mb]/[16.6mb]}{[old] [1.5gb]->[1.6gb]/[2.8gb]}
[2019-12-27T01:37:44,725][WARN ][o.e.m.j.JvmGcMonitorService] [q6BVpLR] [gc][897256] overhead, spent [3.1s] collecting in the last [3.4s]
[2019-12-27T01:37:46,109][INFO ][o.e.m.j.JvmGcMonitorService] [q6BVpLR] [gc][young][897257][36588] duration [701ms], collections [1]/[1.3s], total [701ms]/[3.4h], memory [1.6gb]->[1.6gb]/[2.9gb], all_pools {[young] [245.3kb]->[34kb]/[133.1mb]}{[survivor] [16.6mb]->[16.6mb]/[16.6mb]}{[old] [1.6gb]->[1.6gb]/[2.8gb]}
[2019-12-27T01:37:46,109][WARN ][o.e.m.j.JvmGcMonitorService] [q6BVpLR] [gc][897257] overhead, spent [701ms] collecting in the last [1.3s]
[2019-12-27T01:37:49,065][WARN ][o.e.m.j.JvmGcMonitorService] [q6BVpLR] [gc][young][897258][36589] duration [2.6s], collections [1]/[2.9s], total [2.6s]/[3.4h], memory [1.6gb]->[1.7gb]/[2.9gb], all_pools {[young] [34kb]->[65.2kb]/[133.1mb]}{[survivor] [16.6mb]->[16.6mb]/[16.6mb]}{[old] [1.6gb]->[1.6gb]/[2.8gb]}
[2019-12-27T01:37:49,065][WARN ][o.e.m.j.JvmGcMonitorService] [q6BVpLR] [gc][897258] overhead, spent [2.6s] collecting in the last [2.9s]
[2019-12-27T01:37:50,836][WARN ][o.e.m.j.JvmGcMonitorService] [q6BVpLR] [gc][young][897259][36590] duration [1.2s], collections [1]/[1.7s], total [1.2s]/[3.4h], memory [1.7gb]->[1.7gb]/[2.9gb], all_pools {[young] [65.2kb]->[17kb]/[133.1mb]}{[survivor] [16.6mb]->[16.1mb]/[16.6mb]}{[old] [1.6gb]->[1.7gb]/[2.8gb]}
[2019-12-27T01:37:50,836][WARN ][o.e.m.j.JvmGcMonitorService] [q6BVpLR] [gc][897259] overhead, spent [1.2s] collecting in the last [1.7s]
[2019-12-27T01:37:52,953][WARN ][o.e.m.j.JvmGcMonitorService] [q6BVpLR] [gc][897261] overhead, spent [664ms] collecting in the last [1.1s]
[2019-12-27T01:37:59,037][WARN ][o.e.m.j.JvmGcMonitorService] [q6BVpLR] [gc][young][897266][36595] duration [1.6s], collections [1]/[2s], total [1.6s]/[3.4h], memory [1.8gb]->[1.7gb]/[2.9gb], all_pools {[young] [84mb]->[33.6kb]/[133.1mb]}{[survivor] [4.3mb]->[16.6mb]/[16.6mb]}{[old] [1.7gb]->[1.7gb]/[2.8gb]}
[2019-12-27T01:37:59,037][WARN ][o.e.m.j.JvmGcMonitorService] [q6BVpLR] [gc][897266] overhead, spent [1.6s] collecting in the last [2s]
[2019-12-27T01:38:00,244][INFO ][o.e.m.j.JvmGcMonitorService] [q6BVpLR] [gc][897267] overhead, spent [340ms] collecting in the last [1.2s]
[2019-12-27T01:38:02,244][INFO ][o.e.m.j.JvmGcMonitorService] [q6BVpLR] [gc][young][897269][36597] duration [762ms], collections [1]/[1s], total [762ms]/[3.4h], memory [1.9gb]->[1.8gb]/[2.9gb], all_pools {[young] [118.9mb]->[18.8mb]/[133.1mb]}{[survivor] [16.6mb]->[15.8mb]/[16.6mb]}{[old] [1.7gb]->[1.8gb]/[2.8gb]}
[2019-12-27T01:38:02,244][WARN ][o.e.m.j.JvmGcMonitorService] [q6BVpLR] [gc][897269] overhead, spent [762ms] collecting in the last [1s]
[2019-12-27T01:38:40,444][WARN ][o.e.m.j.JvmGcMonitorService] [q6BVpLR] [gc][young][897303][36599] duration [4.2s], collections [1]/[5.1s], total [4.2s]/[3.4h], memory [1.8gb]->[1.8gb]/[2.9gb], all_pools {[young] [43.3mb]->[1.1mb]/[133.1mb]}{[survivor] [4.2mb]->[16.6mb]/[16.6mb]}{[old] [1.8gb]->[1.8gb]/[2.8gb]}
[2019-12-27T01:38:40,444][WARN ][o.e.m.j.JvmGcMonitorService] [q6BVpLR] [gc][897303] overhead, spent [4.2s] collecting in the last [5.1s]
[2019-12-27T01:38:42,144][WARN ][o.e.m.j.JvmGcMonitorService] [q6BVpLR] [gc][young][897304][36600] duration [1s], collections [1]/[1.6s], total [1s]/[3.4h], memory [1.8gb]->[1.9gb]/[2.9gb], all_pools {[young] [1.1mb]->[10kb]/[133.1mb]}{[survivor] [16.6mb]->[16.6mb]/[16.6mb]}{[old] [1.8gb]->[1.8gb]/[2.8gb]}
[2019-12-27T01:38:42,144][WARN ][o.e.m.j.JvmGcMonitorService] [q6BVpLR] [gc][897304] overhead, spent [1s] collecting in the last [1.6s]
[2019-12-27T01:38:43,144][INFO ][o.e.m.j.JvmGcMonitorService] [q6BVpLR] [gc][897305] overhead, spent [322ms] collecting in the last [1s]
[2019-12-27T01:38:49,786][WARN ][o.e.m.j.JvmGcMonitorService] [q6BVpLR] [gc][young][897311][36605] duration [1.6s], collections [1]/[1.6s], total [1.6s]/[3.4h], memory [2gb]->[1.9gb]/[2.9gb], all_pools {[young] [128.7mb]->[520.1kb]/[133.1mb]}{[survivor] [8.7mb]->[16.6mb]/[16.6mb]}{[old] [1.9gb]->[1.9gb]/[2.8gb]}
[2019-12-27T01:38:49,786][WARN ][o.e.m.j.JvmGcMonitorService] [q6BVpLR] [gc][897311] overhead, spent [1.6s] collecting in the last [1.6s]
[2019-12-27T01:38:54,317][WARN ][o.e.m.j.JvmGcMonitorService] [q6BVpLR] [gc][young][897314][36606] duration [2.1s], collections [1]/[2.5s], total [2.1s]/[3.4h], memory [2gb]->[1.9gb]/[2.9gb], all_pools {[young] [125.6mb]->[1.2mb]/[133.1mb]}{[survivor] [16.6mb]->[16.6mb]/[16.6mb]}{[old] [1.9gb]->[1.9gb]/[2.8gb]}
[2019-12-27T01:38:54,317][WARN ][o.e.m.j.JvmGcMonitorService] [q6BVpLR] [gc][897314] overhead, spent [2.1s] collecting in the last [2.5s]
[2019-12-27T01:39:08,210][WARN ][o.e.m.j.JvmGcMonitorService] [q6BVpLR] [gc][young][897326][36610] duration [1.8s], collections [1]/[2.8s], total [1.8s]/[3.4h], memory [2gb]->[2gb]/[2.9gb], all_pools {[young] [44mb]->[46.5kb]/[133.1mb]}{[survivor] [7.5mb]->[16.6mb]/[16.6mb]}{[old] [1.9gb]->[2gb]/[2.8gb]}
[2019-12-27T01:39:08,210][WARN ][o.e.m.j.JvmGcMonitorService] [q6BVpLR] [gc][897326] overhead, spent [1.8s] collecting in the last [2.8s]
[2019-12-27T01:39:20,457][WARN ][o.e.m.j.JvmGcMonitorService] [q6BVpLR] [gc][young][897336][36613] duration [2.4s], collections [1]/[3.2s], total [2.4s]/[3.4h], memory [2.1gb]->[2gb]/[2.9gb], all_pools {[young] [82.9mb]->[47.3kb]/[133.1mb]}{[survivor] [13.5mb]->[16.6mb]/[16.6mb]}{[old] [2gb]->[2gb]/[2.8gb]}
[2019-12-27T01:39:20,458][WARN ][o.e.m.j.JvmGcMonitorService] [q6BVpLR] [gc][897336] overhead, spent [2.4s] collecting in the last [3.2s]
[2019-12-27T01:39:22,560][WARN ][o.e.m.j.JvmGcMonitorService] [q6BVpLR] [gc][young][897337][36614] duration [1.4s], collections [1]/[2.1s], total [1.4s]/[3.4h], memory [2gb]->[2.1gb]/[2.9gb], all_pools {[young] [47.3kb]->[514kb]/[133.1mb]}{[survivor] [16.6mb]->[16.6mb]/[16.6mb]}{[old] [2gb]->[2gb]/[2.8gb]}
[2019-12-27T01:39:22,560][WARN ][o.e.m.j.JvmGcMonitorService] [q6BVpLR] [gc][897337] overhead, spent [1.4s] collecting in the last [2.1s]
[2019-12-27T01:39:24,160][INFO ][o.e.m.j.JvmGcMonitorService] [q6BVpLR] [gc][young][897338][36615] duration [855ms], collections [1]/[1.6s], total [855ms]/[3.4h], memory [2.1gb]->[2.1gb]/[2.9gb], all_pools {[young] [514kb]->[156.7kb]/[133.1mb]}{[survivor] [16.6mb]->[15.7mb]/[16.6mb]}{[old] [2gb]->[2.1gb]/[2.8gb]}
[2019-12-27T01:39:24,160][WARN ][o.e.m.j.JvmGcMonitorService] [q6BVpLR] [gc][897338] overhead, spent [855ms] collecting in the last [1.6s]
[2019-12-27T01:40:46,097][WARN ][o.e.m.j.JvmGcMonitorService] [q6BVpLR] [gc][young][897419][36618] duration [1.2s], collections [1]/[1.9s], total [1.2s]/[3.4h], memory [2.1gb]->[2.1gb]/[2.9gb], all_pools {[young] [88.8mb]->[34.1kb]/[133.1mb]}{[survivor] [8.4mb]->[16.6mb]/[16.6mb]}{[old] [2.1gb]->[2.1gb]/[2.8gb]}
[2019-12-27T01:40:46,098][WARN ][o.e.m.j.JvmGcMonitorService] [q6BVpLR] [gc][897419] overhead, spent [1.2s] collecting in the last [1.9s]
[2019-12-27T01:40:48,081][WARN ][o.e.m.j.JvmGcMonitorService] [q6BVpLR] [gc][young][897420][36619] duration [1.6s], collections [1]/[1.9s], total [1.6s]/[3.4h], memory [2.1gb]->[2.1gb]/[2.9gb], all_pools {[young] [34.1kb]->[18kb]/[133.1mb]}{[survivor] [16.6mb]->[16.6mb]/[16.6mb]}{[old] [2.1gb]->[2.1gb]/[2.8gb]}
[2019-12-27T01:40:48,081][WARN ][o.e.m.j.JvmGcMonitorService] [q6BVpLR] [gc][897420] overhead, spent [1.6s] collecting in the last [1.9s]
[2019-12-27T01:40:49,393][WARN ][o.e.m.j.JvmGcMonitorService] [q6BVpLR] [gc][897421] overhead, spent [846ms] collecting in the last [1.3s]
[2019-12-27T01:40:56,406][WARN ][o.e.m.j.JvmGcMonitorService] [q6BVpLR] [gc][young][897426][36625] duration [2.4s], collections [1]/[3s], total [2.4s]/[3.4h], memory [2.2gb]->[2.2gb]/[2.9gb], all_pools {[young] [44.9mb]->[5.6mb]/[133.1mb]}{[survivor] [9.1mb]->[16.6mb]/[16.6mb]}{[old] [2.2gb]->[2.2gb]/[2.8gb]}
[2019-12-27T01:40:56,407][WARN ][o.e.m.j.JvmGcMonitorService] [q6BVpLR] [gc][897426] overhead, spent [2.4s] collecting in the last [3s]
[2019-12-27T01:40:57,730][INFO ][o.e.m.j.JvmGcMonitorService] [q6BVpLR] [gc][897427] overhead, spent [334ms] collecting in the last [1.3s]
[2019-12-27T01:41:28,334][WARN ][o.e.m.j.JvmGcMonitorService] [q6BVpLR] [gc][897434] overhead, spent [23.8s] collecting in the last [24.5s]
[2019-12-27T01:41:35,804][WARN ][o.e.m.j.JvmGcMonitorService] [q6BVpLR] [gc][young][897440][36629] duration [2.3s], collections [1]/[2.4s], total [2.3s]/[3.4h], memory [2.3gb]->[2.2gb]/[2.9gb], all_pools {[young] [121.1mb]->[2.3kb]/[133.1mb]}{[survivor] [6.3mb]->[16.6mb]/[16.6mb]}{[old] [2.2gb]->[2.2gb]/[2.8gb]}
[2019-12-27T01:41:35,804][WARN ][o.e.m.j.JvmGcMonitorService] [q6BVpLR] [gc][897440] overhead, spent [2.3s] collecting in the last [2.4s]
[2019-12-27T01:41:37,238][INFO ][o.e.m.j.JvmGcMonitorService] [q6BVpLR] [gc][897441] overhead, spent [549ms] collecting in the last [1.4s]
[2019-12-27T01:41:47,250][WARN ][o.e.m.j.JvmGcMonitorService] [q6BVpLR] [gc][young][897450][36633] duration [1.2s], collections [1]/[1.9s], total [1.2s]/[3.4h], memory [2.2gb]->[2.2gb]/[2.9gb], all_pools {[young] [43.7mb]->[514kb]/[133.1mb]}{[survivor] [6.7mb]->[16.6mb]/[16.6mb]}{[old] [2.1gb]->[2.1gb]/[2.8gb]}
[2019-12-27T01:41:47,250][WARN ][o.e.m.j.JvmGcMonitorService] [q6BVpLR] [gc][897450] overhead, spent [1.2s] collecting in the last [1.9s]
[2019-12-27T01:42:16,883][WARN ][o.e.m.j.JvmGcMonitorService] [q6BVpLR] [gc][young][897479][36636] duration [1.2s], collections [1]/[1.6s], total [1.2s]/[3.4h], memory [1.4gb]->[1.3gb]/[2.9gb], all_pools {[young] [97.4mb]->[533.7kb]/[133.1mb]}{[survivor] [5.7mb]->[16.6mb]/[16.6mb]}{[old] [1.3gb]->[1.3gb]/[2.8gb]}
[2019-12-27T01:42:16,890][WARN ][o.e.m.j.JvmGcMonitorService] [q6BVpLR] [gc][897479] overhead, spent [1.2s] collecting in the last [1.6s]
[2019-12-27T01:42:19,256][WARN ][o.e.m.j.JvmGcMonitorService] [q6BVpLR] [gc][young][897481][36637] duration [1.2s], collections [1]/[1.3s], total [1.2s]/[3.4h], memory [1.4gb]->[1.3gb]/[2.9gb], all_pools {[young] [114.7mb]->[1.2mb]/[133.1mb]}{[survivor] [16.6mb]->[16.6mb]/[16.6mb]}{[old] [1.3gb]->[1.3gb]/[2.8gb]}
[2019-12-27T01:42:19,256][WARN ][o.e.m.j.JvmGcMonitorService] [q6BVpLR] [gc][897481] overhead, spent [1.2s] collecting in the last [1.3s]
[2019-12-27T01:42:27,810][WARN ][o.e.m.j.JvmGcMonitorService] [q6BVpLR] [gc][young][897488][36640] duration [1.7s], collections [1]/[2.3s], total [1.7s]/[3.4h], memory [1.2gb]->[1.3gb]/[2.9gb], all_pools {[young] [1mb]->[26kb]/[133.1mb]}{[survivor] [11.9mb]->[16.6mb]/[16.6mb]}{[old] [1.2gb]->[1.2gb]/[2.8gb]}
[2019-12-27T01:42:27,813][WARN ][o.e.m.j.JvmGcMonitorService] [q6BVpLR] [gc][897488] overhead, spent [1.7s] collecting in the last [2.3s]
[2019-12-27T01:42:30,008][INFO ][o.e.m.j.JvmGcMonitorService] [q6BVpLR] [gc][897490] overhead, spent [519ms] collecting in the last [1.1s]
[2019-12-27T01:43:23,300][WARN ][o.e.m.j.JvmGcMonitorService] [q6BVpLR] [gc][young][897542][36643] duration [1.2s], collections [1]/[2.2s], total [1.2s]/[3.4h], memory [602.8mb]->[553.5mb]/[2.9gb], all_pools {[young] [86.5mb]->[506.1kb]/[133.1mb]}{[survivor] [7.9mb]->[16.6mb]/[16.6mb]}{[old] [508.3mb]->[536.4mb]/[2.8gb]}
[2019-12-27T01:43:23,306][WARN ][o.e.m.j.JvmGcMonitorService] [q6BVpLR] [gc][897542] overhead, spent [1.2s] collecting in the last [2.2s]
[2019-12-27T01:43:26,863][WARN ][o.e.m.j.JvmGcMonitorService] [q6BVpLR] [gc][young][897543][36644] duration [2.8s], collections [1]/[3.5s], total [2.8s]/[3.4h], memory [553.5mb]->[619mb]/[2.9gb], all_pools {[young] [506.1kb]->[1.3mb]/[133.1mb]}{[survivor] [16.6mb]->[16.6mb]/[16.6mb]}{[old] [536.4mb]->[601.1mb]/[2.8gb]}
[2019-12-27T01:43:26,863][WARN ][o.e.m.j.JvmGcMonitorService] [q6BVpLR] [gc][897543] overhead, spent [2.8s] collecting in the last [3.5s]
[2019-12-27T01:43:28,081][INFO ][o.e.m.j.JvmGcMonitorService] [q6BVpLR] [gc][young][897544][36645] duration [706ms], collections [1]/[1.2s], total [706ms]/[3.4h], memory [619mb]->[639.7mb]/[2.9gb], all_pools {[young] [1.3mb]->[1.1mb]/[133.1mb]}{[survivor] [16.6mb]->[16.6mb]/[16.6mb]}{[old] [601.1mb]->[623mb]/[2.8gb]}
[2019-12-27T01:43:28,082][WARN ][o.e.m.j.JvmGcMonitorService] [q6BVpLR] [gc][897544] overhead, spent [706ms] collecting in the last [1.2s]
[2019-12-27T01:43:29,082][INFO ][o.e.m.j.JvmGcMonitorService] [q6BVpLR] [gc][897545] overhead, spent [261ms] collecting in the last [1s]
[2019-12-27T01:43:33,083][INFO ][o.e.m.j.JvmGcMonitorService] [q6BVpLR] [gc][897549] overhead, spent [255ms] collecting in the last [1s]
[2019-12-27T01:43:34,267][INFO ][o.e.m.j.JvmGcMonitorService] [q6BVpLR] [gc][897550] overhead, spent [349ms] collecting in the last [1.1s]
[2019-12-27T01:44:05,885][WARN ][o.e.m.j.JvmGcMonitorService] [q6BVpLR] [gc][young][897580][36653] duration [2s], collections [1]/[2.4s], total [2s]/[3.4h], memory [739.6mb]->[730.1mb]/[2.9gb], all_pools {[young] [53.5mb]->[46.3kb]/[133.1mb]}{[survivor] [14mb]->[16.6mb]/[16.6mb]}{[old] [671.9mb]->[713.4mb]/[2.8gb]}
[2019-12-27T01:44:05,885][WARN ][o.e.m.j.JvmGcMonitorService] [q6BVpLR] [gc][897580] overhead, spent [2s] collecting in the last [2.4s]
[2019-12-27T01:44:07,160][INFO ][o.e.m.j.JvmGcMonitorService] [q6BVpLR] [gc][897581] overhead, spent [435ms] collecting in the last [1.2s]
[2019-12-27T01:44:17,010][INFO ][o.e.m.j.JvmGcMonitorService] [q6BVpLR] [gc][young][897590][36656] duration [886ms], collections [1]/[1.8s], total [886ms]/[3.4h], memory [826.4mb]->[753.9mb]/[2.9gb], all_pools {[young] [100.1mb]->[501.7kb]/[133.1mb]}{[survivor] [6.1mb]->[16.6mb]/[16.6mb]}{[old] [720.1mb]->[736.8mb]/[2.8gb]}
[2019-12-27T01:44:17,010][INFO ][o.e.m.j.JvmGcMonitorService] [q6BVpLR] [gc][897590] overhead, spent [886ms] collecting in the last [1.8s]
[2019-12-27T01:44:18,774][WARN ][o.e.m.j.JvmGcMonitorService] [q6BVpLR] [gc][young][897591][36657] duration [1.1s], collections [1]/[1.7s], total [1.1s]/[3.4h], memory [753.9mb]->[777mb]/[2.9gb], all_pools {[young] [501.7kb]->[231.9kb]/[133.1mb]}{[survivor] [16.6mb]->[16.6mb]/[16.6mb]}{[old] [736.8mb]->[760.1mb]/[2.8gb]}
[2019-12-27T01:44:18,774][WARN ][o.e.m.j.JvmGcMonitorService] [q6BVpLR] [gc][897591] overhead, spent [1.1s] collecting in the last [1.7s]
[2019-12-27T01:44:20,180][INFO ][o.e.m.j.JvmGcMonitorService] [q6BVpLR] [gc][897592] overhead, spent [544ms] collecting in the last [1.4s]
[2019-12-27T01:45:26,624][WARN ][o.e.m.j.JvmGcMonitorService] [q6BVpLR] [gc][young][897656][36661] duration [2.5s], collections [1]/[3.4s], total [2.5s]/[3.4h], memory [789.2mb]->[836.2mb]/[2.9gb], all_pools {[young] [15.9mb]->[609.4kb]/[133.1mb]}{[survivor] [4.3mb]->[16.6mb]/[16.6mb]}{[old] [768.9mb]->[819mb]/[2.8gb]}
[2019-12-27T01:45:26,624][WARN ][o.e.m.j.JvmGcMonitorService] [q6BVpLR] [gc][897656] overhead, spent [2.5s] collecting in the last [3.4s]
[2019-12-27T01:45:28,127][INFO ][o.e.m.j.JvmGcMonitorService] [q6BVpLR] [gc][young][897657][36662] duration [805ms], collections [1]/[1.5s], total [805ms]/[3.4h], memory [836.2mb]->[846.1mb]/[2.9gb], all_pools {[young] [609.4kb]->[183.6kb]/[133.1mb]}{[survivor] [16.6mb]->[13.3mb]/[16.6mb]}{[old] [819mb]->[832.5mb]/[2.8gb]}
[2019-12-27T01:45:28,127][WARN ][o.e.m.j.JvmGcMonitorService] [q6BVpLR] [gc][897657] overhead, spent [805ms] collecting in the last [1.5s]
[2019-12-27T01:45:52,748][WARN ][o.e.m.j.JvmGcMonitorService] [q6BVpLR] [gc][young][897681][36665] duration [1s], collections [1]/[1.6s], total [1s]/[3.4h], memory [972.3mb]->[923.2mb]/[2.9gb], all_pools {[young] [132.1mb]->[514kb]/[133.1mb]}{[survivor] [7.6mb]->[16.6mb]/[16.6mb]}{[old] [832.5mb]->[906.1mb]/[2.8gb]}
[2019-12-27T01:45:52,748][WARN ][o.e.m.j.JvmGcMonitorService] [q6BVpLR] [gc][897681] overhead, spent [1s] collecting in the last [1.6s]
[2019-12-27T01:46:22,790][WARN ][o.e.m.j.JvmGcMonitorService] [q6BVpLR] [gc][young][897709][36669] duration [2.4s], collections [1]/[3s], total [2.4s]/[3.4h], memory [999.7mb]->[985.4mb]/[2.9gb], all_pools {[young] [70.9mb]->[10kb]/[133.1mb]}{[survivor] [7.2mb]->[16.6mb]/[16.6mb]}{[old] [921.5mb]->[968.7mb]/[2.8gb]}
[2019-12-27T01:46:22,793][WARN ][o.e.m.j.JvmGcMonitorService] [q6BVpLR] [gc][897709] overhead, spent [2.4s] collecting in the last [3s]
[2019-12-27T01:46:24,661][INFO ][o.e.m.j.JvmGcMonitorService] [q6BVpLR] [gc][young][897710][36670] duration [977ms], collections [1]/[1.8s], total [977ms]/[3.4h], memory [985.4mb]->[1000.4mb]/[2.9gb], all_pools {[young] [10kb]->[10kb]/[133.1mb]}{[survivor] [16.6mb]->[16.6mb]/[16.6mb]}{[old] [968.7mb]->[983.8mb]/[2.8gb]}
[2019-12-27T01:46:24,661][WARN ][o.e.m.j.JvmGcMonitorService] [q6BVpLR] [gc][897710] overhead, spent [977ms] collecting in the last [1.8s]
[2019-12-27T01:46:25,706][INFO ][o.e.m.j.JvmGcMonitorService] [q6BVpLR] [gc][897711] overhead, spent [340ms] collecting in the last [1s]
[2019-12-27T01:46:51,717][WARN ][o.e.m.j.JvmGcMonitorService] [q6BVpLR] [gc][young][897736][36673] duration [1.1s], collections [1]/[2s], total [1.1s]/[3.4h], memory [1gb]->[1022.9mb]/[2.9gb], all_pools {[young] [99.2mb]->[988.9kb]/[133.1mb]}{[survivor] [6.8mb]->[16.6mb]/[16.6mb]}{[old] [988.3mb]->[1005.3mb]/[2.8gb]}
[2019-12-27T01:46:51,717][WARN ][o.e.m.j.JvmGcMonitorService] [q6BVpLR] [gc][897736] overhead, spent [1.1s] collecting in the last [2s]
[2019-12-27T01:46:53,936][INFO ][o.e.m.j.JvmGcMonitorService] [q6BVpLR] [gc][young][897738][36674] duration [702ms], collections [1]/[1.2s], total [702ms]/[3.4h], memory [1gb]->[1gb]/[2.9gb], all_pools {[young] [95.5mb]->[1.3mb]/[133.1mb]}{[survivor] [16.6mb]->[16.6mb]/[16.6mb]}{[old] [1005.3mb]->[1gb]/[2.8gb]}
[2019-12-27T01:46:53,936][WARN ][o.e.m.j.JvmGcMonitorService] [q6BVpLR] [gc][897738] overhead, spent [702ms] collecting in the last [1.2s]
[2019-12-27T01:46:55,937][WARN ][o.e.m.j.JvmGcMonitorService] [q6BVpLR] [gc][897740] overhead, spent [696ms] collecting in the last [1s]
[2019-12-27T01:47:22,016][WARN ][o.e.m.j.JvmGcMonitorService] [q6BVpLR] [gc][897766] overhead, spent [534ms] collecting in the last [1s]
[2019-12-27T01:48:26,657][INFO ][o.e.m.j.JvmGcMonitorService] [q6BVpLR] [gc][young][897830][36680] duration [749ms], collections [1]/[1.6s], total [749ms]/[3.4h], memory [1.1gb]->[1.1gb]/[2.9gb], all_pools {[young] [103.8mb]->[458.2kb]/[133.1mb]}{[survivor] [5.4mb]->[16.6mb]/[16.6mb]}{[old] [1gb]->[1gb]/[2.8gb]}
[2019-12-27T01:48:26,658][INFO ][o.e.m.j.JvmGcMonitorService] [q6BVpLR] [gc][897830] overhead, spent [749ms] collecting in the last [1.6s]
[2019-12-27T01:48:29,025][WARN ][o.e.m.j.JvmGcMonitorService] [q6BVpLR] [gc][young][897831][36681] duration [1.6s], collections [1]/[2.3s], total [1.6s]/[3.4h], memory [1.1gb]->[1.1gb]/[2.9gb], all_pools {[young] [458.2kb]->[332.9kb]/[133.1mb]}{[survivor] [16.6mb]->[16.6mb]/[16.6mb]}{[old] [1gb]->[1.1gb]/[2.8gb]}
[2019-12-27T01:48:29,025][WARN ][o.e.m.j.JvmGcMonitorService] [q6BVpLR] [gc][897831] overhead, spent [1.6s] collecting in the last [2.3s]
[2019-12-27T01:48:30,177][INFO ][o.e.m.j.JvmGcMonitorService] [q6BVpLR] [gc][897832] overhead, spent [555ms] collecting in the last [1.1s]
[2019-12-27T01:49:31,070][WARN ][o.e.m.j.JvmGcMonitorService] [q6BVpLR] [gc][young][897892][36685] duration [1.7s], collections [1]/[1.8s], total [1.7s]/[3.4h], memory [1.2gb]->[1.1gb]/[2.9gb], all_pools {[young] [122mb]->[72.1kb]/[133.1mb]}{[survivor] [8.4mb]->[16.6mb]/[16.6mb]}{[old] [1.1gb]->[1.1gb]/[2.8gb]}
[2019-12-27T01:49:31,070][WARN ][o.e.m.j.JvmGcMonitorService] [q6BVpLR] [gc][897892] overhead, spent [1.7s] collecting in the last [1.8s]
[2019-12-27T01:49:32,274][INFO ][o.e.m.j.JvmGcMonitorService] [q6BVpLR] [gc][young][897893][36686] duration [826ms], collections [1]/[1.2s], total [826ms]/[3.4h], memory [1.1gb]->[1.1gb]/[2.9gb], all_pools {[young] [72.1kb]->[2kb]/[133.1mb]}{[survivor] [16.6mb]->[13mb]/[16.6mb]}{[old] [1.1gb]->[1.1gb]/[2.8gb]}
[2019-12-27T01:49:32,274][WARN ][o.e.m.j.JvmGcMonitorService] [q6BVpLR] [gc][897893] overhead, spent [826ms] collecting in the last [1.2s]
[2019-12-27T01:49:53,277][INFO ][o.e.m.j.JvmGcMonitorService] [q6BVpLR] [gc][young][897914][36688] duration [763ms], collections [1]/[1s], total [763ms]/[3.4h], memory [1.3gb]->[1.2gb]/[2.9gb], all_pools {[young] [125mb]->[25.1mb]/[133.1mb]}{[survivor] [3.9mb]->[16.6mb]/[16.6mb]}{[old] [1.1gb]->[1.1gb]/[2.8gb]}
[2019-12-27T01:49:53,279][WARN ][o.e.m.j.JvmGcMonitorService] [q6BVpLR] [gc][897914] overhead, spent [763ms] collecting in the last [1s]
[2019-12-27T01:49:57,281][INFO ][o.e.m.j.JvmGcMonitorService] [q6BVpLR] [gc][young][897918][36689] duration [715ms], collections [1]/[1s], total [715ms]/[3.4h], memory [1.2gb]->[1.2gb]/[2.9gb], all_pools {[young] [91.3mb]->[53.7mb]/[133.1mb]}{[survivor] [16.6mb]->[16.6mb]/[16.6mb]}{[old] [1.1gb]->[1.2gb]/[2.8gb]}
[2019-12-27T01:49:57,281][WARN ][o.e.m.j.JvmGcMonitorService] [q6BVpLR] [gc][897918] overhead, spent [715ms] collecting in the last [1s]
[2019-12-27T01:49:58,281][INFO ][o.e.m.j.JvmGcMonitorService] [q6BVpLR] [gc][897919] overhead, spent [326ms] collecting in the last [1s]
[2019-12-27T01:50:07,069][WARN ][o.e.m.j.JvmGcMonitorService] [q6BVpLR] [gc][young][897925][36694] duration [2.7s], collections [1]/[3.7s], total [2.7s]/[3.4h], memory [1.2gb]->[1.3gb]/[2.9gb], all_pools {[young] [308.1kb]->[797.7kb]/[133.1mb]}{[survivor] [13.4mb]->[16.6mb]/[16.6mb]}{[old] [1.2gb]->[1.2gb]/[2.8gb]}
[2019-12-27T01:50:07,070][WARN ][o.e.m.j.JvmGcMonitorService] [q6BVpLR] [gc][897925] overhead, spent [2.7s] collecting in the last [3.7s]
[2019-12-27T01:50:08,830][INFO ][o.e.m.j.JvmGcMonitorService] [q6BVpLR] [gc][young][897926][36695] duration [771ms], collections [1]/[1.7s], total [771ms]/[3.4h], memory [1.3gb]->[1.3gb]/[2.9gb], all_pools {[young] [797.7kb]->[514kb]/[133.1mb]}{[survivor] [16.6mb]->[14.8mb]/[16.6mb]}{[old] [1.2gb]->[1.2gb]/[2.8gb]}
[2019-12-27T01:50:08,834][INFO ][o.e.m.j.JvmGcMonitorService] [q6BVpLR] [gc][897926] overhead, spent [771ms] collecting in the last [1.7s]
[2019-12-27T01:51:36,745][WARN ][o.e.m.j.JvmGcMonitorService] [q6BVpLR] [gc][young][898012][36698] duration [2.2s], collections [1]/[2.8s], total [2.2s]/[3.4h], memory [1.3gb]->[1.3gb]/[2.9gb], all_pools {[young] [60.7mb]->[74kb]/[133.1mb]}{[survivor] [8.4mb]->[16.6mb]/[16.6mb]}{[old] [1.2gb]->[1.3gb]/[2.8gb]}
[2019-12-27T01:51:36,746][WARN ][o.e.m.j.JvmGcMonitorService] [q6BVpLR] [gc][898012] overhead, spent [2.2s] collecting in the last [2.8s]
[2019-12-27T01:51:37,875][INFO ][o.e.m.j.JvmGcMonitorService] [q6BVpLR] [gc][898013] overhead, spent [318ms] collecting in the last [1.1s]
[2019-12-27T01:51:58,926][WARN ][o.e.m.j.JvmGcMonitorService] [q6BVpLR] [gc][young][898033][36701] duration [1.6s], collections [1]/[2s], total [1.6s]/[3.4h], memory [1.3gb]->[1.4gb]/[2.9gb], all_pools {[young] [30.6mb]->[2.1kb]/[133.1mb]}{[survivor] [6mb]->[16.6mb]/[16.6mb]}{[old] [1.3gb]->[1.4gb]/[2.8gb]}
[2019-12-27T01:51:58,926][WARN ][o.e.m.j.JvmGcMonitorService] [q6BVpLR] [gc][898033] overhead, spent [1.6s] collecting in the last [2s]
[2019-12-27T01:52:27,815][WARN ][o.e.m.j.JvmGcMonitorService] [q6BVpLR] [gc][young][898059][36706] duration [3.8s], collections [1]/[3.8s], total [3.8s]/[3.4h], memory [1.5gb]->[1.4gb]/[2.9gb], all_pools {[young] [116.5mb]->[71.9kb]/[133.1mb]}{[survivor] [14.3mb]->[16.6mb]/[16.6mb]}{[old] [1.4gb]->[1.4gb]/[2.8gb]}
[2019-12-27T01:52:27,815][WARN ][o.e.m.j.JvmGcMonitorService] [q6BVpLR] [gc][898059] overhead, spent [3.8s] collecting in the last [3.8s]
[2019-12-27T01:52:28,816][INFO ][o.e.m.j.JvmGcMonitorService] [q6BVpLR] [gc][898060] overhead, spent [363ms] collecting in the last [1s]
[2019-12-27T01:52:30,162][INFO ][o.e.m.j.JvmGcMonitorService] [q6BVpLR] [gc][898061] overhead, spent [606ms] collecting in the last [1.3s]
[2019-12-27T01:52:42,517][WARN ][o.e.m.j.JvmGcMonitorService] [q6BVpLR] [gc][young][898072][36710] duration [1.9s], collections [1]/[2.3s], total [1.9s]/[3.4h], memory [1.5gb]->[1.5gb]/[2.9gb], all_pools {[young] [105.4mb]->[18kb]/[133.1mb]}{[survivor] [4.3mb]->[16.6mb]/[16.6mb]}{[old] [1.4gb]->[1.5gb]/[2.8gb]}
[2019-12-27T01:52:42,522][WARN ][o.e.m.j.JvmGcMonitorService] [q6BVpLR] [gc][898072] overhead, spent [1.9s] collecting in the last [2.3s]
[2019-12-27T01:52:44,522][INFO ][o.e.m.j.JvmGcMonitorService] [q6BVpLR] [gc][898074] overhead, spent [324ms] collecting in the last [1s]
[2019-12-27T01:52:56,983][WARN ][o.e.m.j.JvmGcMonitorService] [q6BVpLR] [gc][young][898085][36714] duration [2.3s], collections [1]/[2.4s], total [2.3s]/[3.4h], memory [1.6gb]->[1.5gb]/[2.9gb], all_pools {[young] [116.3mb]->[21.2kb]/[133.1mb]}{[survivor] [4.4mb]->[16.6mb]/[16.6mb]}{[old] [1.5gb]->[1.5gb]/[2.8gb]}
[2019-12-27T01:52:56,985][WARN ][o.e.m.j.JvmGcMonitorService] [q6BVpLR] [gc][898085] overhead, spent [2.3s] collecting in the last [2.4s]
[2019-12-27T01:52:58,255][INFO ][o.e.m.j.JvmGcMonitorService] [q6BVpLR] [gc][898086] overhead, spent [402ms] collecting in the last [1.2s]
[2019-12-27T01:53:09,391][WARN ][o.e.m.j.JvmGcMonitorService] [q6BVpLR] [gc][young][898095][36717] duration [2.4s], collections [1]/[3.1s], total [2.4s]/[3.4h], memory [1.7gb]->[1.6gb]/[2.9gb], all_pools {[young] [124.4mb]->[525kb]/[133.1mb]}{[survivor] [8.1mb]->[16.6mb]/[16.6mb]}{[old] [1.5gb]->[1.6gb]/[2.8gb]}
[2019-12-27T01:53:09,391][WARN ][o.e.m.j.JvmGcMonitorService] [q6BVpLR] [gc][898095] overhead, spent [2.4s] collecting in the last [3.1s]
[2019-12-27T01:53:10,422][WARN ][o.e.m.j.JvmGcMonitorService] [q6BVpLR] [gc][898096] overhead, spent [620ms] collecting in the last [1s]
[2019-12-27T01:53:38,111][WARN ][o.e.m.j.JvmGcMonitorService] [q6BVpLR] [gc][young][898122][36720] duration [2.3s], collections [1]/[2.6s], total [2.3s]/[3.4h], memory [1.6gb]->[1.6gb]/[2.9gb], all_pools {[young] [35.9mb]->[62kb]/[133.1mb]}{[survivor] [6mb]->[16.6mb]/[16.6mb]}{[old] [1.6gb]->[1.6gb]/[2.8gb]}
[2019-12-27T01:53:38,111][WARN ][o.e.m.j.JvmGcMonitorService] [q6BVpLR] [gc][898122] overhead, spent [2.3s] collecting in the last [2.6s]
[2019-12-27T01:53:40,667][INFO ][o.e.m.j.JvmGcMonitorService] [q6BVpLR] [gc][young][898124][36721] duration [711ms], collections [1]/[1.5s], total [711ms]/[3.4h], memory [1.7gb]->[1.6gb]/[2.9gb], all_pools {[young] [56.7mb]->[2mb]/[133.1mb]}{[survivor] [16.6mb]->[16.6mb]/[16.6mb]}{[old] [1.6gb]->[1.6gb]/[2.8gb]}
[2019-12-27T01:53:40,667][INFO ][o.e.m.j.JvmGcMonitorService] [q6BVpLR] [gc][898124] overhead, spent [711ms] collecting in the last [1.5s]
[2019-12-27T01:53:55,754][WARN ][o.e.m.j.JvmGcMonitorService] [q6BVpLR] [gc][898139] overhead, spent [556ms] collecting in the last [1s]
[2019-12-27T01:53:57,799][WARN ][o.e.m.j.JvmGcMonitorService] [q6BVpLR] [gc][young][898140][36724] duration [1s], collections [1]/[2s], total [1s]/[3.4h], memory [1.7gb]->[1.7gb]/[2.9gb], all_pools {[young] [1.3mb]->[2.5mb]/[133.1mb]}{[survivor] [16.6mb]->[16.6mb]/[16.6mb]}{[old] [1.6gb]->[1.7gb]/[2.8gb]}
[2019-12-27T01:53:57,799][WARN ][o.e.m.j.JvmGcMonitorService] [q6BVpLR] [gc][898140] overhead, spent [1s] collecting in the last [2s]
[2019-12-27T01:53:59,179][INFO ][o.e.m.j.JvmGcMonitorService] [q6BVpLR] [gc][young][898141][36725] duration [777ms], collections [1]/[1.3s], total [777ms]/[3.4h], memory [1.7gb]->[1.7gb]/[2.9gb], all_pools {[young] [2.5mb]->[5.2mb]/[133.1mb]}{[survivor] [16.6mb]->[16.6mb]/[16.6mb]}{[old] [1.7gb]->[1.7gb]/[2.8gb]}
[2019-12-27T01:53:59,179][WARN ][o.e.m.j.JvmGcMonitorService] [q6BVpLR] [gc][898141] overhead, spent [777ms] collecting in the last [1.3s]
[2019-12-27T01:54:00,179][INFO ][o.e.m.j.JvmGcMonitorService] [q6BVpLR] [gc][898142] overhead, spent [251ms] collecting in the last [1s]
[2019-12-27T01:54:12,820][WARN ][o.e.m.j.JvmGcMonitorService] [q6BVpLR] [gc][young][898152][36729] duration [3.2s], collections [1]/[3.6s], total [3.2s]/[3.4h], memory [1.8gb]->[1.8gb]/[2.9gb], all_pools {[young] [72.3mb]->[533.9kb]/[133.1mb]}{[survivor] [15.3mb]->[16.6mb]/[16.6mb]}{[old] [1.7gb]->[1.8gb]/[2.8gb]}
[2019-12-27T01:54:12,822][WARN ][o.e.m.j.JvmGcMonitorService] [q6BVpLR] [gc][898152] overhead, spent [3.2s] collecting in the last [3.6s]
[2019-12-27T01:54:14,621][INFO ][o.e.m.j.JvmGcMonitorService] [q6BVpLR] [gc][young][898153][36730] duration [996ms], collections [1]/[1.8s], total [996ms]/[3.4h], memory [1.8gb]->[1.8gb]/[2.9gb], all_pools {[young] [533.9kb]->[3kb]/[133.1mb]}{[survivor] [16.6mb]->[15.2mb]/[16.6mb]}{[old] [1.8gb]->[1.8gb]/[2.8gb]}
[2019-12-27T01:54:14,623][WARN ][o.e.m.j.JvmGcMonitorService] [q6BVpLR] [gc][898153] overhead, spent [996ms] collecting in the last [1.8s]
[2019-12-27T01:55:19,172][WARN ][o.e.m.j.JvmGcMonitorService] [q6BVpLR] [gc][young][898217][36733] duration [1.2s], collections [1]/[1.5s], total [1.2s]/[3.4h], memory [1.9gb]->[1.9gb]/[2.9gb], all_pools {[young] [113.5mb]->[560.6kb]/[133.1mb]}{[survivor] [5.9mb]->[16.6mb]/[16.6mb]}{[old] [1.8gb]->[1.8gb]/[2.8gb]}
[2019-12-27T01:55:19,172][WARN ][o.e.m.j.JvmGcMonitorService] [q6BVpLR] [gc][898217] overhead, spent [1.2s] collecting in the last [1.5s]
[2019-12-27T01:55:20,172][INFO ][o.e.m.j.JvmGcMonitorService] [q6BVpLR] [gc][898218] overhead, spent [358ms] collecting in the last [1s]
[2019-12-27T01:55:39,222][WARN ][o.e.m.j.JvmGcMonitorService] [q6BVpLR] [gc][young][898234][36737] duration [3.8s], collections [1]/[3.9s], total [3.8s]/[3.4h], memory [2gb]->[1.9gb]/[2.9gb], all_pools {[young] [123.3mb]->[748kb]/[133.1mb]}{[survivor] [7.8mb]->[16.6mb]/[16.6mb]}{[old] [1.8gb]->[1.9gb]/[2.8gb]}
[2019-12-27T01:55:39,222][WARN ][o.e.m.j.JvmGcMonitorService] [q6BVpLR] [gc][898234] overhead, spent [3.8s] collecting in the last [3.9s]
[2019-12-27T01:55:40,472][INFO ][o.e.m.j.JvmGcMonitorService] [q6BVpLR] [gc][898235] overhead, spent [475ms] collecting in the last [1.2s]
[2019-12-27T01:55:42,148][INFO ][o.e.m.j.JvmGcMonitorService] [q6BVpLR] [gc][young][898236][36739] duration [882ms], collections [1]/[1.6s], total [882ms]/[3.4h], memory [1.9gb]->[1.9gb]/[2.9gb], all_pools {[young] [34kb]->[541kb]/[133.1mb]}{[survivor] [16.6mb]->[15.2mb]/[16.6mb]}{[old] [1.9gb]->[1.9gb]/[2.8gb]}
[2019-12-27T01:55:42,148][WARN ][o.e.m.j.JvmGcMonitorService] [q6BVpLR] [gc][898236] overhead, spent [882ms] collecting in the last [1.6s]
[2019-12-27T01:56:06,896][WARN ][o.e.m.j.JvmGcMonitorService] [q6BVpLR] [gc][young][898260][36742] duration [1.2s], collections [1]/[1.7s], total [1.2s]/[3.4h], memory [1.9gb]->[2gb]/[2.9gb], all_pools {[young] [357.5kb]->[111.8kb]/[133.1mb]}{[survivor] [8mb]->[16.6mb]/[16.6mb]}{[old] [1.9gb]->[2gb]/[2.8gb]}
[2019-12-27T01:56:06,896][WARN ][o.e.m.j.JvmGcMonitorService] [q6BVpLR] [gc][898260] overhead, spent [1.2s] collecting in the last [1.7s]
[2019-12-27T01:56:07,896][INFO ][o.e.m.j.JvmGcMonitorService] [q6BVpLR] [gc][898261] overhead, spent [321ms] collecting in the last [1s]
[2019-12-27T01:56:35,979][INFO ][o.e.m.j.JvmGcMonitorService] [q6BVpLR] [gc][898289] overhead, spent [301ms] collecting in the last [1s]
[2019-12-27T01:56:38,221][INFO ][o.e.m.j.JvmGcMonitorService] [q6BVpLR] [gc][young][898291][36747] duration [754ms], collections [1]/[1.2s], total [754ms]/[3.4h], memory [2.1gb]->[2.1gb]/[2.9gb], all_pools {[young] [69.1mb]->[70.1kb]/[133.1mb]}{[survivor] [13.5mb]->[16.6mb]/[16.6mb]}{[old] [2gb]->[2.1gb]/[2.8gb]}
[2019-12-27T01:56:38,221][WARN ][o.e.m.j.JvmGcMonitorService] [q6BVpLR] [gc][898291] overhead, spent [754ms] collecting in the last [1.2s]
[2019-12-27T01:57:16,320][WARN ][o.e.m.j.JvmGcMonitorService] [q6BVpLR] [gc][young][898325][36751] duration [4.1s], collections [1]/[5s], total [4.1s]/[3.4h], memory [2.1gb]->[2.2gb]/[2.9gb], all_pools {[young] [34.4mb]->[75.9kb]/[133.1mb]}{[survivor] [6.8mb]->[16.6mb]/[16.6mb]}{[old] [2.1gb]->[2.1gb]/[2.8gb]}
[2019-12-27T01:57:16,320][WARN ][o.e.m.j.JvmGcMonitorService] [q6BVpLR] [gc][898325] overhead, spent [4.1s] collecting in the last [5s]
[2019-12-27T01:57:17,321][INFO ][o.e.m.j.JvmGcMonitorService] [q6BVpLR] [gc][898326] overhead, spent [467ms] collecting in the last [1s]
[2019-12-27T01:57:18,403][INFO ][o.e.m.j.JvmGcMonitorService] [q6BVpLR] [gc][young][898327][36752] duration [862ms], collections [1]/[1s], total [862ms]/[3.4h], memory [2.2gb]->[2.2gb]/[2.9gb], all_pools {[young] [99.4mb]->[1.3mb]/[133.1mb]}{[survivor] [16.6mb]->[16.6mb]/[16.6mb]}{[old] [2.1gb]->[2.1gb]/[2.8gb]}
[2019-12-27T01:57:18,403][WARN ][o.e.m.j.JvmGcMonitorService] [q6BVpLR] [gc][898327] overhead, spent [862ms] collecting in the last [1s]
[2019-12-27T01:57:19,602][INFO ][o.e.m.j.JvmGcMonitorService] [q6BVpLR] [gc][young][898328][36753] duration [799ms], collections [1]/[1.1s], total [799ms]/[3.4h], memory [2.2gb]->[2.2gb]/[2.9gb], all_pools {[young] [1.3mb]->[514kb]/[133.1mb]}{[survivor] [16.6mb]->[14.8mb]/[16.6mb]}{[old] [2.1gb]->[2.2gb]/[2.8gb]}
[2019-12-27T01:57:19,602][WARN ][o.e.m.j.JvmGcMonitorService] [q6BVpLR] [gc][898328] overhead, spent [799ms] collecting in the last [1.1s]
[2019-12-27T01:58:04,914][WARN ][o.e.m.j.JvmGcMonitorService] [q6BVpLR] [gc][898356] overhead, spent [17.8s] collecting in the last [18.3s]
[2019-12-27T01:58:07,941][WARN ][o.e.m.j.JvmGcMonitorService] [q6BVpLR] [gc][young][898357][36756] duration [2.5s], collections [1]/[3s], total [2.5s]/[3.4h], memory [2.2gb]->[2.2gb]/[2.9gb], all_pools {[young] [43.8mb]->[74.7kb]/[133.1mb]}{[survivor] [8.1mb]->[16.6mb]/[16.6mb]}{[old] [2.2gb]->[2.2gb]/[2.8gb]}
[2019-12-27T01:58:07,941][WARN ][o.e.m.j.JvmGcMonitorService] [q6BVpLR] [gc][898357] overhead, spent [2.5s] collecting in the last [3s]
[2019-12-27T01:58:11,341][INFO ][o.e.m.j.JvmGcMonitorService] [q6BVpLR] [gc][898360] overhead, spent [490ms] collecting in the last [1.3s]
[2019-12-27T01:58:12,656][INFO ][o.e.m.j.JvmGcMonitorService] [q6BVpLR] [gc][898361] overhead, spent [507ms] collecting in the last [1.3s]
[2019-12-27T01:58:14,229][WARN ][o.e.m.j.JvmGcMonitorService] [q6BVpLR] [gc][young][898362][36759] duration [1.1s], collections [1]/[1.5s], total [1.1s]/[3.4h], memory [2.2gb]->[2.2gb]/[2.9gb], all_pools {[young] [9.3mb]->[2.1kb]/[133.1mb]}{[survivor] [16.6mb]->[16.6mb]/[16.6mb]}{[old] [2.2gb]->[2.2gb]/[2.8gb]}
[2019-12-27T01:58:14,230][WARN ][o.e.m.j.JvmGcMonitorService] [q6BVpLR] [gc][898362] overhead, spent [1.1s] collecting in the last [1.5s]
[2019-12-27T01:58:15,230][WARN ][o.e.m.j.JvmGcMonitorService] [q6BVpLR] [gc][898363] overhead, spent [593ms] collecting in the last [1s]
[2019-12-27T01:58:26,954][WARN ][o.e.m.j.JvmGcMonitorService] [q6BVpLR] [gc][young][898372][36763] duration [3s], collections [1]/[3.6s], total [3s]/[3.4h], memory [1.9gb]->[1.9gb]/[2.9gb], all_pools {[young] [46.4mb]->[29.2kb]/[133.1mb]}{[survivor] [9.9mb]->[16.6mb]/[16.6mb]}{[old] [1.8gb]->[1.9gb]/[2.8gb]}
[2019-12-27T01:58:26,967][WARN ][o.e.m.j.JvmGcMonitorService] [q6BVpLR] [gc][898372] overhead, spent [3s] collecting in the last [3.6s]
[2019-12-27T01:58:28,968][INFO ][o.e.m.j.JvmGcMonitorService] [q6BVpLR] [gc][898374] overhead, spent [392ms] collecting in the last [1s]
[2019-12-27T01:58:44,580][WARN ][o.e.m.j.JvmGcMonitorService] [q6BVpLR] [gc][young][898388][36767] duration [1.9s], collections [1]/[2.6s], total [1.9s]/[3.4h], memory [1.6gb]->[1.6gb]/[2.9gb], all_pools {[young] [66mb]->[514kb]/[133.1mb]}{[survivor] [8.9mb]->[16.6mb]/[16.6mb]}{[old] [1.5gb]->[1.5gb]/[2.8gb]}
[2019-12-27T01:58:44,580][WARN ][o.e.m.j.JvmGcMonitorService] [q6BVpLR] [gc][898388] overhead, spent [1.9s] collecting in the last [2.6s]
[2019-12-27T01:58:46,193][INFO ][o.e.m.j.JvmGcMonitorService] [q6BVpLR] [gc][young][898389][36768] duration [842ms], collections [1]/[1.6s], total [842ms]/[3.4h], memory [1.6gb]->[1.6gb]/[2.9gb], all_pools {[young] [514kb]->[1.9mb]/[133.1mb]}{[survivor] [16.6mb]->[16.6mb]/[16.6mb]}{[old] [1.5gb]->[1.5gb]/[2.8gb]}
[2019-12-27T01:58:46,193][WARN ][o.e.m.j.JvmGcMonitorService] [q6BVpLR] [gc][898389] overhead, spent [842ms] collecting in the last [1.6s]
[2019-12-27T01:58:48,193][INFO ][o.e.m.j.JvmGcMonitorService] [q6BVpLR] [gc][young][898391][36769] duration [731ms], collections [1]/[1s], total [731ms]/[3.4h], memory [1.7gb]->[1.6gb]/[2.9gb], all_pools {[young] [130.6mb]->[88.6mb]/[133.1mb]}{[survivor] [16.6mb]->[15.9mb]/[16.6mb]}{[old] [1.5gb]->[1.5gb]/[2.8gb]}
[2019-12-27T01:58:48,193][WARN ][o.e.m.j.JvmGcMonitorService] [q6BVpLR] [gc][898391] overhead, spent [731ms] collecting in the last [1s]
[2019-12-27T01:59:41,217][WARN ][o.e.m.j.JvmGcMonitorService] [q6BVpLR] [gc][898444] overhead, spent [670ms] collecting in the last [1s]
[2019-12-27T01:59:43,419][WARN ][o.e.m.j.JvmGcMonitorService] [q6BVpLR] [gc][young][898445][36771] duration [1.3s], collections [1]/[2.2s], total [1.3s]/[3.4h], memory [549mb]->[567.6mb]/[2.9gb], all_pools {[young] [249.4kb]->[514kb]/[133.1mb]}{[survivor] [11.1mb]->[16.6mb]/[16.6mb]}{[old] [537.5mb]->[550.5mb]/[2.8gb]}
[2019-12-27T01:59:43,419][WARN ][o.e.m.j.JvmGcMonitorService] [q6BVpLR] [gc][898445] overhead, spent [1.3s] collecting in the last [2.2s]
[2019-12-27T01:59:45,420][WARN ][o.e.m.j.JvmGcMonitorService] [q6BVpLR] [gc][898447] overhead, spent [583ms] collecting in the last [1s]
[2019-12-27T02:00:09,655][WARN ][o.e.m.j.JvmGcMonitorService] [q6BVpLR] [gc][young][898469][36774] duration [2.5s], collections [1]/[3.2s], total [2.5s]/[3.4h], memory [566.1mb]->[604.9mb]/[2.9gb], all_pools {[young] [16.9mb]->[30.8kb]/[133.1mb]}{[survivor] [13.8mb]->[16.6mb]/[16.6mb]}{[old] [535.3mb]->[588.2mb]/[2.8gb]}
[2019-12-27T02:00:09,655][WARN ][o.e.m.j.JvmGcMonitorService] [q6BVpLR] [gc][898469] overhead, spent [2.5s] collecting in the last [3.2s]
[2019-12-27T02:00:10,885][INFO ][o.e.m.j.JvmGcMonitorService] [q6BVpLR] [gc][898470] overhead, spent [479ms] collecting in the last [1.2s]
[2019-12-27T02:00:23,582][WARN ][o.e.m.j.JvmGcMonitorService] [q6BVpLR] [gc][young][898481][36777] duration [2.5s], collections [1]/[2.6s], total [2.5s]/[3.4h], memory [726.4mb]->[663.7mb]/[2.9gb], all_pools {[young] [122mb]->[65.7kb]/[133.1mb]}{[survivor] [8.2mb]->[16.6mb]/[16.6mb]}{[old] [596.2mb]->[647mb]/[2.8gb]}
[2019-12-27T02:00:23,582][WARN ][o.e.m.j.JvmGcMonitorService] [q6BVpLR] [gc][898481] overhead, spent [2.5s] collecting in the last [2.6s]
[2019-12-27T02:00:26,192][WARN ][o.e.m.j.JvmGcMonitorService] [q6BVpLR] [gc][young][898482][36778] duration [2.1s], collections [1]/[2.6s], total [2.1s]/[3.4h], memory [663.7mb]->[703.7mb]/[2.9gb], all_pools {[young] [65.7kb]->[25kb]/[133.1mb]}{[survivor] [16.6mb]->[16.6mb]/[16.6mb]}{[old] [647mb]->[687mb]/[2.8gb]}
[2019-12-27T02:00:26,192][WARN ][o.e.m.j.JvmGcMonitorService] [q6BVpLR] [gc][898482] overhead, spent [2.1s] collecting in the last [2.6s]
[2019-12-27T02:00:33,554][WARN ][o.e.m.j.JvmGcMonitorService] [q6BVpLR] [gc][young][898489][36783] duration [1.3s], collections [1]/[1.3s], total [1.3s]/[3.4h], memory [841.4mb]->[762.3mb]/[2.9gb], all_pools {[young] [126.3mb]->[2kb]/[133.1mb]}{[survivor] [8.9mb]->[16.6mb]/[16.6mb]}{[old] [706.1mb]->[745.7mb]/[2.8gb]}
[2019-12-27T02:00:33,554][WARN ][o.e.m.j.JvmGcMonitorService] [q6BVpLR] [gc][898489] overhead, spent [1.3s] collecting in the last [1.3s]
[2019-12-27T02:00:36,284][WARN ][o.e.m.j.JvmGcMonitorService] [q6BVpLR] [gc][young][898490][36784] duration [2.1s], collections [1]/[2.7s], total [2.1s]/[3.4h], memory [762.3mb]->[803.5mb]/[2.9gb], all_pools {[young] [2kb]->[3kb]/[133.1mb]}{[survivor] [16.6mb]->[16.6mb]/[16.6mb]}{[old] [745.7mb]->[786.8mb]/[2.8gb]}
[2019-12-27T02:00:36,284][WARN ][o.e.m.j.JvmGcMonitorService] [q6BVpLR] [gc][898490] overhead, spent [2.1s] collecting in the last [2.7s]
[2019-12-27T02:00:37,691][INFO ][o.e.m.j.JvmGcMonitorService] [q6BVpLR] [gc][898491] overhead, spent [614ms] collecting in the last [1.4s]
[2019-12-27T02:00:49,587][WARN ][o.e.m.j.JvmGcMonitorService] [q6BVpLR] [gc][young][898500][36789] duration [3.7s], collections [1]/[3.8s], total [3.7s]/[3.4h], memory [914.1mb]->[896mb]/[2.9gb], all_pools {[young] [107.8mb]->[2kb]/[133.1mb]}{[survivor] [8.7mb]->[16.6mb]/[16.6mb]}{[old] [797.5mb]->[879.4mb]/[2.8gb]}
[2019-12-27T02:00:49,592][WARN ][o.e.m.j.JvmGcMonitorService] [q6BVpLR] [gc][898500] overhead, spent [3.7s] collecting in the last [3.8s]
[2019-12-27T02:00:51,262][WARN ][o.e.m.j.JvmGcMonitorService] [q6BVpLR] [gc][young][898501][36790] duration [1.1s], collections [1]/[1.6s], total [1.1s]/[3.4h], memory [896mb]->[914.4mb]/[2.9gb], all_pools {[young] [2kb]->[1.2mb]/[133.1mb]}{[survivor] [16.6mb]->[16.6mb]/[16.6mb]}{[old] [879.4mb]->[896.6mb]/[2.8gb]}
[2019-12-27T02:00:51,262][WARN ][o.e.m.j.JvmGcMonitorService] [q6BVpLR] [gc][898501] overhead, spent [1.1s] collecting in the last [1.6s]
[2019-12-27T02:00:52,262][INFO ][o.e.m.j.JvmGcMonitorService] [q6BVpLR] [gc][898502] overhead, spent [268ms] collecting in the last [1s]
[2019-12-27T02:00:58,345][WARN ][o.e.m.j.JvmGcMonitorService] [q6BVpLR] [gc][young][898507][36795] duration [1.8s], collections [1]/[2s], total [1.8s]/[3.4h], memory [1000.5mb]->[974.8mb]/[2.9gb], all_pools {[young] [78.9mb]->[857.2kb]/[133.1mb]}{[survivor] [10.1mb]->[16.6mb]/[16.6mb]}{[old] [911.4mb]->[957.4mb]/[2.8gb]}
[2019-12-27T02:00:58,348][WARN ][o.e.m.j.JvmGcMonitorService] [q6BVpLR] [gc][898507] overhead, spent [1.8s] collecting in the last [2s]
[2019-12-27T02:00:59,606][INFO ][o.e.m.j.JvmGcMonitorService] [q6BVpLR] [gc][898508] overhead, spent [525ms] collecting in the last [1.2s]
[2019-12-27T02:01:00,993][INFO ][o.e.m.j.JvmGcMonitorService] [q6BVpLR] [gc][898509] overhead, spent [482ms] collecting in the last [1.3s]
[2019-12-27T02:01:28,003][WARN ][o.e.m.j.JvmGcMonitorService] [q6BVpLR] [gc][young][898535][36799] duration [1.4s], collections [1]/[2s], total [1.4s]/[3.4h], memory [1gb]->[1gb]/[2.9gb], all_pools {[young] [89.7mb]->[34kb]/[133.1mb]}{[survivor] [6.7mb]->[16.6mb]/[16.6mb]}{[old] [983mb]->[1008.7mb]/[2.8gb]}
[2019-12-27T02:01:28,003][WARN ][o.e.m.j.JvmGcMonitorService] [q6BVpLR] [gc][898535] overhead, spent [1.4s] collecting in the last [2s]
[2019-12-27T02:01:30,090][WARN ][o.e.m.j.JvmGcMonitorService] [q6BVpLR] [gc][young][898536][36800] duration [1.1s], collections [1]/[2s], total [1.1s]/[3.4h], memory [1gb]->[1gb]/[2.9gb], all_pools {[young] [34kb]->[34kb]/[133.1mb]}{[survivor] [16.6mb]->[16.6mb]/[16.6mb]}{[old] [1008.7mb]->[1gb]/[2.8gb]}
[2019-12-27T02:01:30,091][WARN ][o.e.m.j.JvmGcMonitorService] [q6BVpLR] [gc][898536] overhead, spent [1.1s] collecting in the last [2s]
[2019-12-27T02:01:31,091][INFO ][o.e.m.j.JvmGcMonitorService] [q6BVpLR] [gc][898537] overhead, spent [265ms] collecting in the last [1s]
[2019-12-27T02:01:37,400][WARN ][o.e.m.j.JvmGcMonitorService] [q6BVpLR] [gc][young][898542][36805] duration [1.7s], collections [1]/[2.3s], total [1.7s]/[3.4h], memory [1gb]->[1.1gb]/[2.9gb], all_pools {[young] [42.4mb]->[2.6mb]/[133.1mb]}{[survivor] [9.2mb]->[16.6mb]/[16.6mb]}{[old] [1gb]->[1.1gb]/[2.8gb]}
[2019-12-27T02:01:37,400][WARN ][o.e.m.j.JvmGcMonitorService] [q6BVpLR] [gc][898542] overhead, spent [1.7s] collecting in the last [2.3s]
[2019-12-27T02:01:38,564][WARN ][o.e.m.j.JvmGcMonitorService] [q6BVpLR] [gc][898543] overhead, spent [717ms] collecting in the last [1.1s]
[2019-12-27T02:01:42,899][WARN ][o.e.m.j.JvmGcMonitorService] [q6BVpLR] [gc][young][898546][36811] duration [1.5s], collections [1]/[2.3s], total [1.5s]/[3.4h], memory [1.2gb]->[1.2gb]/[2.9gb], all_pools {[young] [30.2mb]->[18.5kb]/[133.1mb]}{[survivor] [7mb]->[16.6mb]/[16.6mb]}{[old] [1.1gb]->[1.2gb]/[2.8gb]}
[2019-12-27T02:01:42,900][WARN ][o.e.m.j.JvmGcMonitorService] [q6BVpLR] [gc][898546] overhead, spent [1.5s] collecting in the last [2.3s]
[2019-12-27T02:01:43,900][INFO ][o.e.m.j.JvmGcMonitorService] [q6BVpLR] [gc][898547] overhead, spent [390ms] collecting in the last [1s]
[2019-12-27T02:01:49,266][WARN ][o.e.m.j.JvmGcMonitorService] [q6BVpLR] [gc][young][898551][36816] duration [1.5s], collections [1]/[2.3s], total [1.5s]/[3.4h], memory [1.3gb]->[1.3gb]/[2.9gb], all_pools {[young] [64.5mb]->[1mb]/[133.1mb]}{[survivor] [7mb]->[16.6mb]/[16.6mb]}{[old] [1.2gb]->[1.3gb]/[2.8gb]}
[2019-12-27T02:01:49,266][WARN ][o.e.m.j.JvmGcMonitorService] [q6BVpLR] [gc][898551] overhead, spent [1.5s] collecting in the last [2.3s]
[2019-12-27T02:01:50,266][WARN ][o.e.m.j.JvmGcMonitorService] [q6BVpLR] [gc][898552] overhead, spent [592ms] collecting in the last [1s]
[2019-12-27T02:01:51,266][INFO ][o.e.m.j.JvmGcMonitorService] [q6BVpLR] [gc][898553] overhead, spent [316ms] collecting in the last [1s]
[2019-12-27T02:01:56,527][WARN ][o.e.m.j.JvmGcMonitorService] [q6BVpLR] [gc][young][898556][36821] duration [3.1s], collections [1]/[3.2s], total [3.1s]/[3.4h], memory [1.4gb]->[1.4gb]/[2.9gb], all_pools {[young] [98.4mb]->[479.2kb]/[133.1mb]}{[survivor] [8.4mb]->[16.6mb]/[16.6mb]}{[old] [1.3gb]->[1.4gb]/[2.8gb]}
[2019-12-27T02:01:56,527][WARN ][o.e.m.j.JvmGcMonitorService] [q6BVpLR] [gc][898556] overhead, spent [3.1s] collecting in the last [3.2s]
[2019-12-27T02:01:58,105][INFO ][o.e.m.j.JvmGcMonitorService] [q6BVpLR] [gc][young][898557][36822] duration [924ms], collections [1]/[1.5s], total [924ms]/[3.4h], memory [1.4gb]->[1.4gb]/[2.9gb], all_pools {[young] [479.2kb]->[34kb]/[133.1mb]}{[survivor] [16.6mb]->[16.6mb]/[16.6mb]}{[old] [1.4gb]->[1.4gb]/[2.8gb]}
[2019-12-27T02:01:58,105][WARN ][o.e.m.j.JvmGcMonitorService] [q6BVpLR] [gc][898557] overhead, spent [924ms] collecting in the last [1.5s]
[2019-12-27T02:01:59,106][INFO ][o.e.m.j.JvmGcMonitorService] [q6BVpLR] [gc][898558] overhead, spent [355ms] collecting in the last [1s]
[2019-12-27T02:02:15,718][WARN ][o.e.m.j.JvmGcMonitorService] [q6BVpLR] [gc][young][898573][36826] duration [2.4s], collections [1]/[2.6s], total [2.4s]/[3.4h], memory [1.5gb]->[1.5gb]/[2.9gb], all_pools {[young] [125.1mb]->[46kb]/[133.1mb]}{[survivor] [15.6mb]->[16.6mb]/[16.6mb]}{[old] [1.4gb]->[1.4gb]/[2.8gb]}
[2019-12-27T02:02:15,719][WARN ][o.e.m.j.JvmGcMonitorService] [q6BVpLR] [gc][898573] overhead, spent [2.4s] collecting in the last [2.6s]
[2019-12-27T02:02:17,128][INFO ][o.e.m.j.JvmGcMonitorService] [q6BVpLR] [gc][898574] overhead, spent [468ms] collecting in the last [1.4s]
[2019-12-27T02:03:00,287][WARN ][o.e.m.j.JvmGcMonitorService] [q6BVpLR] [gc][young][898615][36829] duration [3s], collections [1]/[3.1s], total [3s]/[3.4h], memory [1.6gb]->[1.5gb]/[2.9gb], all_pools {[young] [116.8mb]->[51.6kb]/[133.1mb]}{[survivor] [6.4mb]->[16.6mb]/[16.6mb]}{[old] [1.4gb]->[1.5gb]/[2.8gb]}
[2019-12-27T02:03:00,288][WARN ][o.e.m.j.JvmGcMonitorService] [q6BVpLR] [gc][898615] overhead, spent [3s] collecting in the last [3.1s]
[2019-12-27T02:03:01,288][INFO ][o.e.m.j.JvmGcMonitorService] [q6BVpLR] [gc][898616] overhead, spent [362ms] collecting in the last [1s]
[2019-12-27T02:03:13,887][WARN ][o.e.m.j.JvmGcMonitorService] [q6BVpLR] [gc][young][898626][36833] duration [3.4s], collections [1]/[3.5s], total [3.4s]/[3.4h], memory [1.6gb]->[1.6gb]/[2.9gb], all_pools {[young] [128mb]->[37.6kb]/[133.1mb]}{[survivor] [4.7mb]->[16.6mb]/[16.6mb]}{[old] [1.5gb]->[1.6gb]/[2.8gb]}
[2019-12-27T02:03:13,887][WARN ][o.e.m.j.JvmGcMonitorService] [q6BVpLR] [gc][898626] overhead, spent [3.4s] collecting in the last [3.5s]
[2019-12-27T02:03:15,482][INFO ][o.e.m.j.JvmGcMonitorService] [q6BVpLR] [gc][young][898627][36834] duration [708ms], collections [1]/[1.5s], total [708ms]/[3.4h], memory [1.6gb]->[1.6gb]/[2.9gb], all_pools {[young] [37.6kb]->[34kb]/[133.1mb]}{[survivor] [16.6mb]->[13.3mb]/[16.6mb]}{[old] [1.6gb]->[1.6gb]/[2.8gb]}
[2019-12-27T02:03:15,482][INFO ][o.e.m.j.JvmGcMonitorService] [q6BVpLR] [gc][898627] overhead, spent [708ms] collecting in the last [1.5s]
[2019-12-27T02:03:26,471][WARN ][o.e.m.j.JvmGcMonitorService] [q6BVpLR] [gc][young][898636][36837] duration [2.2s], collections [1]/[2.8s], total [2.2s]/[3.4h], memory [1.6gb]->[1.7gb]/[2.9gb], all_pools {[young] [354.8kb]->[582.8kb]/[133.1mb]}{[survivor] [13.4mb]->[16.6mb]/[16.6mb]}{[old] [1.6gb]->[1.6gb]/[2.8gb]}
[2019-12-27T02:03:26,475][WARN ][o.e.m.j.JvmGcMonitorService] [q6BVpLR] [gc][898636] overhead, spent [2.2s] collecting in the last [2.8s]
[2019-12-27T02:03:27,476][INFO ][o.e.m.j.JvmGcMonitorService] [q6BVpLR] [gc][898637] overhead, spent [367ms] collecting in the last [1s]
[2019-12-27T02:03:45,715][WARN ][o.e.m.j.JvmGcMonitorService] [q6BVpLR] [gc][young][898652][36843] duration [4s], collections [1]/[4.2s], total [4s]/[3.4h], memory [1.8gb]->[1.8gb]/[2.9gb], all_pools {[young] [102.6mb]->[30.8kb]/[133.1mb]}{[survivor] [7.7mb]->[16.6mb]/[16.6mb]}{[old] [1.7gb]->[1.7gb]/[2.8gb]}
[2019-12-27T02:03:45,716][WARN ][o.e.m.j.JvmGcMonitorService] [q6BVpLR] [gc][898652] overhead, spent [4s] collecting in the last [4.2s]
[2019-12-27T02:03:47,082][INFO ][o.e.m.j.JvmGcMonitorService] [q6BVpLR] [gc][898653] overhead, spent [669ms] collecting in the last [1.3s]
[2019-12-27T02:05:35,854][WARN ][o.e.m.j.JvmGcMonitorService] [q6BVpLR] [gc][young][898758][36848] duration [4.1s], collections [1]/[4.7s], total [4.1s]/[3.4h], memory [1.8gb]->[1.8gb]/[2.9gb], all_pools {[young] [42.9mb]->[114.3kb]/[133.1mb]}{[survivor] [8.8mb]->[16.6mb]/[16.6mb]}{[old] [1.7gb]->[1.8gb]/[2.8gb]}
[2019-12-27T02:05:35,859][WARN ][o.e.m.j.JvmGcMonitorService] [q6BVpLR] [gc][898758] overhead, spent [4.1s] collecting in the last [4.7s]
[2019-12-27T02:05:36,877][WARN ][o.e.m.j.JvmGcMonitorService] [q6BVpLR] [gc][898759] overhead, spent [669ms] collecting in the last [1s]
[2019-12-27T02:05:38,452][INFO ][o.e.m.j.JvmGcMonitorService] [q6BVpLR] [gc][young][898760][36850] duration [956ms], collections [1]/[1.5s], total [956ms]/[3.4h], memory [1.8gb]->[1.9gb]/[2.9gb], all_pools {[young] [268.1kb]->[34kb]/[133.1mb]}{[survivor] [13.7mb]->[16.6mb]/[16.6mb]}{[old] [1.8gb]->[1.8gb]/[2.8gb]}
[2019-12-27T02:05:38,452][WARN ][o.e.m.j.JvmGcMonitorService] [q6BVpLR] [gc][898760] overhead, spent [956ms] collecting in the last [1.5s]
[2019-12-27T02:05:39,872][INFO ][o.e.m.j.JvmGcMonitorService] [q6BVpLR] [gc][young][898761][36851] duration [701ms], collections [1]/[1.4s], total [701ms]/[3.4h], memory [1.9gb]->[1.9gb]/[2.9gb], all_pools {[young] [34kb]->[34kb]/[133.1mb]}{[survivor] [16.6mb]->[13.4mb]/[16.6mb]}{[old] [1.8gb]->[1.9gb]/[2.8gb]}
[2019-12-27T02:05:39,872][INFO ][o.e.m.j.JvmGcMonitorService] [q6BVpLR] [gc][898761] overhead, spent [701ms] collecting in the last [1.4s]
[2019-12-27T02:06:14,878][INFO ][o.e.m.j.JvmGcMonitorService] [q6BVpLR] [gc][898796] overhead, spent [326ms] collecting in the last [1s]
[2019-12-27T02:06:18,510][WARN ][o.e.m.j.JvmGcMonitorService] [q6BVpLR] [gc][young][898797][36854] duration [3s], collections [1]/[3.6s], total [3s]/[3.4h], memory [1.9gb]->[1.9gb]/[2.9gb], all_pools {[young] [72.4mb]->[3mb]/[133.1mb]}{[survivor] [16.6mb]->[16.6mb]/[16.6mb]}{[old] [1.9gb]->[1.9gb]/[2.8gb]}
[2019-12-27T02:06:18,510][WARN ][o.e.m.j.JvmGcMonitorService] [q6BVpLR] [gc][898797] overhead, spent [3s] collecting in the last [3.6s]
[2019-12-27T02:06:20,036][INFO ][o.e.m.j.JvmGcMonitorService] [q6BVpLR] [gc][898798] overhead, spent [682ms] collecting in the last [1.5s]
[2019-12-27T02:06:23,243][WARN ][o.e.m.j.JvmGcMonitorService] [q6BVpLR] [gc][young][898799][36856] duration [2.6s], collections [1]/[3.2s], total [2.6s]/[3.4h], memory [1.9gb]->[2gb]/[2.9gb], all_pools {[young] [514kb]->[208.3kb]/[133.1mb]}{[survivor] [15.7mb]->[16.6mb]/[16.6mb]}{[old] [1.9gb]->[2gb]/[2.8gb]}
[2019-12-27T02:06:23,243][WARN ][o.e.m.j.JvmGcMonitorService] [q6BVpLR] [gc][898799] overhead, spent [2.6s] collecting in the last [3.2s]
[2019-12-27T02:06:24,446][INFO ][o.e.m.j.JvmGcMonitorService] [q6BVpLR] [gc][young][898800][36857] duration [812ms], collections [1]/[1.2s], total [812ms]/[3.4h], memory [2gb]->[2gb]/[2.9gb], all_pools {[young] [208.3kb]->[211kb]/[133.1mb]}{[survivor] [16.6mb]->[13.5mb]/[16.6mb]}{[old] [2gb]->[2gb]/[2.8gb]}
[2019-12-27T02:06:24,446][WARN ][o.e.m.j.JvmGcMonitorService] [q6BVpLR] [gc][898800] overhead, spent [812ms] collecting in the last [1.2s]
[2019-12-27T02:06:46,471][WARN ][o.e.m.j.JvmGcMonitorService] [q6BVpLR] [gc][young][898821][36860] duration [1.5s], collections [1]/[2s], total [1.5s]/[3.4h], memory [2.1gb]->[2gb]/[2.9gb], all_pools {[young] [97.2mb]->[501.2kb]/[133.1mb]}{[survivor] [8.4mb]->[16.6mb]/[16.6mb]}{[old] [2gb]->[2gb]/[2.8gb]}
[2019-12-27T02:06:46,471][WARN ][o.e.m.j.JvmGcMonitorService] [q6BVpLR] [gc][898821] overhead, spent [1.5s] collecting in the last [2s]
[2019-12-27T02:06:47,742][WARN ][o.e.m.j.JvmGcMonitorService] [q6BVpLR] [gc][young][898822][36861] duration [1s], collections [1]/[1.2s], total [1s]/[3.4h], memory [2gb]->[2gb]/[2.9gb], all_pools {[young] [501.2kb]->[514kb]/[133.1mb]}{[survivor] [16.6mb]->[16.6mb]/[16.6mb]}{[old] [2gb]->[2gb]/[2.8gb]}
[2019-12-27T02:06:47,742][WARN ][o.e.m.j.JvmGcMonitorService] [q6BVpLR] [gc][898822] overhead, spent [1s] collecting in the last [1.2s]
[2019-12-27T02:06:49,360][INFO ][o.e.m.j.JvmGcMonitorService] [q6BVpLR] [gc][young][898823][36862] duration [859ms], collections [1]/[1.6s], total [859ms]/[3.4h], memory [2gb]->[2gb]/[2.9gb], all_pools {[young] [514kb]->[541.3kb]/[133.1mb]}{[survivor] [16.6mb]->[15.9mb]/[16.6mb]}{[old] [2gb]->[2gb]/[2.8gb]}
[2019-12-27T02:06:49,360][WARN ][o.e.m.j.JvmGcMonitorService] [q6BVpLR] [gc][898823] overhead, spent [859ms] collecting in the last [1.6s]
[2019-12-27T02:06:59,711][WARN ][o.e.m.j.JvmGcMonitorService] [q6BVpLR] [gc][young][898830][36864] duration [3.7s], collections [1]/[4.3s], total [3.7s]/[3.4h], memory [2.1gb]->[2.1gb]/[2.9gb], all_pools {[young] [49.3mb]->[17.1kb]/[133.1mb]}{[survivor] [4.3mb]->[16.6mb]/[16.6mb]}{[old] [2gb]->[2.1gb]/[2.8gb]}
[2019-12-27T02:06:59,711][WARN ][o.e.m.j.JvmGcMonitorService] [q6BVpLR] [gc][898830] overhead, spent [3.7s] collecting in the last [4.3s]
[2019-12-27T02:07:00,711][INFO ][o.e.m.j.JvmGcMonitorService] [q6BVpLR] [gc][898831] overhead, spent [250ms] collecting in the last [1s]
[2019-12-27T02:07:01,711][WARN ][o.e.m.j.JvmGcMonitorService] [q6BVpLR] [gc][898832] overhead, spent [601ms] collecting in the last [1s]
[2019-12-27T02:07:46,422][WARN ][o.e.m.j.JvmGcMonitorService] [q6BVpLR] [gc][898853] overhead, spent [24.1s] collecting in the last [24.7s]
[2019-12-27T02:08:21,351][WARN ][o.e.m.j.JvmGcMonitorService] [q6BVpLR] [gc][young][898885][36868] duration [2.7s], collections [1]/[3.9s], total [2.7s]/[3.4h], memory [1.2gb]->[1.2gb]/[2.9gb], all_pools {[young] [88.7mb]->[543.8kb]/[133.1mb]}{[survivor] [7.2mb]->[16.6mb]/[16.6mb]}{[old] [1.1gb]->[1.1gb]/[2.8gb]}
[2019-12-27T02:08:21,351][WARN ][o.e.m.j.JvmGcMonitorService] [q6BVpLR] [gc][898885] overhead, spent [2.7s] collecting in the last [3.9s]
[2019-12-27T02:08:23,448][WARN ][o.e.m.j.JvmGcMonitorService] [q6BVpLR] [gc][young][898886][36869] duration [1.3s], collections [1]/[2.1s], total [1.3s]/[3.4h], memory [1.2gb]->[1.2gb]/[2.9gb], all_pools {[young] [543.8kb]->[1.2mb]/[133.1mb]}{[survivor] [16.6mb]->[16.6mb]/[16.6mb]}{[old] [1.1gb]->[1.2gb]/[2.8gb]}
[2019-12-27T02:08:23,448][WARN ][o.e.m.j.JvmGcMonitorService] [q6BVpLR] [gc][898886] overhead, spent [1.3s] collecting in the last [2.1s]
[2019-12-27T02:08:57,725][INFO ][o.e.m.j.JvmGcMonitorService] [q6BVpLR] [gc][898920] overhead, spent [367ms] collecting in the last [1s]
[2019-12-27T02:09:12,733][INFO ][o.e.m.j.JvmGcMonitorService] [q6BVpLR] [gc][young][898935][36872] duration [783ms], collections [1]/[1s], total [783ms]/[3.4h], memory [448.4mb]->[364.8mb]/[2.9gb], all_pools {[young] [124mb]->[6.7mb]/[133.1mb]}{[survivor] [6.6mb]->[16.6mb]/[16.6mb]}{[old] [317.8mb]->[341.4mb]/[2.8gb]}
[2019-12-27T02:09:12,733][WARN ][o.e.m.j.JvmGcMonitorService] [q6BVpLR] [gc][898935] overhead, spent [783ms] collecting in the last [1s]
[2019-12-27T02:09:18,679][WARN ][o.e.m.j.JvmGcMonitorService] [q6BVpLR] [gc][young][898940][36875] duration [1.7s], collections [1]/[1.9s], total [1.7s]/[3.4h], memory [417.7mb]->[365.5mb]/[2.9gb], all_pools {[young] [98.4mb]->[536.1kb]/[133.1mb]}{[survivor] [5.4mb]->[16.6mb]/[16.6mb]}{[old] [313.9mb]->[348.3mb]/[2.8gb]}
[2019-12-27T02:09:18,679][WARN ][o.e.m.j.JvmGcMonitorService] [q6BVpLR] [gc][898940] overhead, spent [1.7s] collecting in the last [1.9s]
[2019-12-27T02:09:20,485][WARN ][o.e.m.j.JvmGcMonitorService] [q6BVpLR] [gc][young][898941][36876] duration [1.3s], collections [1]/[1.8s], total [1.3s]/[3.4h], memory [365.5mb]->[392.6mb]/[2.9gb], all_pools {[young] [536.1kb]->[514kb]/[133.1mb]}{[survivor] [16.6mb]->[16.6mb]/[16.6mb]}{[old] [348.3mb]->[375.4mb]/[2.8gb]}
[2019-12-27T02:09:20,485][WARN ][o.e.m.j.JvmGcMonitorService] [q6BVpLR] [gc][898941] overhead, spent [1.3s] collecting in the last [1.8s]
[2019-12-27T02:09:22,486][INFO ][o.e.m.j.JvmGcMonitorService] [q6BVpLR] [gc][young][898943][36877] duration [821ms], collections [1]/[1s], total [821ms]/[3.4h], memory [510mb]->[406.5mb]/[2.9gb], all_pools {[young] [117.9mb]->[2.3mb]/[133.1mb]}{[survivor] [16.6mb]->[15.7mb]/[16.6mb]}{[old] [375.4mb]->[388.4mb]/[2.8gb]}
[2019-12-27T02:09:22,486][WARN ][o.e.m.j.JvmGcMonitorService] [q6BVpLR] [gc][898943] overhead, spent [821ms] collecting in the last [1s]
[2019-12-27T02:09:24,727][WARN ][o.e.m.j.JvmGcMonitorService] [q6BVpLR] [gc][young][898944][36878] duration [1.7s], collections [1]/[2.2s], total [1.7s]/[3.4h], memory [406.5mb]->[434mb]/[2.9gb], all_pools {[young] [2.3mb]->[100.3kb]/[133.1mb]}{[survivor] [15.7mb]->[16.6mb]/[16.6mb]}{[old] [388.4mb]->[417.4mb]/[2.8gb]}
[2019-12-27T02:09:24,733][WARN ][o.e.m.j.JvmGcMonitorService] [q6BVpLR] [gc][898944] overhead, spent [1.7s] collecting in the last [2.2s]
[2019-12-27T02:09:26,459][WARN ][o.e.m.j.JvmGcMonitorService] [q6BVpLR] [gc][young][898945][36879] duration [1s], collections [1]/[1.7s], total [1s]/[3.4h], memory [434mb]->[448.7mb]/[2.9gb], all_pools {[young] [100.3kb]->[1.7mb]/[133.1mb]}{[survivor] [16.6mb]->[13.6mb]/[16.6mb]}{[old] [417.4mb]->[433.2mb]/[2.8gb]}
[2019-12-27T02:09:26,460][WARN ][o.e.m.j.JvmGcMonitorService] [q6BVpLR] [gc][898945] overhead, spent [1s] collecting in the last [1.7s]
[2019-12-27T02:09:48,917][WARN ][o.e.m.j.JvmGcMonitorService] [q6BVpLR] [gc][young][898966][36883] duration [1.8s], collections [1]/[2.4s], total [1.8s]/[3.4h], memory [536.8mb]->[481.3mb]/[2.9gb], all_pools {[young] [83.5mb]->[26.8kb]/[133.1mb]}{[survivor] [16.6mb]->[16.6mb]/[16.6mb]}{[old] [436.6mb]->[464.7mb]/[2.8gb]}
[2019-12-27T02:09:48,917][WARN ][o.e.m.j.JvmGcMonitorService] [q6BVpLR] [gc][898966] overhead, spent [1.8s] collecting in the last [2.4s]
[2019-12-27T02:09:52,917][INFO ][o.e.m.j.JvmGcMonitorService] [q6BVpLR] [gc][898970] overhead, spent [251ms] collecting in the last [1s]
[2019-12-27T02:10:19,952][WARN ][o.e.m.j.JvmGcMonitorService] [q6BVpLR] [gc][young][898995][36886] duration [2.5s], collections [1]/[3s], total [2.5s]/[3.4h], memory [555.2mb]->[532.9mb]/[2.9gb], all_pools {[young] [68.2mb]->[10kb]/[133.1mb]}{[survivor] [15.2mb]->[16.6mb]/[16.6mb]}{[old] [471.7mb]->[516.2mb]/[2.8gb]}
[2019-12-27T02:10:19,952][WARN ][o.e.m.j.JvmGcMonitorService] [q6BVpLR] [gc][898995] overhead, spent [2.5s] collecting in the last [3s]
[2019-12-27T02:11:20,605][WARN ][o.e.m.j.JvmGcMonitorService] [q6BVpLR] [gc][young][899054][36890] duration [1.7s], collections [1]/[2.6s], total [1.7s]/[3.4h], memory [615.3mb]->[573.1mb]/[2.9gb], all_pools {[young] [85.5mb]->[66.3kb]/[133.1mb]}{[survivor] [3.1mb]->[16.6mb]/[16.6mb]}{[old] [526.6mb]->[556.4mb]/[2.8gb]}
[2019-12-27T02:11:20,607][WARN ][o.e.m.j.JvmGcMonitorService] [q6BVpLR] [gc][899054] overhead, spent [1.7s] collecting in the last [2.6s]
[2019-12-27T02:11:22,233][INFO ][o.e.m.j.JvmGcMonitorService] [q6BVpLR] [gc][young][899055][36891] duration [989ms], collections [1]/[1.6s], total [989ms]/[3.4h], memory [573.1mb]->[594.3mb]/[2.9gb], all_pools {[young] [66.3kb]->[27kb]/[133.1mb]}{[survivor] [16.6mb]->[16.6mb]/[16.6mb]}{[old] [556.4mb]->[577.6mb]/[2.8gb]}
[2019-12-27T02:11:22,233][WARN ][o.e.m.j.JvmGcMonitorService] [q6BVpLR] [gc][899055] overhead, spent [989ms] collecting in the last [1.6s]
[2019-12-27T02:11:23,392][INFO ][o.e.m.j.JvmGcMonitorService] [q6BVpLR] [gc][899056] overhead, spent [433ms] collecting in the last [1.1s]
[2019-12-27T02:11:38,260][WARN ][o.e.m.j.JvmGcMonitorService] [q6BVpLR] [gc][young][899069][36894] duration [2.4s], collections [1]/[2.8s], total [2.4s]/[3.4h], memory [650.7mb]->[656.9mb]/[2.9gb], all_pools {[young] [56.3mb]->[527.8kb]/[133.1mb]}{[survivor] [4.3mb]->[16.6mb]/[16.6mb]}{[old] [590mb]->[639.8mb]/[2.8gb]}
[2019-12-27T02:11:38,260][WARN ][o.e.m.j.JvmGcMonitorService] [q6BVpLR] [gc][899069] overhead, spent [2.4s] collecting in the last [2.8s]
[2019-12-27T02:13:20,086][WARN ][o.e.m.j.JvmGcMonitorService] [q6BVpLR] [gc][young][899170][36899] duration [1.6s], collections [1]/[1.8s], total [1.6s]/[3.4h], memory [777.8mb]->[747.2mb]/[2.9gb], all_pools {[young] [120.6mb]->[3.9mb]/[133.1mb]}{[survivor] [4.1mb]->[16.6mb]/[16.6mb]}{[old] [653mb]->[726.6mb]/[2.8gb]}
[2019-12-27T02:13:20,086][WARN ][o.e.m.j.JvmGcMonitorService] [q6BVpLR] [gc][899170] overhead, spent [1.6s] collecting in the last [1.8s]
[2019-12-27T02:13:27,124][WARN ][o.e.m.j.JvmGcMonitorService] [q6BVpLR] [gc][young][899176][36903] duration [1.8s], collections [1]/[2s], total [1.8s]/[3.4h], memory [848.6mb]->[799.8mb]/[2.9gb], all_pools {[young] [102.9mb]->[10kb]/[133.1mb]}{[survivor] [10.4mb]->[16.6mb]/[16.6mb]}{[old] [735.1mb]->[783.2mb]/[2.8gb]}
[2019-12-27T02:13:27,124][WARN ][o.e.m.j.JvmGcMonitorService] [q6BVpLR] [gc][899176] overhead, spent [1.8s] collecting in the last [2s]
[2019-12-27T02:13:28,304][INFO ][o.e.m.j.JvmGcMonitorService] [q6BVpLR] [gc][899177] overhead, spent [414ms] collecting in the last [1.1s]
[2019-12-27T02:13:30,399][WARN ][o.e.m.j.JvmGcMonitorService] [q6BVpLR] [gc][young][899178][36905] duration [1.4s], collections [1]/[2s], total [1.4s]/[3.4h], memory [806.3mb]->[836mb]/[2.9gb], all_pools {[young] [1.4mb]->[34kb]/[133.1mb]}{[survivor] [13.3mb]->[16.6mb]/[16.6mb]}{[old] [791.5mb]->[819.3mb]/[2.8gb]}
[2019-12-27T02:13:30,399][WARN ][o.e.m.j.JvmGcMonitorService] [q6BVpLR] [gc][899178] overhead, spent [1.4s] collecting in the last [2s]
[2019-12-27T02:13:31,752][INFO ][o.e.m.j.JvmGcMonitorService] [q6BVpLR] [gc][899179] overhead, spent [453ms] collecting in the last [1.3s]
[2019-12-27T02:15:43,074][WARN ][o.e.m.j.JvmGcMonitorService] [q6BVpLR] [gc][young][899309][36910] duration [2.1s], collections [1]/[2.2s], total [2.1s]/[3.4h], memory [954.4mb]->[910.9mb]/[2.9gb], all_pools {[young] [102.4mb]->[10.7kb]/[133.1mb]}{[survivor] [6.1mb]->[16.6mb]/[16.6mb]}{[old] [845.8mb]->[894.3mb]/[2.8gb]}
[2019-12-27T02:15:43,076][WARN ][o.e.m.j.JvmGcMonitorService] [q6BVpLR] [gc][899309] overhead, spent [2.1s] collecting in the last [2.2s]
[2019-12-27T02:15:44,533][INFO ][o.e.m.j.JvmGcMonitorService] [q6BVpLR] [gc][899310] overhead, spent [528ms] collecting in the last [1.4s]
[2019-12-27T02:17:43,617][INFO ][o.e.m.j.JvmGcMonitorService] [q6BVpLR] [gc][899429] overhead, spent [432ms] collecting in the last [1s]
[2019-12-27T02:18:44,627][WARN ][o.e.m.j.JvmGcMonitorService] [q6BVpLR] [gc][899490] overhead, spent [540ms] collecting in the last [1s]
[2019-12-27T02:19:15,701][INFO ][o.e.m.j.JvmGcMonitorService] [q6BVpLR] [gc][899521] overhead, spent [299ms] collecting in the last [1s]
[2019-12-27T02:19:19,219][WARN ][o.e.m.j.JvmGcMonitorService] [q6BVpLR] [gc][young][899522][36919] duration [2.7s], collections [1]/[3.5s], total [2.7s]/[3.5h], memory [979.4mb]->[1gb]/[2.9gb], all_pools {[young] [1.3mb]->[107.2kb]/[133.1mb]}{[survivor] [13.3mb]->[16.6mb]/[16.6mb]}{[old] [966.1mb]->[1gb]/[2.8gb]}
[2019-12-27T02:19:19,220][WARN ][o.e.m.j.JvmGcMonitorService] [q6BVpLR] [gc][899522] overhead, spent [2.7s] collecting in the last [3.5s]
[2019-12-27T02:19:20,391][INFO ][o.e.m.j.JvmGcMonitorService] [q6BVpLR] [gc][899523] overhead, spent [370ms] collecting in the last [1.1s]
[2019-12-27T02:19:21,391][INFO ][o.e.m.j.JvmGcMonitorService] [q6BVpLR] [gc][899524] overhead, spent [411ms] collecting in the last [1s]
[2019-12-27T02:21:40,169][INFO ][o.e.m.j.JvmGcMonitorService] [q6BVpLR] [gc][young][899662][36927] duration [796ms], collections [1]/[1.7s], total [796ms]/[3.5h], memory [1.1gb]->[1.1gb]/[2.9gb], all_pools {[young] [107.6mb]->[514.4kb]/[133.1mb]}{[survivor] [2.7mb]->[16.6mb]/[16.6mb]}{[old] [1gb]->[1.1gb]/[2.8gb]}
[2019-12-27T02:21:40,170][INFO ][o.e.m.j.JvmGcMonitorService] [q6BVpLR] [gc][899662] overhead, spent [796ms] collecting in the last [1.7s]
[2019-12-27T02:22:41,339][WARN ][o.e.m.j.JvmGcMonitorService] [q6BVpLR] [gc][899723] overhead, spent [948ms] collecting in the last [1.1s]
[2019-12-27T02:24:50,709][INFO ][o.e.m.j.JvmGcMonitorService] [q6BVpLR] [gc][899852] overhead, spent [488ms] collecting in the last [1.3s]
[2019-12-27T02:25:26,407][WARN ][o.e.m.j.JvmGcMonitorService] [q6BVpLR] [gc][young][899887][36940] duration [1.4s], collections [1]/[1.6s], total [1.4s]/[3.5h], memory [1.3gb]->[1.2gb]/[2.9gb], all_pools {[young] [86.2mb]->[676.9kb]/[133.1mb]}{[survivor] [5.6mb]->[16.6mb]/[16.6mb]}{[old] [1.2gb]->[1.2gb]/[2.8gb]}
[2019-12-27T02:25:26,407][WARN ][o.e.m.j.JvmGcMonitorService] [q6BVpLR] [gc][899887] overhead, spent [1.4s] collecting in the last [1.6s]
[2019-12-27T02:25:33,721][WARN ][o.e.m.j.JvmGcMonitorService] [q6BVpLR] [gc][young][899893][36942] duration [1.8s], collections [1]/[2.3s], total [1.8s]/[3.5h], memory [1.3gb]->[1.3gb]/[2.9gb], all_pools {[young] [70.2mb]->[489.9kb]/[133.1mb]}{[survivor] [13.2mb]->[16.6mb]/[16.6mb]}{[old] [1.2gb]->[1.3gb]/[2.8gb]}
[2019-12-27T02:25:33,721][WARN ][o.e.m.j.JvmGcMonitorService] [q6BVpLR] [gc][899893] overhead, spent [1.8s] collecting in the last [2.3s]
[2019-12-27T02:25:34,941][WARN ][o.e.m.j.JvmGcMonitorService] [q6BVpLR] [gc][899894] overhead, spent [624ms] collecting in the last [1.2s]
[2019-12-27T02:25:50,927][WARN ][o.e.m.j.JvmGcMonitorService] [q6BVpLR] [gc][young][899909][36945] duration [1.4s], collections [1]/[1.9s], total [1.4s]/[3.5h], memory [1.4gb]->[1.3gb]/[2.9gb], all_pools {[young] [91mb]->[377.1kb]/[133.1mb]}{[survivor] [6.3mb]->[16.6mb]/[16.6mb]}{[old] [1.3gb]->[1.3gb]/[2.8gb]}
[2019-12-27T02:25:50,927][WARN ][o.e.m.j.JvmGcMonitorService] [q6BVpLR] [gc][899909] overhead, spent [1.4s] collecting in the last [1.9s]
[2019-12-27T02:26:22,933][WARN ][o.e.m.j.JvmGcMonitorService] [q6BVpLR] [gc][young][899940][36948] duration [1.3s], collections [1]/[1.9s], total [1.3s]/[3.5h], memory [1.4gb]->[1.3gb]/[2.9gb], all_pools {[young] [73.6mb]->[63.3kb]/[133.1mb]}{[survivor] [9.8mb]->[16.6mb]/[16.6mb]}{[old] [1.3gb]->[1.3gb]/[2.8gb]}
[2019-12-27T02:26:22,936][WARN ][o.e.m.j.JvmGcMonitorService] [q6BVpLR] [gc][899940] overhead, spent [1.3s] collecting in the last [1.9s]
[2019-12-27T02:30:07,796][WARN ][o.e.m.j.JvmGcMonitorService] [q6BVpLR] [gc][young][900164][36952] duration [1s], collections [1]/[1.6s], total [1s]/[3.5h], memory [1.4gb]->[1.4gb]/[2.9gb], all_pools {[young] [81.7mb]->[515.9kb]/[133.1mb]}{[survivor] [4.4mb]->[16.6mb]/[16.6mb]}{[old] [1.3gb]->[1.3gb]/[2.8gb]}
[2019-12-27T02:30:07,802][WARN ][o.e.m.j.JvmGcMonitorService] [q6BVpLR] [gc][900164] overhead, spent [1s] collecting in the last [1.6s]
[2019-12-27T02:30:09,803][INFO ][o.e.m.j.JvmGcMonitorService] [q6BVpLR] [gc][900166] overhead, spent [275ms] collecting in the last [1s]
[2019-12-27T02:30:35,807][INFO ][o.e.m.j.JvmGcMonitorService] [q6BVpLR] [gc][900192] overhead, spent [454ms] collecting in the last [1s]
[2019-12-27T02:30:40,808][INFO ][o.e.m.j.JvmGcMonitorService] [q6BVpLR] [gc][900197] overhead, spent [325ms] collecting in the last [1s]
[2019-12-27T02:31:38,818][INFO ][o.e.m.j.JvmGcMonitorService] [q6BVpLR] [gc][900255] overhead, spent [442ms] collecting in the last [1s]
[2019-12-27T02:31:40,723][WARN ][o.e.m.j.JvmGcMonitorService] [q6BVpLR] [gc][900256] overhead, spent [1.1s] collecting in the last [1.9s]
[2019-12-27T02:31:41,780][INFO ][o.e.m.j.JvmGcMonitorService] [q6BVpLR] [gc][900257] overhead, spent [527ms] collecting in the last [1s]
[2019-12-27T02:32:37,937][WARN ][o.e.m.j.JvmGcMonitorService] [q6BVpLR] [gc][900313] overhead, spent [567ms] collecting in the last [1s]
[2019-12-27T02:33:07,417][WARN ][o.e.m.j.JvmGcMonitorService] [q6BVpLR] [gc][young][900342][36967] duration [1s], collections [1]/[1.3s], total [1s]/[3.5h], memory [1.6gb]->[1.6gb]/[2.9gb], all_pools {[young] [69.9mb]->[34kb]/[133.1mb]}{[survivor] [5.3mb]->[16.6mb]/[16.6mb]}{[old] [1.5gb]->[1.5gb]/[2.8gb]}
[2019-12-27T02:33:07,417][WARN ][o.e.m.j.JvmGcMonitorService] [q6BVpLR] [gc][900342] overhead, spent [1s] collecting in the last [1.3s]
[2019-12-27T02:33:40,302][WARN ][o.e.m.j.JvmGcMonitorService] [q6BVpLR] [gc][young][900373][36970] duration [2.6s], collections [1]/[2.8s], total [2.6s]/[3.5h], memory [1.7gb]->[1.6gb]/[2.9gb], all_pools {[young] [123.5mb]->[1mb]/[133.1mb]}{[survivor] [8.8mb]->[16.6mb]/[16.6mb]}{[old] [1.5gb]->[1.6gb]/[2.8gb]}
[2019-12-27T02:33:40,302][WARN ][o.e.m.j.JvmGcMonitorService] [q6BVpLR] [gc][900373] overhead, spent [2.6s] collecting in the last [2.8s]
[2019-12-27T02:36:18,763][INFO ][o.e.m.j.JvmGcMonitorService] [q6BVpLR] [gc][900531] overhead, spent [548ms] collecting in the last [1.4s]
[2019-12-27T02:36:22,764][INFO ][o.e.m.j.JvmGcMonitorService] [q6BVpLR] [gc][900535] overhead, spent [271ms] collecting in the last [1s]
[2019-12-27T02:36:41,284][INFO ][o.e.m.j.JvmGcMonitorService] [q6BVpLR] [gc][900553] overhead, spent [680ms] collecting in the last [1.5s]
[2019-12-27T02:36:42,284][INFO ][o.e.m.j.JvmGcMonitorService] [q6BVpLR] [gc][900554] overhead, spent [460ms] collecting in the last [1s]
[2019-12-27T02:37:49,575][INFO ][o.e.m.j.JvmGcMonitorService] [q6BVpLR] [gc][young][900621][36980] duration [801ms], collections [1]/[1.2s], total [801ms]/[3.5h], memory [1.8gb]->[1.7gb]/[2.9gb], all_pools {[young] [107.3mb]->[1.6mb]/[133.1mb]}{[survivor] [8mb]->[16.6mb]/[16.6mb]}{[old] [1.7gb]->[1.7gb]/[2.8gb]}
[2019-12-27T02:37:49,582][WARN ][o.e.m.j.JvmGcMonitorService] [q6BVpLR] [gc][900621] overhead, spent [801ms] collecting in the last [1.2s]
[2019-12-27T02:41:32,734][INFO ][o.e.m.j.JvmGcMonitorService] [q6BVpLR] [gc][900844] overhead, spent [494ms] collecting in the last [1s]
[2019-12-27T02:41:38,400][INFO ][o.e.m.j.JvmGcMonitorService] [q6BVpLR] [gc][young][900849][36988] duration [720ms], collections [1]/[1.6s], total [720ms]/[3.5h], memory [1.9gb]->[1.8gb]/[2.9gb], all_pools {[young] [106mb]->[115.1kb]/[133.1mb]}{[survivor] [12.6mb]->[16.6mb]/[16.6mb]}{[old] [1.7gb]->[1.7gb]/[2.8gb]}
[2019-12-27T02:41:38,400][INFO ][o.e.m.j.JvmGcMonitorService] [q6BVpLR] [gc][900849] overhead, spent [720ms] collecting in the last [1.6s]
[2019-12-27T02:41:39,600][INFO ][o.e.m.j.JvmGcMonitorService] [q6BVpLR] [gc][900850] overhead, spent [342ms] collecting in the last [1.1s]
[2019-12-27T02:44:13,992][INFO ][o.e.m.j.JvmGcMonitorService] [q6BVpLR] [gc][901004] overhead, spent [351ms] collecting in the last [1.2s]
[2019-12-27T02:46:44,159][WARN ][o.e.m.j.JvmGcMonitorService] [q6BVpLR] [gc][young][901153][36995] duration [1.6s], collections [1]/[2.1s], total [1.6s]/[3.5h], memory [1.9gb]->[1.8gb]/[2.9gb], all_pools {[young] [88.9mb]->[129.1kb]/[133.1mb]}{[survivor] [16.6mb]->[16.6mb]/[16.6mb]}{[old] [1.8gb]->[1.8gb]/[2.8gb]}
[2019-12-27T02:46:44,159][WARN ][o.e.m.j.JvmGcMonitorService] [q6BVpLR] [gc][901153] overhead, spent [1.6s] collecting in the last [2.1s]
[2019-12-27T02:47:50,267][WARN ][o.e.m.j.JvmGcMonitorService] [q6BVpLR] [gc][901219] overhead, spent [653ms] collecting in the last [1s]
[2019-12-27T02:48:38,469][INFO ][o.e.m.j.JvmGcMonitorService] [q6BVpLR] [gc][901267] overhead, spent [452ms] collecting in the last [1s]
[2019-12-27T02:49:03,176][WARN ][o.e.m.j.JvmGcMonitorService] [q6BVpLR] [gc][young][901289][37004] duration [2.8s], collections [1]/[3.6s], total [2.8s]/[3.5h], memory [2gb]->[1.9gb]/[2.9gb], all_pools {[young] [98.4mb]->[2.6mb]/[133.1mb]}{[survivor] [13.4mb]->[16.6mb]/[16.6mb]}{[old] [1.9gb]->[1.9gb]/[2.8gb]}
[2019-12-27T02:49:03,176][WARN ][o.e.m.j.JvmGcMonitorService] [q6BVpLR] [gc][901289] overhead, spent [2.8s] collecting in the last [3.6s]
[2019-12-27T02:49:04,528][INFO ][o.e.m.j.JvmGcMonitorService] [q6BVpLR] [gc][901290] overhead, spent [563ms] collecting in the last [1.3s]
[2019-12-27T02:50:24,585][WARN ][o.e.m.j.JvmGcMonitorService] [q6BVpLR] [gc][901370] overhead, spent [652ms] collecting in the last [1s]
[2019-12-27T02:50:49,664][INFO ][o.e.m.j.JvmGcMonitorService] [q6BVpLR] [gc][901395] overhead, spent [362ms] collecting in the last [1s]
[2019-12-27T02:51:02,900][INFO ][o.e.m.j.JvmGcMonitorService] [q6BVpLR] [gc][901408] overhead, spent [589ms] collecting in the last [1.2s]
[2019-12-27T02:51:19,135][INFO ][o.e.m.j.JvmGcMonitorService] [q6BVpLR] [gc][901424] overhead, spent [517ms] collecting in the last [1.2s]
[2019-12-27T02:52:49,348][WARN ][o.e.m.j.JvmGcMonitorService] [q6BVpLR] [gc][young][901513][37019] duration [1.2s], collections [1]/[2s], total [1.2s]/[3.5h], memory [2.2gb]->[2.1gb]/[2.9gb], all_pools {[young] [96.5mb]->[628.1kb]/[133.1mb]}{[survivor] [5.5mb]->[16.6mb]/[16.6mb]}{[old] [2.1gb]->[2.1gb]/[2.8gb]}
[2019-12-27T02:52:49,348][WARN ][o.e.m.j.JvmGcMonitorService] [q6BVpLR] [gc][901513] overhead, spent [1.2s] collecting in the last [2s]
[2019-12-27T02:52:50,348][INFO ][o.e.m.j.JvmGcMonitorService] [q6BVpLR] [gc][901514] overhead, spent [409ms] collecting in the last [1s]
[2019-12-27T02:52:51,348][WARN ][o.e.m.j.JvmGcMonitorService] [q6BVpLR] [gc][901515] overhead, spent [580ms] collecting in the last [1s]
[2019-12-27T02:53:20,317][WARN ][o.e.m.j.JvmGcMonitorService] [q6BVpLR] [gc][901526] overhead, spent [18.3s] collecting in the last [18.9s]
[2019-12-27T02:53:36,933][WARN ][o.e.m.j.JvmGcMonitorService] [q6BVpLR] [gc][young][901542][37022] duration [1.3s], collections [1]/[1.5s], total [1.3s]/[3.5h], memory [1.4gb]->[1.3gb]/[2.9gb], all_pools {[young] [114.6mb]->[1.1mb]/[133.1mb]}{[survivor] [9.2mb]->[16.6mb]/[16.6mb]}{[old] [1.3gb]->[1.3gb]/[2.8gb]}
[2019-12-27T02:53:36,936][WARN ][o.e.m.j.JvmGcMonitorService] [q6BVpLR] [gc][901542] overhead, spent [1.3s] collecting in the last [1.5s]
[2019-12-27T02:53:37,937][INFO ][o.e.m.j.JvmGcMonitorService] [q6BVpLR] [gc][901543] overhead, spent [307ms] collecting in the last [1s]
[2019-12-27T02:53:57,941][INFO ][o.e.m.j.JvmGcMonitorService] [q6BVpLR] [gc][901563] overhead, spent [423ms] collecting in the last [1s]
[2019-12-27T02:54:57,039][INFO ][o.e.m.j.JvmGcMonitorService] [q6BVpLR] [gc][901622] overhead, spent [446ms] collecting in the last [1s]
[2019-12-27T02:54:58,310][INFO ][o.e.m.j.JvmGcMonitorService] [q6BVpLR] [gc][901623] overhead, spent [357ms] collecting in the last [1.2s]
[2019-12-27T02:56:38,329][INFO ][o.e.m.j.JvmGcMonitorService] [q6BVpLR] [gc][901723] overhead, spent [397ms] collecting in the last [1s]
[2019-12-27T02:57:44,348][INFO ][o.e.m.j.JvmGcMonitorService] [q6BVpLR] [gc][901789] overhead, spent [387ms] collecting in the last [1s]
[2019-12-27T02:58:08,881][WARN ][o.e.m.j.JvmGcMonitorService] [q6BVpLR] [gc][young][901813][37037] duration [1.1s], collections [1]/[1.5s], total [1.1s]/[3.5h], memory [431.2mb]->[430mb]/[2.9gb], all_pools {[young] [59.2mb]->[34kb]/[133.1mb]}{[survivor] [4mb]->[16.6mb]/[16.6mb]}{[old] [367.8mb]->[413.4mb]/[2.8gb]}
[2019-12-27T02:58:08,882][WARN ][o.e.m.j.JvmGcMonitorService] [q6BVpLR] [gc][901813] overhead, spent [1.1s] collecting in the last [1.5s]
[2019-12-27T02:59:39,627][WARN ][o.e.m.j.JvmGcMonitorService] [q6BVpLR] [gc][young][901903][37040] duration [1.3s], collections [1]/[1.7s], total [1.3s]/[3.5h], memory [515.6mb]->[458.1mb]/[2.9gb], all_pools {[young] [92.1mb]->[34.7kb]/[133.1mb]}{[survivor] [5.6mb]->[16.6mb]/[16.6mb]}{[old] [417.8mb]->[441.4mb]/[2.8gb]}
[2019-12-27T02:59:39,629][WARN ][o.e.m.j.JvmGcMonitorService] [q6BVpLR] [gc][901903] overhead, spent [1.3s] collecting in the last [1.7s]
[2019-12-27T03:05:20,749][INFO ][o.e.m.j.JvmGcMonitorService] [q6BVpLR] [gc][902244] overhead, spent [339ms] collecting in the last [1s]
[2019-12-27T03:06:30,921][INFO ][o.e.m.j.JvmGcMonitorService] [q6BVpLR] [gc][902314] overhead, spent [357ms] collecting in the last [1.1s]
[2019-12-27T03:06:55,161][WARN ][o.e.m.j.JvmGcMonitorService] [q6BVpLR] [gc][young][902337][37054] duration [1.5s], collections [1]/[2.2s], total [1.5s]/[3.5h], memory [631.7mb]->[575.9mb]/[2.9gb], all_pools {[young] [91.2mb]->[98.2kb]/[133.1mb]}{[survivor] [5.9mb]->[16.6mb]/[16.6mb]}{[old] [534.4mb]->[559.2mb]/[2.8gb]}
[2019-12-27T03:06:55,161][WARN ][o.e.m.j.JvmGcMonitorService] [q6BVpLR] [gc][902337] overhead, spent [1.5s] collecting in the last [2.2s]
[2019-12-27T03:07:07,328][WARN ][o.e.m.j.JvmGcMonitorService] [q6BVpLR] [gc][young][902348][37057] duration [1.2s], collections [1]/[1.9s], total [1.2s]/[3.5h], memory [653.9mb]->[615.5mb]/[2.9gb], all_pools {[young] [66.2mb]->[912.9kb]/[133.1mb]}{[survivor] [11mb]->[16.6mb]/[16.6mb]}{[old] [576.6mb]->[598mb]/[2.8gb]}
[2019-12-27T03:07:07,328][WARN ][o.e.m.j.JvmGcMonitorService] [q6BVpLR] [gc][902348] overhead, spent [1.2s] collecting in the last [1.9s]
[2019-12-27T03:08:58,351][INFO ][o.e.m.j.JvmGcMonitorService] [q6BVpLR] [gc][902459] overhead, spent [361ms] collecting in the last [1s]
[2019-12-27T03:09:03,415][INFO ][o.e.m.j.JvmGcMonitorService] [q6BVpLR] [gc][young][902464][37065] duration [759ms], collections [1]/[1s], total [759ms]/[3.5h], memory [787.2mb]->[685.3mb]/[2.9gb], all_pools {[young] [127.4mb]->[34kb]/[133.1mb]}{[survivor] [16.6mb]->[16.6mb]/[16.6mb]}{[old] [643.1mb]->[668.7mb]/[2.8gb]}
[2019-12-27T03:09:03,415][WARN ][o.e.m.j.JvmGcMonitorService] [q6BVpLR] [gc][902464] overhead, spent [759ms] collecting in the last [1s]
[2019-12-27T03:10:04,427][WARN ][o.e.m.j.JvmGcMonitorService] [q6BVpLR] [gc][902525] overhead, spent [609ms] collecting in the last [1s]
[2019-12-27T03:11:40,445][WARN ][o.e.m.j.JvmGcMonitorService] [q6BVpLR] [gc][902621] overhead, spent [593ms] collecting in the last [1s]
[2019-12-27T03:16:42,723][WARN ][o.e.m.j.JvmGcMonitorService] [q6BVpLR] [gc][902923] overhead, spent [613ms] collecting in the last [1.1s]
[2019-12-27T03:17:34,741][INFO ][o.e.m.j.JvmGcMonitorService] [q6BVpLR] [gc][902975] overhead, spent [358ms] collecting in the last [1s]
[2019-12-27T03:25:43,855][INFO ][o.e.m.j.JvmGcMonitorService] [q6BVpLR] [gc][903464] overhead, spent [351ms] collecting in the last [1s]
[2019-12-27T03:25:45,856][WARN ][o.e.m.j.JvmGcMonitorService] [q6BVpLR] [gc][903466] overhead, spent [591ms] collecting in the last [1s]
[2019-12-27T09:21:57,848][INFO ][o.e.c.m.MetaDataCreateIndexService] [q6BVpLR] [logstash-2019.12.27] creating index, cause [auto(bulk api)], templates [logstash], shards [5]/[1], mappings [_default_]
[2019-12-27T09:22:00,435][WARN ][o.e.m.j.JvmGcMonitorService] [q6BVpLR] [gc][young][924835][37228] duration [1.4s], collections [1]/[1.9s], total [1.4s]/[3.5h], memory [979.8mb]->[952.5mb]/[2.9gb], all_pools {[young] [75.6mb]->[929.1kb]/[133.1mb]}{[survivor] [385.3kb]->[16.6mb]/[16.6mb]}{[old] [903.9mb]->[934.9mb]/[2.8gb]}
[2019-12-27T09:22:00,435][WARN ][o.e.m.j.JvmGcMonitorService] [q6BVpLR] [gc][924835] overhead, spent [1.4s] collecting in the last [1.9s]
[2019-12-27T09:22:00,987][INFO ][o.e.c.m.MetaDataMappingService] [q6BVpLR] [logstash-2019.12.27/Ih4lwPHHTTqOWIxXfGMong] create_mapping [logs]
[2019-12-27T09:22:01,611][INFO ][o.e.m.j.JvmGcMonitorService] [q6BVpLR] [gc][924836] overhead, spent [523ms] collecting in the last [1.1s]
[2019-12-27T09:22:03,122][INFO ][o.e.m.j.JvmGcMonitorService] [q6BVpLR] [gc][young][924837][37230] duration [794ms], collections [1]/[1.5s], total [794ms]/[3.5h], memory [980.7mb]->[1001.6mb]/[2.9gb], all_pools {[young] [1mb]->[1.2mb]/[133.1mb]}{[survivor] [16.6mb]->[16.6mb]/[16.6mb]}{[old] [963mb]->[983.7mb]/[2.8gb]}
[2019-12-27T09:22:03,122][WARN ][o.e.m.j.JvmGcMonitorService] [q6BVpLR] [gc][924837] overhead, spent [794ms] collecting in the last [1.5s]
[2019-12-27T09:22:04,271][INFO ][o.e.m.j.JvmGcMonitorService] [q6BVpLR] [gc][young][924838][37231] duration [793ms], collections [1]/[1.1s], total [793ms]/[3.5h], memory [1001.6mb]->[1019.9mb]/[2.9gb], all_pools {[young] [1.2mb]->[136.5kb]/[133.1mb]}{[survivor] [16.6mb]->[16.6mb]/[16.6mb]}{[old] [983.7mb]->[1003.2mb]/[2.8gb]}
[2019-12-27T09:22:04,271][WARN ][o.e.m.j.JvmGcMonitorService] [q6BVpLR] [gc][924838] overhead, spent [793ms] collecting in the last [1.1s]
[2019-12-27T09:22:05,383][INFO ][o.e.m.j.JvmGcMonitorService] [q6BVpLR] [gc][young][924839][37232] duration [725ms], collections [1]/[1.1s], total [725ms]/[3.5h], memory [1019.9mb]->[1gb]/[2.9gb], all_pools {[young] [136.5kb]->[177.4kb]/[133.1mb]}{[survivor] [16.6mb]->[16.6mb]/[16.6mb]}{[old] [1003.2mb]->[1gb]/[2.8gb]}
[2019-12-27T09:22:05,383][WARN ][o.e.m.j.JvmGcMonitorService] [q6BVpLR] [gc][924839] overhead, spent [725ms] collecting in the last [1.1s]
[2019-12-27T09:22:06,538][WARN ][o.e.m.j.JvmGcMonitorService] [q6BVpLR] [gc][924840] overhead, spent [696ms] collecting in the last [1.1s]
[2019-12-27T09:22:07,624][WARN ][o.e.m.j.JvmGcMonitorService] [q6BVpLR] [gc][924841] overhead, spent [610ms] collecting in the last [1s]
[2019-12-27T09:22:08,892][WARN ][o.e.m.j.JvmGcMonitorService] [q6BVpLR] [gc][924842] overhead, spent [694ms] collecting in the last [1.2s]
[2019-12-27T09:22:09,927][WARN ][o.e.m.j.JvmGcMonitorService] [q6BVpLR] [gc][924843] overhead, spent [578ms] collecting in the last [1s]
[2019-12-27T09:22:11,020][WARN ][o.e.m.j.JvmGcMonitorService] [q6BVpLR] [gc][924844] overhead, spent [624ms] collecting in the last [1s]
[2019-12-27T09:22:12,021][INFO ][o.e.m.j.JvmGcMonitorService] [q6BVpLR] [gc][924845] overhead, spent [358ms] collecting in the last [1s]
[2019-12-27T09:22:13,021][INFO ][o.e.m.j.JvmGcMonitorService] [q6BVpLR] [gc][young][924846][37241] duration [705ms], collections [1]/[1s], total [705ms]/[3.5h], memory [1.3gb]->[1.3gb]/[2.9gb], all_pools {[young] [109.9mb]->[120.7mb]/[133.1mb]}{[survivor] [16.6mb]->[16.6mb]/[16.6mb]}{[old] [1.1gb]->[1.2gb]/[2.8gb]}
[2019-12-27T09:22:13,021][WARN ][o.e.m.j.JvmGcMonitorService] [q6BVpLR] [gc][924846] overhead, spent [705ms] collecting in the last [1s]
[2019-12-27T09:22:14,022][WARN ][o.e.m.j.JvmGcMonitorService] [q6BVpLR] [gc][924847] overhead, spent [523ms] collecting in the last [1s]
[2019-12-27T09:22:15,022][WARN ][o.e.m.j.JvmGcMonitorService] [q6BVpLR] [gc][924848] overhead, spent [700ms] collecting in the last [1s]
[2019-12-27T09:22:16,326][WARN ][o.e.m.j.JvmGcMonitorService] [q6BVpLR] [gc][young][924849][37244] duration [1s], collections [1]/[1.3s], total [1s]/[3.5h], memory [1.3gb]->[1.2gb]/[2.9gb], all_pools {[young] [43.9mb]->[46.7kb]/[133.1mb]}{[survivor] [16.6mb]->[16.6mb]/[16.6mb]}{[old] [1.2gb]->[1.2gb]/[2.8gb]}
[2019-12-27T09:22:16,326][WARN ][o.e.m.j.JvmGcMonitorService] [q6BVpLR] [gc][924849] overhead, spent [1s] collecting in the last [1.3s]
[2019-12-27T09:22:17,853][WARN ][o.e.m.j.JvmGcMonitorService] [q6BVpLR] [gc][young][924850][37245] duration [1s], collections [1]/[1.5s], total [1s]/[3.5h], memory [1.2gb]->[1.3gb]/[2.9gb], all_pools {[young] [46.7kb]->[525kb]/[133.1mb]}{[survivor] [16.6mb]->[16.6mb]/[16.6mb]}{[old] [1.2gb]->[1.2gb]/[2.8gb]}
[2019-12-27T09:22:17,853][WARN ][o.e.m.j.JvmGcMonitorService] [q6BVpLR] [gc][924850] overhead, spent [1s] collecting in the last [1.5s]
[2019-12-27T09:22:19,093][INFO ][o.e.m.j.JvmGcMonitorService] [q6BVpLR] [gc][young][924851][37246] duration [843ms], collections [1]/[1.2s], total [843ms]/[3.5h], memory [1.3gb]->[1.3gb]/[2.9gb], all_pools {[young] [525kb]->[231kb]/[133.1mb]}{[survivor] [16.6mb]->[16.3mb]/[16.6mb]}{[old] [1.2gb]->[1.3gb]/[2.8gb]}
[2019-12-27T09:22:19,093][WARN ][o.e.m.j.JvmGcMonitorService] [q6BVpLR] [gc][924851] overhead, spent [843ms] collecting in the last [1.2s]
[2019-12-27T09:22:21,094][INFO ][o.e.m.j.JvmGcMonitorService] [q6BVpLR] [gc][924853] overhead, spent [431ms] collecting in the last [1s]
[2019-12-27T09:22:22,094][INFO ][o.e.m.j.JvmGcMonitorService] [q6BVpLR] [gc][924854] overhead, spent [405ms] collecting in the last [1s]
[2019-12-27T09:22:46,162][INFO ][o.e.m.j.JvmGcMonitorService] [q6BVpLR] [gc][924878] overhead, spent [424ms] collecting in the last [1s]
[2019-12-27T09:22:49,318][WARN ][o.e.m.j.JvmGcMonitorService] [q6BVpLR] [gc][young][924880][37254] duration [1.5s], collections [1]/[2.1s], total [1.5s]/[3.5h], memory [1.4gb]->[1.3gb]/[2.9gb], all_pools {[young] [97.3mb]->[1.9mb]/[133.1mb]}{[survivor] [16.6mb]->[16.6mb]/[16.6mb]}{[old] [1.3gb]->[1.3gb]/[2.8gb]}
[2019-12-27T09:22:49,319][WARN ][o.e.m.j.JvmGcMonitorService] [q6BVpLR] [gc][924880] overhead, spent [1.5s] collecting in the last [2.1s]
[2019-12-27T09:22:51,216][WARN ][o.e.m.j.JvmGcMonitorService] [q6BVpLR] [gc][young][924881][37255] duration [1.4s], collections [1]/[1.8s], total [1.4s]/[3.5h], memory [1.3gb]->[1.4gb]/[2.9gb], all_pools {[young] [1.9mb]->[601.3kb]/[133.1mb]}{[survivor] [16.6mb]->[16.6mb]/[16.6mb]}{[old] [1.3gb]->[1.4gb]/[2.8gb]}
[2019-12-27T09:22:51,216][WARN ][o.e.m.j.JvmGcMonitorService] [q6BVpLR] [gc][924881] overhead, spent [1.4s] collecting in the last [1.8s]
[2019-12-27T09:22:53,653][WARN ][o.e.m.j.JvmGcMonitorService] [q6BVpLR] [gc][young][924882][37256] duration [2.1s], collections [1]/[2.4s], total [2.1s]/[3.5h], memory [1.4gb]->[1.4gb]/[2.9gb], all_pools {[young] [601.3kb]->[35kb]/[133.1mb]}{[survivor] [16.6mb]->[16.6mb]/[16.6mb]}{[old] [1.4gb]->[1.4gb]/[2.8gb]}
[2019-12-27T09:22:53,653][WARN ][o.e.m.j.JvmGcMonitorService] [q6BVpLR] [gc][924882] overhead, spent [2.1s] collecting in the last [2.4s]
[2019-12-27T09:22:55,047][INFO ][o.e.m.j.JvmGcMonitorService] [q6BVpLR] [gc][young][924883][37257] duration [820ms], collections [1]/[1.3s], total [820ms]/[3.5h], memory [1.4gb]->[1.4gb]/[2.9gb], all_pools {[young] [35kb]->[521kb]/[133.1mb]}{[survivor] [16.6mb]->[16.5mb]/[16.6mb]}{[old] [1.4gb]->[1.4gb]/[2.8gb]}
[2019-12-27T09:22:55,047][WARN ][o.e.m.j.JvmGcMonitorService] [q6BVpLR] [gc][924883] overhead, spent [820ms] collecting in the last [1.3s]
[2019-12-27T09:22:56,304][INFO ][o.e.m.j.JvmGcMonitorService] [q6BVpLR] [gc][924884] overhead, spent [566ms] collecting in the last [1.2s]
[2019-12-27T09:23:47,097][WARN ][o.e.m.j.JvmGcMonitorService] [q6BVpLR] [gc][young][924934][37263] duration [1.7s], collections [1]/[1.7s], total [1.7s]/[3.5h], memory [1.6gb]->[1.5gb]/[2.9gb], all_pools {[young] [131.7mb]->[3mb]/[133.1mb]}{[survivor] [13.8mb]->[16.6mb]/[16.6mb]}{[old] [1.4gb]->[1.5gb]/[2.8gb]}
[2019-12-27T09:23:47,097][WARN ][o.e.m.j.JvmGcMonitorService] [q6BVpLR] [gc][924934] overhead, spent [1.7s] collecting in the last [1.7s]
[2019-12-27T09:23:48,569][INFO ][o.e.m.j.JvmGcMonitorService] [q6BVpLR] [gc][924935] overhead, spent [629ms] collecting in the last [1.4s]
[2019-12-27T09:23:51,212][WARN ][o.e.m.j.JvmGcMonitorService] [q6BVpLR] [gc][young][924936][37265] duration [2.3s], collections [1]/[2.6s], total [2.3s]/[3.5h], memory [1.5gb]->[1.5gb]/[2.9gb], all_pools {[young] [1.6mb]->[538.9kb]/[133.1mb]}{[survivor] [13.5mb]->[16.6mb]/[16.6mb]}{[old] [1.5gb]->[1.5gb]/[2.8gb]}
[2019-12-27T09:23:51,212][WARN ][o.e.m.j.JvmGcMonitorService] [q6BVpLR] [gc][924936] overhead, spent [2.3s] collecting in the last [2.6s]
[2019-12-27T09:23:53,138][WARN ][o.e.m.j.JvmGcMonitorService] [q6BVpLR] [gc][young][924937][37266] duration [1.5s], collections [1]/[1.9s], total [1.5s]/[3.5h], memory [1.5gb]->[1.6gb]/[2.9gb], all_pools {[young] [538.9kb]->[514kb]/[133.1mb]}{[survivor] [16.6mb]->[16.6mb]/[16.6mb]}{[old] [1.5gb]->[1.6gb]/[2.8gb]}
[2019-12-27T09:23:53,138][WARN ][o.e.m.j.JvmGcMonitorService] [q6BVpLR] [gc][924937] overhead, spent [1.5s] collecting in the last [1.9s]
[2019-12-27T09:23:54,455][INFO ][o.e.m.j.JvmGcMonitorService] [q6BVpLR] [gc][924938] overhead, spent [627ms] collecting in the last [1.3s]
[2019-12-27T09:23:55,779][WARN ][o.e.m.j.JvmGcMonitorService] [q6BVpLR] [gc][924939] overhead, spent [667ms] collecting in the last [1.3s]
[2019-12-27T09:23:57,380][INFO ][o.e.m.j.JvmGcMonitorService] [q6BVpLR] [gc][young][924940][37269] duration [944ms], collections [1]/[1.6s], total [944ms]/[3.5h], memory [1.6gb]->[1.6gb]/[2.9gb], all_pools {[young] [514kb]->[10kb]/[133.1mb]}{[survivor] [16.6mb]->[16.6mb]/[16.6mb]}{[old] [1.6gb]->[1.6gb]/[2.8gb]}
[2019-12-27T09:23:57,380][WARN ][o.e.m.j.JvmGcMonitorService] [q6BVpLR] [gc][924940] overhead, spent [944ms] collecting in the last [1.6s]
[2019-12-27T09:23:58,381][INFO ][o.e.m.j.JvmGcMonitorService] [q6BVpLR] [gc][924941] overhead, spent [476ms] collecting in the last [1s]
[2019-12-27T09:24:17,486][WARN ][o.e.m.j.JvmGcMonitorService] [q6BVpLR] [gc][young][924959][37273] duration [1.1s], collections [1]/[1.9s], total [1.1s]/[3.5h], memory [1.7gb]->[1.6gb]/[2.9gb], all_pools {[young] [99.9mb]->[53.6kb]/[133.1mb]}{[survivor] [6.9mb]->[16.6mb]/[16.6mb]}{[old] [1.6gb]->[1.6gb]/[2.8gb]}
[2019-12-27T09:24:17,486][WARN ][o.e.m.j.JvmGcMonitorService] [q6BVpLR] [gc][924959] overhead, spent [1.1s] collecting in the last [1.9s]
[2019-12-27T09:24:19,486][INFO ][o.e.m.j.JvmGcMonitorService] [q6BVpLR] [gc][924961] overhead, spent [380ms] collecting in the last [1s]
[2019-12-27T09:24:58,336][WARN ][o.e.b.JNANatives         ] unable to install syscall filter: 
java.lang.UnsupportedOperationException: seccomp unavailable: requires kernel 3.5+ with CONFIG_SECCOMP and CONFIG_SECCOMP_FILTER compiled in
	at org.elasticsearch.bootstrap.SystemCallFilter.linuxImpl(SystemCallFilter.java:351) ~[elasticsearch-5.6.0.jar:5.6.0]
	at org.elasticsearch.bootstrap.SystemCallFilter.init(SystemCallFilter.java:639) ~[elasticsearch-5.6.0.jar:5.6.0]
	at org.elasticsearch.bootstrap.JNANatives.tryInstallSystemCallFilter(JNANatives.java:258) [elasticsearch-5.6.0.jar:5.6.0]
	at org.elasticsearch.bootstrap.Natives.tryInstallSystemCallFilter(Natives.java:113) [elasticsearch-5.6.0.jar:5.6.0]
	at org.elasticsearch.bootstrap.Bootstrap.initializeNatives(Bootstrap.java:111) [elasticsearch-5.6.0.jar:5.6.0]
	at org.elasticsearch.bootstrap.Bootstrap.setup(Bootstrap.java:195) [elasticsearch-5.6.0.jar:5.6.0]
	at org.elasticsearch.bootstrap.Bootstrap.init(Bootstrap.java:342) [elasticsearch-5.6.0.jar:5.6.0]
	at org.elasticsearch.bootstrap.Elasticsearch.init(Elasticsearch.java:132) [elasticsearch-5.6.0.jar:5.6.0]
	at org.elasticsearch.bootstrap.Elasticsearch.execute(Elasticsearch.java:123) [elasticsearch-5.6.0.jar:5.6.0]
	at org.elasticsearch.cli.EnvironmentAwareCommand.execute(EnvironmentAwareCommand.java:67) [elasticsearch-5.6.0.jar:5.6.0]
	at org.elasticsearch.cli.Command.mainWithoutErrorHandling(Command.java:134) [elasticsearch-5.6.0.jar:5.6.0]
	at org.elasticsearch.cli.Command.main(Command.java:90) [elasticsearch-5.6.0.jar:5.6.0]
	at org.elasticsearch.bootstrap.Elasticsearch.main(Elasticsearch.java:91) [elasticsearch-5.6.0.jar:5.6.0]
	at org.elasticsearch.bootstrap.Elasticsearch.main(Elasticsearch.java:84) [elasticsearch-5.6.0.jar:5.6.0]
[2019-12-27T09:25:00,197][INFO ][o.e.n.Node               ] [] initializing ...
[2019-12-27T09:25:01,019][INFO ][o.e.e.NodeEnvironment    ] [q6BVpLR] using [1] data paths, mounts [[/app (/dev/mapper/VolGroup01-LogVol00)]], net usable_space [170.8gb], net total_space [196.8gb], spins? [possibly], types [ext4]
[2019-12-27T09:25:01,020][INFO ][o.e.e.NodeEnvironment    ] [q6BVpLR] heap size [2.9gb], compressed ordinary object pointers [true]
[2019-12-27T09:25:02,919][INFO ][o.e.n.Node               ] node name [q6BVpLR] derived from node ID [q6BVpLRYTkGATxpCVTzLuQ]; set [node.name] to override
[2019-12-27T09:25:02,919][INFO ][o.e.n.Node               ] version[5.6.0], pid[32142], build[781a835/2017-09-07T03:09:58.087Z], OS[Linux/2.6.32-431.el6.x86_64/amd64], JVM[Oracle Corporation/Java HotSpot(TM) 64-Bit Server VM/1.8.0_144/25.144-b01]
[2019-12-27T09:25:02,920][INFO ][o.e.n.Node               ] JVM arguments [-Xms3g, -Xmx3g, -XX:+UseConcMarkSweepGC, -XX:CMSInitiatingOccupancyFraction=75, -XX:+UseCMSInitiatingOccupancyOnly, -XX:+AlwaysPreTouch, -Xss1m, -Djava.awt.headless=true, -Dfile.encoding=UTF-8, -Djna.nosys=true, -Djdk.io.permissionsUseCanonicalPath=true, -Dio.netty.noUnsafe=true, -Dio.netty.noKeySetOptimization=true, -Dio.netty.recycler.maxCapacityPerThread=0, -Dlog4j.shutdownHookEnabled=false, -Dlog4j2.disable.jmx=true, -Dlog4j.skipJansi=true, -XX:+HeapDumpOnOutOfMemoryError, -Des.path.home=/app/ELK/elasticsearch-5.6.0]
[2019-12-27T09:25:11,618][INFO ][o.e.p.PluginsService     ] [q6BVpLR] loaded module [aggs-matrix-stats]
[2019-12-27T09:25:11,618][INFO ][o.e.p.PluginsService     ] [q6BVpLR] loaded module [ingest-common]
[2019-12-27T09:25:11,618][INFO ][o.e.p.PluginsService     ] [q6BVpLR] loaded module [lang-expression]
[2019-12-27T09:25:11,618][INFO ][o.e.p.PluginsService     ] [q6BVpLR] loaded module [lang-groovy]
[2019-12-27T09:25:11,618][INFO ][o.e.p.PluginsService     ] [q6BVpLR] loaded module [lang-mustache]
[2019-12-27T09:25:11,619][INFO ][o.e.p.PluginsService     ] [q6BVpLR] loaded module [lang-painless]
[2019-12-27T09:25:11,619][INFO ][o.e.p.PluginsService     ] [q6BVpLR] loaded module [parent-join]
[2019-12-27T09:25:11,619][INFO ][o.e.p.PluginsService     ] [q6BVpLR] loaded module [percolator]
[2019-12-27T09:25:11,620][INFO ][o.e.p.PluginsService     ] [q6BVpLR] loaded module [reindex]
[2019-12-27T09:25:11,620][INFO ][o.e.p.PluginsService     ] [q6BVpLR] loaded module [transport-netty3]
[2019-12-27T09:25:11,620][INFO ][o.e.p.PluginsService     ] [q6BVpLR] loaded module [transport-netty4]
[2019-12-27T09:25:11,620][INFO ][o.e.p.PluginsService     ] [q6BVpLR] no plugins loaded
[2019-12-27T09:25:20,970][INFO ][o.e.d.DiscoveryModule    ] [q6BVpLR] using discovery type [zen]
[2019-12-27T09:25:24,292][INFO ][o.e.n.Node               ] initialized
[2019-12-27T09:25:24,301][INFO ][o.e.n.Node               ] [q6BVpLR] starting ...
[2019-12-27T09:25:25,106][INFO ][o.e.t.TransportService   ] [q6BVpLR] publish_address {127.0.0.1:9300}, bound_addresses {[::1]:9300}, {127.0.0.1:9300}
[2019-12-27T09:25:25,164][WARN ][o.e.b.BootstrapChecks    ] [q6BVpLR] max virtual memory areas vm.max_map_count [65530] is too low, increase to at least [262144]
[2019-12-27T09:25:25,164][WARN ][o.e.b.BootstrapChecks    ] [q6BVpLR] system call filters failed to install; check the logs and fix your configuration or disable system call filters at your own risk
[2019-12-27T09:25:26,770][WARN ][o.e.m.j.JvmGcMonitorService] [q6BVpLR] [gc][young][1][4] duration [1.4s], collections [1]/[2.4s], total [1.4s]/[2.9s], memory [135.5mb]->[33.4mb]/[2.9gb], all_pools {[young] [115.3mb]->[5.2mb]/[133.1mb]}{[survivor] [16.5mb]->[16.6mb]/[16.6mb]}{[old] [3.5mb]->[14.7mb]/[2.8gb]}
[2019-12-27T09:25:26,770][WARN ][o.e.m.j.JvmGcMonitorService] [q6BVpLR] [gc][1] overhead, spent [1.4s] collecting in the last [2.4s]
[2019-12-27T09:25:29,910][INFO ][o.e.c.s.ClusterService   ] [q6BVpLR] new_master {q6BVpLR}{q6BVpLRYTkGATxpCVTzLuQ}{j8eGr_Z8R8Cs2b4JL7jKWA}{127.0.0.1}{127.0.0.1:9300}, reason: zen-disco-elected-as-master ([0] nodes joined)
[2019-12-27T09:25:30,034][INFO ][o.e.h.n.Netty4HttpServerTransport] [q6BVpLR] publish_address {127.0.0.1:9200}, bound_addresses {[::1]:9200}, {127.0.0.1:9200}
[2019-12-27T09:25:30,035][INFO ][o.e.n.Node               ] [q6BVpLR] started
[2019-12-27T09:25:32,826][INFO ][o.e.g.GatewayService     ] [q6BVpLR] recovered [27] indices into cluster_state
[2019-12-27T09:25:34,168][WARN ][o.e.m.j.JvmGcMonitorService] [q6BVpLR] [gc][young][8][5] duration [1.1s], collections [1]/[1.3s], total [1.1s]/[4s], memory [155.6mb]->[59.6mb]/[2.9gb], all_pools {[young] [124.1mb]->[443.1kb]/[133.1mb]}{[survivor] [16.6mb]->[7.9mb]/[16.6mb]}{[old] [14.7mb]->[51.7mb]/[2.8gb]}
[2019-12-27T09:25:34,168][WARN ][o.e.m.j.JvmGcMonitorService] [q6BVpLR] [gc][8] overhead, spent [1.1s] collecting in the last [1.3s]
[2019-12-27T09:25:38,208][INFO ][o.e.m.j.JvmGcMonitorService] [q6BVpLR] [gc][young][12][6] duration [909ms], collections [1]/[1s], total [909ms]/[4.9s], memory [183.6mb]->[82.7mb]/[2.9gb], all_pools {[young] [123.9mb]->[289.3kb]/[133.1mb]}{[survivor] [7.9mb]->[14.9mb]/[16.6mb]}{[old] [51.7mb]->[67.7mb]/[2.8gb]}
[2019-12-27T09:25:38,209][WARN ][o.e.m.j.JvmGcMonitorService] [q6BVpLR] [gc][12] overhead, spent [909ms] collecting in the last [1s]
[2019-12-27T09:25:42,210][WARN ][o.e.m.j.JvmGcMonitorService] [q6BVpLR] [gc][16] overhead, spent [554ms] collecting in the last [1s]
[2019-12-27T09:25:48,589][INFO ][o.e.m.j.JvmGcMonitorService] [q6BVpLR] [gc][young][22][10] duration [879ms], collections [1]/[1.1s], total [879ms]/[6.7s], memory [202.6mb]->[111mb]/[2.9gb], all_pools {[young] [109.5mb]->[1.1mb]/[133.1mb]}{[survivor] [12.6mb]->[16.6mb]/[16.6mb]}{[old] [80.5mb]->[93.3mb]/[2.8gb]}
[2019-12-27T09:25:48,589][WARN ][o.e.m.j.JvmGcMonitorService] [q6BVpLR] [gc][22] overhead, spent [879ms] collecting in the last [1.1s]
[2019-12-27T09:25:51,716][WARN ][o.e.m.j.JvmGcMonitorService] [q6BVpLR] [gc][young][24][11] duration [1.9s], collections [1]/[2.1s], total [1.9s]/[8.6s], memory [228.5mb]->[133.2mb]/[2.9gb], all_pools {[young] [118.5mb]->[195.8kb]/[133.1mb]}{[survivor] [16.6mb]->[15mb]/[16.6mb]}{[old] [93.3mb]->[118mb]/[2.8gb]}
[2019-12-27T09:25:51,716][WARN ][o.e.m.j.JvmGcMonitorService] [q6BVpLR] [gc][24] overhead, spent [1.9s] collecting in the last [2.1s]
[2019-12-27T09:25:55,701][INFO ][o.e.m.j.JvmGcMonitorService] [q6BVpLR] [gc][young][27][14] duration [858ms], collections [1]/[1.6s], total [858ms]/[10s], memory [137.4mb]->[144.6mb]/[2.9gb], all_pools {[young] [131.5kb]->[25.4kb]/[133.1mb]}{[survivor] [15.3mb]->[10.9mb]/[16.6mb]}{[old] [122mb]->[133.7mb]/[2.8gb]}
[2019-12-27T09:25:55,701][WARN ][o.e.m.j.JvmGcMonitorService] [q6BVpLR] [gc][27] overhead, spent [858ms] collecting in the last [1.6s]
[2019-12-27T09:25:57,735][INFO ][o.e.m.j.JvmGcMonitorService] [q6BVpLR] [gc][29] overhead, spent [282ms] collecting in the last [1s]
[2019-12-27T09:25:59,058][INFO ][o.e.m.j.JvmGcMonitorService] [q6BVpLR] [gc][30] overhead, spent [547ms] collecting in the last [1.3s]
[2019-12-27T09:26:00,509][INFO ][o.e.m.j.JvmGcMonitorService] [q6BVpLR] [gc][young][31][18] duration [812ms], collections [1]/[1.4s], total [812ms]/[11.7s], memory [161.2mb]->[169.5mb]/[2.9gb], all_pools {[young] [2.7kb]->[514kb]/[133.1mb]}{[survivor] [16.6mb]->[13mb]/[16.6mb]}{[old] [144.6mb]->[156mb]/[2.8gb]}
[2019-12-27T09:26:00,509][WARN ][o.e.m.j.JvmGcMonitorService] [q6BVpLR] [gc][31] overhead, spent [812ms] collecting in the last [1.4s]
[2019-12-27T09:26:01,984][INFO ][o.e.m.j.JvmGcMonitorService] [q6BVpLR] [gc][32] overhead, spent [621ms] collecting in the last [1.4s]
[2019-12-27T09:26:03,201][INFO ][o.e.m.j.JvmGcMonitorService] [q6BVpLR] [gc][33] overhead, spent [497ms] collecting in the last [1.2s]
[2019-12-27T09:26:04,731][INFO ][o.e.m.j.JvmGcMonitorService] [q6BVpLR] [gc][young][34][21] duration [956ms], collections [1]/[1.5s], total [956ms]/[13.7s], memory [186.8mb]->[190.4mb]/[2.9gb], all_pools {[young] [2.5mb]->[178.7kb]/[133.1mb]}{[survivor] [16.6mb]->[13.4mb]/[16.6mb]}{[old] [167.6mb]->[176.8mb]/[2.8gb]}
[2019-12-27T09:26:04,732][WARN ][o.e.m.j.JvmGcMonitorService] [q6BVpLR] [gc][34] overhead, spent [956ms] collecting in the last [1.5s]
[2019-12-27T09:26:06,150][INFO ][o.e.m.j.JvmGcMonitorService] [q6BVpLR] [gc][35] overhead, spent [632ms] collecting in the last [1.4s]
[2019-12-27T09:26:08,437][WARN ][o.e.m.j.JvmGcMonitorService] [q6BVpLR] [gc][young][37][23] duration [1.2s], collections [1]/[1.2s], total [1.2s]/[15.6s], memory [330.7mb]->[213.5mb]/[2.9gb], all_pools {[young] [131.3mb]->[1mb]/[133.1mb]}{[survivor] [16.6mb]->[16.6mb]/[16.6mb]}{[old] [182.8mb]->[195.8mb]/[2.8gb]}
[2019-12-27T09:26:08,437][WARN ][o.e.m.j.JvmGcMonitorService] [q6BVpLR] [gc][37] overhead, spent [1.2s] collecting in the last [1.2s]
[2019-12-27T09:26:09,437][INFO ][o.e.m.j.JvmGcMonitorService] [q6BVpLR] [gc][38] overhead, spent [312ms] collecting in the last [1s]
[2019-12-27T09:26:13,694][INFO ][o.e.c.r.a.AllocationService] [q6BVpLR] Cluster health status changed from [RED] to [YELLOW] (reason: [shards started [[logstash-2016.11.30][1], [.kibana][0]] ...]).
[2019-12-27T09:26:18,631][WARN ][o.e.m.j.JvmGcMonitorService] [q6BVpLR] [gc][young][46][28] duration [2s], collections [1]/[2s], total [2s]/[18.2s], memory [316.7mb]->[233.2mb]/[2.9gb], all_pools {[young] [132.1mb]->[1.4mb]/[133.1mb]}{[survivor] [16.6mb]->[16.6mb]/[16.6mb]}{[old] [168mb]->[215.1mb]/[2.8gb]}
[2019-12-27T09:26:18,631][WARN ][o.e.m.j.JvmGcMonitorService] [q6BVpLR] [gc][46] overhead, spent [2s] collecting in the last [2s]
[2019-12-27T09:26:22,204][WARN ][o.e.m.j.JvmGcMonitorService] [q6BVpLR] [gc][young][48][29] duration [2.3s], collections [1]/[2.5s], total [2.3s]/[20.6s], memory [314.9mb]->[260.5mb]/[2.9gb], all_pools {[young] [83.1mb]->[710.8kb]/[133.1mb]}{[survivor] [16.6mb]->[16.6mb]/[16.6mb]}{[old] [215.1mb]->[243.2mb]/[2.8gb]}
[2019-12-27T09:26:22,204][WARN ][o.e.m.j.JvmGcMonitorService] [q6BVpLR] [gc][48] overhead, spent [2.3s] collecting in the last [2.5s]
[2019-12-27T09:26:24,521][WARN ][o.e.m.j.JvmGcMonitorService] [q6BVpLR] [gc][young][49][30] duration [1.4s], collections [1]/[2.3s], total [1.4s]/[22s], memory [260.5mb]->[279.9mb]/[2.9gb], all_pools {[young] [710.8kb]->[691.7kb]/[133.1mb]}{[survivor] [16.6mb]->[16.6mb]/[16.6mb]}{[old] [243.2mb]->[262.6mb]/[2.8gb]}
[2019-12-27T09:26:24,521][WARN ][o.e.m.j.JvmGcMonitorService] [q6BVpLR] [gc][49] overhead, spent [1.4s] collecting in the last [2.3s]
[2019-12-27T09:26:28,179][WARN ][o.e.m.j.JvmGcMonitorService] [q6BVpLR] [gc][young][50][31] duration [3.1s], collections [1]/[3.6s], total [3.1s]/[25.2s], memory [279.9mb]->[323.2mb]/[2.9gb], all_pools {[young] [691.7kb]->[164.3kb]/[133.1mb]}{[survivor] [16.6mb]->[16.6mb]/[16.6mb]}{[old] [262.6mb]->[306.4mb]/[2.8gb]}
[2019-12-27T09:26:28,179][WARN ][o.e.m.j.JvmGcMonitorService] [q6BVpLR] [gc][50] overhead, spent [3.1s] collecting in the last [3.6s]
[2019-12-27T09:26:29,702][INFO ][o.e.m.j.JvmGcMonitorService] [q6BVpLR] [gc][young][51][32] duration [731ms], collections [1]/[1.5s], total [731ms]/[25.9s], memory [323.2mb]->[336.6mb]/[2.9gb], all_pools {[young] [164.3kb]->[236.2kb]/[133.1mb]}{[survivor] [16.6mb]->[16.5mb]/[16.6mb]}{[old] [306.4mb]->[319.8mb]/[2.8gb]}
[2019-12-27T09:26:29,703][INFO ][o.e.m.j.JvmGcMonitorService] [q6BVpLR] [gc][51] overhead, spent [731ms] collecting in the last [1.5s]
[2019-12-27T09:26:32,886][WARN ][o.e.m.j.JvmGcMonitorService] [q6BVpLR] [gc][young][52][33] duration [2.4s], collections [1]/[3.1s], total [2.4s]/[28.3s], memory [336.6mb]->[369.5mb]/[2.9gb], all_pools {[young] [236.2kb]->[295.9kb]/[133.1mb]}{[survivor] [16.5mb]->[16.6mb]/[16.6mb]}{[old] [319.8mb]->[352.6mb]/[2.8gb]}
[2019-12-27T09:26:32,893][WARN ][o.e.m.j.JvmGcMonitorService] [q6BVpLR] [gc][52] overhead, spent [2.4s] collecting in the last [3.1s]
[2019-12-27T09:26:35,796][WARN ][o.e.m.j.JvmGcMonitorService] [q6BVpLR] [gc][young][53][34] duration [2.1s], collections [1]/[2.9s], total [2.1s]/[30.5s], memory [369.5mb]->[404.4mb]/[2.9gb], all_pools {[young] [295.9kb]->[4.4mb]/[133.1mb]}{[survivor] [16.6mb]->[16.6mb]/[16.6mb]}{[old] [352.6mb]->[383.4mb]/[2.8gb]}
[2019-12-27T09:26:35,796][WARN ][o.e.m.j.JvmGcMonitorService] [q6BVpLR] [gc][53] overhead, spent [2.1s] collecting in the last [2.9s]
[2019-12-27T09:26:37,804][WARN ][o.e.m.j.JvmGcMonitorService] [q6BVpLR] [gc][young][54][35] duration [1s], collections [1]/[2s], total [1s]/[31.6s], memory [404.4mb]->[413.7mb]/[2.9gb], all_pools {[young] [4.4mb]->[10kb]/[133.1mb]}{[survivor] [16.6mb]->[15.8mb]/[16.6mb]}{[old] [383.4mb]->[397.8mb]/[2.8gb]}
[2019-12-27T09:26:37,804][WARN ][o.e.m.j.JvmGcMonitorService] [q6BVpLR] [gc][54] overhead, spent [1s] collecting in the last [2s]
[2019-12-27T09:26:40,639][WARN ][o.e.m.j.JvmGcMonitorService] [q6BVpLR] [gc][young][56][37] duration [1s], collections [1]/[1.8s], total [1s]/[32.8s], memory [431.2mb]->[431.5mb]/[2.9gb], all_pools {[young] [11.9mb]->[514kb]/[133.1mb]}{[survivor] [16.6mb]->[13.7mb]/[16.6mb]}{[old] [402.5mb]->[417.3mb]/[2.8gb]}
[2019-12-27T09:26:40,639][WARN ][o.e.m.j.JvmGcMonitorService] [q6BVpLR] [gc][56] overhead, spent [1s] collecting in the last [1.8s]
[2019-12-27T09:26:48,337][WARN ][o.e.m.j.JvmGcMonitorService] [q6BVpLR] [gc][young][63][42] duration [1.5s], collections [1]/[1.6s], total [1.5s]/[35s], memory [551.5mb]->[461.1mb]/[2.9gb], all_pools {[young] [125.5mb]->[4.7mb]/[133.1mb]}{[survivor] [8.6mb]->[16.6mb]/[16.6mb]}{[old] [417.3mb]->[439.7mb]/[2.8gb]}
[2019-12-27T09:26:48,337][WARN ][o.e.m.j.JvmGcMonitorService] [q6BVpLR] [gc][63] overhead, spent [1.5s] collecting in the last [1.6s]
[2019-12-27T09:26:52,086][WARN ][o.e.m.j.JvmGcMonitorService] [q6BVpLR] [gc][young][64][43] duration [3.2s], collections [1]/[3.7s], total [3.2s]/[38.2s], memory [461.1mb]->[501.2mb]/[2.9gb], all_pools {[young] [4.7mb]->[34kb]/[133.1mb]}{[survivor] [16.6mb]->[16.6mb]/[16.6mb]}{[old] [439.7mb]->[484.5mb]/[2.8gb]}
[2019-12-27T09:26:52,086][WARN ][o.e.m.j.JvmGcMonitorService] [q6BVpLR] [gc][64] overhead, spent [3.2s] collecting in the last [3.7s]
[2019-12-27T09:26:53,951][WARN ][o.e.m.j.JvmGcMonitorService] [q6BVpLR] [gc][young][65][44] duration [1.2s], collections [1]/[1.8s], total [1.2s]/[39.5s], memory [501.2mb]->[521.7mb]/[2.9gb], all_pools {[young] [34kb]->[3.5mb]/[133.1mb]}{[survivor] [16.6mb]->[16.6mb]/[16.6mb]}{[old] [484.5mb]->[501.9mb]/[2.8gb]}
[2019-12-27T09:26:53,951][WARN ][o.e.m.j.JvmGcMonitorService] [q6BVpLR] [gc][65] overhead, spent [1.2s] collecting in the last [1.8s]
[2019-12-27T09:26:55,704][WARN ][o.e.m.j.JvmGcMonitorService] [q6BVpLR] [gc][young][66][45] duration [1s], collections [1]/[1.7s], total [1s]/[40.5s], memory [521.7mb]->[534.9mb]/[2.9gb], all_pools {[young] [3.5mb]->[33.4kb]/[133.1mb]}{[survivor] [16.6mb]->[16.6mb]/[16.6mb]}{[old] [501.9mb]->[518.2mb]/[2.8gb]}
[2019-12-27T09:26:55,704][WARN ][o.e.m.j.JvmGcMonitorService] [q6BVpLR] [gc][66] overhead, spent [1s] collecting in the last [1.7s]
[2019-12-27T09:26:56,843][INFO ][o.e.m.j.JvmGcMonitorService] [q6BVpLR] [gc][67] overhead, spent [489ms] collecting in the last [1.1s]
[2019-12-27T09:26:58,444][INFO ][o.e.m.j.JvmGcMonitorService] [q6BVpLR] [gc][young][68][47] duration [743ms], collections [1]/[1.6s], total [743ms]/[41.7s], memory [546.3mb]->[556.4mb]/[2.9gb], all_pools {[young] [3mb]->[324.6kb]/[133.1mb]}{[survivor] [13.4mb]->[16.6mb]/[16.6mb]}{[old] [529.9mb]->[539.4mb]/[2.8gb]}
[2019-12-27T09:26:58,444][INFO ][o.e.m.j.JvmGcMonitorService] [q6BVpLR] [gc][68] overhead, spent [743ms] collecting in the last [1.6s]
[2019-12-27T09:27:00,328][WARN ][o.e.m.j.JvmGcMonitorService] [q6BVpLR] [gc][young][69][48] duration [1s], collections [1]/[1.8s], total [1s]/[42.8s], memory [556.4mb]->[571.2mb]/[2.9gb], all_pools {[young] [324.6kb]->[1.5mb]/[133.1mb]}{[survivor] [16.6mb]->[13.8mb]/[16.6mb]}{[old] [539.4mb]->[555.8mb]/[2.8gb]}
[2019-12-27T09:27:00,329][WARN ][o.e.m.j.JvmGcMonitorService] [q6BVpLR] [gc][69] overhead, spent [1s] collecting in the last [1.8s]
[2019-12-27T09:27:01,872][INFO ][o.e.m.j.JvmGcMonitorService] [q6BVpLR] [gc][young][70][49] duration [745ms], collections [1]/[1.5s], total [745ms]/[43.5s], memory [571.2mb]->[581.5mb]/[2.9gb], all_pools {[young] [1.5mb]->[197.2kb]/[133.1mb]}{[survivor] [13.8mb]->[16.6mb]/[16.6mb]}{[old] [555.8mb]->[564.7mb]/[2.8gb]}
[2019-12-27T09:27:01,872][INFO ][o.e.m.j.JvmGcMonitorService] [q6BVpLR] [gc][70] overhead, spent [745ms] collecting in the last [1.5s]
[2019-12-27T09:27:03,737][WARN ][o.e.m.j.JvmGcMonitorService] [q6BVpLR] [gc][young][71][50] duration [1s], collections [1]/[1.8s], total [1s]/[44.6s], memory [581.5mb]->[597.5mb]/[2.9gb], all_pools {[young] [197.2kb]->[1.2mb]/[133.1mb]}{[survivor] [16.6mb]->[16.6mb]/[16.6mb]}{[old] [564.7mb]->[579.7mb]/[2.8gb]}
[2019-12-27T09:27:03,737][WARN ][o.e.m.j.JvmGcMonitorService] [q6BVpLR] [gc][71] overhead, spent [1s] collecting in the last [1.8s]
[2019-12-27T09:27:05,481][WARN ][o.e.m.j.JvmGcMonitorService] [q6BVpLR] [gc][young][72][51] duration [1.1s], collections [1]/[1.7s], total [1.1s]/[45.8s], memory [597.5mb]->[613.9mb]/[2.9gb], all_pools {[young] [1.2mb]->[34kb]/[133.1mb]}{[survivor] [16.6mb]->[16.6mb]/[16.6mb]}{[old] [579.7mb]->[597.2mb]/[2.8gb]}
[2019-12-27T09:27:05,482][WARN ][o.e.m.j.JvmGcMonitorService] [q6BVpLR] [gc][72] overhead, spent [1.1s] collecting in the last [1.7s]
[2019-12-27T09:27:07,290][WARN ][o.e.m.j.JvmGcMonitorService] [q6BVpLR] [gc][young][73][52] duration [1s], collections [1]/[1.8s], total [1s]/[46.9s], memory [613.9mb]->[629.1mb]/[2.9gb], all_pools {[young] [34kb]->[514kb]/[133.1mb]}{[survivor] [16.6mb]->[16.6mb]/[16.6mb]}{[old] [597.2mb]->[612mb]/[2.8gb]}
[2019-12-27T09:27:07,290][WARN ][o.e.m.j.JvmGcMonitorService] [q6BVpLR] [gc][73] overhead, spent [1s] collecting in the last [1.8s]
[2019-12-27T09:27:12,041][WARN ][o.e.m.j.JvmGcMonitorService] [q6BVpLR] [gc][young][74][53] duration [4.1s], collections [1]/[4.7s], total [4.1s]/[51.1s], memory [629.1mb]->[683.3mb]/[2.9gb], all_pools {[young] [514kb]->[352.8kb]/[133.1mb]}{[survivor] [16.6mb]->[16.6mb]/[16.6mb]}{[old] [612mb]->[666.3mb]/[2.8gb]}
[2019-12-27T09:27:12,042][WARN ][o.e.m.j.JvmGcMonitorService] [q6BVpLR] [gc][74] overhead, spent [4.1s] collecting in the last [4.7s]
[2019-12-27T09:27:14,304][WARN ][o.e.m.j.JvmGcMonitorService] [q6BVpLR] [gc][young][75][54] duration [1.3s], collections [1]/[2.2s], total [1.3s]/[52.5s], memory [683.3mb]->[701.9mb]/[2.9gb], all_pools {[young] [352.8kb]->[2.1kb]/[133.1mb]}{[survivor] [16.6mb]->[16.6mb]/[16.6mb]}{[old] [666.3mb]->[685.3mb]/[2.8gb]}
[2019-12-27T09:27:14,304][WARN ][o.e.m.j.JvmGcMonitorService] [q6BVpLR] [gc][75] overhead, spent [1.3s] collecting in the last [2.2s]
[2019-12-27T09:27:47,464][INFO ][o.e.m.j.JvmGcMonitorService] [q6BVpLR] [gc][108] overhead, spent [271ms] collecting in the last [1s]
[2019-12-27T09:27:57,476][INFO ][o.e.m.j.JvmGcMonitorService] [q6BVpLR] [gc][118] overhead, spent [366ms] collecting in the last [1s]
[2019-12-27T09:28:21,603][INFO ][o.e.m.j.JvmGcMonitorService] [q6BVpLR] [gc][142] overhead, spent [312ms] collecting in the last [1s]
[2019-12-27T09:29:57,561][WARN ][o.e.b.JNANatives         ] unable to install syscall filter: 
java.lang.UnsupportedOperationException: seccomp unavailable: requires kernel 3.5+ with CONFIG_SECCOMP and CONFIG_SECCOMP_FILTER compiled in
	at org.elasticsearch.bootstrap.SystemCallFilter.linuxImpl(SystemCallFilter.java:351) ~[elasticsearch-5.6.0.jar:5.6.0]
	at org.elasticsearch.bootstrap.SystemCallFilter.init(SystemCallFilter.java:639) ~[elasticsearch-5.6.0.jar:5.6.0]
	at org.elasticsearch.bootstrap.JNANatives.tryInstallSystemCallFilter(JNANatives.java:258) [elasticsearch-5.6.0.jar:5.6.0]
	at org.elasticsearch.bootstrap.Natives.tryInstallSystemCallFilter(Natives.java:113) [elasticsearch-5.6.0.jar:5.6.0]
	at org.elasticsearch.bootstrap.Bootstrap.initializeNatives(Bootstrap.java:111) [elasticsearch-5.6.0.jar:5.6.0]
	at org.elasticsearch.bootstrap.Bootstrap.setup(Bootstrap.java:195) [elasticsearch-5.6.0.jar:5.6.0]
	at org.elasticsearch.bootstrap.Bootstrap.init(Bootstrap.java:342) [elasticsearch-5.6.0.jar:5.6.0]
	at org.elasticsearch.bootstrap.Elasticsearch.init(Elasticsearch.java:132) [elasticsearch-5.6.0.jar:5.6.0]
	at org.elasticsearch.bootstrap.Elasticsearch.execute(Elasticsearch.java:123) [elasticsearch-5.6.0.jar:5.6.0]
	at org.elasticsearch.cli.EnvironmentAwareCommand.execute(EnvironmentAwareCommand.java:67) [elasticsearch-5.6.0.jar:5.6.0]
	at org.elasticsearch.cli.Command.mainWithoutErrorHandling(Command.java:134) [elasticsearch-5.6.0.jar:5.6.0]
	at org.elasticsearch.cli.Command.main(Command.java:90) [elasticsearch-5.6.0.jar:5.6.0]
	at org.elasticsearch.bootstrap.Elasticsearch.main(Elasticsearch.java:91) [elasticsearch-5.6.0.jar:5.6.0]
	at org.elasticsearch.bootstrap.Elasticsearch.main(Elasticsearch.java:84) [elasticsearch-5.6.0.jar:5.6.0]
[2019-12-27T09:29:59,385][INFO ][o.e.n.Node               ] [] initializing ...
[2019-12-27T09:30:00,137][INFO ][o.e.e.NodeEnvironment    ] [q6BVpLR] using [1] data paths, mounts [[/app (/dev/mapper/VolGroup01-LogVol00)]], net usable_space [170.8gb], net total_space [196.8gb], spins? [possibly], types [ext4]
[2019-12-27T09:30:00,138][INFO ][o.e.e.NodeEnvironment    ] [q6BVpLR] heap size [2.9gb], compressed ordinary object pointers [true]
[2019-12-27T09:30:01,832][INFO ][o.e.n.Node               ] node name [q6BVpLR] derived from node ID [q6BVpLRYTkGATxpCVTzLuQ]; set [node.name] to override
[2019-12-27T09:30:01,834][INFO ][o.e.n.Node               ] version[5.6.0], pid[32322], build[781a835/2017-09-07T03:09:58.087Z], OS[Linux/2.6.32-431.el6.x86_64/amd64], JVM[Oracle Corporation/Java HotSpot(TM) 64-Bit Server VM/1.8.0_144/25.144-b01]
[2019-12-27T09:30:01,834][INFO ][o.e.n.Node               ] JVM arguments [-Xms3g, -Xmx3g, -XX:+UseConcMarkSweepGC, -XX:CMSInitiatingOccupancyFraction=75, -XX:+UseCMSInitiatingOccupancyOnly, -XX:+AlwaysPreTouch, -Xss1m, -Djava.awt.headless=true, -Dfile.encoding=UTF-8, -Djna.nosys=true, -Djdk.io.permissionsUseCanonicalPath=true, -Dio.netty.noUnsafe=true, -Dio.netty.noKeySetOptimization=true, -Dio.netty.recycler.maxCapacityPerThread=0, -Dlog4j.shutdownHookEnabled=false, -Dlog4j2.disable.jmx=true, -Dlog4j.skipJansi=true, -XX:+HeapDumpOnOutOfMemoryError, -Des.path.home=/app/ELK/elasticsearch-5.6.0]
[2019-12-27T09:30:10,244][INFO ][o.e.p.PluginsService     ] [q6BVpLR] loaded module [aggs-matrix-stats]
[2019-12-27T09:30:10,244][INFO ][o.e.p.PluginsService     ] [q6BVpLR] loaded module [ingest-common]
[2019-12-27T09:30:10,244][INFO ][o.e.p.PluginsService     ] [q6BVpLR] loaded module [lang-expression]
[2019-12-27T09:30:10,244][INFO ][o.e.p.PluginsService     ] [q6BVpLR] loaded module [lang-groovy]
[2019-12-27T09:30:10,244][INFO ][o.e.p.PluginsService     ] [q6BVpLR] loaded module [lang-mustache]
[2019-12-27T09:30:10,244][INFO ][o.e.p.PluginsService     ] [q6BVpLR] loaded module [lang-painless]
[2019-12-27T09:30:10,245][INFO ][o.e.p.PluginsService     ] [q6BVpLR] loaded module [parent-join]
[2019-12-27T09:30:10,245][INFO ][o.e.p.PluginsService     ] [q6BVpLR] loaded module [percolator]
[2019-12-27T09:30:10,245][INFO ][o.e.p.PluginsService     ] [q6BVpLR] loaded module [reindex]
[2019-12-27T09:30:10,246][INFO ][o.e.p.PluginsService     ] [q6BVpLR] loaded module [transport-netty3]
[2019-12-27T09:30:10,246][INFO ][o.e.p.PluginsService     ] [q6BVpLR] loaded module [transport-netty4]
[2019-12-27T09:30:10,246][INFO ][o.e.p.PluginsService     ] [q6BVpLR] no plugins loaded
[2019-12-27T09:30:20,409][INFO ][o.e.d.DiscoveryModule    ] [q6BVpLR] using discovery type [zen]
[2019-12-27T09:30:26,660][INFO ][o.e.n.Node               ] initialized
[2019-12-27T09:30:26,660][INFO ][o.e.n.Node               ] [q6BVpLR] starting ...
[2019-12-27T09:30:27,654][INFO ][o.e.t.TransportService   ] [q6BVpLR] publish_address {127.0.0.1:9300}, bound_addresses {[::1]:9300}, {127.0.0.1:9300}
[2019-12-27T09:30:27,716][WARN ][o.e.b.BootstrapChecks    ] [q6BVpLR] max virtual memory areas vm.max_map_count [65530] is too low, increase to at least [262144]
[2019-12-27T09:30:27,717][WARN ][o.e.b.BootstrapChecks    ] [q6BVpLR] system call filters failed to install; check the logs and fix your configuration or disable system call filters at your own risk
[2019-12-27T09:30:31,029][INFO ][o.e.c.s.ClusterService   ] [q6BVpLR] new_master {q6BVpLR}{q6BVpLRYTkGATxpCVTzLuQ}{COI-SfQwR3mrDs4coUoAnQ}{127.0.0.1}{127.0.0.1:9300}, reason: zen-disco-elected-as-master ([0] nodes joined)
[2019-12-27T09:30:31,149][INFO ][o.e.h.n.Netty4HttpServerTransport] [q6BVpLR] publish_address {127.0.0.1:9200}, bound_addresses {[::1]:9200}, {127.0.0.1:9200}
[2019-12-27T09:30:31,149][INFO ][o.e.n.Node               ] [q6BVpLR] started
[2019-12-27T09:30:37,432][WARN ][o.e.m.j.JvmGcMonitorService] [q6BVpLR] [gc][young][7][5] duration [3.8s], collections [1]/[4.7s], total [3.8s]/[7.1s], memory [115mb]->[74.7mb]/[2.9gb], all_pools {[young] [85.2mb]->[1mb]/[133.1mb]}{[survivor] [16.6mb]->[8.5mb]/[16.6mb]}{[old] [13.2mb]->[65.5mb]/[2.8gb]}
[2019-12-27T09:30:37,433][WARN ][o.e.m.j.JvmGcMonitorService] [q6BVpLR] [gc][7] overhead, spent [3.8s] collecting in the last [4.7s]
[2019-12-27T09:30:38,208][INFO ][o.e.g.GatewayService     ] [q6BVpLR] recovered [27] indices into cluster_state
[2019-12-27T09:30:44,547][WARN ][o.e.m.j.JvmGcMonitorService] [q6BVpLR] [gc][14] overhead, spent [580ms] collecting in the last [1s]
[2019-12-27T09:30:47,548][INFO ][o.e.m.j.JvmGcMonitorService] [q6BVpLR] [gc][17] overhead, spent [336ms] collecting in the last [1s]
[2019-12-27T09:30:50,009][WARN ][o.e.m.j.JvmGcMonitorService] [q6BVpLR] [gc][young][18][10] duration [1.6s], collections [1]/[2.4s], total [1.6s]/[10s], memory [103.6mb]->[121.7mb]/[2.9gb], all_pools {[young] [9.7mb]->[577kb]/[133.1mb]}{[survivor] [16.5mb]->[16.6mb]/[16.6mb]}{[old] [77.3mb]->[104.5mb]/[2.8gb]}
[2019-12-27T09:30:50,009][WARN ][o.e.m.j.JvmGcMonitorService] [q6BVpLR] [gc][18] overhead, spent [1.6s] collecting in the last [2.4s]
[2019-12-27T09:30:51,554][INFO ][o.e.m.j.JvmGcMonitorService] [q6BVpLR] [gc][19] overhead, spent [654ms] collecting in the last [1.5s]
[2019-12-27T09:30:54,369][INFO ][o.e.m.j.JvmGcMonitorService] [q6BVpLR] [gc][young][21][13] duration [964ms], collections [1]/[1.7s], total [964ms]/[11.7s], memory [126.4mb]->[143.2mb]/[2.9gb], all_pools {[young] [1.2mb]->[2.1mb]/[133.1mb]}{[survivor] [12.2mb]->[16.6mb]/[16.6mb]}{[old] [112.9mb]->[124.5mb]/[2.8gb]}
[2019-12-27T09:30:54,369][WARN ][o.e.m.j.JvmGcMonitorService] [q6BVpLR] [gc][21] overhead, spent [964ms] collecting in the last [1.7s]
[2019-12-27T09:30:56,776][WARN ][o.e.m.j.JvmGcMonitorService] [q6BVpLR] [gc][young][22][14] duration [1.5s], collections [1]/[2.4s], total [1.5s]/[13.3s], memory [143.2mb]->[161.9mb]/[2.9gb], all_pools {[young] [2.1mb]->[967.5kb]/[133.1mb]}{[survivor] [16.6mb]->[16.6mb]/[16.6mb]}{[old] [124.5mb]->[144.3mb]/[2.8gb]}
[2019-12-27T09:30:56,776][WARN ][o.e.m.j.JvmGcMonitorService] [q6BVpLR] [gc][22] overhead, spent [1.5s] collecting in the last [2.4s]
[2019-12-27T09:30:58,426][INFO ][o.e.m.j.JvmGcMonitorService] [q6BVpLR] [gc][young][23][15] duration [887ms], collections [1]/[1.6s], total [887ms]/[14.2s], memory [161.9mb]->[172.3mb]/[2.9gb], all_pools {[young] [967.5kb]->[651kb]/[133.1mb]}{[survivor] [16.6mb]->[16mb]/[16.6mb]}{[old] [144.3mb]->[155.6mb]/[2.8gb]}
[2019-12-27T09:30:58,426][WARN ][o.e.m.j.JvmGcMonitorService] [q6BVpLR] [gc][23] overhead, spent [887ms] collecting in the last [1.6s]
[2019-12-27T09:30:59,774][WARN ][o.e.m.j.JvmGcMonitorService] [q6BVpLR] [gc][24] overhead, spent [683ms] collecting in the last [1.3s]
[2019-12-27T09:31:01,643][WARN ][o.e.m.j.JvmGcMonitorService] [q6BVpLR] [gc][young][25][17] duration [1.1s], collections [1]/[1.8s], total [1.1s]/[16s], memory [179.8mb]->[195.7mb]/[2.9gb], all_pools {[young] [12.1kb]->[3.5mb]/[133.1mb]}{[survivor] [16.6mb]->[13.7mb]/[16.6mb]}{[old] [163.2mb]->[178.4mb]/[2.8gb]}
[2019-12-27T09:31:01,643][WARN ][o.e.m.j.JvmGcMonitorService] [q6BVpLR] [gc][25] overhead, spent [1.1s] collecting in the last [1.8s]
[2019-12-27T09:31:02,644][INFO ][o.e.m.j.JvmGcMonitorService] [q6BVpLR] [gc][26] overhead, spent [335ms] collecting in the last [1s]
[2019-12-27T09:31:03,645][INFO ][o.e.m.j.JvmGcMonitorService] [q6BVpLR] [gc][27] overhead, spent [299ms] collecting in the last [1s]
[2019-12-27T09:31:05,402][WARN ][o.e.m.j.JvmGcMonitorService] [q6BVpLR] [gc][young][28][20] duration [1.1s], collections [1]/[1.7s], total [1.1s]/[17.6s], memory [208.4mb]->[209.2mb]/[2.9gb], all_pools {[young] [12.7mb]->[18kb]/[133.1mb]}{[survivor] [16.6mb]->[14.4mb]/[16.6mb]}{[old] [179mb]->[194.7mb]/[2.8gb]}
[2019-12-27T09:31:05,402][WARN ][o.e.m.j.JvmGcMonitorService] [q6BVpLR] [gc][28] overhead, spent [1.1s] collecting in the last [1.7s]
[2019-12-27T09:31:07,745][WARN ][o.e.m.j.JvmGcMonitorService] [q6BVpLR] [gc][young][30][22] duration [1s], collections [1]/[1.3s], total [1s]/[18.8s], memory [292.3mb]->[227.7mb]/[2.9gb], all_pools {[young] [87.5mb]->[3.6mb]/[133.1mb]}{[survivor] [10mb]->[16.6mb]/[16.6mb]}{[old] [194.7mb]->[207.4mb]/[2.8gb]}
[2019-12-27T09:31:07,745][WARN ][o.e.m.j.JvmGcMonitorService] [q6BVpLR] [gc][30] overhead, spent [1s] collecting in the last [1.3s]
[2019-12-27T09:31:09,298][WARN ][o.e.m.j.JvmGcMonitorService] [q6BVpLR] [gc][young][31][23] duration [1s], collections [1]/[1.5s], total [1s]/[19.8s], memory [227.7mb]->[234mb]/[2.9gb], all_pools {[young] [3.6mb]->[6.2kb]/[133.1mb]}{[survivor] [16.6mb]->[14mb]/[16.6mb]}{[old] [207.4mb]->[220mb]/[2.8gb]}
[2019-12-27T09:31:09,298][WARN ][o.e.m.j.JvmGcMonitorService] [q6BVpLR] [gc][31] overhead, spent [1s] collecting in the last [1.5s]
[2019-12-27T09:31:10,388][INFO ][o.e.m.j.JvmGcMonitorService] [q6BVpLR] [gc][32] overhead, spent [382ms] collecting in the last [1s]
[2019-12-27T09:31:12,316][WARN ][o.e.m.j.JvmGcMonitorService] [q6BVpLR] [gc][young][33][25] duration [1.1s], collections [1]/[1.9s], total [1.1s]/[21.4s], memory [241.1mb]->[254.6mb]/[2.9gb], all_pools {[young] [991.9kb]->[1mb]/[133.1mb]}{[survivor] [16.6mb]->[16.6mb]/[16.6mb]}{[old] [223.5mb]->[237mb]/[2.8gb]}
[2019-12-27T09:31:12,317][WARN ][o.e.m.j.JvmGcMonitorService] [q6BVpLR] [gc][33] overhead, spent [1.1s] collecting in the last [1.9s]
[2019-12-27T09:31:13,925][WARN ][o.e.m.j.JvmGcMonitorService] [q6BVpLR] [gc][young][34][26] duration [1s], collections [1]/[1.6s], total [1s]/[22.4s], memory [254.6mb]->[266.5mb]/[2.9gb], all_pools {[young] [1mb]->[840.1kb]/[133.1mb]}{[survivor] [16.6mb]->[15.4mb]/[16.6mb]}{[old] [237mb]->[250.2mb]/[2.8gb]}
[2019-12-27T09:31:13,926][WARN ][o.e.m.j.JvmGcMonitorService] [q6BVpLR] [gc][34] overhead, spent [1s] collecting in the last [1.6s]
[2019-12-27T09:31:16,926][INFO ][o.e.m.j.JvmGcMonitorService] [q6BVpLR] [gc][37] overhead, spent [341ms] collecting in the last [1s]
[2019-12-27T09:31:17,668][INFO ][o.e.c.r.a.AllocationService] [q6BVpLR] Cluster health status changed from [RED] to [YELLOW] (reason: [shards started [[.kibana][0]] ...]).
[2019-12-27T09:31:21,022][WARN ][o.e.m.j.JvmGcMonitorService] [q6BVpLR] [gc][young][40][29] duration [1.4s], collections [1]/[2s], total [1.4s]/[24.4s], memory [356.3mb]->[290.6mb]/[2.9gb], all_pools {[young] [86.1mb]->[514kb]/[133.1mb]}{[survivor] [16.6mb]->[16.6mb]/[16.6mb]}{[old] [253.6mb]->[273.4mb]/[2.8gb]}
[2019-12-27T09:31:21,022][WARN ][o.e.m.j.JvmGcMonitorService] [q6BVpLR] [gc][40] overhead, spent [1.4s] collecting in the last [2s]
[2019-12-27T09:31:25,840][WARN ][o.e.m.j.JvmGcMonitorService] [q6BVpLR] [gc][young][41][30] duration [4.2s], collections [1]/[4.8s], total [4.2s]/[28.6s], memory [290.6mb]->[346mb]/[2.9gb], all_pools {[young] [514kb]->[10kb]/[133.1mb]}{[survivor] [16.6mb]->[16.6mb]/[16.6mb]}{[old] [273.4mb]->[329.4mb]/[2.8gb]}
[2019-12-27T09:31:25,840][WARN ][o.e.m.j.JvmGcMonitorService] [q6BVpLR] [gc][41] overhead, spent [4.2s] collecting in the last [4.8s]
[2019-12-27T09:31:27,759][INFO ][o.e.m.j.JvmGcMonitorService] [q6BVpLR] [gc][young][42][31] duration [959ms], collections [1]/[1.9s], total [959ms]/[29.5s], memory [346mb]->[362.4mb]/[2.9gb], all_pools {[young] [10kb]->[3.1mb]/[133.1mb]}{[survivor] [16.6mb]->[16.5mb]/[16.6mb]}{[old] [329.4mb]->[342.7mb]/[2.8gb]}
[2019-12-27T09:31:27,759][INFO ][o.e.m.j.JvmGcMonitorService] [q6BVpLR] [gc][42] overhead, spent [959ms] collecting in the last [1.9s]
[2019-12-27T09:31:38,031][INFO ][o.e.m.j.JvmGcMonitorService] [q6BVpLR] [gc][young][52][35] duration [978ms], collections [1]/[1.2s], total [978ms]/[30.9s], memory [446.9mb]->[370.7mb]/[2.9gb], all_pools {[young] [97.7mb]->[403.5kb]/[133.1mb]}{[survivor] [6.4mb]->[16.6mb]/[16.6mb]}{[old] [342.7mb]->[353.7mb]/[2.8gb]}
[2019-12-27T09:31:38,031][WARN ][o.e.m.j.JvmGcMonitorService] [q6BVpLR] [gc][52] overhead, spent [978ms] collecting in the last [1.2s]
[2019-12-27T09:31:40,372][INFO ][o.e.m.j.JvmGcMonitorService] [q6BVpLR] [gc][54] overhead, spent [540ms] collecting in the last [1.3s]
[2019-12-27T09:32:16,065][WARN ][o.e.m.j.JvmGcMonitorService] [q6BVpLR] [gc][young][88][37] duration [1.8s], collections [1]/[2.6s], total [1.8s]/[33.3s], memory [454.3mb]->[402.2mb]/[2.9gb], all_pools {[young] [80.2mb]->[10kb]/[133.1mb]}{[survivor] [13.6mb]->[16.6mb]/[16.6mb]}{[old] [360.4mb]->[385.6mb]/[2.8gb]}
[2019-12-27T09:32:16,065][WARN ][o.e.m.j.JvmGcMonitorService] [q6BVpLR] [gc][88] overhead, spent [1.8s] collecting in the last [2.6s]
[2019-12-27T09:32:17,853][WARN ][o.e.m.j.JvmGcMonitorService] [q6BVpLR] [gc][young][89][38] duration [1s], collections [1]/[1.7s], total [1s]/[34.4s], memory [402.2mb]->[414.4mb]/[2.9gb], all_pools {[young] [10kb]->[34kb]/[133.1mb]}{[survivor] [16.6mb]->[16.6mb]/[16.6mb]}{[old] [385.6mb]->[397.8mb]/[2.8gb]}
[2019-12-27T09:32:17,853][WARN ][o.e.m.j.JvmGcMonitorService] [q6BVpLR] [gc][89] overhead, spent [1s] collecting in the last [1.7s]
[2019-12-27T09:32:19,854][WARN ][o.e.m.j.JvmGcMonitorService] [q6BVpLR] [gc][91] overhead, spent [515ms] collecting in the last [1s]
[2019-12-27T09:32:22,074][WARN ][o.e.m.j.JvmGcMonitorService] [q6BVpLR] [gc][young][92][40] duration [2s], collections [1]/[2.2s], total [2s]/[36.9s], memory [511.9mb]->[450.2mb]/[2.9gb], all_pools {[young] [95.6mb]->[565.8kb]/[133.1mb]}{[survivor] [11.6mb]->[16.6mb]/[16.6mb]}{[old] [404.6mb]->[433mb]/[2.8gb]}
[2019-12-27T09:32:22,074][WARN ][o.e.m.j.JvmGcMonitorService] [q6BVpLR] [gc][92] overhead, spent [2s] collecting in the last [2.2s]
[2019-12-27T09:32:24,369][WARN ][o.e.m.j.JvmGcMonitorService] [q6BVpLR] [gc][young][93][41] duration [1.4s], collections [1]/[2.2s], total [1.4s]/[38.4s], memory [450.2mb]->[468.9mb]/[2.9gb], all_pools {[young] [565.8kb]->[34kb]/[133.1mb]}{[survivor] [16.6mb]->[16.6mb]/[16.6mb]}{[old] [433mb]->[452.3mb]/[2.8gb]}
[2019-12-27T09:32:24,369][WARN ][o.e.m.j.JvmGcMonitorService] [q6BVpLR] [gc][93] overhead, spent [1.4s] collecting in the last [2.2s]
[2019-12-27T09:32:26,489][WARN ][o.e.m.j.JvmGcMonitorService] [q6BVpLR] [gc][young][94][42] duration [1.1s], collections [1]/[2.1s], total [1.1s]/[39.6s], memory [468.9mb]->[481.3mb]/[2.9gb], all_pools {[young] [34kb]->[514kb]/[133.1mb]}{[survivor] [16.6mb]->[14.2mb]/[16.6mb]}{[old] [452.3mb]->[466.6mb]/[2.8gb]}
[2019-12-27T09:32:26,489][WARN ][o.e.m.j.JvmGcMonitorService] [q6BVpLR] [gc][94] overhead, spent [1.1s] collecting in the last [2.1s]
[2019-12-27T09:32:38,902][WARN ][o.e.m.j.JvmGcMonitorService] [q6BVpLR] [gc][young][105][44] duration [1.8s], collections [1]/[2.4s], total [1.8s]/[41.6s], memory [590.5mb]->[506.6mb]/[2.9gb], all_pools {[young] [119.5mb]->[74.7kb]/[133.1mb]}{[survivor] [4.3mb]->[16.6mb]/[16.6mb]}{[old] [466.6mb]->[489.9mb]/[2.8gb]}
[2019-12-27T09:32:38,902][WARN ][o.e.m.j.JvmGcMonitorService] [q6BVpLR] [gc][105] overhead, spent [1.8s] collecting in the last [2.4s]
[2019-12-27T09:32:40,785][INFO ][o.e.m.j.JvmGcMonitorService] [q6BVpLR] [gc][young][106][45] duration [959ms], collections [1]/[1.8s], total [959ms]/[42.6s], memory [506.6mb]->[515.4mb]/[2.9gb], all_pools {[young] [74.7kb]->[2.7mb]/[133.1mb]}{[survivor] [16.6mb]->[13.3mb]/[16.6mb]}{[old] [489.9mb]->[499.3mb]/[2.8gb]}
[2019-12-27T09:32:40,785][WARN ][o.e.m.j.JvmGcMonitorService] [q6BVpLR] [gc][106] overhead, spent [959ms] collecting in the last [1.8s]
[2019-12-27T09:32:44,958][WARN ][o.e.m.j.JvmGcMonitorService] [q6BVpLR] [gc][young][107][46] duration [3.6s], collections [1]/[4.1s], total [3.6s]/[46.2s], memory [515.4mb]->[558.9mb]/[2.9gb], all_pools {[young] [2.7mb]->[1.4mb]/[133.1mb]}{[survivor] [13.3mb]->[16.6mb]/[16.6mb]}{[old] [499.3mb]->[540.7mb]/[2.8gb]}
[2019-12-27T09:32:44,963][WARN ][o.e.m.j.JvmGcMonitorService] [q6BVpLR] [gc][107] overhead, spent [3.6s] collecting in the last [4.1s]
[2019-12-27T09:32:46,973][INFO ][o.e.m.j.JvmGcMonitorService] [q6BVpLR] [gc][109] overhead, spent [373ms] collecting in the last [1s]
[2019-12-27T09:32:47,973][INFO ][o.e.m.j.JvmGcMonitorService] [q6BVpLR] [gc][110] overhead, spent [451ms] collecting in the last [1s]
[2019-12-27T09:32:49,985][WARN ][o.e.m.j.JvmGcMonitorService] [q6BVpLR] [gc][young][111][49] duration [1.9s], collections [1]/[2s], total [1.9s]/[49s], memory [687.8mb]->[591.1mb]/[2.9gb], all_pools {[young] [121.8mb]->[395.4kb]/[133.1mb]}{[survivor] [16.6mb]->[16.6mb]/[16.6mb]}{[old] [549.3mb]->[574.2mb]/[2.8gb]}
[2019-12-27T09:32:49,986][WARN ][o.e.m.j.JvmGcMonitorService] [q6BVpLR] [gc][111] overhead, spent [1.9s] collecting in the last [2s]
[2019-12-27T09:32:52,082][WARN ][o.e.m.j.JvmGcMonitorService] [q6BVpLR] [gc][young][112][50] duration [1s], collections [1]/[1s], total [1s]/[50s], memory [591.1mb]->[723.9mb]/[2.9gb], all_pools {[young] [395.4kb]->[133.1mb]/[133.1mb]}{[survivor] [16.6mb]->[16.6mb]/[16.6mb]}{[old] [574.2mb]->[587.8mb]/[2.8gb]}
[2019-12-27T09:32:52,082][WARN ][o.e.m.j.JvmGcMonitorService] [q6BVpLR] [gc][112] overhead, spent [1s] collecting in the last [1s]
[2019-12-27T09:32:53,870][WARN ][o.e.m.j.JvmGcMonitorService] [q6BVpLR] [gc][young][113][51] duration [1s], collections [1]/[2.8s], total [1s]/[51.1s], memory [723.9mb]->[613.9mb]/[2.9gb], all_pools {[young] [133.1mb]->[2kb]/[133.1mb]}{[survivor] [16.6mb]->[15.3mb]/[16.6mb]}{[old] [587.8mb]->[598.6mb]/[2.8gb]}
[2019-12-27T09:32:53,870][INFO ][o.e.m.j.JvmGcMonitorService] [q6BVpLR] [gc][113] overhead, spent [1s] collecting in the last [2.8s]
[2019-12-27T09:32:59,834][WARN ][o.e.m.j.JvmGcMonitorService] [q6BVpLR] [gc][young][117][53] duration [2.3s], collections [1]/[2.9s], total [2.3s]/[53.5s], memory [695.2mb]->[641.8mb]/[2.9gb], all_pools {[young] [90.3mb]->[2.8mb]/[133.1mb]}{[survivor] [6.3mb]->[16.6mb]/[16.6mb]}{[old] [598.6mb]->[622.3mb]/[2.8gb]}
[2019-12-27T09:32:59,834][WARN ][o.e.m.j.JvmGcMonitorService] [q6BVpLR] [gc][117] overhead, spent [2.3s] collecting in the last [2.9s]
[2019-12-27T09:33:01,773][WARN ][o.e.m.j.JvmGcMonitorService] [q6BVpLR] [gc][young][118][54] duration [1.1s], collections [1]/[1.9s], total [1.1s]/[54.7s], memory [641.8mb]->[659.4mb]/[2.9gb], all_pools {[young] [2.8mb]->[514kb]/[133.1mb]}{[survivor] [16.6mb]->[16.6mb]/[16.6mb]}{[old] [622.3mb]->[642.3mb]/[2.8gb]}
[2019-12-27T09:33:01,774][WARN ][o.e.m.j.JvmGcMonitorService] [q6BVpLR] [gc][118] overhead, spent [1.1s] collecting in the last [1.9s]
[2019-12-27T09:33:03,614][WARN ][o.e.m.j.JvmGcMonitorService] [q6BVpLR] [gc][young][119][55] duration [1.1s], collections [1]/[1.8s], total [1.1s]/[55.8s], memory [659.4mb]->[673.6mb]/[2.9gb], all_pools {[young] [514kb]->[3.5mb]/[133.1mb]}{[survivor] [16.6mb]->[15.6mb]/[16.6mb]}{[old] [642.3mb]->[654.3mb]/[2.8gb]}
[2019-12-27T09:33:03,614][WARN ][o.e.m.j.JvmGcMonitorService] [q6BVpLR] [gc][119] overhead, spent [1.1s] collecting in the last [1.8s]
[2019-12-27T09:33:24,164][WARN ][o.e.m.j.JvmGcMonitorService] [q6BVpLR] [gc][young][137][58] duration [3.1s], collections [1]/[3.5s], total [3.1s]/[59.3s], memory [751.5mb]->[710.1mb]/[2.9gb], all_pools {[young] [82.9mb]->[65.4kb]/[133.1mb]}{[survivor] [14.2mb]->[16.6mb]/[16.6mb]}{[old] [654.3mb]->[693.5mb]/[2.8gb]}
[2019-12-27T09:33:24,164][WARN ][o.e.m.j.JvmGcMonitorService] [q6BVpLR] [gc][137] overhead, spent [3.1s] collecting in the last [3.5s]
[2019-12-27T09:33:26,346][WARN ][o.e.m.j.JvmGcMonitorService] [q6BVpLR] [gc][young][138][59] duration [1.3s], collections [1]/[2.1s], total [1.3s]/[1m], memory [710.1mb]->[729.8mb]/[2.9gb], all_pools {[young] [65.4kb]->[1mb]/[133.1mb]}{[survivor] [16.6mb]->[16.6mb]/[16.6mb]}{[old] [693.5mb]->[712.2mb]/[2.8gb]}
[2019-12-27T09:33:26,346][WARN ][o.e.m.j.JvmGcMonitorService] [q6BVpLR] [gc][138] overhead, spent [1.3s] collecting in the last [2.1s]
[2019-12-27T09:33:28,044][INFO ][o.e.m.j.JvmGcMonitorService] [q6BVpLR] [gc][young][139][60] duration [831ms], collections [1]/[1.6s], total [831ms]/[1m], memory [729.8mb]->[741.3mb]/[2.9gb], all_pools {[young] [1mb]->[928.6kb]/[133.1mb]}{[survivor] [16.6mb]->[16.2mb]/[16.6mb]}{[old] [712.2mb]->[724.1mb]/[2.8gb]}
[2019-12-27T09:33:28,045][INFO ][o.e.m.j.JvmGcMonitorService] [q6BVpLR] [gc][139] overhead, spent [831ms] collecting in the last [1.6s]
[2019-12-27T09:33:31,876][WARN ][o.e.m.j.JvmGcMonitorService] [q6BVpLR] [gc][young][140][61] duration [3.2s], collections [1]/[3.8s], total [3.2s]/[1m], memory [741.3mb]->[785mb]/[2.9gb], all_pools {[young] [928.6kb]->[46.5kb]/[133.1mb]}{[survivor] [16.2mb]->[16.6mb]/[16.6mb]}{[old] [724.1mb]->[768.4mb]/[2.8gb]}
[2019-12-27T09:33:31,876][WARN ][o.e.m.j.JvmGcMonitorService] [q6BVpLR] [gc][140] overhead, spent [3.2s] collecting in the last [3.8s]
[2019-12-27T09:33:33,111][INFO ][o.e.m.j.JvmGcMonitorService] [q6BVpLR] [gc][141] overhead, spent [433ms] collecting in the last [1.2s]
[2019-12-27T09:33:43,114][WARN ][o.e.m.j.JvmGcMonitorService] [q6BVpLR] [gc][151] overhead, spent [640ms] collecting in the last [1s]
[2019-12-27T09:35:40,579][INFO ][o.e.m.j.JvmGcMonitorService] [q6BVpLR] [gc][young][268][81] duration [716ms], collections [1]/[1s], total [716ms]/[1.1m], memory [1gb]->[1gb]/[2.9gb], all_pools {[young] [90.4mb]->[535.6kb]/[133.1mb]}{[survivor] [16.6mb]->[16.6mb]/[16.6mb]}{[old] [989.6mb]->[1gb]/[2.8gb]}
[2019-12-27T09:35:40,579][WARN ][o.e.m.j.JvmGcMonitorService] [q6BVpLR] [gc][268] overhead, spent [716ms] collecting in the last [1s]
[2019-12-27T09:35:47,682][WARN ][o.e.m.j.JvmGcMonitorService] [q6BVpLR] [gc][275] overhead, spent [564ms] collecting in the last [1s]
[2019-12-27T09:35:59,030][WARN ][o.e.m.j.JvmGcMonitorService] [q6BVpLR] [gc][young][284][91] duration [2.3s], collections [1]/[3.3s], total [2.3s]/[1.2m], memory [1.2gb]->[1.1gb]/[2.9gb], all_pools {[young] [105.1mb]->[879.3kb]/[133.1mb]}{[survivor] [13mb]->[16.6mb]/[16.6mb]}{[old] [1gb]->[1.1gb]/[2.8gb]}
[2019-12-27T09:35:59,031][WARN ][o.e.m.j.JvmGcMonitorService] [q6BVpLR] [gc][284] overhead, spent [2.3s] collecting in the last [3.3s]
[2019-12-27T09:36:01,247][INFO ][o.e.m.j.JvmGcMonitorService] [q6BVpLR] [gc][286] overhead, spent [352ms] collecting in the last [1.1s]
[2019-12-27T09:36:02,262][INFO ][o.e.m.j.JvmGcMonitorService] [q6BVpLR] [gc][287] overhead, spent [298ms] collecting in the last [1s]
[2019-12-27T09:36:17,318][INFO ][o.e.m.j.JvmGcMonitorService] [q6BVpLR] [gc][302] overhead, spent [338ms] collecting in the last [1s]
[2019-12-27T09:36:22,468][INFO ][o.e.m.j.JvmGcMonitorService] [q6BVpLR] [gc][307] overhead, spent [332ms] collecting in the last [1.1s]
[2019-12-27T09:37:10,793][WARN ][o.e.b.JNANatives         ] unable to install syscall filter: 
java.lang.UnsupportedOperationException: seccomp unavailable: requires kernel 3.5+ with CONFIG_SECCOMP and CONFIG_SECCOMP_FILTER compiled in
	at org.elasticsearch.bootstrap.SystemCallFilter.linuxImpl(SystemCallFilter.java:351) ~[elasticsearch-5.6.0.jar:5.6.0]
	at org.elasticsearch.bootstrap.SystemCallFilter.init(SystemCallFilter.java:639) ~[elasticsearch-5.6.0.jar:5.6.0]
	at org.elasticsearch.bootstrap.JNANatives.tryInstallSystemCallFilter(JNANatives.java:258) [elasticsearch-5.6.0.jar:5.6.0]
	at org.elasticsearch.bootstrap.Natives.tryInstallSystemCallFilter(Natives.java:113) [elasticsearch-5.6.0.jar:5.6.0]
	at org.elasticsearch.bootstrap.Bootstrap.initializeNatives(Bootstrap.java:111) [elasticsearch-5.6.0.jar:5.6.0]
	at org.elasticsearch.bootstrap.Bootstrap.setup(Bootstrap.java:195) [elasticsearch-5.6.0.jar:5.6.0]
	at org.elasticsearch.bootstrap.Bootstrap.init(Bootstrap.java:342) [elasticsearch-5.6.0.jar:5.6.0]
	at org.elasticsearch.bootstrap.Elasticsearch.init(Elasticsearch.java:132) [elasticsearch-5.6.0.jar:5.6.0]
	at org.elasticsearch.bootstrap.Elasticsearch.execute(Elasticsearch.java:123) [elasticsearch-5.6.0.jar:5.6.0]
	at org.elasticsearch.cli.EnvironmentAwareCommand.execute(EnvironmentAwareCommand.java:67) [elasticsearch-5.6.0.jar:5.6.0]
	at org.elasticsearch.cli.Command.mainWithoutErrorHandling(Command.java:134) [elasticsearch-5.6.0.jar:5.6.0]
	at org.elasticsearch.cli.Command.main(Command.java:90) [elasticsearch-5.6.0.jar:5.6.0]
	at org.elasticsearch.bootstrap.Elasticsearch.main(Elasticsearch.java:91) [elasticsearch-5.6.0.jar:5.6.0]
	at org.elasticsearch.bootstrap.Elasticsearch.main(Elasticsearch.java:84) [elasticsearch-5.6.0.jar:5.6.0]
[2019-12-27T09:37:13,300][INFO ][o.e.n.Node               ] [] initializing ...
[2019-12-27T09:37:13,736][ERROR][o.e.b.Bootstrap          ] Exception
java.lang.IllegalStateException: failed to obtain node locks, tried [[/app/ELK/elasticsearch-5.6.0/data/elasticsearch]] with lock id [0]; maybe these locations are not writable or multiple nodes were started without increasing [node.max_local_storage_nodes] (was [1])?
	at org.elasticsearch.env.NodeEnvironment.<init>(NodeEnvironment.java:261) ~[elasticsearch-5.6.0.jar:5.6.0]
	at org.elasticsearch.node.Node.<init>(Node.java:265) ~[elasticsearch-5.6.0.jar:5.6.0]
	at org.elasticsearch.node.Node.<init>(Node.java:245) ~[elasticsearch-5.6.0.jar:5.6.0]
	at org.elasticsearch.bootstrap.Bootstrap$5.<init>(Bootstrap.java:233) ~[elasticsearch-5.6.0.jar:5.6.0]
	at org.elasticsearch.bootstrap.Bootstrap.setup(Bootstrap.java:233) ~[elasticsearch-5.6.0.jar:5.6.0]
	at org.elasticsearch.bootstrap.Bootstrap.init(Bootstrap.java:342) [elasticsearch-5.6.0.jar:5.6.0]
	at org.elasticsearch.bootstrap.Elasticsearch.init(Elasticsearch.java:132) [elasticsearch-5.6.0.jar:5.6.0]
	at org.elasticsearch.bootstrap.Elasticsearch.execute(Elasticsearch.java:123) [elasticsearch-5.6.0.jar:5.6.0]
	at org.elasticsearch.cli.EnvironmentAwareCommand.execute(EnvironmentAwareCommand.java:67) [elasticsearch-5.6.0.jar:5.6.0]
	at org.elasticsearch.cli.Command.mainWithoutErrorHandling(Command.java:134) [elasticsearch-5.6.0.jar:5.6.0]
	at org.elasticsearch.cli.Command.main(Command.java:90) [elasticsearch-5.6.0.jar:5.6.0]
	at org.elasticsearch.bootstrap.Elasticsearch.main(Elasticsearch.java:91) [elasticsearch-5.6.0.jar:5.6.0]
	at org.elasticsearch.bootstrap.Elasticsearch.main(Elasticsearch.java:84) [elasticsearch-5.6.0.jar:5.6.0]
[2019-12-27T09:37:13,781][WARN ][o.e.b.ElasticsearchUncaughtExceptionHandler] [] uncaught exception in thread [main]
org.elasticsearch.bootstrap.StartupException: java.lang.IllegalStateException: failed to obtain node locks, tried [[/app/ELK/elasticsearch-5.6.0/data/elasticsearch]] with lock id [0]; maybe these locations are not writable or multiple nodes were started without increasing [node.max_local_storage_nodes] (was [1])?
	at org.elasticsearch.bootstrap.Elasticsearch.init(Elasticsearch.java:136) ~[elasticsearch-5.6.0.jar:5.6.0]
	at org.elasticsearch.bootstrap.Elasticsearch.execute(Elasticsearch.java:123) ~[elasticsearch-5.6.0.jar:5.6.0]
	at org.elasticsearch.cli.EnvironmentAwareCommand.execute(EnvironmentAwareCommand.java:67) ~[elasticsearch-5.6.0.jar:5.6.0]
	at org.elasticsearch.cli.Command.mainWithoutErrorHandling(Command.java:134) ~[elasticsearch-5.6.0.jar:5.6.0]
	at org.elasticsearch.cli.Command.main(Command.java:90) ~[elasticsearch-5.6.0.jar:5.6.0]
	at org.elasticsearch.bootstrap.Elasticsearch.main(Elasticsearch.java:91) ~[elasticsearch-5.6.0.jar:5.6.0]
	at org.elasticsearch.bootstrap.Elasticsearch.main(Elasticsearch.java:84) ~[elasticsearch-5.6.0.jar:5.6.0]
Caused by: java.lang.IllegalStateException: failed to obtain node locks, tried [[/app/ELK/elasticsearch-5.6.0/data/elasticsearch]] with lock id [0]; maybe these locations are not writable or multiple nodes were started without increasing [node.max_local_storage_nodes] (was [1])?
	at org.elasticsearch.env.NodeEnvironment.<init>(NodeEnvironment.java:261) ~[elasticsearch-5.6.0.jar:5.6.0]
	at org.elasticsearch.node.Node.<init>(Node.java:265) ~[elasticsearch-5.6.0.jar:5.6.0]
	at org.elasticsearch.node.Node.<init>(Node.java:245) ~[elasticsearch-5.6.0.jar:5.6.0]
	at org.elasticsearch.bootstrap.Bootstrap$5.<init>(Bootstrap.java:233) ~[elasticsearch-5.6.0.jar:5.6.0]
	at org.elasticsearch.bootstrap.Bootstrap.setup(Bootstrap.java:233) ~[elasticsearch-5.6.0.jar:5.6.0]
	at org.elasticsearch.bootstrap.Bootstrap.init(Bootstrap.java:342) ~[elasticsearch-5.6.0.jar:5.6.0]
	at org.elasticsearch.bootstrap.Elasticsearch.init(Elasticsearch.java:132) ~[elasticsearch-5.6.0.jar:5.6.0]
	... 6 more
[2019-12-27T09:37:25,430][WARN ][o.e.m.j.JvmGcMonitorService] [q6BVpLR] [gc][young][344][103] duration [25.8s], collections [1]/[26.4s], total [25.8s]/[1.6m], memory [1.4gb]->[1.3gb]/[2.9gb], all_pools {[young] [131.7mb]->[4.2mb]/[133.1mb]}{[survivor] [4.3mb]->[16.6mb]/[16.6mb]}{[old] [1.2gb]->[1.2gb]/[2.8gb]}
[2019-12-27T09:37:25,529][WARN ][o.e.m.j.JvmGcMonitorService] [q6BVpLR] [gc][344] overhead, spent [25.8s] collecting in the last [26.4s]
[2019-12-27T09:37:28,237][WARN ][o.e.b.JNANatives         ] unable to install syscall filter: 
java.lang.UnsupportedOperationException: seccomp unavailable: requires kernel 3.5+ with CONFIG_SECCOMP and CONFIG_SECCOMP_FILTER compiled in
	at org.elasticsearch.bootstrap.SystemCallFilter.linuxImpl(SystemCallFilter.java:351) ~[elasticsearch-5.6.0.jar:5.6.0]
	at org.elasticsearch.bootstrap.SystemCallFilter.init(SystemCallFilter.java:639) ~[elasticsearch-5.6.0.jar:5.6.0]
	at org.elasticsearch.bootstrap.JNANatives.tryInstallSystemCallFilter(JNANatives.java:258) [elasticsearch-5.6.0.jar:5.6.0]
	at org.elasticsearch.bootstrap.Natives.tryInstallSystemCallFilter(Natives.java:113) [elasticsearch-5.6.0.jar:5.6.0]
	at org.elasticsearch.bootstrap.Bootstrap.initializeNatives(Bootstrap.java:111) [elasticsearch-5.6.0.jar:5.6.0]
	at org.elasticsearch.bootstrap.Bootstrap.setup(Bootstrap.java:195) [elasticsearch-5.6.0.jar:5.6.0]
	at org.elasticsearch.bootstrap.Bootstrap.init(Bootstrap.java:342) [elasticsearch-5.6.0.jar:5.6.0]
	at org.elasticsearch.bootstrap.Elasticsearch.init(Elasticsearch.java:132) [elasticsearch-5.6.0.jar:5.6.0]
	at org.elasticsearch.bootstrap.Elasticsearch.execute(Elasticsearch.java:123) [elasticsearch-5.6.0.jar:5.6.0]
	at org.elasticsearch.cli.EnvironmentAwareCommand.execute(EnvironmentAwareCommand.java:67) [elasticsearch-5.6.0.jar:5.6.0]
	at org.elasticsearch.cli.Command.mainWithoutErrorHandling(Command.java:134) [elasticsearch-5.6.0.jar:5.6.0]
	at org.elasticsearch.cli.Command.main(Command.java:90) [elasticsearch-5.6.0.jar:5.6.0]
	at org.elasticsearch.bootstrap.Elasticsearch.main(Elasticsearch.java:91) [elasticsearch-5.6.0.jar:5.6.0]
	at org.elasticsearch.bootstrap.Elasticsearch.main(Elasticsearch.java:84) [elasticsearch-5.6.0.jar:5.6.0]
[2019-12-27T09:37:30,339][INFO ][o.e.n.Node               ] [] initializing ...
[2019-12-27T09:37:30,701][ERROR][o.e.b.Bootstrap          ] Exception
java.lang.IllegalStateException: failed to obtain node locks, tried [[/app/ELK/elasticsearch-5.6.0/data/elasticsearch]] with lock id [0]; maybe these locations are not writable or multiple nodes were started without increasing [node.max_local_storage_nodes] (was [1])?
	at org.elasticsearch.env.NodeEnvironment.<init>(NodeEnvironment.java:261) ~[elasticsearch-5.6.0.jar:5.6.0]
	at org.elasticsearch.node.Node.<init>(Node.java:265) ~[elasticsearch-5.6.0.jar:5.6.0]
	at org.elasticsearch.node.Node.<init>(Node.java:245) ~[elasticsearch-5.6.0.jar:5.6.0]
	at org.elasticsearch.bootstrap.Bootstrap$5.<init>(Bootstrap.java:233) ~[elasticsearch-5.6.0.jar:5.6.0]
	at org.elasticsearch.bootstrap.Bootstrap.setup(Bootstrap.java:233) ~[elasticsearch-5.6.0.jar:5.6.0]
	at org.elasticsearch.bootstrap.Bootstrap.init(Bootstrap.java:342) [elasticsearch-5.6.0.jar:5.6.0]
	at org.elasticsearch.bootstrap.Elasticsearch.init(Elasticsearch.java:132) [elasticsearch-5.6.0.jar:5.6.0]
	at org.elasticsearch.bootstrap.Elasticsearch.execute(Elasticsearch.java:123) [elasticsearch-5.6.0.jar:5.6.0]
	at org.elasticsearch.cli.EnvironmentAwareCommand.execute(EnvironmentAwareCommand.java:67) [elasticsearch-5.6.0.jar:5.6.0]
	at org.elasticsearch.cli.Command.mainWithoutErrorHandling(Command.java:134) [elasticsearch-5.6.0.jar:5.6.0]
	at org.elasticsearch.cli.Command.main(Command.java:90) [elasticsearch-5.6.0.jar:5.6.0]
	at org.elasticsearch.bootstrap.Elasticsearch.main(Elasticsearch.java:91) [elasticsearch-5.6.0.jar:5.6.0]
	at org.elasticsearch.bootstrap.Elasticsearch.main(Elasticsearch.java:84) [elasticsearch-5.6.0.jar:5.6.0]
[2019-12-27T09:37:30,743][WARN ][o.e.b.ElasticsearchUncaughtExceptionHandler] [] uncaught exception in thread [main]
org.elasticsearch.bootstrap.StartupException: java.lang.IllegalStateException: failed to obtain node locks, tried [[/app/ELK/elasticsearch-5.6.0/data/elasticsearch]] with lock id [0]; maybe these locations are not writable or multiple nodes were started without increasing [node.max_local_storage_nodes] (was [1])?
	at org.elasticsearch.bootstrap.Elasticsearch.init(Elasticsearch.java:136) ~[elasticsearch-5.6.0.jar:5.6.0]
	at org.elasticsearch.bootstrap.Elasticsearch.execute(Elasticsearch.java:123) ~[elasticsearch-5.6.0.jar:5.6.0]
	at org.elasticsearch.cli.EnvironmentAwareCommand.execute(EnvironmentAwareCommand.java:67) ~[elasticsearch-5.6.0.jar:5.6.0]
	at org.elasticsearch.cli.Command.mainWithoutErrorHandling(Command.java:134) ~[elasticsearch-5.6.0.jar:5.6.0]
	at org.elasticsearch.cli.Command.main(Command.java:90) ~[elasticsearch-5.6.0.jar:5.6.0]
	at org.elasticsearch.bootstrap.Elasticsearch.main(Elasticsearch.java:91) ~[elasticsearch-5.6.0.jar:5.6.0]
	at org.elasticsearch.bootstrap.Elasticsearch.main(Elasticsearch.java:84) ~[elasticsearch-5.6.0.jar:5.6.0]
Caused by: java.lang.IllegalStateException: failed to obtain node locks, tried [[/app/ELK/elasticsearch-5.6.0/data/elasticsearch]] with lock id [0]; maybe these locations are not writable or multiple nodes were started without increasing [node.max_local_storage_nodes] (was [1])?
	at org.elasticsearch.env.NodeEnvironment.<init>(NodeEnvironment.java:261) ~[elasticsearch-5.6.0.jar:5.6.0]
	at org.elasticsearch.node.Node.<init>(Node.java:265) ~[elasticsearch-5.6.0.jar:5.6.0]
	at org.elasticsearch.node.Node.<init>(Node.java:245) ~[elasticsearch-5.6.0.jar:5.6.0]
	at org.elasticsearch.bootstrap.Bootstrap$5.<init>(Bootstrap.java:233) ~[elasticsearch-5.6.0.jar:5.6.0]
	at org.elasticsearch.bootstrap.Bootstrap.setup(Bootstrap.java:233) ~[elasticsearch-5.6.0.jar:5.6.0]
	at org.elasticsearch.bootstrap.Bootstrap.init(Bootstrap.java:342) ~[elasticsearch-5.6.0.jar:5.6.0]
	at org.elasticsearch.bootstrap.Elasticsearch.init(Elasticsearch.java:132) ~[elasticsearch-5.6.0.jar:5.6.0]
	... 6 more
[2019-12-27T09:37:31,727][INFO ][o.e.m.j.JvmGcMonitorService] [q6BVpLR] [gc][young][350][104] duration [988ms], collections [1]/[1.1s], total [988ms]/[1.7m], memory [1.4gb]->[1.3gb]/[2.9gb], all_pools {[young] [127.1mb]->[1.7mb]/[133.1mb]}{[survivor] [16.6mb]->[13.4mb]/[16.6mb]}{[old] [1.2gb]->[1.3gb]/[2.8gb]}
[2019-12-27T09:37:31,727][WARN ][o.e.m.j.JvmGcMonitorService] [q6BVpLR] [gc][350] overhead, spent [988ms] collecting in the last [1.1s]
[2019-12-27T09:38:33,151][INFO ][o.e.m.j.JvmGcMonitorService] [q6BVpLR] [gc][young][411][106] duration [723ms], collections [1]/[1.3s], total [723ms]/[1.7m], memory [1.4gb]->[1.3gb]/[2.9gb], all_pools {[young] [103.7mb]->[1.2mb]/[133.1mb]}{[survivor] [10.5mb]->[16.6mb]/[16.6mb]}{[old] [1.3gb]->[1.3gb]/[2.8gb]}
[2019-12-27T09:38:33,152][WARN ][o.e.m.j.JvmGcMonitorService] [q6BVpLR] [gc][411] overhead, spent [723ms] collecting in the last [1.3s]
[2019-12-27T09:38:55,217][INFO ][o.e.m.j.JvmGcMonitorService] [q6BVpLR] [gc][433] overhead, spent [270ms] collecting in the last [1s]
[2019-12-27T09:39:07,382][INFO ][o.e.m.j.JvmGcMonitorService] [q6BVpLR] [gc][young][445][111] duration [761ms], collections [1]/[1.1s], total [761ms]/[1.7m], memory [1.4gb]->[1.3gb]/[2.9gb], all_pools {[young] [75mb]->[881.3kb]/[133.1mb]}{[survivor] [16.6mb]->[12.6mb]/[16.6mb]}{[old] [1.3gb]->[1.3gb]/[2.8gb]}
[2019-12-27T09:39:07,382][WARN ][o.e.m.j.JvmGcMonitorService] [q6BVpLR] [gc][445] overhead, spent [761ms] collecting in the last [1.1s]
[2019-12-27T09:41:05,185][WARN ][o.e.m.j.JvmGcMonitorService] [q6BVpLR] [gc][young][561][115] duration [2.5s], collections [1]/[2.7s], total [2.5s]/[1.8m], memory [1.4gb]->[1.3gb]/[2.9gb], all_pools {[young] [108.1mb]->[98.8kb]/[133.1mb]}{[survivor] [5.6mb]->[16.6mb]/[16.6mb]}{[old] [1.3gb]->[1.3gb]/[2.8gb]}
[2019-12-27T09:41:05,185][WARN ][o.e.m.j.JvmGcMonitorService] [q6BVpLR] [gc][561] overhead, spent [2.5s] collecting in the last [2.7s]
[2019-12-27T09:41:07,241][INFO ][o.e.m.j.JvmGcMonitorService] [q6BVpLR] [gc][young][563][116] duration [943ms], collections [1]/[1s], total [943ms]/[1.8m], memory [1.4gb]->[1.3gb]/[2.9gb], all_pools {[young] [117.5mb]->[34kb]/[133.1mb]}{[survivor] [16.6mb]->[12.7mb]/[16.6mb]}{[old] [1.3gb]->[1.3gb]/[2.8gb]}
[2019-12-27T09:41:07,241][WARN ][o.e.m.j.JvmGcMonitorService] [q6BVpLR] [gc][563] overhead, spent [943ms] collecting in the last [1s]
[2019-12-27T09:41:28,246][INFO ][o.e.m.j.JvmGcMonitorService] [q6BVpLR] [gc][584] overhead, spent [368ms] collecting in the last [1s]
[2019-12-27T09:42:02,455][WARN ][o.e.m.j.JvmGcMonitorService] [q6BVpLR] [gc][young][618][120] duration [1.1s], collections [1]/[1.2s], total [1.1s]/[1.8m], memory [1.5gb]->[1.4gb]/[2.9gb], all_pools {[young] [126.6mb]->[1.8mb]/[133.1mb]}{[survivor] [16.6mb]->[16.6mb]/[16.6mb]}{[old] [1.3gb]->[1.3gb]/[2.8gb]}
[2019-12-27T09:42:02,455][WARN ][o.e.m.j.JvmGcMonitorService] [q6BVpLR] [gc][618] overhead, spent [1.1s] collecting in the last [1.2s]
[2019-12-27T09:42:04,456][INFO ][o.e.m.j.JvmGcMonitorService] [q6BVpLR] [gc][620] overhead, spent [378ms] collecting in the last [1s]
[2019-12-27T09:42:16,908][WARN ][o.e.m.j.JvmGcMonitorService] [q6BVpLR] [gc][young][630][122] duration [2.5s], collections [1]/[3.4s], total [2.5s]/[1.9m], memory [1.4gb]->[1.4gb]/[2.9gb], all_pools {[young] [65.6mb]->[1.1mb]/[133.1mb]}{[survivor] [16mb]->[16.6mb]/[16.6mb]}{[old] [1.3gb]->[1.4gb]/[2.8gb]}
[2019-12-27T09:42:16,908][WARN ][o.e.m.j.JvmGcMonitorService] [q6BVpLR] [gc][630] overhead, spent [2.5s] collecting in the last [3.4s]
[2019-12-27T09:42:19,281][INFO ][o.e.m.j.JvmGcMonitorService] [q6BVpLR] [gc][632] overhead, spent [450ms] collecting in the last [1.3s]
[2019-12-27T09:42:27,340][WARN ][o.e.m.j.JvmGcMonitorService] [q6BVpLR] [gc][young][638][124] duration [2.4s], collections [1]/[3s], total [2.4s]/[1.9m], memory [1.5gb]->[1.4gb]/[2.9gb], all_pools {[young] [67mb]->[415.9kb]/[133.1mb]}{[survivor] [13.5mb]->[16.6mb]/[16.6mb]}{[old] [1.4gb]->[1.4gb]/[2.8gb]}
[2019-12-27T09:42:27,340][WARN ][o.e.m.j.JvmGcMonitorService] [q6BVpLR] [gc][638] overhead, spent [2.4s] collecting in the last [3s]
[2019-12-27T09:42:30,341][INFO ][o.e.m.j.JvmGcMonitorService] [q6BVpLR] [gc][641] overhead, spent [404ms] collecting in the last [1s]
[2019-12-27T09:44:09,545][WARN ][o.e.m.j.JvmGcMonitorService] [q6BVpLR] [gc][young][739][127] duration [1.5s], collections [1]/[2.1s], total [1.5s]/[1.9m], memory [1.5gb]->[1.4gb]/[2.9gb], all_pools {[young] [84.1mb]->[2.3kb]/[133.1mb]}{[survivor] [3.8mb]->[16.6mb]/[16.6mb]}{[old] [1.4gb]->[1.4gb]/[2.8gb]}
[2019-12-27T09:44:09,546][WARN ][o.e.m.j.JvmGcMonitorService] [q6BVpLR] [gc][739] overhead, spent [1.5s] collecting in the last [2.1s]
[2019-12-27T09:44:10,778][INFO ][o.e.m.j.JvmGcMonitorService] [q6BVpLR] [gc][740] overhead, spent [474ms] collecting in the last [1.2s]
[2019-12-27T09:44:42,963][WARN ][o.e.m.j.JvmGcMonitorService] [q6BVpLR] [gc][young][771][130] duration [1.9s], collections [1]/[2.1s], total [1.9s]/[2m], memory [1.5gb]->[1.5gb]/[2.9gb], all_pools {[young] [106.5mb]->[2.4mb]/[133.1mb]}{[survivor] [3.7mb]->[16.6mb]/[16.6mb]}{[old] [1.4gb]->[1.5gb]/[2.8gb]}
[2019-12-27T09:44:42,963][WARN ][o.e.m.j.JvmGcMonitorService] [q6BVpLR] [gc][771] overhead, spent [1.9s] collecting in the last [2.1s]
[2019-12-27T09:44:44,056][INFO ][o.e.m.j.JvmGcMonitorService] [q6BVpLR] [gc][772] overhead, spent [300ms] collecting in the last [1s]
[2019-12-27T09:45:34,066][INFO ][o.e.m.j.JvmGcMonitorService] [q6BVpLR] [gc][822] overhead, spent [262ms] collecting in the last [1s]
[2019-12-27T09:46:00,992][WARN ][o.e.m.j.JvmGcMonitorService] [q6BVpLR] [gc][young][848][136] duration [1.6s], collections [1]/[1.9s], total [1.6s]/[2m], memory [1.6gb]->[1.5gb]/[2.9gb], all_pools {[young] [97.7mb]->[34kb]/[133.1mb]}{[survivor] [15.4mb]->[16.6mb]/[16.6mb]}{[old] [1.5gb]->[1.5gb]/[2.8gb]}
[2019-12-27T09:46:00,992][WARN ][o.e.m.j.JvmGcMonitorService] [q6BVpLR] [gc][848] overhead, spent [1.6s] collecting in the last [1.9s]
[2019-12-27T09:46:02,403][INFO ][o.e.m.j.JvmGcMonitorService] [q6BVpLR] [gc][young][849][137] duration [919ms], collections [1]/[1.4s], total [919ms]/[2m], memory [1.5gb]->[1.5gb]/[2.9gb], all_pools {[young] [34kb]->[5.9mb]/[133.1mb]}{[survivor] [16.6mb]->[15.7mb]/[16.6mb]}{[old] [1.5gb]->[1.5gb]/[2.8gb]}
[2019-12-27T09:46:02,403][WARN ][o.e.m.j.JvmGcMonitorService] [q6BVpLR] [gc][849] overhead, spent [919ms] collecting in the last [1.4s]
[2019-12-27T09:46:07,590][WARN ][o.e.m.j.JvmGcMonitorService] [q6BVpLR] [gc][young][851][139] duration [3.7s], collections [1]/[4.1s], total [3.7s]/[2.1m], memory [1.5gb]->[1.6gb]/[2.9gb], all_pools {[young] [14.5mb]->[907.4kb]/[133.1mb]}{[survivor] [16.6mb]->[16.6mb]/[16.6mb]}{[old] [1.5gb]->[1.5gb]/[2.8gb]}
[2019-12-27T09:46:07,591][WARN ][o.e.m.j.JvmGcMonitorService] [q6BVpLR] [gc][851] overhead, spent [3.7s] collecting in the last [4.1s]
[2019-12-27T09:46:10,731][WARN ][o.e.m.j.JvmGcMonitorService] [q6BVpLR] [gc][young][852][140] duration [2.5s], collections [1]/[3.1s], total [2.5s]/[2.1m], memory [1.6gb]->[1.6gb]/[2.9gb], all_pools {[young] [907.4kb]->[8.1mb]/[133.1mb]}{[survivor] [16.6mb]->[16.6mb]/[16.6mb]}{[old] [1.5gb]->[1.6gb]/[2.8gb]}
[2019-12-27T09:46:10,732][WARN ][o.e.m.j.JvmGcMonitorService] [q6BVpLR] [gc][852] overhead, spent [2.5s] collecting in the last [3.1s]
[2019-12-27T09:46:12,431][INFO ][o.e.m.j.JvmGcMonitorService] [q6BVpLR] [gc][young][853][141] duration [857ms], collections [1]/[1.6s], total [857ms]/[2.2m], memory [1.6gb]->[1.6gb]/[2.9gb], all_pools {[young] [8.1mb]->[3.7mb]/[133.1mb]}{[survivor] [16.6mb]->[16.3mb]/[16.6mb]}{[old] [1.6gb]->[1.6gb]/[2.8gb]}
[2019-12-27T09:46:12,431][WARN ][o.e.m.j.JvmGcMonitorService] [q6BVpLR] [gc][853] overhead, spent [857ms] collecting in the last [1.6s]
[2019-12-27T09:46:13,436][INFO ][o.e.m.j.JvmGcMonitorService] [q6BVpLR] [gc][854] overhead, spent [369ms] collecting in the last [1s]
[2019-12-27T09:46:15,599][WARN ][o.e.m.j.JvmGcMonitorService] [q6BVpLR] [gc][young][855][143] duration [1.2s], collections [1]/[2.1s], total [1.2s]/[2.2m], memory [1.6gb]->[1.6gb]/[2.9gb], all_pools {[young] [29.1mb]->[514kb]/[133.1mb]}{[survivor] [16.6mb]->[13.7mb]/[16.6mb]}{[old] [1.6gb]->[1.6gb]/[2.8gb]}
[2019-12-27T09:46:15,599][WARN ][o.e.m.j.JvmGcMonitorService] [q6BVpLR] [gc][855] overhead, spent [1.2s] collecting in the last [2.1s]
[2019-12-27T09:46:40,399][WARN ][o.e.m.j.JvmGcMonitorService] [q6BVpLR] [gc][young][877][146] duration [3.3s], collections [1]/[3.7s], total [3.3s]/[2.2m], memory [1.7gb]->[1.7gb]/[2.9gb], all_pools {[young] [55mb]->[1.6mb]/[133.1mb]}{[survivor] [7.8mb]->[16.6mb]/[16.6mb]}{[old] [1.6gb]->[1.6gb]/[2.8gb]}
[2019-12-27T09:46:40,399][WARN ][o.e.m.j.JvmGcMonitorService] [q6BVpLR] [gc][877] overhead, spent [3.3s] collecting in the last [3.7s]
[2019-12-27T09:46:42,795][WARN ][o.e.m.j.JvmGcMonitorService] [q6BVpLR] [gc][young][878][147] duration [1.6s], collections [1]/[2.3s], total [1.6s]/[2.3m], memory [1.7gb]->[1.7gb]/[2.9gb], all_pools {[young] [1.6mb]->[592.7kb]/[133.1mb]}{[survivor] [16.6mb]->[16.6mb]/[16.6mb]}{[old] [1.6gb]->[1.7gb]/[2.8gb]}
[2019-12-27T09:46:42,795][WARN ][o.e.m.j.JvmGcMonitorService] [q6BVpLR] [gc][878] overhead, spent [1.6s] collecting in the last [2.3s]
[2019-12-27T09:46:45,554][WARN ][o.e.m.j.JvmGcMonitorService] [q6BVpLR] [gc][young][879][148] duration [2.2s], collections [1]/[2.7s], total [2.2s]/[2.3m], memory [1.7gb]->[1.7gb]/[2.9gb], all_pools {[young] [592.7kb]->[26.5kb]/[133.1mb]}{[survivor] [16.6mb]->[16.6mb]/[16.6mb]}{[old] [1.7gb]->[1.7gb]/[2.8gb]}
[2019-12-27T09:46:45,554][WARN ][o.e.m.j.JvmGcMonitorService] [q6BVpLR] [gc][879] overhead, spent [2.2s] collecting in the last [2.7s]
[2019-12-27T09:46:47,495][WARN ][o.e.m.j.JvmGcMonitorService] [q6BVpLR] [gc][young][880][149] duration [1.4s], collections [1]/[1.9s], total [1.4s]/[2.3m], memory [1.7gb]->[1.7gb]/[2.9gb], all_pools {[young] [26.5kb]->[514kb]/[133.1mb]}{[survivor] [16.6mb]->[16.6mb]/[16.6mb]}{[old] [1.7gb]->[1.7gb]/[2.8gb]}
[2019-12-27T09:46:47,495][WARN ][o.e.m.j.JvmGcMonitorService] [q6BVpLR] [gc][880] overhead, spent [1.4s] collecting in the last [1.9s]
[2019-12-27T09:46:49,402][WARN ][o.e.m.j.JvmGcMonitorService] [q6BVpLR] [gc][young][881][150] duration [1s], collections [1]/[1.9s], total [1s]/[2.4m], memory [1.7gb]->[1.7gb]/[2.9gb], all_pools {[young] [514kb]->[1.8mb]/[133.1mb]}{[survivor] [16.6mb]->[14.8mb]/[16.6mb]}{[old] [1.7gb]->[1.7gb]/[2.8gb]}
[2019-12-27T09:46:49,402][WARN ][o.e.m.j.JvmGcMonitorService] [q6BVpLR] [gc][881] overhead, spent [1s] collecting in the last [1.9s]
[2019-12-27T09:47:06,730][WARN ][o.e.m.j.JvmGcMonitorService] [q6BVpLR] [gc][young][895][153] duration [3.8s], collections [1]/[4.3s], total [3.8s]/[2.4m], memory [1.8gb]->[1.8gb]/[2.9gb], all_pools {[young] [48.5mb]->[153.8kb]/[133.1mb]}{[survivor] [8.3mb]->[16.6mb]/[16.6mb]}{[old] [1.7gb]->[1.8gb]/[2.8gb]}
[2019-12-27T09:47:06,730][WARN ][o.e.m.j.JvmGcMonitorService] [q6BVpLR] [gc][895] overhead, spent [3.8s] collecting in the last [4.3s]
[2019-12-27T09:47:07,921][INFO ][o.e.m.j.JvmGcMonitorService] [q6BVpLR] [gc][896] overhead, spent [559ms] collecting in the last [1.1s]
[2019-12-27T09:47:09,403][INFO ][o.e.m.j.JvmGcMonitorService] [q6BVpLR] [gc][young][897][155] duration [911ms], collections [1]/[1.4s], total [911ms]/[2.4m], memory [1.8gb]->[1.8gb]/[2.9gb], all_pools {[young] [514kb]->[174.7kb]/[133.1mb]}{[survivor] [13.7mb]->[16.6mb]/[16.6mb]}{[old] [1.8gb]->[1.8gb]/[2.8gb]}
[2019-12-27T09:47:09,403][WARN ][o.e.m.j.JvmGcMonitorService] [q6BVpLR] [gc][897] overhead, spent [911ms] collecting in the last [1.4s]
[2019-12-27T09:47:25,363][WARN ][o.e.m.j.JvmGcMonitorService] [q6BVpLR] [gc][young][911][158] duration [2.8s], collections [1]/[2.8s], total [2.8s]/[2.5m], memory [1.9gb]->[1.8gb]/[2.9gb], all_pools {[young] [127.9mb]->[53kb]/[133.1mb]}{[survivor] [5.5mb]->[16.6mb]/[16.6mb]}{[old] [1.8gb]->[1.8gb]/[2.8gb]}
[2019-12-27T09:47:25,363][WARN ][o.e.m.j.JvmGcMonitorService] [q6BVpLR] [gc][911] overhead, spent [2.8s] collecting in the last [2.8s]
[2019-12-27T09:47:26,742][INFO ][o.e.m.j.JvmGcMonitorService] [q6BVpLR] [gc][912] overhead, spent [533ms] collecting in the last [1.3s]
[2019-12-27T09:47:49,729][WARN ][o.e.m.j.JvmGcMonitorService] [q6BVpLR] [gc][young][934][160] duration [1.4s], collections [1]/[1.9s], total [1.4s]/[2.5m], memory [1.9gb]->[1.9gb]/[2.9gb], all_pools {[young] [94.1mb]->[476.1kb]/[133.1mb]}{[survivor] [13.3mb]->[16.6mb]/[16.6mb]}{[old] [1.8gb]->[1.9gb]/[2.8gb]}
[2019-12-27T09:47:49,730][WARN ][o.e.m.j.JvmGcMonitorService] [q6BVpLR] [gc][934] overhead, spent [1.4s] collecting in the last [1.9s]
[2019-12-27T09:47:52,988][WARN ][o.e.m.j.JvmGcMonitorService] [q6BVpLR] [gc][young][936][161] duration [1.9s], collections [1]/[2.2s], total [1.9s]/[2.6m], memory [1.9gb]->[1.9gb]/[2.9gb], all_pools {[young] [82.9mb]->[105.7kb]/[133.1mb]}{[survivor] [16.6mb]->[16.6mb]/[16.6mb]}{[old] [1.9gb]->[1.9gb]/[2.8gb]}
[2019-12-27T09:47:52,988][WARN ][o.e.m.j.JvmGcMonitorService] [q6BVpLR] [gc][936] overhead, spent [1.9s] collecting in the last [2.2s]
[2019-12-27T09:47:54,561][INFO ][o.e.m.j.JvmGcMonitorService] [q6BVpLR] [gc][young][937][162] duration [909ms], collections [1]/[1.5s], total [909ms]/[2.6m], memory [1.9gb]->[1.9gb]/[2.9gb], all_pools {[young] [105.7kb]->[514kb]/[133.1mb]}{[survivor] [16.6mb]->[15.7mb]/[16.6mb]}{[old] [1.9gb]->[1.9gb]/[2.8gb]}
[2019-12-27T09:47:54,562][WARN ][o.e.m.j.JvmGcMonitorService] [q6BVpLR] [gc][937] overhead, spent [909ms] collecting in the last [1.5s]
[2019-12-27T09:49:15,074][WARN ][o.e.m.j.JvmGcMonitorService] [q6BVpLR] [gc][young][1014][165] duration [4.1s], collections [1]/[4.4s], total [4.1s]/[2.7m], memory [1.9gb]->[2gb]/[2.9gb], all_pools {[young] [24.8mb]->[1.1mb]/[133.1mb]}{[survivor] [4.9mb]->[16.6mb]/[16.6mb]}{[old] [1.9gb]->[1.9gb]/[2.8gb]}
[2019-12-27T09:49:15,075][WARN ][o.e.m.j.JvmGcMonitorService] [q6BVpLR] [gc][1014] overhead, spent [4.1s] collecting in the last [4.4s]
[2019-12-27T09:49:20,657][WARN ][o.e.m.j.JvmGcMonitorService] [q6BVpLR] [gc][young][1015][166] duration [5s], collections [1]/[5.5s], total [5s]/[2.7m], memory [2gb]->[2gb]/[2.9gb], all_pools {[young] [1.1mb]->[749.5kb]/[133.1mb]}{[survivor] [16.6mb]->[16.6mb]/[16.6mb]}{[old] [1.9gb]->[2gb]/[2.8gb]}
[2019-12-27T09:49:20,657][WARN ][o.e.m.j.JvmGcMonitorService] [q6BVpLR] [gc][1015] overhead, spent [5s] collecting in the last [5.5s]
[2019-12-27T09:49:22,403][WARN ][o.e.m.j.JvmGcMonitorService] [q6BVpLR] [gc][young][1016][167] duration [1.1s], collections [1]/[1.7s], total [1.1s]/[2.8m], memory [2gb]->[2gb]/[2.9gb], all_pools {[young] [749.5kb]->[2.5mb]/[133.1mb]}{[survivor] [16.6mb]->[15.7mb]/[16.6mb]}{[old] [2gb]->[2gb]/[2.8gb]}
[2019-12-27T09:49:22,403][WARN ][o.e.m.j.JvmGcMonitorService] [q6BVpLR] [gc][1016] overhead, spent [1.1s] collecting in the last [1.7s]
[2019-12-27T09:49:30,405][INFO ][o.e.m.j.JvmGcMonitorService] [q6BVpLR] [gc][1024] overhead, spent [368ms] collecting in the last [1s]
[2019-12-27T09:49:58,998][INFO ][o.e.m.j.JvmGcMonitorService] [q6BVpLR] [gc][1052] overhead, spent [667ms] collecting in the last [1.5s]
[2019-12-27T09:50:31,379][WARN ][o.e.m.j.JvmGcMonitorService] [q6BVpLR] [gc][young][1083][174] duration [2s], collections [1]/[2.3s], total [2s]/[2.8m], memory [2.1gb]->[2gb]/[2.9gb], all_pools {[young] [90.6mb]->[10kb]/[133.1mb]}{[survivor] [13.6mb]->[16.6mb]/[16.6mb]}{[old] [2gb]->[2gb]/[2.8gb]}
[2019-12-27T09:50:31,380][WARN ][o.e.m.j.JvmGcMonitorService] [q6BVpLR] [gc][1083] overhead, spent [2s] collecting in the last [2.3s]
[2019-12-27T09:50:33,380][INFO ][o.e.m.j.JvmGcMonitorService] [q6BVpLR] [gc][1085] overhead, spent [427ms] collecting in the last [1s]
[2019-12-27T09:50:44,026][WARN ][o.e.m.j.JvmGcMonitorService] [q6BVpLR] [gc][young][1094][176] duration [2.2s], collections [1]/[2.6s], total [2.2s]/[2.9m], memory [2.1gb]->[2.1gb]/[2.9gb], all_pools {[young] [89.6mb]->[1.8mb]/[133.1mb]}{[survivor] [13.2mb]->[16.6mb]/[16.6mb]}{[old] [2gb]->[2.1gb]/[2.8gb]}
[2019-12-27T09:50:44,026][WARN ][o.e.m.j.JvmGcMonitorService] [q6BVpLR] [gc][1094] overhead, spent [2.2s] collecting in the last [2.6s]
[2019-12-27T09:50:45,736][WARN ][o.e.m.j.JvmGcMonitorService] [q6BVpLR] [gc][young][1095][177] duration [1.1s], collections [1]/[1.7s], total [1.1s]/[2.9m], memory [2.1gb]->[2.1gb]/[2.9gb], all_pools {[young] [1.8mb]->[34kb]/[133.1mb]}{[survivor] [16.6mb]->[16.6mb]/[16.6mb]}{[old] [2.1gb]->[2.1gb]/[2.8gb]}
[2019-12-27T09:50:45,736][WARN ][o.e.m.j.JvmGcMonitorService] [q6BVpLR] [gc][1095] overhead, spent [1.1s] collecting in the last [1.7s]
[2019-12-27T09:50:47,181][INFO ][o.e.m.j.JvmGcMonitorService] [q6BVpLR] [gc][young][1096][178] duration [739ms], collections [1]/[1.4s], total [739ms]/[2.9m], memory [2.1gb]->[2.1gb]/[2.9gb], all_pools {[young] [34kb]->[3.2mb]/[133.1mb]}{[survivor] [16.6mb]->[15.7mb]/[16.6mb]}{[old] [2.1gb]->[2.1gb]/[2.8gb]}
[2019-12-27T09:50:47,181][WARN ][o.e.m.j.JvmGcMonitorService] [q6BVpLR] [gc][1096] overhead, spent [739ms] collecting in the last [1.4s]
[2019-12-27T09:51:50,157][WARN ][o.e.m.j.JvmGcMonitorService] [q6BVpLR] [gc][young][1157][180] duration [2.4s], collections [1]/[2.9s], total [2.4s]/[2.9m], memory [2.2gb]->[2.1gb]/[2.9gb], all_pools {[young] [91mb]->[34kb]/[133.1mb]}{[survivor] [4.2mb]->[16.6mb]/[16.6mb]}{[old] [2.1gb]->[2.1gb]/[2.8gb]}
[2019-12-27T09:51:50,158][WARN ][o.e.m.j.JvmGcMonitorService] [q6BVpLR] [gc][1157] overhead, spent [2.4s] collecting in the last [2.9s]
[2019-12-27T09:51:51,161][WARN ][o.e.m.j.JvmGcMonitorService] [q6BVpLR] [gc][1158] overhead, spent [514ms] collecting in the last [1s]
[2019-12-27T09:51:52,161][WARN ][o.e.m.j.JvmGcMonitorService] [q6BVpLR] [gc][1159] overhead, spent [621ms] collecting in the last [1s]
[2019-12-27T09:52:11,410][WARN ][o.e.m.j.JvmGcMonitorService] [q6BVpLR] [gc][1177] overhead, spent [2.1s] collecting in the last [2.2s]
[2019-12-27T09:53:53,150][INFO ][o.e.n.Node               ] [] initializing ...
[2019-12-27T09:53:53,928][INFO ][o.e.e.NodeEnvironment    ] [q6BVpLR] using [1] data paths, mounts [[/app (/dev/mapper/VolGroup01-LogVol00)]], net usable_space [170.7gb], net total_space [196.8gb], spins? [possibly], types [ext4]
[2019-12-27T09:53:53,928][INFO ][o.e.e.NodeEnvironment    ] [q6BVpLR] heap size [2.9gb], compressed ordinary object pointers [true]
[2019-12-27T09:53:55,448][INFO ][o.e.n.Node               ] node name [q6BVpLR] derived from node ID [q6BVpLRYTkGATxpCVTzLuQ]; set [node.name] to override
[2019-12-27T09:53:55,449][INFO ][o.e.n.Node               ] version[5.6.0], pid[449], build[781a835/2017-09-07T03:09:58.087Z], OS[Linux/2.6.32-431.el6.x86_64/amd64], JVM[Oracle Corporation/Java HotSpot(TM) 64-Bit Server VM/1.8.0_144/25.144-b01]
[2019-12-27T09:53:55,451][INFO ][o.e.n.Node               ] JVM arguments [-Xms3g, -Xmx3g, -XX:+UseConcMarkSweepGC, -XX:CMSInitiatingOccupancyFraction=75, -XX:+UseCMSInitiatingOccupancyOnly, -XX:+AlwaysPreTouch, -Xss1m, -Djava.awt.headless=true, -Dfile.encoding=UTF-8, -Djna.nosys=true, -Djdk.io.permissionsUseCanonicalPath=true, -Dio.netty.noUnsafe=true, -Dio.netty.noKeySetOptimization=true, -Dio.netty.recycler.maxCapacityPerThread=0, -Dlog4j.shutdownHookEnabled=false, -Dlog4j2.disable.jmx=true, -Dlog4j.skipJansi=true, -XX:+HeapDumpOnOutOfMemoryError, -Des.path.home=/app/ELK/elasticsearch-5.6.0]
[2019-12-27T09:54:05,254][INFO ][o.e.p.PluginsService     ] [q6BVpLR] loaded module [aggs-matrix-stats]
[2019-12-27T09:54:05,254][INFO ][o.e.p.PluginsService     ] [q6BVpLR] loaded module [ingest-common]
[2019-12-27T09:54:05,255][INFO ][o.e.p.PluginsService     ] [q6BVpLR] loaded module [lang-expression]
[2019-12-27T09:54:05,255][INFO ][o.e.p.PluginsService     ] [q6BVpLR] loaded module [lang-groovy]
[2019-12-27T09:54:05,255][INFO ][o.e.p.PluginsService     ] [q6BVpLR] loaded module [lang-mustache]
[2019-12-27T09:54:05,255][INFO ][o.e.p.PluginsService     ] [q6BVpLR] loaded module [lang-painless]
[2019-12-27T09:54:05,255][INFO ][o.e.p.PluginsService     ] [q6BVpLR] loaded module [parent-join]
[2019-12-27T09:54:05,255][INFO ][o.e.p.PluginsService     ] [q6BVpLR] loaded module [percolator]
[2019-12-27T09:54:05,256][INFO ][o.e.p.PluginsService     ] [q6BVpLR] loaded module [reindex]
[2019-12-27T09:54:05,256][INFO ][o.e.p.PluginsService     ] [q6BVpLR] loaded module [transport-netty3]
[2019-12-27T09:54:05,256][INFO ][o.e.p.PluginsService     ] [q6BVpLR] loaded module [transport-netty4]
[2019-12-27T09:54:05,257][INFO ][o.e.p.PluginsService     ] [q6BVpLR] no plugins loaded
[2019-12-27T09:54:16,824][INFO ][o.e.d.DiscoveryModule    ] [q6BVpLR] using discovery type [zen]
[2019-12-27T09:54:21,632][INFO ][o.e.n.Node               ] initialized
[2019-12-27T09:54:21,653][INFO ][o.e.n.Node               ] [q6BVpLR] starting ...
[2019-12-27T09:54:22,704][INFO ][o.e.t.TransportService   ] [q6BVpLR] publish_address {127.0.0.1:9300}, bound_addresses {[::1]:9300}, {127.0.0.1:9300}
[2019-12-27T09:54:22,776][WARN ][o.e.b.BootstrapChecks    ] [q6BVpLR] max virtual memory areas vm.max_map_count [65530] is too low, increase to at least [262144]
[2019-12-27T09:54:24,600][WARN ][o.e.m.j.JvmGcMonitorService] [q6BVpLR] [gc][young][2][4] duration [1.6s], collections [1]/[1.9s], total [1.6s]/[4s], memory [147.6mb]->[33.1mb]/[2.9gb], all_pools {[young] [127.8mb]->[2.6mb]/[133.1mb]}{[survivor] [16.2mb]->[16.6mb]/[16.6mb]}{[old] [3.6mb]->[14.5mb]/[2.8gb]}
[2019-12-27T09:54:24,602][WARN ][o.e.m.j.JvmGcMonitorService] [q6BVpLR] [gc][2] overhead, spent [1.6s] collecting in the last [1.9s]
[2019-12-27T09:54:27,942][INFO ][o.e.c.s.ClusterService   ] [q6BVpLR] new_master {q6BVpLR}{q6BVpLRYTkGATxpCVTzLuQ}{f90YR61nT_6tpjgQDF8-XQ}{127.0.0.1}{127.0.0.1:9300}, reason: zen-disco-elected-as-master ([0] nodes joined)
[2019-12-27T09:54:28,059][INFO ][o.e.h.n.Netty4HttpServerTransport] [q6BVpLR] publish_address {127.0.0.1:9200}, bound_addresses {[::1]:9200}, {127.0.0.1:9200}
[2019-12-27T09:54:28,059][INFO ][o.e.n.Node               ] [q6BVpLR] started
[2019-12-27T09:54:31,495][INFO ][o.e.g.GatewayService     ] [q6BVpLR] recovered [27] indices into cluster_state
[2019-12-27T09:54:32,610][INFO ][o.e.m.j.JvmGcMonitorService] [q6BVpLR] [gc][young][10][5] duration [796ms], collections [1]/[1s], total [796ms]/[4.8s], memory [159.5mb]->[62.2mb]/[2.9gb], all_pools {[young] [128.3mb]->[3.1mb]/[133.1mb]}{[survivor] [16.6mb]->[7.8mb]/[16.6mb]}{[old] [14.5mb]->[51.6mb]/[2.8gb]}
[2019-12-27T09:54:32,611][WARN ][o.e.m.j.JvmGcMonitorService] [q6BVpLR] [gc][10] overhead, spent [796ms] collecting in the last [1s]
[2019-12-27T09:54:40,764][INFO ][o.e.m.j.JvmGcMonitorService] [q6BVpLR] [gc][18] overhead, spent [346ms] collecting in the last [1s]
[2019-12-27T09:54:42,765][INFO ][o.e.m.j.JvmGcMonitorService] [q6BVpLR] [gc][20] overhead, spent [356ms] collecting in the last [1s]
[2019-12-27T09:54:44,775][INFO ][o.e.m.j.JvmGcMonitorService] [q6BVpLR] [gc][22] overhead, spent [286ms] collecting in the last [1s]
[2019-12-27T09:54:48,873][WARN ][o.e.m.j.JvmGcMonitorService] [q6BVpLR] [gc][young][25][10] duration [1.2s], collections [1]/[2s], total [1.2s]/[7.1s], memory [97.5mb]->[94.4mb]/[2.9gb], all_pools {[young] [26.1mb]->[1.1mb]/[133.1mb]}{[survivor] [14.4mb]->[16.6mb]/[16.6mb]}{[old] [56.8mb]->[76.7mb]/[2.8gb]}
[2019-12-27T09:54:48,873][WARN ][o.e.m.j.JvmGcMonitorService] [q6BVpLR] [gc][25] overhead, spent [1.2s] collecting in the last [2s]
[2019-12-27T09:54:50,690][INFO ][o.e.m.j.JvmGcMonitorService] [q6BVpLR] [gc][young][26][11] duration [861ms], collections [1]/[1.8s], total [861ms]/[7.9s], memory [94.4mb]->[104.5mb]/[2.9gb], all_pools {[young] [1.1mb]->[41.7kb]/[133.1mb]}{[survivor] [16.6mb]->[14.3mb]/[16.6mb]}{[old] [76.7mb]->[90.1mb]/[2.8gb]}
[2019-12-27T09:54:50,690][INFO ][o.e.m.j.JvmGcMonitorService] [q6BVpLR] [gc][26] overhead, spent [861ms] collecting in the last [1.8s]
[2019-12-27T09:55:02,268][WARN ][o.e.m.j.JvmGcMonitorService] [q6BVpLR] [gc][young][31][14] duration [1.5s], collections [1]/[2s], total [1.5s]/[9.9s], memory [168.8mb]->[146.3mb]/[2.9gb], all_pools {[young] [66.2mb]->[1.7mb]/[133.1mb]}{[survivor] [12.4mb]->[16.6mb]/[16.6mb]}{[old] [90.1mb]->[128mb]/[2.8gb]}
[2019-12-27T09:55:02,268][WARN ][o.e.m.j.JvmGcMonitorService] [q6BVpLR] [gc][31] overhead, spent [1.5s] collecting in the last [2s]
[2019-12-27T09:55:04,337][WARN ][o.e.m.j.JvmGcMonitorService] [q6BVpLR] [gc][young][32][15] duration [1.1s], collections [1]/[2s], total [1.1s]/[11s], memory [146.3mb]->[158.5mb]/[2.9gb], all_pools {[young] [1.7mb]->[38.1kb]/[133.1mb]}{[survivor] [16.6mb]->[14.7mb]/[16.6mb]}{[old] [128mb]->[143.8mb]/[2.8gb]}
[2019-12-27T09:55:04,337][WARN ][o.e.m.j.JvmGcMonitorService] [q6BVpLR] [gc][32] overhead, spent [1.1s] collecting in the last [2s]
[2019-12-27T09:55:06,103][INFO ][o.e.m.j.JvmGcMonitorService] [q6BVpLR] [gc][young][33][16] duration [954ms], collections [1]/[1.7s], total [954ms]/[12s], memory [158.5mb]->[184.1mb]/[2.9gb], all_pools {[young] [38.1kb]->[10.8mb]/[133.1mb]}{[survivor] [14.7mb]->[16.6mb]/[16.6mb]}{[old] [143.8mb]->[156.7mb]/[2.8gb]}
[2019-12-27T09:55:06,103][WARN ][o.e.m.j.JvmGcMonitorService] [q6BVpLR] [gc][33] overhead, spent [954ms] collecting in the last [1.7s]
[2019-12-27T09:55:07,859][INFO ][o.e.m.j.JvmGcMonitorService] [q6BVpLR] [gc][young][34][17] duration [938ms], collections [1]/[1.7s], total [938ms]/[12.9s], memory [184.1mb]->[185.4mb]/[2.9gb], all_pools {[young] [10.8mb]->[973.4kb]/[133.1mb]}{[survivor] [16.6mb]->[14.6mb]/[16.6mb]}{[old] [156.7mb]->[169.8mb]/[2.8gb]}
[2019-12-27T09:55:07,859][WARN ][o.e.m.j.JvmGcMonitorService] [q6BVpLR] [gc][34] overhead, spent [938ms] collecting in the last [1.7s]
[2019-12-27T09:55:09,543][INFO ][o.e.m.j.JvmGcMonitorService] [q6BVpLR] [gc][young][35][18] duration [909ms], collections [1]/[1.6s], total [909ms]/[13.8s], memory [185.4mb]->[193.5mb]/[2.9gb], all_pools {[young] [973.4kb]->[18kb]/[133.1mb]}{[survivor] [14.6mb]->[12.5mb]/[16.6mb]}{[old] [169.8mb]->[181mb]/[2.8gb]}
[2019-12-27T09:55:09,544][WARN ][o.e.m.j.JvmGcMonitorService] [q6BVpLR] [gc][35] overhead, spent [909ms] collecting in the last [1.6s]
[2019-12-27T09:55:11,630][WARN ][o.e.m.j.JvmGcMonitorService] [q6BVpLR] [gc][37] overhead, spent [545ms] collecting in the last [1s]
[2019-12-27T09:55:13,527][INFO ][o.e.m.j.JvmGcMonitorService] [q6BVpLR] [gc][young][38][21] duration [982ms], collections [1]/[1.8s], total [982ms]/[15.5s], memory [204.1mb]->[215.6mb]/[2.9gb], all_pools {[young] [1.4mb]->[366.2kb]/[133.1mb]}{[survivor] [16.6mb]->[16.6mb]/[16.6mb]}{[old] [186mb]->[198.6mb]/[2.8gb]}
[2019-12-27T09:55:13,527][WARN ][o.e.m.j.JvmGcMonitorService] [q6BVpLR] [gc][38] overhead, spent [982ms] collecting in the last [1.8s]
[2019-12-27T09:55:15,037][INFO ][o.e.m.j.JvmGcMonitorService] [q6BVpLR] [gc][39] overhead, spent [698ms] collecting in the last [1.5s]
[2019-12-27T09:55:16,516][INFO ][o.e.m.j.JvmGcMonitorService] [q6BVpLR] [gc][40] overhead, spent [638ms] collecting in the last [1.4s]
[2019-12-27T09:55:18,517][WARN ][o.e.m.j.JvmGcMonitorService] [q6BVpLR] [gc][42] overhead, spent [535ms] collecting in the last [1s]
[2019-12-27T09:55:21,757][INFO ][o.e.m.j.JvmGcMonitorService] [q6BVpLR] [gc][young][45][26] duration [900ms], collections [1]/[1.1s], total [900ms]/[18.4s], memory [356mb]->[253.2mb]/[2.9gb], all_pools {[young] [114.8mb]->[683.7kb]/[133.1mb]}{[survivor] [16mb]->[16.6mb]/[16.6mb]}{[old] [225mb]->[235.9mb]/[2.8gb]}
[2019-12-27T09:55:21,758][WARN ][o.e.m.j.JvmGcMonitorService] [q6BVpLR] [gc][45] overhead, spent [900ms] collecting in the last [1.1s]
[2019-12-27T09:55:22,945][INFO ][o.e.m.j.JvmGcMonitorService] [q6BVpLR] [gc][46] overhead, spent [368ms] collecting in the last [1.1s]
[2019-12-27T09:55:24,771][INFO ][o.e.m.j.JvmGcMonitorService] [q6BVpLR] [gc][young][47][28] duration [944ms], collections [1]/[1.8s], total [944ms]/[19.7s], memory [262.1mb]->[268mb]/[2.9gb], all_pools {[young] [514kb]->[514kb]/[133.1mb]}{[survivor] [16.4mb]->[11.6mb]/[16.6mb]}{[old] [245.1mb]->[255.8mb]/[2.8gb]}
[2019-12-27T09:55:24,771][WARN ][o.e.m.j.JvmGcMonitorService] [q6BVpLR] [gc][47] overhead, spent [944ms] collecting in the last [1.8s]
[2019-12-27T09:55:25,702][INFO ][o.e.c.r.a.AllocationService] [q6BVpLR] Cluster health status changed from [RED] to [YELLOW] (reason: [shards started [[.kibana][0]] ...]).
[2019-12-27T09:55:47,124][WARN ][o.e.m.j.JvmGcMonitorService] [q6BVpLR] [gc][young][65][30] duration [5s], collections [1]/[5.3s], total [5s]/[24.9s], memory [365.6mb]->[331.3mb]/[2.9gb], all_pools {[young] [98.3mb]->[90.9kb]/[133.1mb]}{[survivor] [11.4mb]->[16.6mb]/[16.6mb]}{[old] [255.8mb]->[314.6mb]/[2.8gb]}
[2019-12-27T09:55:47,125][WARN ][o.e.m.j.JvmGcMonitorService] [q6BVpLR] [gc][65] overhead, spent [5s] collecting in the last [5.3s]
[2019-12-27T09:55:48,697][INFO ][o.e.m.j.JvmGcMonitorService] [q6BVpLR] [gc][young][66][31] duration [710ms], collections [1]/[1.5s], total [710ms]/[25.6s], memory [331.3mb]->[339.3mb]/[2.9gb], all_pools {[young] [90.9kb]->[514kb]/[133.1mb]}{[survivor] [16.6mb]->[14.7mb]/[16.6mb]}{[old] [314.6mb]->[324mb]/[2.8gb]}
[2019-12-27T09:55:48,698][INFO ][o.e.m.j.JvmGcMonitorService] [q6BVpLR] [gc][66] overhead, spent [710ms] collecting in the last [1.5s]
[2019-12-27T09:56:23,468][WARN ][o.e.m.j.JvmGcMonitorService] [q6BVpLR] [gc][young][97][35] duration [3.6s], collections [1]/[4.7s], total [3.6s]/[29.7s], memory [406.4mb]->[381.8mb]/[2.9gb], all_pools {[young] [73mb]->[1.7mb]/[133.1mb]}{[survivor] [9.3mb]->[16.6mb]/[16.6mb]}{[old] [324mb]->[363.3mb]/[2.8gb]}
[2019-12-27T09:56:23,468][WARN ][o.e.m.j.JvmGcMonitorService] [q6BVpLR] [gc][97] overhead, spent [3.6s] collecting in the last [4.7s]
[2019-12-27T09:56:25,220][WARN ][o.e.m.j.JvmGcMonitorService] [q6BVpLR] [gc][young][98][36] duration [1s], collections [1]/[1.7s], total [1s]/[30.7s], memory [381.8mb]->[391.5mb]/[2.9gb], all_pools {[young] [1.7mb]->[1.1mb]/[133.1mb]}{[survivor] [16.6mb]->[16.6mb]/[16.6mb]}{[old] [363.3mb]->[373.7mb]/[2.8gb]}
[2019-12-27T09:56:25,220][WARN ][o.e.m.j.JvmGcMonitorService] [q6BVpLR] [gc][98] overhead, spent [1s] collecting in the last [1.7s]
[2019-12-27T09:56:27,391][WARN ][o.e.m.j.JvmGcMonitorService] [q6BVpLR] [gc][young][99][37] duration [1.1s], collections [1]/[2.1s], total [1.1s]/[31.9s], memory [391.5mb]->[402.7mb]/[2.9gb], all_pools {[young] [1.1mb]->[1.6mb]/[133.1mb]}{[survivor] [16.6mb]->[15.9mb]/[16.6mb]}{[old] [373.7mb]->[385.1mb]/[2.8gb]}
[2019-12-27T09:56:27,391][WARN ][o.e.m.j.JvmGcMonitorService] [q6BVpLR] [gc][99] overhead, spent [1.1s] collecting in the last [2.1s]
[2019-12-27T09:58:22,789][WARN ][o.e.m.j.JvmGcMonitorService] [q6BVpLR] [gc][young][186][40] duration [2.9s], collections [1]/[3.4s], total [2.9s]/[35.3s], memory [492.6mb]->[436.1mb]/[2.9gb], all_pools {[young] [99.2mb]->[2.8mb]/[133.1mb]}{[survivor] [8.3mb]->[16.6mb]/[16.6mb]}{[old] [385.1mb]->[416.6mb]/[2.8gb]}
[2019-12-27T09:58:22,790][WARN ][o.e.m.j.JvmGcMonitorService] [q6BVpLR] [gc][186] overhead, spent [2.9s] collecting in the last [3.4s]
[2019-12-27T09:58:25,180][WARN ][o.e.m.j.JvmGcMonitorService] [q6BVpLR] [gc][young][187][41] duration [1.5s], collections [1]/[2.3s], total [1.5s]/[36.8s], memory [436.1mb]->[452.1mb]/[2.9gb], all_pools {[young] [2.8mb]->[2.2kb]/[133.1mb]}{[survivor] [16.6mb]->[16.6mb]/[16.6mb]}{[old] [416.6mb]->[435.5mb]/[2.8gb]}
[2019-12-27T09:58:25,180][WARN ][o.e.m.j.JvmGcMonitorService] [q6BVpLR] [gc][187] overhead, spent [1.5s] collecting in the last [2.3s]
[2019-12-27T09:58:27,243][WARN ][o.e.m.j.JvmGcMonitorService] [q6BVpLR] [gc][young][189][42] duration [1s], collections [1]/[1s], total [1s]/[37.8s], memory [581.9mb]->[462.8mb]/[2.9gb], all_pools {[young] [129.7mb]->[514kb]/[133.1mb]}{[survivor] [16.6mb]->[15.8mb]/[16.6mb]}{[old] [435.5mb]->[446.5mb]/[2.8gb]}
[2019-12-27T09:58:27,244][WARN ][o.e.m.j.JvmGcMonitorService] [q6BVpLR] [gc][189] overhead, spent [1s] collecting in the last [1s]
[2019-12-27T09:58:55,876][WARN ][o.e.m.j.JvmGcMonitorService] [q6BVpLR] [gc][young][217][44] duration [1.3s], collections [1]/[1.6s], total [1.3s]/[39.4s], memory [554.4mb]->[480.8mb]/[2.9gb], all_pools {[young] [101.1mb]->[1.9mb]/[133.1mb]}{[survivor] [6.7mb]->[16.6mb]/[16.6mb]}{[old] [446.5mb]->[462.2mb]/[2.8gb]}
[2019-12-27T09:58:55,876][WARN ][o.e.m.j.JvmGcMonitorService] [q6BVpLR] [gc][217] overhead, spent [1.3s] collecting in the last [1.6s]
[2019-12-27T09:58:58,018][WARN ][o.e.m.j.JvmGcMonitorService] [q6BVpLR] [gc][young][218][45] duration [1.3s], collections [1]/[2.1s], total [1.3s]/[40.7s], memory [480.8mb]->[496.5mb]/[2.9gb], all_pools {[young] [1.9mb]->[3kb]/[133.1mb]}{[survivor] [16.6mb]->[16.6mb]/[16.6mb]}{[old] [462.2mb]->[479.9mb]/[2.8gb]}
[2019-12-27T09:58:58,018][WARN ][o.e.m.j.JvmGcMonitorService] [q6BVpLR] [gc][218] overhead, spent [1.3s] collecting in the last [2.1s]
[2019-12-27T09:59:01,428][WARN ][o.e.m.j.JvmGcMonitorService] [q6BVpLR] [gc][young][219][46] duration [2.7s], collections [1]/[3.4s], total [2.7s]/[43.5s], memory [496.5mb]->[535.9mb]/[2.9gb], all_pools {[young] [3kb]->[555.2kb]/[133.1mb]}{[survivor] [16.6mb]->[16.6mb]/[16.6mb]}{[old] [479.9mb]->[518.7mb]/[2.8gb]}
[2019-12-27T09:59:01,429][WARN ][o.e.m.j.JvmGcMonitorService] [q6BVpLR] [gc][219] overhead, spent [2.7s] collecting in the last [3.4s]
[2019-12-27T09:59:04,736][WARN ][o.e.m.j.JvmGcMonitorService] [q6BVpLR] [gc][young][220][47] duration [2.7s], collections [1]/[3.3s], total [2.7s]/[46.3s], memory [535.9mb]->[572.2mb]/[2.9gb], all_pools {[young] [555.2kb]->[62kb]/[133.1mb]}{[survivor] [16.6mb]->[16.6mb]/[16.6mb]}{[old] [518.7mb]->[555.5mb]/[2.8gb]}
[2019-12-27T09:59:04,736][WARN ][o.e.m.j.JvmGcMonitorService] [q6BVpLR] [gc][220] overhead, spent [2.7s] collecting in the last [3.3s]
[2019-12-27T09:59:06,075][INFO ][o.e.m.j.JvmGcMonitorService] [q6BVpLR] [gc][young][221][48] duration [883ms], collections [1]/[1.3s], total [883ms]/[47.2s], memory [572.2mb]->[588.6mb]/[2.9gb], all_pools {[young] [62kb]->[1.9mb]/[133.1mb]}{[survivor] [16.6mb]->[16.5mb]/[16.6mb]}{[old] [555.5mb]->[570.1mb]/[2.8gb]}
[2019-12-27T09:59:06,075][WARN ][o.e.m.j.JvmGcMonitorService] [q6BVpLR] [gc][221] overhead, spent [883ms] collecting in the last [1.3s]
[2019-12-27T09:59:16,832][INFO ][o.e.c.m.MetaDataDeleteIndexService] [q6BVpLR] [logstash-2019.12.19/COZpXt9sSuOQT2Nfp2EcRQ] deleting index
[2019-12-27T09:59:30,121][WARN ][o.e.m.j.JvmGcMonitorService] [q6BVpLR] [gc][young][240][52] duration [5.2s], collections [1]/[5.9s], total [5.2s]/[52.9s], memory [643.4mb]->[643.9mb]/[2.9gb], all_pools {[young] [60.7mb]->[76.5kb]/[133.1mb]}{[survivor] [12.4mb]->[16.6mb]/[16.6mb]}{[old] [570.1mb]->[627.2mb]/[2.8gb]}
[2019-12-27T09:59:30,121][WARN ][o.e.m.j.JvmGcMonitorService] [q6BVpLR] [gc][240] overhead, spent [5.2s] collecting in the last [5.9s]
[2019-12-27T09:59:30,131][INFO ][o.e.c.m.MetaDataDeleteIndexService] [q6BVpLR] [logstash-2019.11.01/hujsMVvtTxWxuNZXO1KfIA] deleting index
[2019-12-27T09:59:30,131][INFO ][o.e.c.m.MetaDataDeleteIndexService] [q6BVpLR] [logstash-2019.11.07/Y1d8_BriQJ6ljYHagfGmjA] deleting index
[2019-12-27T09:59:30,131][INFO ][o.e.c.m.MetaDataDeleteIndexService] [q6BVpLR] [logstash-2019.11.05/wxi1bt46SB6QSkGjgI-7fQ] deleting index
[2019-12-27T09:59:30,131][INFO ][o.e.c.m.MetaDataDeleteIndexService] [q6BVpLR] [logstash-2019.11.15/O5zIYmHFSkO5qbRutnA-CQ] deleting index
[2019-12-27T09:59:30,131][INFO ][o.e.c.m.MetaDataDeleteIndexService] [q6BVpLR] [logstash-2019.11.04/jxXhomcbTQegVjmcVOLYJg] deleting index
[2019-12-27T09:59:30,131][INFO ][o.e.c.m.MetaDataDeleteIndexService] [q6BVpLR] [logstash-2019.11.13/1_qs59saTaSVa1tYDmrmrA] deleting index
[2019-12-27T09:59:30,131][INFO ][o.e.c.m.MetaDataDeleteIndexService] [q6BVpLR] [logstash-2019.11.18/hG0uJCpARjWHNZx_HfOsHg] deleting index
[2019-12-27T09:59:30,131][INFO ][o.e.c.m.MetaDataDeleteIndexService] [q6BVpLR] [logstash-2019.11.11/kGq0U5CTQqSzrOyY9FN5dA] deleting index
[2019-12-27T09:59:30,131][INFO ][o.e.c.m.MetaDataDeleteIndexService] [q6BVpLR] [logstash-2019.11.16/I41gknjYTvWBQcE5etMcYg] deleting index
[2019-12-27T09:59:30,131][INFO ][o.e.c.m.MetaDataDeleteIndexService] [q6BVpLR] [logstash-2019.11.12/Y1OuZ2pgTYCFxKi0XKvBNA] deleting index
[2019-12-27T09:59:30,132][INFO ][o.e.c.m.MetaDataDeleteIndexService] [q6BVpLR] [logstash-2019.11.08/NHMnpSD1RaaQMyAP8jkwHQ] deleting index
[2019-12-27T09:59:30,132][INFO ][o.e.c.m.MetaDataDeleteIndexService] [q6BVpLR] [logstash-2019.11.14/-PlRUxBDS4-LJYdfFIyQpA] deleting index
[2019-12-27T09:59:30,132][INFO ][o.e.c.m.MetaDataDeleteIndexService] [q6BVpLR] [logstash-2019.11.17/ZYjZHSbZQiSnsWkqI-1Xow] deleting index
[2019-12-27T09:59:30,132][INFO ][o.e.c.m.MetaDataDeleteIndexService] [q6BVpLR] [logstash-2019.11.06/3wZQy64eQxKR3lsFfcuxRg] deleting index
[2019-12-27T09:59:30,132][INFO ][o.e.c.m.MetaDataDeleteIndexService] [q6BVpLR] [logstash-2019.11.10/Y3_BhLWTQQKeoMXJTbJX6g] deleting index
[2019-12-27T09:59:30,132][INFO ][o.e.c.m.MetaDataDeleteIndexService] [q6BVpLR] [logstash-2019.11.09/fRddlaARQIiH7DLOdR6v5Q] deleting index
[2019-12-27T09:59:32,122][INFO ][o.e.m.j.JvmGcMonitorService] [q6BVpLR] [gc][young][242][53] duration [794ms], collections [1]/[1s], total [794ms]/[53.7s], memory [763.7mb]->[656mb]/[2.9gb], all_pools {[young] [119.8mb]->[5.2mb]/[133.1mb]}{[survivor] [16.6mb]->[14.4mb]/[16.6mb]}{[old] [627.2mb]->[636.3mb]/[2.8gb]}
[2019-12-27T09:59:32,122][WARN ][o.e.m.j.JvmGcMonitorService] [q6BVpLR] [gc][242] overhead, spent [794ms] collecting in the last [1s]
[2019-12-27T09:59:49,898][INFO ][o.e.c.m.MetaDataCreateIndexService] [q6BVpLR] [logstash-2019.11.12] creating index, cause [auto(bulk api)], templates [logstash], shards [5]/[1], mappings [_default_]
[2019-12-27T09:59:50,061][INFO ][o.e.c.m.MetaDataCreateIndexService] [q6BVpLR] [logstash-2019.11.11] creating index, cause [auto(bulk api)], templates [logstash], shards [5]/[1], mappings [_default_]
[2019-12-27T09:59:50,121][INFO ][o.e.c.m.MetaDataCreateIndexService] [q6BVpLR] [logstash-2019.11.05] creating index, cause [auto(bulk api)], templates [logstash], shards [5]/[1], mappings [_default_]
[2019-12-27T09:59:50,169][INFO ][o.e.c.m.MetaDataCreateIndexService] [q6BVpLR] [logstash-2019.11.04] creating index, cause [auto(bulk api)], templates [logstash], shards [5]/[1], mappings [_default_]
[2019-12-27T09:59:50,234][INFO ][o.e.c.m.MetaDataCreateIndexService] [q6BVpLR] [logstash-2019.11.14] creating index, cause [auto(bulk api)], templates [logstash], shards [5]/[1], mappings [_default_]
[2019-12-27T09:59:50,286][INFO ][o.e.c.m.MetaDataCreateIndexService] [q6BVpLR] [logstash-2019.11.13] creating index, cause [auto(bulk api)], templates [logstash], shards [5]/[1], mappings [_default_]
[2019-12-27T09:59:50,335][INFO ][o.e.c.m.MetaDataCreateIndexService] [q6BVpLR] [logstash-2019.11.09] creating index, cause [auto(bulk api)], templates [logstash], shards [5]/[1], mappings [_default_]
[2019-12-27T09:59:50,378][INFO ][o.e.c.m.MetaDataCreateIndexService] [q6BVpLR] [logstash-2019.11.08] creating index, cause [auto(bulk api)], templates [logstash], shards [5]/[1], mappings [_default_]
[2019-12-27T09:59:50,559][INFO ][o.e.c.m.MetaDataCreateIndexService] [q6BVpLR] [logstash-2019.11.06] creating index, cause [auto(bulk api)], templates [logstash], shards [5]/[1], mappings [_default_]
[2019-12-27T09:59:51,853][INFO ][o.e.c.m.MetaDataMappingService] [q6BVpLR] [logstash-2019.11.09/v5a-IkMaQvCRWW8t_O9G0g] create_mapping [log]
[2019-12-27T09:59:51,939][INFO ][o.e.c.m.MetaDataMappingService] [q6BVpLR] [logstash-2019.11.11/g6NelFZ3ToCX4wpZWC6OGA] create_mapping [log]
[2019-12-27T09:59:52,083][INFO ][o.e.c.m.MetaDataMappingService] [q6BVpLR] [logstash-2019.11.04/uYVTTFAuTIqCC_-G1dUOpQ] create_mapping [log]
[2019-12-27T09:59:52,217][INFO ][o.e.c.m.MetaDataMappingService] [q6BVpLR] [logstash-2019.11.13/nelc5XaUSc6A7pPsj8XfGQ] create_mapping [log]
[2019-12-27T09:59:52,907][INFO ][o.e.c.m.MetaDataMappingService] [q6BVpLR] [logstash-2019.11.05/cCgt4xb1SPql9J6nyUvnsg] create_mapping [log]
[2019-12-27T09:59:53,025][INFO ][o.e.c.m.MetaDataMappingService] [q6BVpLR] [logstash-2019.11.08/ZMn20Ch1QLWj6byfVRp7SQ] create_mapping [log]
[2019-12-27T09:59:53,128][WARN ][o.e.m.j.JvmGcMonitorService] [q6BVpLR] [gc][263] overhead, spent [635ms] collecting in the last [1s]
[2019-12-27T09:59:53,188][INFO ][o.e.c.m.MetaDataMappingService] [q6BVpLR] [logstash-2019.11.12/Bj5KW9onTSyVO7R9JP3RwQ] create_mapping [log]
[2019-12-27T09:59:53,232][INFO ][o.e.c.m.MetaDataMappingService] [q6BVpLR] [logstash-2019.11.14/M_ZOCrubQh2H6WhusfJAEw] create_mapping [log]
[2019-12-27T09:59:53,360][INFO ][o.e.c.m.MetaDataMappingService] [q6BVpLR] [logstash-2019.11.14/M_ZOCrubQh2H6WhusfJAEw] update_mapping [log]
[2019-12-27T09:59:53,474][INFO ][o.e.c.m.MetaDataMappingService] [q6BVpLR] [logstash-2019.11.06/Wij2E8saTb2IVSUxLSAOfg] create_mapping [log]
[2019-12-27T09:59:59,407][WARN ][o.e.m.j.JvmGcMonitorService] [q6BVpLR] [gc][young][265][56] duration [4.8s], collections [1]/[5.2s], total [4.8s]/[59.4s], memory [755.1mb]->[716.3mb]/[2.9gb], all_pools {[young] [95.5mb]->[34kb]/[133.1mb]}{[survivor] [16.6mb]->[16.6mb]/[16.6mb]}{[old] [642.9mb]->[699.7mb]/[2.8gb]}
[2019-12-27T09:59:59,407][WARN ][o.e.m.j.JvmGcMonitorService] [q6BVpLR] [gc][265] overhead, spent [4.8s] collecting in the last [5.2s]
[2019-12-27T10:00:00,852][WARN ][o.e.m.j.JvmGcMonitorService] [q6BVpLR] [gc][young][266][57] duration [1s], collections [1]/[1.4s], total [1s]/[1m], memory [716.3mb]->[732mb]/[2.9gb], all_pools {[young] [34kb]->[51.6kb]/[133.1mb]}{[survivor] [16.6mb]->[15.7mb]/[16.6mb]}{[old] [699.7mb]->[716.2mb]/[2.8gb]}
[2019-12-27T10:00:00,852][WARN ][o.e.m.j.JvmGcMonitorService] [q6BVpLR] [gc][266] overhead, spent [1s] collecting in the last [1.4s]
[2019-12-27T10:00:01,901][INFO ][o.e.m.j.JvmGcMonitorService] [q6BVpLR] [gc][267] overhead, spent [340ms] collecting in the last [1s]
[2019-12-27T10:00:02,926][INFO ][o.e.m.j.JvmGcMonitorService] [q6BVpLR] [gc][268] overhead, spent [369ms] collecting in the last [1s]
[2019-12-27T10:00:03,940][INFO ][o.e.m.j.JvmGcMonitorService] [q6BVpLR] [gc][269] overhead, spent [384ms] collecting in the last [1s]
[2019-12-27T10:00:05,021][INFO ][o.e.m.j.JvmGcMonitorService] [q6BVpLR] [gc][270] overhead, spent [419ms] collecting in the last [1s]
[2019-12-27T10:00:06,099][INFO ][o.e.m.j.JvmGcMonitorService] [q6BVpLR] [gc][271] overhead, spent [270ms] collecting in the last [1s]
[2019-12-27T10:00:29,138][INFO ][o.e.m.j.JvmGcMonitorService] [q6BVpLR] [gc][294] overhead, spent [321ms] collecting in the last [1s]
[2019-12-27T10:00:36,367][INFO ][o.e.c.m.MetaDataCreateIndexService] [q6BVpLR] [logstash-2019.11.01] creating index, cause [auto(bulk api)], templates [logstash], shards [5]/[1], mappings [_default_]
[2019-12-27T10:00:36,501][INFO ][o.e.c.m.MetaDataCreateIndexService] [q6BVpLR] [logstash-2019.11.07] creating index, cause [auto(bulk api)], templates [logstash], shards [5]/[1], mappings [_default_]
[2019-12-27T10:00:36,827][INFO ][o.e.c.m.MetaDataMappingService] [q6BVpLR] [logstash-2019.11.07/GFyC32RESWWM_oIU7u7MsQ] create_mapping [log]
[2019-12-27T10:00:37,281][INFO ][o.e.m.j.JvmGcMonitorService] [q6BVpLR] [gc][302] overhead, spent [409ms] collecting in the last [1.1s]
[2019-12-27T10:00:37,420][INFO ][o.e.c.m.MetaDataMappingService] [q6BVpLR] [logstash-2019.11.01/dptdAK6yRcaJkVFWdB00AQ] create_mapping [log]
[2019-12-27T10:00:41,282][WARN ][o.e.m.j.JvmGcMonitorService] [q6BVpLR] [gc][306] overhead, spent [661ms] collecting in the last [1s]
[2019-12-27T10:00:46,558][INFO ][o.e.m.j.JvmGcMonitorService] [q6BVpLR] [gc][311] overhead, spent [582ms] collecting in the last [1.1s]
[2019-12-27T10:00:47,636][INFO ][o.e.m.j.JvmGcMonitorService] [q6BVpLR] [gc][312] overhead, spent [458ms] collecting in the last [1s]
[2019-12-27T10:00:48,637][INFO ][o.e.m.j.JvmGcMonitorService] [q6BVpLR] [gc][313] overhead, spent [295ms] collecting in the last [1s]
[2019-12-27T10:00:56,825][WARN ][o.e.m.j.JvmGcMonitorService] [q6BVpLR] [gc][young][319][91] duration [2.4s], collections [1]/[3.1s], total [2.4s]/[1.1m], memory [819.9mb]->[787.4mb]/[2.9gb], all_pools {[young] [79.8mb]->[511.6kb]/[133.1mb]}{[survivor] [1.1mb]->[16.6mb]/[16.6mb]}{[old] [738.9mb]->[770.3mb]/[2.8gb]}
[2019-12-27T10:00:56,825][WARN ][o.e.m.j.JvmGcMonitorService] [q6BVpLR] [gc][319] overhead, spent [2.4s] collecting in the last [3.1s]
[2019-12-27T10:00:56,842][INFO ][o.e.c.m.MetaDataCreateIndexService] [q6BVpLR] [logstash-2019.11.10] creating index, cause [auto(bulk api)], templates [logstash], shards [5]/[1], mappings [_default_]
[2019-12-27T10:01:00,090][WARN ][o.e.m.j.JvmGcMonitorService] [q6BVpLR] [gc][young][320][92] duration [2.7s], collections [1]/[3.2s], total [2.7s]/[1.1m], memory [787.4mb]->[823.8mb]/[2.9gb], all_pools {[young] [511.6kb]->[523.6kb]/[133.1mb]}{[survivor] [16.6mb]->[16.6mb]/[16.6mb]}{[old] [770.3mb]->[806.7mb]/[2.8gb]}
[2019-12-27T10:01:00,090][WARN ][o.e.m.j.JvmGcMonitorService] [q6BVpLR] [gc][320] overhead, spent [2.7s] collecting in the last [3.2s]
[2019-12-27T10:01:00,154][INFO ][o.e.c.m.MetaDataMappingService] [q6BVpLR] [logstash-2019.11.10/htffNFLjRziXi4BlFCqvvg] create_mapping [log]
[2019-12-27T10:01:01,274][INFO ][o.e.m.j.JvmGcMonitorService] [q6BVpLR] [gc][321] overhead, spent [514ms] collecting in the last [1.1s]
[2019-12-27T10:01:02,765][INFO ][o.e.m.j.JvmGcMonitorService] [q6BVpLR] [gc][young][322][94] duration [791ms], collections [1]/[1.4s], total [791ms]/[1.2m], memory [835mb]->[844.8mb]/[2.9gb], all_pools {[young] [749kb]->[581.2kb]/[133.1mb]}{[survivor] [16.6mb]->[13.6mb]/[16.6mb]}{[old] [817.7mb]->[830.6mb]/[2.8gb]}
[2019-12-27T10:01:02,765][WARN ][o.e.m.j.JvmGcMonitorService] [q6BVpLR] [gc][322] overhead, spent [791ms] collecting in the last [1.4s]
[2019-12-27T10:01:04,137][INFO ][o.e.m.j.JvmGcMonitorService] [q6BVpLR] [gc][323] overhead, spent [506ms] collecting in the last [1.3s]
[2019-12-27T10:01:43,671][INFO ][o.e.m.j.JvmGcMonitorService] [q6BVpLR] [gc][362] overhead, spent [627ms] collecting in the last [1.5s]
[2019-12-27T10:02:23,795][WARN ][o.e.m.j.JvmGcMonitorService] [q6BVpLR] [gc][young][387][98] duration [1.2s], collections [1]/[11.2s], total [1.2s]/[1.2m], memory [895.6mb]->[902.7mb]/[2.9gb], all_pools {[young] [25.1mb]->[764.1kb]/[133.1mb]}{[survivor] [13.1mb]->[16.6mb]/[16.6mb]}{[old] [857.3mb]->[885.3mb]/[2.8gb]}
[2019-12-27T10:02:24,796][INFO ][o.e.m.j.JvmGcMonitorService] [q6BVpLR] [gc][388] overhead, spent [269ms] collecting in the last [1s]
[2019-12-27T10:04:56,554][INFO ][o.e.m.j.JvmGcMonitorService] [q6BVpLR] [gc][534] overhead, spent [353ms] collecting in the last [1s]
[2019-12-27T10:05:03,421][INFO ][o.e.c.m.MetaDataCreateIndexService] [q6BVpLR] [logstash-2019.11.15] creating index, cause [auto(bulk api)], templates [logstash], shards [5]/[1], mappings [_default_]
[2019-12-27T10:05:03,896][INFO ][o.e.c.m.MetaDataMappingService] [q6BVpLR] [logstash-2019.11.15/ytFhK9zcTT6cXcGQuDBNNw] create_mapping [log]
[2019-12-27T10:07:56,879][INFO ][o.e.m.j.JvmGcMonitorService] [q6BVpLR] [gc][714] overhead, spent [317ms] collecting in the last [1s]
[2019-12-27T10:08:33,113][INFO ][o.e.m.j.JvmGcMonitorService] [q6BVpLR] [gc][750] overhead, spent [279ms] collecting in the last [1s]
[2019-12-27T10:09:10,199][INFO ][o.e.m.j.JvmGcMonitorService] [q6BVpLR] [gc][787] overhead, spent [309ms] collecting in the last [1s]
[2019-12-27T10:09:59,210][INFO ][o.e.m.j.JvmGcMonitorService] [q6BVpLR] [gc][836] overhead, spent [255ms] collecting in the last [1s]
[2019-12-27T10:10:26,216][INFO ][o.e.m.j.JvmGcMonitorService] [q6BVpLR] [gc][863] overhead, spent [266ms] collecting in the last [1s]
[2019-12-27T10:10:27,348][INFO ][o.e.m.j.JvmGcMonitorService] [q6BVpLR] [gc][864] overhead, spent [362ms] collecting in the last [1.1s]
[2019-12-27T10:11:02,979][WARN ][o.e.m.j.JvmGcMonitorService] [q6BVpLR] [gc][young][898][148] duration [1.5s], collections [1]/[2.5s], total [1.5s]/[1.4m], memory [1.7gb]->[1.7gb]/[2.9gb], all_pools {[young] [127.6mb]->[34.2kb]/[133.1mb]}{[survivor] [16.6mb]->[16.6mb]/[16.6mb]}{[old] [1.6gb]->[1.7gb]/[2.8gb]}
[2019-12-27T10:11:02,980][WARN ][o.e.m.j.JvmGcMonitorService] [q6BVpLR] [gc][898] overhead, spent [1.5s] collecting in the last [2.5s]
[2019-12-27T10:11:05,059][WARN ][o.e.m.j.JvmGcMonitorService] [q6BVpLR] [gc][young][899][149] duration [1.2s], collections [1]/[2s], total [1.2s]/[1.4m], memory [1.7gb]->[1.7gb]/[2.9gb], all_pools {[young] [34.2kb]->[34kb]/[133.1mb]}{[survivor] [16.6mb]->[16.6mb]/[16.6mb]}{[old] [1.7gb]->[1.7gb]/[2.8gb]}
[2019-12-27T10:11:05,059][WARN ][o.e.m.j.JvmGcMonitorService] [q6BVpLR] [gc][899] overhead, spent [1.2s] collecting in the last [2s]
[2019-12-27T10:11:06,514][INFO ][o.e.m.j.JvmGcMonitorService] [q6BVpLR] [gc][900] overhead, spent [469ms] collecting in the last [1.4s]
[2019-12-27T10:11:30,213][WARN ][o.e.m.j.JvmGcMonitorService] [q6BVpLR] [gc][young][922][153] duration [2.5s], collections [1]/[2.6s], total [2.5s]/[1.4m], memory [1.8gb]->[1.7gb]/[2.9gb], all_pools {[young] [127.3mb]->[2.8mb]/[133.1mb]}{[survivor] [8.3mb]->[16.6mb]/[16.6mb]}{[old] [1.7gb]->[1.7gb]/[2.8gb]}
[2019-12-27T10:11:30,214][WARN ][o.e.m.j.JvmGcMonitorService] [q6BVpLR] [gc][922] overhead, spent [2.5s] collecting in the last [2.6s]
[2019-12-27T10:11:31,308][INFO ][o.e.m.j.JvmGcMonitorService] [q6BVpLR] [gc][923] overhead, spent [387ms] collecting in the last [1s]
[2019-12-27T10:11:34,902][WARN ][o.e.m.j.JvmGcMonitorService] [q6BVpLR] [gc][young][924][155] duration [3.2s], collections [1]/[3.5s], total [3.2s]/[1.5m], memory [1.7gb]->[1.8gb]/[2.9gb], all_pools {[young] [2.1kb]->[23.7kb]/[133.1mb]}{[survivor] [13.6mb]->[16.6mb]/[16.6mb]}{[old] [1.7gb]->[1.8gb]/[2.8gb]}
[2019-12-27T10:11:34,903][WARN ][o.e.m.j.JvmGcMonitorService] [q6BVpLR] [gc][924] overhead, spent [3.2s] collecting in the last [3.5s]
[2019-12-27T10:11:38,316][WARN ][o.e.m.j.JvmGcMonitorService] [q6BVpLR] [gc][young][925][156] duration [2.7s], collections [1]/[3.4s], total [2.7s]/[1.6m], memory [1.8gb]->[1.8gb]/[2.9gb], all_pools {[young] [23.7kb]->[633.8kb]/[133.1mb]}{[survivor] [16.6mb]->[16.6mb]/[16.6mb]}{[old] [1.8gb]->[1.8gb]/[2.8gb]}
[2019-12-27T10:11:38,316][WARN ][o.e.m.j.JvmGcMonitorService] [q6BVpLR] [gc][925] overhead, spent [2.7s] collecting in the last [3.4s]
[2019-12-27T10:11:40,252][WARN ][o.e.m.j.JvmGcMonitorService] [q6BVpLR] [gc][young][926][157] duration [1.2s], collections [1]/[1.9s], total [1.2s]/[1.6m], memory [1.8gb]->[1.8gb]/[2.9gb], all_pools {[young] [633.8kb]->[354.1kb]/[133.1mb]}{[survivor] [16.6mb]->[16.3mb]/[16.6mb]}{[old] [1.8gb]->[1.8gb]/[2.8gb]}
[2019-12-27T10:11:40,252][WARN ][o.e.m.j.JvmGcMonitorService] [q6BVpLR] [gc][926] overhead, spent [1.2s] collecting in the last [1.9s]
[2019-12-27T10:11:41,770][INFO ][o.e.m.j.JvmGcMonitorService] [q6BVpLR] [gc][young][927][158] duration [940ms], collections [1]/[1.5s], total [940ms]/[1.6m], memory [1.8gb]->[1.9gb]/[2.9gb], all_pools {[young] [354.1kb]->[514kb]/[133.1mb]}{[survivor] [16.3mb]->[16.6mb]/[16.6mb]}{[old] [1.8gb]->[1.8gb]/[2.8gb]}
[2019-12-27T10:11:41,770][WARN ][o.e.m.j.JvmGcMonitorService] [q6BVpLR] [gc][927] overhead, spent [940ms] collecting in the last [1.5s]
[2019-12-27T10:11:43,646][INFO ][o.e.m.j.JvmGcMonitorService] [q6BVpLR] [gc][young][928][159] duration [999ms], collections [1]/[1.8s], total [999ms]/[1.6m], memory [1.9gb]->[1.9gb]/[2.9gb], all_pools {[young] [514kb]->[514kb]/[133.1mb]}{[survivor] [16.6mb]->[14.3mb]/[16.6mb]}{[old] [1.8gb]->[1.8gb]/[2.8gb]}
[2019-12-27T10:11:43,646][WARN ][o.e.m.j.JvmGcMonitorService] [q6BVpLR] [gc][928] overhead, spent [999ms] collecting in the last [1.8s]
[2019-12-27T10:11:45,978][INFO ][o.e.m.j.JvmGcMonitorService] [q6BVpLR] [gc][930] overhead, spent [514ms] collecting in the last [1.3s]
[2019-12-27T10:12:02,982][INFO ][o.e.m.j.JvmGcMonitorService] [q6BVpLR] [gc][young][947][162] duration [711ms], collections [1]/[1s], total [711ms]/[1.6m], memory [2gb]->[2gb]/[2.9gb], all_pools {[young] [120mb]->[80.5mb]/[133.1mb]}{[survivor] [14.7mb]->[16.6mb]/[16.6mb]}{[old] [1.9gb]->[1.9gb]/[2.8gb]}
[2019-12-27T10:12:02,982][WARN ][o.e.m.j.JvmGcMonitorService] [q6BVpLR] [gc][947] overhead, spent [711ms] collecting in the last [1s]
[2019-12-27T10:12:09,773][WARN ][o.e.m.j.JvmGcMonitorService] [q6BVpLR] [gc][young][949][163] duration [5.6s], collections [1]/[5.7s], total [5.6s]/[1.7m], memory [2gb]->[1.9gb]/[2.9gb], all_pools {[young] [115.3mb]->[535.4kb]/[133.1mb]}{[survivor] [16.6mb]->[16.6mb]/[16.6mb]}{[old] [1.9gb]->[1.9gb]/[2.8gb]}
[2019-12-27T10:12:09,778][WARN ][o.e.m.j.JvmGcMonitorService] [q6BVpLR] [gc][949] overhead, spent [5.6s] collecting in the last [5.7s]
[2019-12-27T10:12:31,655][WARN ][o.e.m.j.JvmGcMonitorService] [q6BVpLR] [gc][young][950][164] duration [2s], collections [1]/[21.8s], total [2s]/[1.8m], memory [1.9gb]->[2gb]/[2.9gb], all_pools {[young] [535.4kb]->[4.1mb]/[133.1mb]}{[survivor] [16.6mb]->[16.6mb]/[16.6mb]}{[old] [1.9gb]->[1.9gb]/[2.8gb]}
[2019-12-27T10:12:35,064][WARN ][o.e.m.j.JvmGcMonitorService] [q6BVpLR] [gc][young][951][165] duration [2.7s], collections [1]/[3.4s], total [2.7s]/[1.8m], memory [2gb]->[2gb]/[2.9gb], all_pools {[young] [4.1mb]->[5.2mb]/[133.1mb]}{[survivor] [16.6mb]->[16.6mb]/[16.6mb]}{[old] [1.9gb]->[2gb]/[2.8gb]}
[2019-12-27T10:12:35,065][WARN ][o.e.m.j.JvmGcMonitorService] [q6BVpLR] [gc][951] overhead, spent [2.7s] collecting in the last [3.4s]
[2019-12-27T10:12:37,218][WARN ][o.e.m.j.JvmGcMonitorService] [q6BVpLR] [gc][young][952][166] duration [1.4s], collections [1]/[2.1s], total [1.4s]/[1.8m], memory [2gb]->[2gb]/[2.9gb], all_pools {[young] [5.2mb]->[1.8mb]/[133.1mb]}{[survivor] [16.6mb]->[16.5mb]/[16.6mb]}{[old] [2gb]->[2gb]/[2.8gb]}
[2019-12-27T10:12:37,218][WARN ][o.e.m.j.JvmGcMonitorService] [q6BVpLR] [gc][952] overhead, spent [1.4s] collecting in the last [2.1s]
[2019-12-27T10:12:38,967][WARN ][o.e.m.j.JvmGcMonitorService] [q6BVpLR] [gc][young][953][167] duration [1s], collections [1]/[1.7s], total [1s]/[1.8m], memory [2gb]->[2gb]/[2.9gb], all_pools {[young] [1.8mb]->[514kb]/[133.1mb]}{[survivor] [16.5mb]->[7.3mb]/[16.6mb]}{[old] [2gb]->[2gb]/[2.8gb]}
[2019-12-27T10:12:38,968][WARN ][o.e.m.j.JvmGcMonitorService] [q6BVpLR] [gc][953] overhead, spent [1s] collecting in the last [1.7s]
[2019-12-27T10:13:09,537][WARN ][o.e.m.j.JvmGcMonitorService] [q6BVpLR] [gc][young][979][170] duration [4.5s], collections [1]/[5.5s], total [4.5s]/[1.9m], memory [2gb]->[2.1gb]/[2.9gb], all_pools {[young] [27.2mb]->[1.8mb]/[133.1mb]}{[survivor] [8.2mb]->[16.6mb]/[16.6mb]}{[old] [2gb]->[2gb]/[2.8gb]}
[2019-12-27T10:13:09,537][WARN ][o.e.m.j.JvmGcMonitorService] [q6BVpLR] [gc][979] overhead, spent [4.5s] collecting in the last [5.5s]
[2019-12-27T10:13:11,157][INFO ][o.e.m.j.JvmGcMonitorService] [q6BVpLR] [gc][young][980][171] duration [940ms], collections [1]/[1.6s], total [940ms]/[1.9m], memory [2.1gb]->[2.1gb]/[2.9gb], all_pools {[young] [1.8mb]->[589.9kb]/[133.1mb]}{[survivor] [16.6mb]->[16.6mb]/[16.6mb]}{[old] [2gb]->[2.1gb]/[2.8gb]}
[2019-12-27T10:13:11,157][WARN ][o.e.m.j.JvmGcMonitorService] [q6BVpLR] [gc][980] overhead, spent [940ms] collecting in the last [1.6s]
[2019-12-27T10:13:12,473][INFO ][o.e.m.j.JvmGcMonitorService] [q6BVpLR] [gc][young][981][172] duration [721ms], collections [1]/[1.3s], total [721ms]/[2m], memory [2.1gb]->[2.1gb]/[2.9gb], all_pools {[young] [589.9kb]->[7.9mb]/[133.1mb]}{[survivor] [16.6mb]->[7mb]/[16.6mb]}{[old] [2.1gb]->[2.1gb]/[2.8gb]}
[2019-12-27T10:13:12,475][WARN ][o.e.m.j.JvmGcMonitorService] [q6BVpLR] [gc][981] overhead, spent [721ms] collecting in the last [1.3s]
[2019-12-27T10:13:29,111][WARN ][o.e.m.j.JvmGcMonitorService] [q6BVpLR] [gc][young][997][175] duration [1.1s], collections [1]/[1.6s], total [1.1s]/[2m], memory [2.1gb]->[2.1gb]/[2.9gb], all_pools {[young] [60.6mb]->[1.7mb]/[133.1mb]}{[survivor] [6.4mb]->[16.6mb]/[16.6mb]}{[old] [2.1gb]->[2.1gb]/[2.8gb]}
[2019-12-27T10:13:29,111][WARN ][o.e.m.j.JvmGcMonitorService] [q6BVpLR] [gc][997] overhead, spent [1.1s] collecting in the last [1.6s]
[2019-12-27T10:13:32,112][INFO ][o.e.m.j.JvmGcMonitorService] [q6BVpLR] [gc][1000] overhead, spent [327ms] collecting in the last [1s]
[2019-12-27T10:13:37,604][WARN ][o.e.m.j.JvmGcMonitorService] [q6BVpLR] [gc][1004] overhead, spent [1.5s] collecting in the last [2.4s]
[2019-12-27T10:13:43,607][INFO ][o.e.m.j.JvmGcMonitorService] [q6BVpLR] [gc][1010] overhead, spent [371ms] collecting in the last [1s]
[2019-12-27T10:14:13,666][INFO ][o.e.m.j.JvmGcMonitorService] [q6BVpLR] [gc][1040] overhead, spent [327ms] collecting in the last [1s]
[2019-12-27T10:16:42,397][INFO ][o.e.n.Node               ] [] initializing ...
[2019-12-27T10:16:43,067][INFO ][o.e.e.NodeEnvironment    ] [q6BVpLR] using [1] data paths, mounts [[/app (/dev/mapper/VolGroup01-LogVol00)]], net usable_space [171gb], net total_space [196.8gb], spins? [possibly], types [ext4]
[2019-12-27T10:16:43,067][INFO ][o.e.e.NodeEnvironment    ] [q6BVpLR] heap size [2.9gb], compressed ordinary object pointers [true]
[2019-12-27T10:16:44,660][INFO ][o.e.n.Node               ] node name [q6BVpLR] derived from node ID [q6BVpLRYTkGATxpCVTzLuQ]; set [node.name] to override
[2019-12-27T10:16:44,661][INFO ][o.e.n.Node               ] version[5.6.0], pid[844], build[781a835/2017-09-07T03:09:58.087Z], OS[Linux/2.6.32-431.el6.x86_64/amd64], JVM[Oracle Corporation/Java HotSpot(TM) 64-Bit Server VM/1.8.0_144/25.144-b01]
[2019-12-27T10:16:44,661][INFO ][o.e.n.Node               ] JVM arguments [-Xms3g, -Xmx3g, -XX:+UseConcMarkSweepGC, -XX:CMSInitiatingOccupancyFraction=75, -XX:+UseCMSInitiatingOccupancyOnly, -XX:+AlwaysPreTouch, -Xss1m, -Djava.awt.headless=true, -Dfile.encoding=UTF-8, -Djna.nosys=true, -Djdk.io.permissionsUseCanonicalPath=true, -Dio.netty.noUnsafe=true, -Dio.netty.noKeySetOptimization=true, -Dio.netty.recycler.maxCapacityPerThread=0, -Dlog4j.shutdownHookEnabled=false, -Dlog4j2.disable.jmx=true, -Dlog4j.skipJansi=true, -XX:+HeapDumpOnOutOfMemoryError, -Des.path.home=/app/ELK/elasticsearch-5.6.0]
[2019-12-27T10:16:53,823][INFO ][o.e.p.PluginsService     ] [q6BVpLR] loaded module [aggs-matrix-stats]
[2019-12-27T10:16:53,823][INFO ][o.e.p.PluginsService     ] [q6BVpLR] loaded module [ingest-common]
[2019-12-27T10:16:53,823][INFO ][o.e.p.PluginsService     ] [q6BVpLR] loaded module [lang-expression]
[2019-12-27T10:16:53,823][INFO ][o.e.p.PluginsService     ] [q6BVpLR] loaded module [lang-groovy]
[2019-12-27T10:16:53,823][INFO ][o.e.p.PluginsService     ] [q6BVpLR] loaded module [lang-mustache]
[2019-12-27T10:16:53,823][INFO ][o.e.p.PluginsService     ] [q6BVpLR] loaded module [lang-painless]
[2019-12-27T10:16:53,824][INFO ][o.e.p.PluginsService     ] [q6BVpLR] loaded module [parent-join]
[2019-12-27T10:16:53,824][INFO ][o.e.p.PluginsService     ] [q6BVpLR] loaded module [percolator]
[2019-12-27T10:16:53,824][INFO ][o.e.p.PluginsService     ] [q6BVpLR] loaded module [reindex]
[2019-12-27T10:16:53,824][INFO ][o.e.p.PluginsService     ] [q6BVpLR] loaded module [transport-netty3]
[2019-12-27T10:16:53,825][INFO ][o.e.p.PluginsService     ] [q6BVpLR] loaded module [transport-netty4]
[2019-12-27T10:16:53,825][INFO ][o.e.p.PluginsService     ] [q6BVpLR] no plugins loaded
[2019-12-27T10:17:03,283][INFO ][o.e.d.DiscoveryModule    ] [q6BVpLR] using discovery type [zen]
[2019-12-27T10:17:06,955][INFO ][o.e.n.Node               ] initialized
[2019-12-27T10:17:06,965][INFO ][o.e.n.Node               ] [q6BVpLR] starting ...
[2019-12-27T10:17:07,713][INFO ][o.e.t.TransportService   ] [q6BVpLR] publish_address {127.0.0.1:9300}, bound_addresses {[::]:9300}
[2019-12-27T10:17:07,764][INFO ][o.e.b.BootstrapChecks    ] [q6BVpLR] bound or publishing to a non-loopback or non-link-local address, enforcing bootstrap checks
[2019-12-27T10:17:07,780][ERROR][o.e.b.Bootstrap          ] [q6BVpLR] node validation exception
[1] bootstrap checks failed
[1]: max virtual memory areas vm.max_map_count [65530] is too low, increase to at least [262144]
[2019-12-27T10:17:07,819][INFO ][o.e.n.Node               ] [q6BVpLR] stopping ...
[2019-12-27T10:17:10,149][INFO ][o.e.n.Node               ] [q6BVpLR] stopped
[2019-12-27T10:17:10,150][INFO ][o.e.n.Node               ] [q6BVpLR] closing ...
[2019-12-27T10:17:10,197][INFO ][o.e.n.Node               ] [q6BVpLR] closed
[2019-12-27T10:23:02,221][INFO ][o.e.n.Node               ] [] initializing ...
[2019-12-27T10:23:02,770][INFO ][o.e.e.NodeEnvironment    ] [q6BVpLR] using [1] data paths, mounts [[/app (/dev/mapper/VolGroup01-LogVol00)]], net usable_space [171gb], net total_space [196.8gb], spins? [possibly], types [ext4]
[2019-12-27T10:23:02,770][INFO ][o.e.e.NodeEnvironment    ] [q6BVpLR] heap size [2.9gb], compressed ordinary object pointers [true]
[2019-12-27T10:23:04,045][INFO ][o.e.n.Node               ] node name [q6BVpLR] derived from node ID [q6BVpLRYTkGATxpCVTzLuQ]; set [node.name] to override
[2019-12-27T10:23:04,045][INFO ][o.e.n.Node               ] version[5.6.0], pid[927], build[781a835/2017-09-07T03:09:58.087Z], OS[Linux/2.6.32-431.el6.x86_64/amd64], JVM[Oracle Corporation/Java HotSpot(TM) 64-Bit Server VM/1.8.0_144/25.144-b01]
[2019-12-27T10:23:04,046][INFO ][o.e.n.Node               ] JVM arguments [-Xms3g, -Xmx3g, -XX:+UseConcMarkSweepGC, -XX:CMSInitiatingOccupancyFraction=75, -XX:+UseCMSInitiatingOccupancyOnly, -XX:+AlwaysPreTouch, -Xss1m, -Djava.awt.headless=true, -Dfile.encoding=UTF-8, -Djna.nosys=true, -Djdk.io.permissionsUseCanonicalPath=true, -Dio.netty.noUnsafe=true, -Dio.netty.noKeySetOptimization=true, -Dio.netty.recycler.maxCapacityPerThread=0, -Dlog4j.shutdownHookEnabled=false, -Dlog4j2.disable.jmx=true, -Dlog4j.skipJansi=true, -XX:+HeapDumpOnOutOfMemoryError, -Des.path.home=/app/ELK/elasticsearch-5.6.0]
[2019-12-27T10:23:10,654][INFO ][o.e.p.PluginsService     ] [q6BVpLR] loaded module [aggs-matrix-stats]
[2019-12-27T10:23:10,654][INFO ][o.e.p.PluginsService     ] [q6BVpLR] loaded module [ingest-common]
[2019-12-27T10:23:10,654][INFO ][o.e.p.PluginsService     ] [q6BVpLR] loaded module [lang-expression]
[2019-12-27T10:23:10,654][INFO ][o.e.p.PluginsService     ] [q6BVpLR] loaded module [lang-groovy]
[2019-12-27T10:23:10,654][INFO ][o.e.p.PluginsService     ] [q6BVpLR] loaded module [lang-mustache]
[2019-12-27T10:23:10,654][INFO ][o.e.p.PluginsService     ] [q6BVpLR] loaded module [lang-painless]
[2019-12-27T10:23:10,654][INFO ][o.e.p.PluginsService     ] [q6BVpLR] loaded module [parent-join]
[2019-12-27T10:23:10,654][INFO ][o.e.p.PluginsService     ] [q6BVpLR] loaded module [percolator]
[2019-12-27T10:23:10,654][INFO ][o.e.p.PluginsService     ] [q6BVpLR] loaded module [reindex]
[2019-12-27T10:23:10,654][INFO ][o.e.p.PluginsService     ] [q6BVpLR] loaded module [transport-netty3]
[2019-12-27T10:23:10,655][INFO ][o.e.p.PluginsService     ] [q6BVpLR] loaded module [transport-netty4]
[2019-12-27T10:23:10,655][INFO ][o.e.p.PluginsService     ] [q6BVpLR] no plugins loaded
[2019-12-27T10:23:15,481][INFO ][o.e.d.DiscoveryModule    ] [q6BVpLR] using discovery type [zen]
[2019-12-27T10:23:17,223][INFO ][o.e.n.Node               ] initialized
[2019-12-27T10:23:17,224][INFO ][o.e.n.Node               ] [q6BVpLR] starting ...
[2019-12-27T10:23:18,915][WARN ][o.e.m.j.JvmGcMonitorService] [q6BVpLR] [gc][young][1][4] duration [1.5s], collections [1]/[1.6s], total [1.5s]/[2.2s], memory [146.7mb]->[33mb]/[2.9gb], all_pools {[young] [127.2mb]->[3mb]/[133.1mb]}{[survivor] [15.9mb]->[16.6mb]/[16.6mb]}{[old] [3.6mb]->[13.7mb]/[2.8gb]}
[2019-12-27T10:23:18,920][WARN ][o.e.m.j.JvmGcMonitorService] [q6BVpLR] [gc][1] overhead, spent [1.5s] collecting in the last [1.6s]
[2019-12-27T10:23:19,134][INFO ][o.e.t.TransportService   ] [q6BVpLR] publish_address {127.0.0.1:9300}, bound_addresses {[::]:9300}
[2019-12-27T10:23:19,162][INFO ][o.e.b.BootstrapChecks    ] [q6BVpLR] bound or publishing to a non-loopback or non-link-local address, enforcing bootstrap checks
[2019-12-27T10:23:19,171][ERROR][o.e.b.Bootstrap          ] [q6BVpLR] node validation exception
[1] bootstrap checks failed
[1]: max virtual memory areas vm.max_map_count [65530] is too low, increase to at least [262144]
[2019-12-27T10:23:19,194][INFO ][o.e.n.Node               ] [q6BVpLR] stopping ...
[2019-12-27T10:23:19,279][INFO ][o.e.n.Node               ] [q6BVpLR] stopped
[2019-12-27T10:23:19,280][INFO ][o.e.n.Node               ] [q6BVpLR] closing ...
[2019-12-27T10:23:19,312][INFO ][o.e.n.Node               ] [q6BVpLR] closed
[2019-12-27T10:26:05,012][WARN ][o.e.b.JNANatives         ] unable to install syscall filter: 
java.lang.UnsupportedOperationException: seccomp unavailable: requires kernel 3.5+ with CONFIG_SECCOMP and CONFIG_SECCOMP_FILTER compiled in
	at org.elasticsearch.bootstrap.SystemCallFilter.linuxImpl(SystemCallFilter.java:351) ~[elasticsearch-5.6.0.jar:5.6.0]
	at org.elasticsearch.bootstrap.SystemCallFilter.init(SystemCallFilter.java:639) ~[elasticsearch-5.6.0.jar:5.6.0]
	at org.elasticsearch.bootstrap.JNANatives.tryInstallSystemCallFilter(JNANatives.java:258) [elasticsearch-5.6.0.jar:5.6.0]
	at org.elasticsearch.bootstrap.Natives.tryInstallSystemCallFilter(Natives.java:113) [elasticsearch-5.6.0.jar:5.6.0]
	at org.elasticsearch.bootstrap.Bootstrap.initializeNatives(Bootstrap.java:111) [elasticsearch-5.6.0.jar:5.6.0]
	at org.elasticsearch.bootstrap.Bootstrap.setup(Bootstrap.java:195) [elasticsearch-5.6.0.jar:5.6.0]
	at org.elasticsearch.bootstrap.Bootstrap.init(Bootstrap.java:342) [elasticsearch-5.6.0.jar:5.6.0]
	at org.elasticsearch.bootstrap.Elasticsearch.init(Elasticsearch.java:132) [elasticsearch-5.6.0.jar:5.6.0]
	at org.elasticsearch.bootstrap.Elasticsearch.execute(Elasticsearch.java:123) [elasticsearch-5.6.0.jar:5.6.0]
	at org.elasticsearch.cli.EnvironmentAwareCommand.execute(EnvironmentAwareCommand.java:67) [elasticsearch-5.6.0.jar:5.6.0]
	at org.elasticsearch.cli.Command.mainWithoutErrorHandling(Command.java:134) [elasticsearch-5.6.0.jar:5.6.0]
	at org.elasticsearch.cli.Command.main(Command.java:90) [elasticsearch-5.6.0.jar:5.6.0]
	at org.elasticsearch.bootstrap.Elasticsearch.main(Elasticsearch.java:91) [elasticsearch-5.6.0.jar:5.6.0]
	at org.elasticsearch.bootstrap.Elasticsearch.main(Elasticsearch.java:84) [elasticsearch-5.6.0.jar:5.6.0]
[2019-12-27T10:26:05,397][INFO ][o.e.n.Node               ] [] initializing ...
[2019-12-27T10:26:05,561][INFO ][o.e.e.NodeEnvironment    ] [q6BVpLR] using [1] data paths, mounts [[/app (/dev/mapper/VolGroup01-LogVol00)]], net usable_space [171gb], net total_space [196.8gb], spins? [possibly], types [ext4]
[2019-12-27T10:26:05,561][INFO ][o.e.e.NodeEnvironment    ] [q6BVpLR] heap size [2.9gb], compressed ordinary object pointers [true]
[2019-12-27T10:26:05,840][INFO ][o.e.n.Node               ] node name [q6BVpLR] derived from node ID [q6BVpLRYTkGATxpCVTzLuQ]; set [node.name] to override
[2019-12-27T10:26:05,840][INFO ][o.e.n.Node               ] version[5.6.0], pid[1025], build[781a835/2017-09-07T03:09:58.087Z], OS[Linux/2.6.32-431.el6.x86_64/amd64], JVM[Oracle Corporation/Java HotSpot(TM) 64-Bit Server VM/1.8.0_144/25.144-b01]
[2019-12-27T10:26:05,840][INFO ][o.e.n.Node               ] JVM arguments [-Xms3g, -Xmx3g, -XX:+UseConcMarkSweepGC, -XX:CMSInitiatingOccupancyFraction=75, -XX:+UseCMSInitiatingOccupancyOnly, -XX:+AlwaysPreTouch, -Xss1m, -Djava.awt.headless=true, -Dfile.encoding=UTF-8, -Djna.nosys=true, -Djdk.io.permissionsUseCanonicalPath=true, -Dio.netty.noUnsafe=true, -Dio.netty.noKeySetOptimization=true, -Dio.netty.recycler.maxCapacityPerThread=0, -Dlog4j.shutdownHookEnabled=false, -Dlog4j2.disable.jmx=true, -Dlog4j.skipJansi=true, -XX:+HeapDumpOnOutOfMemoryError, -Des.path.home=/app/ELK/elasticsearch-5.6.0]
[2019-12-27T10:26:07,791][INFO ][o.e.p.PluginsService     ] [q6BVpLR] loaded module [aggs-matrix-stats]
[2019-12-27T10:26:07,791][INFO ][o.e.p.PluginsService     ] [q6BVpLR] loaded module [ingest-common]
[2019-12-27T10:26:07,791][INFO ][o.e.p.PluginsService     ] [q6BVpLR] loaded module [lang-expression]
[2019-12-27T10:26:07,792][INFO ][o.e.p.PluginsService     ] [q6BVpLR] loaded module [lang-groovy]
[2019-12-27T10:26:07,792][INFO ][o.e.p.PluginsService     ] [q6BVpLR] loaded module [lang-mustache]
[2019-12-27T10:26:07,792][INFO ][o.e.p.PluginsService     ] [q6BVpLR] loaded module [lang-painless]
[2019-12-27T10:26:07,792][INFO ][o.e.p.PluginsService     ] [q6BVpLR] loaded module [parent-join]
[2019-12-27T10:26:07,792][INFO ][o.e.p.PluginsService     ] [q6BVpLR] loaded module [percolator]
[2019-12-27T10:26:07,792][INFO ][o.e.p.PluginsService     ] [q6BVpLR] loaded module [reindex]
[2019-12-27T10:26:07,792][INFO ][o.e.p.PluginsService     ] [q6BVpLR] loaded module [transport-netty3]
[2019-12-27T10:26:07,792][INFO ][o.e.p.PluginsService     ] [q6BVpLR] loaded module [transport-netty4]
[2019-12-27T10:26:07,793][INFO ][o.e.p.PluginsService     ] [q6BVpLR] no plugins loaded
[2019-12-27T10:26:10,719][INFO ][o.e.d.DiscoveryModule    ] [q6BVpLR] using discovery type [zen]
[2019-12-27T10:26:11,637][INFO ][o.e.n.Node               ] initialized
[2019-12-27T10:26:11,637][INFO ][o.e.n.Node               ] [q6BVpLR] starting ...
[2019-12-27T10:26:12,065][INFO ][o.e.t.TransportService   ] [q6BVpLR] publish_address {127.0.0.1:9300}, bound_addresses {[::]:9300}
[2019-12-27T10:26:12,079][INFO ][o.e.b.BootstrapChecks    ] [q6BVpLR] bound or publishing to a non-loopback or non-link-local address, enforcing bootstrap checks
[2019-12-27T10:26:12,084][ERROR][o.e.b.Bootstrap          ] [q6BVpLR] node validation exception
[2] bootstrap checks failed
[1]: max virtual memory areas vm.max_map_count [65530] is too low, increase to at least [262144]
[2]: system call filters failed to install; check the logs and fix your configuration or disable system call filters at your own risk
[2019-12-27T10:26:12,095][INFO ][o.e.n.Node               ] [q6BVpLR] stopping ...
[2019-12-27T10:26:12,122][INFO ][o.e.n.Node               ] [q6BVpLR] stopped
[2019-12-27T10:26:12,122][INFO ][o.e.n.Node               ] [q6BVpLR] closing ...
[2019-12-27T10:26:12,142][INFO ][o.e.n.Node               ] [q6BVpLR] closed
[2019-12-27T10:29:57,230][WARN ][o.e.b.JNANatives         ] unable to install syscall filter: 
java.lang.UnsupportedOperationException: seccomp unavailable: requires kernel 3.5+ with CONFIG_SECCOMP and CONFIG_SECCOMP_FILTER compiled in
	at org.elasticsearch.bootstrap.SystemCallFilter.linuxImpl(SystemCallFilter.java:351) ~[elasticsearch-5.6.0.jar:5.6.0]
	at org.elasticsearch.bootstrap.SystemCallFilter.init(SystemCallFilter.java:639) ~[elasticsearch-5.6.0.jar:5.6.0]
	at org.elasticsearch.bootstrap.JNANatives.tryInstallSystemCallFilter(JNANatives.java:258) [elasticsearch-5.6.0.jar:5.6.0]
	at org.elasticsearch.bootstrap.Natives.tryInstallSystemCallFilter(Natives.java:113) [elasticsearch-5.6.0.jar:5.6.0]
	at org.elasticsearch.bootstrap.Bootstrap.initializeNatives(Bootstrap.java:111) [elasticsearch-5.6.0.jar:5.6.0]
	at org.elasticsearch.bootstrap.Bootstrap.setup(Bootstrap.java:195) [elasticsearch-5.6.0.jar:5.6.0]
	at org.elasticsearch.bootstrap.Bootstrap.init(Bootstrap.java:342) [elasticsearch-5.6.0.jar:5.6.0]
	at org.elasticsearch.bootstrap.Elasticsearch.init(Elasticsearch.java:132) [elasticsearch-5.6.0.jar:5.6.0]
	at org.elasticsearch.bootstrap.Elasticsearch.execute(Elasticsearch.java:123) [elasticsearch-5.6.0.jar:5.6.0]
	at org.elasticsearch.cli.EnvironmentAwareCommand.execute(EnvironmentAwareCommand.java:67) [elasticsearch-5.6.0.jar:5.6.0]
	at org.elasticsearch.cli.Command.mainWithoutErrorHandling(Command.java:134) [elasticsearch-5.6.0.jar:5.6.0]
	at org.elasticsearch.cli.Command.main(Command.java:90) [elasticsearch-5.6.0.jar:5.6.0]
	at org.elasticsearch.bootstrap.Elasticsearch.main(Elasticsearch.java:91) [elasticsearch-5.6.0.jar:5.6.0]
	at org.elasticsearch.bootstrap.Elasticsearch.main(Elasticsearch.java:84) [elasticsearch-5.6.0.jar:5.6.0]
[2019-12-27T10:29:57,609][INFO ][o.e.n.Node               ] [] initializing ...
[2019-12-27T10:29:57,845][INFO ][o.e.e.NodeEnvironment    ] [q6BVpLR] using [1] data paths, mounts [[/app (/dev/mapper/VolGroup01-LogVol00)]], net usable_space [171gb], net total_space [196.8gb], spins? [possibly], types [ext4]
[2019-12-27T10:29:57,845][INFO ][o.e.e.NodeEnvironment    ] [q6BVpLR] heap size [2.9gb], compressed ordinary object pointers [true]
[2019-12-27T10:29:58,127][INFO ][o.e.n.Node               ] node name [q6BVpLR] derived from node ID [q6BVpLRYTkGATxpCVTzLuQ]; set [node.name] to override
[2019-12-27T10:29:58,127][INFO ][o.e.n.Node               ] version[5.6.0], pid[1096], build[781a835/2017-09-07T03:09:58.087Z], OS[Linux/2.6.32-431.el6.x86_64/amd64], JVM[Oracle Corporation/Java HotSpot(TM) 64-Bit Server VM/1.8.0_144/25.144-b01]
[2019-12-27T10:29:58,127][INFO ][o.e.n.Node               ] JVM arguments [-Xms3g, -Xmx3g, -XX:+UseConcMarkSweepGC, -XX:CMSInitiatingOccupancyFraction=75, -XX:+UseCMSInitiatingOccupancyOnly, -XX:+AlwaysPreTouch, -Xss1m, -Djava.awt.headless=true, -Dfile.encoding=UTF-8, -Djna.nosys=true, -Djdk.io.permissionsUseCanonicalPath=true, -Dio.netty.noUnsafe=true, -Dio.netty.noKeySetOptimization=true, -Dio.netty.recycler.maxCapacityPerThread=0, -Dlog4j.shutdownHookEnabled=false, -Dlog4j2.disable.jmx=true, -Dlog4j.skipJansi=true, -XX:+HeapDumpOnOutOfMemoryError, -Des.path.home=/app/ELK/elasticsearch-5.6.0]
[2019-12-27T10:30:00,099][INFO ][o.e.p.PluginsService     ] [q6BVpLR] loaded module [aggs-matrix-stats]
[2019-12-27T10:30:00,099][INFO ][o.e.p.PluginsService     ] [q6BVpLR] loaded module [ingest-common]
[2019-12-27T10:30:00,099][INFO ][o.e.p.PluginsService     ] [q6BVpLR] loaded module [lang-expression]
[2019-12-27T10:30:00,099][INFO ][o.e.p.PluginsService     ] [q6BVpLR] loaded module [lang-groovy]
[2019-12-27T10:30:00,099][INFO ][o.e.p.PluginsService     ] [q6BVpLR] loaded module [lang-mustache]
[2019-12-27T10:30:00,100][INFO ][o.e.p.PluginsService     ] [q6BVpLR] loaded module [lang-painless]
[2019-12-27T10:30:00,100][INFO ][o.e.p.PluginsService     ] [q6BVpLR] loaded module [parent-join]
[2019-12-27T10:30:00,100][INFO ][o.e.p.PluginsService     ] [q6BVpLR] loaded module [percolator]
[2019-12-27T10:30:00,103][INFO ][o.e.p.PluginsService     ] [q6BVpLR] loaded module [reindex]
[2019-12-27T10:30:00,103][INFO ][o.e.p.PluginsService     ] [q6BVpLR] loaded module [transport-netty3]
[2019-12-27T10:30:00,103][INFO ][o.e.p.PluginsService     ] [q6BVpLR] loaded module [transport-netty4]
[2019-12-27T10:30:00,104][INFO ][o.e.p.PluginsService     ] [q6BVpLR] no plugins loaded
[2019-12-27T10:30:02,815][INFO ][o.e.d.DiscoveryModule    ] [q6BVpLR] using discovery type [zen]
[2019-12-27T10:30:04,051][INFO ][o.e.n.Node               ] initialized
[2019-12-27T10:30:04,051][INFO ][o.e.n.Node               ] [q6BVpLR] starting ...
[2019-12-27T10:30:04,252][INFO ][o.e.t.TransportService   ] [q6BVpLR] publish_address {127.0.0.1:9300}, bound_addresses {[::]:9300}
[2019-12-27T10:30:04,267][INFO ][o.e.b.BootstrapChecks    ] [q6BVpLR] bound or publishing to a non-loopback or non-link-local address, enforcing bootstrap checks
[2019-12-27T10:30:04,271][ERROR][o.e.b.Bootstrap          ] [q6BVpLR] node validation exception
[2] bootstrap checks failed
[1]: max virtual memory areas vm.max_map_count [65530] is too low, increase to at least [262144]
[2]: system call filters failed to install; check the logs and fix your configuration or disable system call filters at your own risk
[2019-12-27T10:30:04,283][INFO ][o.e.n.Node               ] [q6BVpLR] stopping ...
[2019-12-27T10:30:04,559][INFO ][o.e.n.Node               ] [q6BVpLR] stopped
[2019-12-27T10:30:04,559][INFO ][o.e.n.Node               ] [q6BVpLR] closing ...
[2019-12-27T10:30:04,577][INFO ][o.e.n.Node               ] [q6BVpLR] closed
[2019-12-27T10:31:50,332][INFO ][o.e.n.Node               ] [] initializing ...
[2019-12-27T10:31:50,513][INFO ][o.e.e.NodeEnvironment    ] [q6BVpLR] using [1] data paths, mounts [[/app (/dev/mapper/VolGroup01-LogVol00)]], net usable_space [171gb], net total_space [196.8gb], spins? [possibly], types [ext4]
[2019-12-27T10:31:50,513][INFO ][o.e.e.NodeEnvironment    ] [q6BVpLR] heap size [2.9gb], compressed ordinary object pointers [true]
[2019-12-27T10:31:50,783][INFO ][o.e.n.Node               ] node name [q6BVpLR] derived from node ID [q6BVpLRYTkGATxpCVTzLuQ]; set [node.name] to override
[2019-12-27T10:31:50,784][INFO ][o.e.n.Node               ] version[5.6.0], pid[1178], build[781a835/2017-09-07T03:09:58.087Z], OS[Linux/2.6.32-431.el6.x86_64/amd64], JVM[Oracle Corporation/Java HotSpot(TM) 64-Bit Server VM/1.8.0_144/25.144-b01]
[2019-12-27T10:31:50,784][INFO ][o.e.n.Node               ] JVM arguments [-Xms3g, -Xmx3g, -XX:+UseConcMarkSweepGC, -XX:CMSInitiatingOccupancyFraction=75, -XX:+UseCMSInitiatingOccupancyOnly, -XX:+AlwaysPreTouch, -Xss1m, -Djava.awt.headless=true, -Dfile.encoding=UTF-8, -Djna.nosys=true, -Djdk.io.permissionsUseCanonicalPath=true, -Dio.netty.noUnsafe=true, -Dio.netty.noKeySetOptimization=true, -Dio.netty.recycler.maxCapacityPerThread=0, -Dlog4j.shutdownHookEnabled=false, -Dlog4j2.disable.jmx=true, -Dlog4j.skipJansi=true, -XX:+HeapDumpOnOutOfMemoryError, -Des.path.home=/app/ELK/elasticsearch-5.6.0]
[2019-12-27T10:31:52,641][INFO ][o.e.p.PluginsService     ] [q6BVpLR] loaded module [aggs-matrix-stats]
[2019-12-27T10:31:52,642][INFO ][o.e.p.PluginsService     ] [q6BVpLR] loaded module [ingest-common]
[2019-12-27T10:31:52,642][INFO ][o.e.p.PluginsService     ] [q6BVpLR] loaded module [lang-expression]
[2019-12-27T10:31:52,642][INFO ][o.e.p.PluginsService     ] [q6BVpLR] loaded module [lang-groovy]
[2019-12-27T10:31:52,642][INFO ][o.e.p.PluginsService     ] [q6BVpLR] loaded module [lang-mustache]
[2019-12-27T10:31:52,642][INFO ][o.e.p.PluginsService     ] [q6BVpLR] loaded module [lang-painless]
[2019-12-27T10:31:52,642][INFO ][o.e.p.PluginsService     ] [q6BVpLR] loaded module [parent-join]
[2019-12-27T10:31:52,643][INFO ][o.e.p.PluginsService     ] [q6BVpLR] loaded module [percolator]
[2019-12-27T10:31:52,643][INFO ][o.e.p.PluginsService     ] [q6BVpLR] loaded module [reindex]
[2019-12-27T10:31:52,643][INFO ][o.e.p.PluginsService     ] [q6BVpLR] loaded module [transport-netty3]
[2019-12-27T10:31:52,643][INFO ][o.e.p.PluginsService     ] [q6BVpLR] loaded module [transport-netty4]
[2019-12-27T10:31:52,643][INFO ][o.e.p.PluginsService     ] [q6BVpLR] no plugins loaded
[2019-12-27T10:31:55,427][INFO ][o.e.d.DiscoveryModule    ] [q6BVpLR] using discovery type [zen]
[2019-12-27T10:31:56,459][INFO ][o.e.n.Node               ] initialized
[2019-12-27T10:31:56,460][INFO ][o.e.n.Node               ] [q6BVpLR] starting ...
[2019-12-27T10:31:56,657][INFO ][o.e.t.TransportService   ] [q6BVpLR] publish_address {127.0.0.1:9300}, bound_addresses {[::]:9300}
[2019-12-27T10:31:56,670][INFO ][o.e.b.BootstrapChecks    ] [q6BVpLR] bound or publishing to a non-loopback or non-link-local address, enforcing bootstrap checks
[2019-12-27T10:31:56,675][ERROR][o.e.b.Bootstrap          ] [q6BVpLR] node validation exception
[1] bootstrap checks failed
[1]: max virtual memory areas vm.max_map_count [65530] is too low, increase to at least [262144]
[2019-12-27T10:31:56,685][INFO ][o.e.n.Node               ] [q6BVpLR] stopping ...
[2019-12-27T10:31:56,782][INFO ][o.e.n.Node               ] [q6BVpLR] stopped
[2019-12-27T10:31:56,783][INFO ][o.e.n.Node               ] [q6BVpLR] closing ...
[2019-12-27T10:31:56,800][INFO ][o.e.n.Node               ] [q6BVpLR] closed
[2019-12-27T10:33:58,238][INFO ][o.e.n.Node               ] [] initializing ...
[2019-12-27T10:33:58,354][INFO ][o.e.e.NodeEnvironment    ] [q6BVpLR] using [1] data paths, mounts [[/app (/dev/mapper/VolGroup01-LogVol00)]], net usable_space [171gb], net total_space [196.8gb], spins? [possibly], types [ext4]
[2019-12-27T10:33:58,355][INFO ][o.e.e.NodeEnvironment    ] [q6BVpLR] heap size [2.9gb], compressed ordinary object pointers [true]
[2019-12-27T10:33:58,549][INFO ][o.e.n.Node               ] node name [q6BVpLR] derived from node ID [q6BVpLRYTkGATxpCVTzLuQ]; set [node.name] to override
[2019-12-27T10:33:58,549][INFO ][o.e.n.Node               ] version[5.6.0], pid[1252], build[781a835/2017-09-07T03:09:58.087Z], OS[Linux/2.6.32-431.el6.x86_64/amd64], JVM[Oracle Corporation/Java HotSpot(TM) 64-Bit Server VM/1.8.0_144/25.144-b01]
[2019-12-27T10:33:58,550][INFO ][o.e.n.Node               ] JVM arguments [-Xms3g, -Xmx3g, -XX:+UseConcMarkSweepGC, -XX:CMSInitiatingOccupancyFraction=75, -XX:+UseCMSInitiatingOccupancyOnly, -XX:+AlwaysPreTouch, -Xss1m, -Djava.awt.headless=true, -Dfile.encoding=UTF-8, -Djna.nosys=true, -Djdk.io.permissionsUseCanonicalPath=true, -Dio.netty.noUnsafe=true, -Dio.netty.noKeySetOptimization=true, -Dio.netty.recycler.maxCapacityPerThread=0, -Dlog4j.shutdownHookEnabled=false, -Dlog4j2.disable.jmx=true, -Dlog4j.skipJansi=true, -XX:+HeapDumpOnOutOfMemoryError, -Des.path.home=/app/ELK/elasticsearch-5.6.0]
[2019-12-27T10:34:00,469][INFO ][o.e.p.PluginsService     ] [q6BVpLR] loaded module [aggs-matrix-stats]
[2019-12-27T10:34:00,470][INFO ][o.e.p.PluginsService     ] [q6BVpLR] loaded module [ingest-common]
[2019-12-27T10:34:00,470][INFO ][o.e.p.PluginsService     ] [q6BVpLR] loaded module [lang-expression]
[2019-12-27T10:34:00,470][INFO ][o.e.p.PluginsService     ] [q6BVpLR] loaded module [lang-groovy]
[2019-12-27T10:34:00,470][INFO ][o.e.p.PluginsService     ] [q6BVpLR] loaded module [lang-mustache]
[2019-12-27T10:34:00,470][INFO ][o.e.p.PluginsService     ] [q6BVpLR] loaded module [lang-painless]
[2019-12-27T10:34:00,470][INFO ][o.e.p.PluginsService     ] [q6BVpLR] loaded module [parent-join]
[2019-12-27T10:34:00,471][INFO ][o.e.p.PluginsService     ] [q6BVpLR] loaded module [percolator]
[2019-12-27T10:34:00,471][INFO ][o.e.p.PluginsService     ] [q6BVpLR] loaded module [reindex]
[2019-12-27T10:34:00,472][INFO ][o.e.p.PluginsService     ] [q6BVpLR] loaded module [transport-netty3]
[2019-12-27T10:34:00,472][INFO ][o.e.p.PluginsService     ] [q6BVpLR] loaded module [transport-netty4]
[2019-12-27T10:34:00,473][INFO ][o.e.p.PluginsService     ] [q6BVpLR] no plugins loaded
[2019-12-27T10:34:03,139][INFO ][o.e.d.DiscoveryModule    ] [q6BVpLR] using discovery type [zen]
[2019-12-27T10:34:04,287][INFO ][o.e.n.Node               ] initialized
[2019-12-27T10:34:04,288][INFO ][o.e.n.Node               ] [q6BVpLR] starting ...
[2019-12-27T10:34:04,486][INFO ][o.e.t.TransportService   ] [q6BVpLR] publish_address {127.0.0.1:9300}, bound_addresses {[::]:9300}
[2019-12-27T10:34:04,500][INFO ][o.e.b.BootstrapChecks    ] [q6BVpLR] bound or publishing to a non-loopback or non-link-local address, enforcing bootstrap checks
[2019-12-27T10:34:05,291][INFO ][o.e.m.j.JvmGcMonitorService] [q6BVpLR] [gc][1] overhead, spent [270ms] collecting in the last [1s]
[2019-12-27T10:34:07,572][INFO ][o.e.c.s.ClusterService   ] [q6BVpLR] new_master {q6BVpLR}{q6BVpLRYTkGATxpCVTzLuQ}{QeiV7S29QOC7JApw8lxVgw}{127.0.0.1}{127.0.0.1:9300}, reason: zen-disco-elected-as-master ([0] nodes joined)
[2019-12-27T10:34:07,618][INFO ][o.e.h.n.Netty4HttpServerTransport] [q6BVpLR] publish_address {127.0.0.1:9200}, bound_addresses {[::]:9200}
[2019-12-27T10:34:07,619][INFO ][o.e.n.Node               ] [q6BVpLR] started
[2019-12-27T10:34:08,522][INFO ][o.e.g.GatewayService     ] [q6BVpLR] recovered [23] indices into cluster_state
[2019-12-27T10:34:09,481][INFO ][o.e.m.j.JvmGcMonitorService] [q6BVpLR] [gc][5] overhead, spent [524ms] collecting in the last [1.1s]
[2019-12-27T10:34:11,482][INFO ][o.e.m.j.JvmGcMonitorService] [q6BVpLR] [gc][7] overhead, spent [320ms] collecting in the last [1s]
[2019-12-27T10:34:17,490][INFO ][o.e.m.j.JvmGcMonitorService] [q6BVpLR] [gc][13] overhead, spent [445ms] collecting in the last [1s]
[2019-12-27T10:34:18,691][INFO ][o.e.m.j.JvmGcMonitorService] [q6BVpLR] [gc][14] overhead, spent [459ms] collecting in the last [1.2s]
[2019-12-27T10:34:19,692][INFO ][o.e.m.j.JvmGcMonitorService] [q6BVpLR] [gc][15] overhead, spent [444ms] collecting in the last [1s]
[2019-12-27T10:34:20,693][INFO ][o.e.m.j.JvmGcMonitorService] [q6BVpLR] [gc][16] overhead, spent [318ms] collecting in the last [1s]
[2019-12-27T10:34:23,857][WARN ][o.e.m.j.JvmGcMonitorService] [q6BVpLR] [gc][young][17][20] duration [2.2s], collections [2]/[3.1s], total [2.2s]/[5.7s], memory [316.3mb]->[274.8mb]/[2.9gb], all_pools {[young] [73.1mb]->[1.9mb]/[133.1mb]}{[survivor] [16.4mb]->[16.6mb]/[16.6mb]}{[old] [226.8mb]->[256.3mb]/[2.8gb]}
[2019-12-27T10:34:23,857][WARN ][o.e.m.j.JvmGcMonitorService] [q6BVpLR] [gc][17] overhead, spent [2.2s] collecting in the last [3.1s]
[2019-12-27T10:34:25,213][INFO ][o.e.m.j.JvmGcMonitorService] [q6BVpLR] [gc][young][18][21] duration [919ms], collections [1]/[1.3s], total [919ms]/[6.7s], memory [274.8mb]->[292.7mb]/[2.9gb], all_pools {[young] [1.9mb]->[4mb]/[133.1mb]}{[survivor] [16.6mb]->[16.6mb]/[16.6mb]}{[old] [256.3mb]->[272.1mb]/[2.8gb]}
[2019-12-27T10:34:25,213][WARN ][o.e.m.j.JvmGcMonitorService] [q6BVpLR] [gc][18] overhead, spent [919ms] collecting in the last [1.3s]
[2019-12-27T10:34:26,505][INFO ][o.e.m.j.JvmGcMonitorService] [q6BVpLR] [gc][young][19][22] duration [853ms], collections [1]/[1.2s], total [853ms]/[7.5s], memory [292.7mb]->[301mb]/[2.9gb], all_pools {[young] [4mb]->[793.4kb]/[133.1mb]}{[survivor] [16.6mb]->[15.9mb]/[16.6mb]}{[old] [272.1mb]->[284.2mb]/[2.8gb]}
[2019-12-27T10:34:26,505][WARN ][o.e.m.j.JvmGcMonitorService] [q6BVpLR] [gc][19] overhead, spent [853ms] collecting in the last [1.2s]
[2019-12-27T10:34:27,526][INFO ][o.e.c.r.a.AllocationService] [q6BVpLR] Cluster health status changed from [RED] to [YELLOW] (reason: [shards started [[logstash-2016.11.30][0], [.kibana][0], [logstash-2016.11.30][2], [logstash-2016.11.30][3]] ...]).
[2019-12-27T10:34:38,832][WARN ][o.e.m.j.JvmGcMonitorService] [q6BVpLR] [gc][young][27][24] duration [4.6s], collections [1]/[5.3s], total [4.6s]/[12.3s], memory [415.1mb]->[369.6mb]/[2.9gb], all_pools {[young] [118.1mb]->[2.5mb]/[133.1mb]}{[survivor] [12.7mb]->[16.6mb]/[16.6mb]}{[old] [284.2mb]->[350.4mb]/[2.8gb]}
[2019-12-27T10:34:38,832][WARN ][o.e.m.j.JvmGcMonitorService] [q6BVpLR] [gc][27] overhead, spent [4.6s] collecting in the last [5.3s]
[2019-12-27T10:34:40,184][INFO ][o.e.m.j.JvmGcMonitorService] [q6BVpLR] [gc][young][28][25] duration [745ms], collections [1]/[1.3s], total [745ms]/[13s], memory [369.6mb]->[374.6mb]/[2.9gb], all_pools {[young] [2.5mb]->[18kb]/[133.1mb]}{[survivor] [16.6mb]->[14.6mb]/[16.6mb]}{[old] [350.4mb]->[359.9mb]/[2.8gb]}
[2019-12-27T10:34:40,184][WARN ][o.e.m.j.JvmGcMonitorService] [q6BVpLR] [gc][28] overhead, spent [745ms] collecting in the last [1.3s]
[2019-12-27T10:34:55,863][WARN ][o.e.m.j.JvmGcMonitorService] [q6BVpLR] [gc][young][43][27] duration [1.4s], collections [1]/[1.6s], total [1.4s]/[14.6s], memory [446.7mb]->[398.5mb]/[2.9gb], all_pools {[young] [80.6mb]->[34kb]/[133.1mb]}{[survivor] [6.1mb]->[16.6mb]/[16.6mb]}{[old] [359.9mb]->[381.9mb]/[2.8gb]}
[2019-12-27T10:34:55,863][WARN ][o.e.m.j.JvmGcMonitorService] [q6BVpLR] [gc][43] overhead, spent [1.4s] collecting in the last [1.6s]
[2019-12-27T10:34:58,046][INFO ][o.e.m.j.JvmGcMonitorService] [q6BVpLR] [gc][young][45][28] duration [968ms], collections [1]/[1.1s], total [968ms]/[15.6s], memory [521.6mb]->[407.9mb]/[2.9gb], all_pools {[young] [123.1mb]->[34kb]/[133.1mb]}{[survivor] [16.6mb]->[13.5mb]/[16.6mb]}{[old] [381.9mb]->[394.2mb]/[2.8gb]}
[2019-12-27T10:34:58,046][WARN ][o.e.m.j.JvmGcMonitorService] [q6BVpLR] [gc][45] overhead, spent [968ms] collecting in the last [1.1s]
[2019-12-27T10:35:07,420][WARN ][o.e.m.j.JvmGcMonitorService] [q6BVpLR] [gc][young][52][30] duration [2.9s], collections [1]/[3.3s], total [2.9s]/[18.7s], memory [491.1mb]->[460.6mb]/[2.9gb], all_pools {[young] [82.8mb]->[8.3mb]/[133.1mb]}{[survivor] [12.6mb]->[16.6mb]/[16.6mb]}{[old] [395.6mb]->[435.7mb]/[2.8gb]}
[2019-12-27T10:35:07,421][WARN ][o.e.m.j.JvmGcMonitorService] [q6BVpLR] [gc][52] overhead, spent [2.9s] collecting in the last [3.3s]
[2019-12-27T10:35:09,059][WARN ][o.e.m.j.JvmGcMonitorService] [q6BVpLR] [gc][young][53][31] duration [1s], collections [1]/[1.6s], total [1s]/[19.7s], memory [460.6mb]->[469.5mb]/[2.9gb], all_pools {[young] [8.3mb]->[34kb]/[133.1mb]}{[survivor] [16.6mb]->[16.6mb]/[16.6mb]}{[old] [435.7mb]->[452.8mb]/[2.8gb]}
[2019-12-27T10:35:09,064][WARN ][o.e.m.j.JvmGcMonitorService] [q6BVpLR] [gc][53] overhead, spent [1s] collecting in the last [1.6s]
[2019-12-27T10:35:10,904][WARN ][o.e.m.j.JvmGcMonitorService] [q6BVpLR] [gc][young][54][32] duration [1s], collections [1]/[1.8s], total [1s]/[20.8s], memory [469.5mb]->[483mb]/[2.9gb], all_pools {[young] [34kb]->[49.7kb]/[133.1mb]}{[survivor] [16.6mb]->[15.8mb]/[16.6mb]}{[old] [452.8mb]->[467.1mb]/[2.8gb]}
[2019-12-27T10:35:10,904][WARN ][o.e.m.j.JvmGcMonitorService] [q6BVpLR] [gc][54] overhead, spent [1s] collecting in the last [1.8s]
[2019-12-27T10:35:16,945][WARN ][o.e.m.j.JvmGcMonitorService] [q6BVpLR] [gc][young][56][33] duration [4.6s], collections [1]/[5s], total [4.6s]/[25.5s], memory [533.4mb]->[543.9mb]/[2.9gb], all_pools {[young] [50.4mb]->[43.1kb]/[133.1mb]}{[survivor] [15.8mb]->[16.6mb]/[16.6mb]}{[old] [467.1mb]->[527.2mb]/[2.8gb]}
[2019-12-27T10:35:16,945][WARN ][o.e.m.j.JvmGcMonitorService] [q6BVpLR] [gc][56] overhead, spent [4.6s] collecting in the last [5s]
[2019-12-27T10:35:18,924][WARN ][o.e.m.j.JvmGcMonitorService] [q6BVpLR] [gc][young][57][34] duration [1s], collections [1]/[1.9s], total [1s]/[26.6s], memory [543.9mb]->[557.7mb]/[2.9gb], all_pools {[young] [43.1kb]->[2kb]/[133.1mb]}{[survivor] [16.6mb]->[16.6mb]/[16.6mb]}{[old] [527.2mb]->[541.1mb]/[2.8gb]}
[2019-12-27T10:35:18,925][WARN ][o.e.m.j.JvmGcMonitorService] [q6BVpLR] [gc][57] overhead, spent [1s] collecting in the last [1.9s]
[2019-12-27T10:35:20,984][WARN ][o.e.m.j.JvmGcMonitorService] [q6BVpLR] [gc][young][58][35] duration [1.1s], collections [1]/[2s], total [1.1s]/[27.7s], memory [557.7mb]->[571.7mb]/[2.9gb], all_pools {[young] [2kb]->[17.8kb]/[133.1mb]}{[survivor] [16.6mb]->[15.8mb]/[16.6mb]}{[old] [541.1mb]->[555.8mb]/[2.8gb]}
[2019-12-27T10:35:20,985][WARN ][o.e.m.j.JvmGcMonitorService] [q6BVpLR] [gc][58] overhead, spent [1.1s] collecting in the last [2s]
[2019-12-27T10:35:53,282][INFO ][o.e.m.j.JvmGcMonitorService] [q6BVpLR] [gc][young][90][38] duration [750ms], collections [1]/[1.2s], total [750ms]/[28.8s], memory [669.4mb]->[583.3mb]/[2.9gb], all_pools {[young] [99.8mb]->[1mb]/[133.1mb]}{[survivor] [13.7mb]->[16.6mb]/[16.6mb]}{[old] [555.8mb]->[565.7mb]/[2.8gb]}
[2019-12-27T10:35:53,283][WARN ][o.e.m.j.JvmGcMonitorService] [q6BVpLR] [gc][90] overhead, spent [750ms] collecting in the last [1.2s]
[2019-12-27T10:36:32,464][WARN ][o.e.m.j.JvmGcMonitorService] [q6BVpLR] [gc][young][127][40] duration [2.4s], collections [1]/[3.1s], total [2.4s]/[31.5s], memory [671.3mb]->[625.2mb]/[2.9gb], all_pools {[young] [88.8mb]->[423kb]/[133.1mb]}{[survivor] [14.8mb]->[16.6mb]/[16.6mb]}{[old] [567.7mb]->[608.2mb]/[2.8gb]}
[2019-12-27T10:36:32,464][WARN ][o.e.m.j.JvmGcMonitorService] [q6BVpLR] [gc][127] overhead, spent [2.4s] collecting in the last [3.1s]
[2019-12-27T10:36:35,055][WARN ][o.e.m.j.JvmGcMonitorService] [q6BVpLR] [gc][young][128][41] duration [1.6s], collections [1]/[2.5s], total [1.6s]/[33.1s], memory [625.2mb]->[648.5mb]/[2.9gb], all_pools {[young] [423kb]->[1.6mb]/[133.1mb]}{[survivor] [16.6mb]->[16.6mb]/[16.6mb]}{[old] [608.2mb]->[630.2mb]/[2.8gb]}
[2019-12-27T10:36:35,055][WARN ][o.e.m.j.JvmGcMonitorService] [q6BVpLR] [gc][128] overhead, spent [1.6s] collecting in the last [2.5s]
[2019-12-27T10:36:37,253][WARN ][o.e.m.j.JvmGcMonitorService] [q6BVpLR] [gc][young][129][42] duration [1.4s], collections [1]/[2.1s], total [1.4s]/[34.6s], memory [648.5mb]->[666.6mb]/[2.9gb], all_pools {[young] [1.6mb]->[709.6kb]/[133.1mb]}{[survivor] [16.6mb]->[16.6mb]/[16.6mb]}{[old] [630.2mb]->[649.6mb]/[2.8gb]}
[2019-12-27T10:36:37,253][WARN ][o.e.m.j.JvmGcMonitorService] [q6BVpLR] [gc][129] overhead, spent [1.4s] collecting in the last [2.1s]
